                                      1 ;--------------------------------------------------------
                                      2 ; File Created by SDCC : free open source ISO C Compiler 
                                      3 ; Version 4.2.2 #13407 (MINGW32)
                                      4 ;--------------------------------------------------------
                                      5 	.module eeprom
                                      6 	.optsdcc -mmcs51 --model-large
                                      7 	
                                      8 ;--------------------------------------------------------
                                      9 ; Public variables in this module
                                     10 ;--------------------------------------------------------
                                     11 	.globl _eeprom_read_byte
                                     12 	.globl _eeprom_write_byte
                                     13 	.globl _UIF_BUS_RST
                                     14 	.globl _UIF_DETECT
                                     15 	.globl _UIF_TRANSFER
                                     16 	.globl _UIF_SUSPEND
                                     17 	.globl _UIF_HST_SOF
                                     18 	.globl _UIF_FIFO_OV
                                     19 	.globl _U_SIE_FREE
                                     20 	.globl _U_TOG_OK
                                     21 	.globl _U_IS_NAK
                                     22 	.globl _S0_R_FIFO0
                                     23 	.globl _S0_R_FIFO1
                                     24 	.globl _S0_T_FIFO
                                     25 	.globl _S0_FREE
                                     26 	.globl _S0_IF_BYTE
                                     27 	.globl _S0_IF_FIRST
                                     28 	.globl _S0_IF_OV
                                     29 	.globl _S0_FST_ACT
                                     30 	.globl _CP_RL2
                                     31 	.globl _C_T2
                                     32 	.globl _TR2
                                     33 	.globl _EXEN2
                                     34 	.globl _TCLK
                                     35 	.globl _RCLK
                                     36 	.globl _EXF2
                                     37 	.globl _CAP1F
                                     38 	.globl _TF2
                                     39 	.globl _RI
                                     40 	.globl _TI
                                     41 	.globl _RB8
                                     42 	.globl _TB8
                                     43 	.globl _REN
                                     44 	.globl _SM2
                                     45 	.globl _SM1
                                     46 	.globl _SM0
                                     47 	.globl _IT0
                                     48 	.globl _IE0
                                     49 	.globl _IT1
                                     50 	.globl _IE1
                                     51 	.globl _TR0
                                     52 	.globl _TF0
                                     53 	.globl _TR1
                                     54 	.globl _TF1
                                     55 	.globl _P4_OUT_0
                                     56 	.globl _P4_OUT_1
                                     57 	.globl _P4_OUT_2
                                     58 	.globl _P4_OUT_3
                                     59 	.globl _P4_OUT_4
                                     60 	.globl _P4_OUT_5
                                     61 	.globl _P4_OUT_6
                                     62 	.globl _P4_OUT_7
                                     63 	.globl _RXD1_
                                     64 	.globl _LED2
                                     65 	.globl _CAP3_
                                     66 	.globl _PWM3_
                                     67 	.globl _PWM1_
                                     68 	.globl _TXD1_
                                     69 	.globl _TNOW_
                                     70 	.globl _LED3
                                     71 	.globl _PWM2_
                                     72 	.globl _SCS_
                                     73 	.globl _SCK_
                                     74 	.globl _P3_0
                                     75 	.globl _P3_1
                                     76 	.globl _P3_2
                                     77 	.globl _P3_3
                                     78 	.globl _P3_4
                                     79 	.globl _P3_5
                                     80 	.globl _P3_6
                                     81 	.globl _P3_7
                                     82 	.globl _RXD
                                     83 	.globl _TXD
                                     84 	.globl _INT0
                                     85 	.globl _LED0
                                     86 	.globl _INT1
                                     87 	.globl _LED1
                                     88 	.globl _T0
                                     89 	.globl _XCS0
                                     90 	.globl _LEDC
                                     91 	.globl _T1
                                     92 	.globl _DA6
                                     93 	.globl _WR
                                     94 	.globl _RD
                                     95 	.globl _P2_0
                                     96 	.globl _P2_1
                                     97 	.globl _P2_2
                                     98 	.globl _P2_3
                                     99 	.globl _P2_4
                                    100 	.globl _P2_5
                                    101 	.globl _P2_6
                                    102 	.globl _P2_7
                                    103 	.globl _MOSI1
                                    104 	.globl _MISO1
                                    105 	.globl _SCK1
                                    106 	.globl _PWM1
                                    107 	.globl _CAP2_
                                    108 	.globl _T2EX_
                                    109 	.globl _PWM2
                                    110 	.globl _TNOW
                                    111 	.globl _RXD1
                                    112 	.globl _DA7
                                    113 	.globl _TXD1
                                    114 	.globl _P1_0
                                    115 	.globl _P1_1
                                    116 	.globl _P1_2
                                    117 	.globl _P1_3
                                    118 	.globl _P1_4
                                    119 	.globl _P1_5
                                    120 	.globl _P1_6
                                    121 	.globl _P1_7
                                    122 	.globl _CAP1
                                    123 	.globl _T2
                                    124 	.globl _CAP2
                                    125 	.globl _T2EX
                                    126 	.globl _CAP3
                                    127 	.globl _PWM3
                                    128 	.globl _SCS
                                    129 	.globl _MOSI
                                    130 	.globl _MISO
                                    131 	.globl _SCK
                                    132 	.globl _AIN0
                                    133 	.globl _AIN1
                                    134 	.globl _AIN2
                                    135 	.globl _AIN3
                                    136 	.globl _AIN4
                                    137 	.globl _AIN5
                                    138 	.globl _AIN6
                                    139 	.globl _AIN7
                                    140 	.globl _P0_0
                                    141 	.globl _P0_1
                                    142 	.globl _P0_2
                                    143 	.globl _P0_3
                                    144 	.globl _P0_4
                                    145 	.globl _P0_5
                                    146 	.globl _P0_6
                                    147 	.globl _P0_7
                                    148 	.globl _UDTR
                                    149 	.globl _URTS
                                    150 	.globl _RXD_
                                    151 	.globl _TXD_
                                    152 	.globl _UCTS
                                    153 	.globl _UDSR
                                    154 	.globl _URI
                                    155 	.globl _UDCD
                                    156 	.globl _IE_SPI0
                                    157 	.globl _IE_TMR3
                                    158 	.globl _IE_USB
                                    159 	.globl _IE_ADC
                                    160 	.globl _IE_UART1
                                    161 	.globl _IE_PWM1
                                    162 	.globl _IE_GPIO
                                    163 	.globl _IE_WDOG
                                    164 	.globl _PX0
                                    165 	.globl _PT0
                                    166 	.globl _PX1
                                    167 	.globl _PT1
                                    168 	.globl _PS
                                    169 	.globl _PT2
                                    170 	.globl _PL_FLAG
                                    171 	.globl _PH_FLAG
                                    172 	.globl _EX0
                                    173 	.globl _ET0
                                    174 	.globl _EX1
                                    175 	.globl _ET1
                                    176 	.globl _ES
                                    177 	.globl _ET2
                                    178 	.globl _E_DIS
                                    179 	.globl _EA
                                    180 	.globl _P
                                    181 	.globl _F1
                                    182 	.globl _OV
                                    183 	.globl _RS0
                                    184 	.globl _RS1
                                    185 	.globl _F0
                                    186 	.globl _AC
                                    187 	.globl _CY
                                    188 	.globl _USB_DMA_AH
                                    189 	.globl _USB_DMA_AL
                                    190 	.globl _USB_DMA
                                    191 	.globl _UHUB1_CTRL
                                    192 	.globl _UDEV_CTRL
                                    193 	.globl _USB_DEV_AD
                                    194 	.globl _USB_CTRL
                                    195 	.globl _USB_INT_EN
                                    196 	.globl _UEP4_T_LEN
                                    197 	.globl _UEP4_CTRL
                                    198 	.globl _UEP0_T_LEN
                                    199 	.globl _UEP0_CTRL
                                    200 	.globl _USB_HUB_ST
                                    201 	.globl _USB_MIS_ST
                                    202 	.globl _USB_INT_ST
                                    203 	.globl _USB_INT_FG
                                    204 	.globl _UEP3_T_LEN
                                    205 	.globl _UEP3_CTRL
                                    206 	.globl _UEP2_T_LEN
                                    207 	.globl _UEP2_CTRL
                                    208 	.globl _UEP1_T_LEN
                                    209 	.globl _UEP1_CTRL
                                    210 	.globl _USB_RX_LEN
                                    211 	.globl _ADC_EX_SW
                                    212 	.globl _ADC_SETUP
                                    213 	.globl _ADC_FIFO_H
                                    214 	.globl _ADC_FIFO_L
                                    215 	.globl _ADC_FIFO
                                    216 	.globl _ADC_CHANN
                                    217 	.globl _ADC_CTRL
                                    218 	.globl _ADC_STAT
                                    219 	.globl _ADC_CK_SE
                                    220 	.globl _ADC_DMA_CN
                                    221 	.globl _ADC_DMA_AH
                                    222 	.globl _ADC_DMA_AL
                                    223 	.globl _ADC_DMA
                                    224 	.globl _SER1_ADDR
                                    225 	.globl _SER1_MSR
                                    226 	.globl _SER1_LSR
                                    227 	.globl _SER1_MCR
                                    228 	.globl _SER1_LCR
                                    229 	.globl _SER1_IIR
                                    230 	.globl _SER1_IER
                                    231 	.globl _SER1_FIFO
                                    232 	.globl _SPI1_CK_SE
                                    233 	.globl _SPI1_CTRL
                                    234 	.globl _SPI1_DATA
                                    235 	.globl _SPI1_STAT
                                    236 	.globl _SPI0_SETUP
                                    237 	.globl _SPI0_CK_SE
                                    238 	.globl _SPI0_CTRL
                                    239 	.globl _SPI0_DATA
                                    240 	.globl _SPI0_STAT
                                    241 	.globl _PWM_CYCLE
                                    242 	.globl _PWM_CK_SE
                                    243 	.globl _PWM_CTRL
                                    244 	.globl _PWM_DATA
                                    245 	.globl _PWM_DATA2
                                    246 	.globl _T3_FIFO_H
                                    247 	.globl _T3_FIFO_L
                                    248 	.globl _T3_FIFO
                                    249 	.globl _T3_DMA_AH
                                    250 	.globl _T3_DMA_AL
                                    251 	.globl _T3_DMA
                                    252 	.globl _T3_DMA_CN
                                    253 	.globl _T3_CTRL
                                    254 	.globl _T3_STAT
                                    255 	.globl _T3_END_H
                                    256 	.globl _T3_END_L
                                    257 	.globl _T3_END
                                    258 	.globl _T3_COUNT_H
                                    259 	.globl _T3_COUNT_L
                                    260 	.globl _T3_COUNT
                                    261 	.globl _T3_SETUP
                                    262 	.globl _TH2
                                    263 	.globl _TL2
                                    264 	.globl _T2COUNT
                                    265 	.globl _RCAP2H
                                    266 	.globl _RCAP2L
                                    267 	.globl _RCAP2
                                    268 	.globl _T2MOD
                                    269 	.globl _T2CON
                                    270 	.globl _SBUF
                                    271 	.globl _SCON
                                    272 	.globl _TH1
                                    273 	.globl _TH0
                                    274 	.globl _TL1
                                    275 	.globl _TL0
                                    276 	.globl _TMOD
                                    277 	.globl _TCON
                                    278 	.globl _XBUS_SPEED
                                    279 	.globl _XBUS_AUX
                                    280 	.globl _PIN_FUNC
                                    281 	.globl _PORT_CFG
                                    282 	.globl _P5_IN
                                    283 	.globl _P4_PU
                                    284 	.globl _P4_DIR
                                    285 	.globl _P4_IN
                                    286 	.globl _P4_OUT
                                    287 	.globl _P3_PU
                                    288 	.globl _P3_DIR
                                    289 	.globl _P3
                                    290 	.globl _P2_PU
                                    291 	.globl _P2_DIR
                                    292 	.globl _P2
                                    293 	.globl _P1_PU
                                    294 	.globl _P1_DIR
                                    295 	.globl _P1_IE
                                    296 	.globl _P1
                                    297 	.globl _P0_PU
                                    298 	.globl _P0_DIR
                                    299 	.globl _P0
                                    300 	.globl _ROM_CTRL
                                    301 	.globl _ROM_DATA_H
                                    302 	.globl _ROM_DATA_L
                                    303 	.globl _ROM_DATA
                                    304 	.globl _ROM_ADDR_H
                                    305 	.globl _ROM_ADDR_L
                                    306 	.globl _ROM_ADDR
                                    307 	.globl _GPIO_IE
                                    308 	.globl _IP_EX
                                    309 	.globl _IE_EX
                                    310 	.globl _IP
                                    311 	.globl _IE
                                    312 	.globl _WDOG_COUNT
                                    313 	.globl _RESET_KEEP
                                    314 	.globl _WAKE_CTRL
                                    315 	.globl _SLEEP_CTRL
                                    316 	.globl _CLOCK_CFG
                                    317 	.globl _PLL_CFG
                                    318 	.globl _PCON
                                    319 	.globl _GLOBAL_CFG
                                    320 	.globl _SAFE_MOD
                                    321 	.globl _DPH
                                    322 	.globl _DPL
                                    323 	.globl _SP
                                    324 	.globl _B
                                    325 	.globl _ACC
                                    326 	.globl _PSW
                                    327 	.globl _eeprom_write_byte_PARM_2
                                    328 	.globl _LED_DMA_XL
                                    329 	.globl _LED_DMA_XH
                                    330 	.globl _LED_DMA_CN
                                    331 	.globl _LED_DMA_AL
                                    332 	.globl _LED_DMA_AH
                                    333 	.globl _LED_CK_SE
                                    334 	.globl _LED_DATA
                                    335 	.globl _LED_CTRL
                                    336 	.globl _LED_STAT
                                    337 	.globl _UEP3_DMA_L
                                    338 	.globl _UEP3_DMA_H
                                    339 	.globl _UEP2_DMA_L
                                    340 	.globl _UEP2_DMA_H
                                    341 	.globl _UEP1_DMA_L
                                    342 	.globl _UEP1_DMA_H
                                    343 	.globl _UEP0_DMA_L
                                    344 	.globl _UEP0_DMA_H
                                    345 	.globl _UEP2_3_MOD
                                    346 	.globl _UEP4_1_MOD
                                    347 	.globl _pLED_DMA_XL
                                    348 	.globl _pLED_DMA_XH
                                    349 	.globl _pLED_DMA_CN
                                    350 	.globl _pLED_DMA_AL
                                    351 	.globl _pLED_DMA_AH
                                    352 	.globl _pLED_CK_SE
                                    353 	.globl _pLED_DATA
                                    354 	.globl _pLED_CTRL
                                    355 	.globl _pLED_STAT
                                    356 	.globl _pUEP3_DMA_L
                                    357 	.globl _pUEP3_DMA_H
                                    358 	.globl _pUEP2_DMA_L
                                    359 	.globl _pUEP2_DMA_H
                                    360 	.globl _pUEP1_DMA_L
                                    361 	.globl _pUEP1_DMA_H
                                    362 	.globl _pUEP0_DMA_L
                                    363 	.globl _pUEP0_DMA_H
                                    364 	.globl _pUEP2_3_MOD
                                    365 	.globl _pUEP4_1_MOD
                                    366 ;--------------------------------------------------------
                                    367 ; special function registers
                                    368 ;--------------------------------------------------------
                                    369 	.area RSEG    (ABS,DATA)
      000000                        370 	.org 0x0000
                           0000D0   371 _PSW	=	0x00d0
                           0000E0   372 _ACC	=	0x00e0
                           0000F0   373 _B	=	0x00f0
                           000081   374 _SP	=	0x0081
                           000082   375 _DPL	=	0x0082
                           000083   376 _DPH	=	0x0083
                           0000A1   377 _SAFE_MOD	=	0x00a1
                           0000B1   378 _GLOBAL_CFG	=	0x00b1
                           000087   379 _PCON	=	0x0087
                           0000B2   380 _PLL_CFG	=	0x00b2
                           0000B3   381 _CLOCK_CFG	=	0x00b3
                           0000EA   382 _SLEEP_CTRL	=	0x00ea
                           0000EB   383 _WAKE_CTRL	=	0x00eb
                           0000FE   384 _RESET_KEEP	=	0x00fe
                           0000FF   385 _WDOG_COUNT	=	0x00ff
                           0000A8   386 _IE	=	0x00a8
                           0000B8   387 _IP	=	0x00b8
                           0000E8   388 _IE_EX	=	0x00e8
                           0000E9   389 _IP_EX	=	0x00e9
                           0000CF   390 _GPIO_IE	=	0x00cf
                           008584   391 _ROM_ADDR	=	0x8584
                           000084   392 _ROM_ADDR_L	=	0x0084
                           000085   393 _ROM_ADDR_H	=	0x0085
                           008F8E   394 _ROM_DATA	=	0x8f8e
                           00008E   395 _ROM_DATA_L	=	0x008e
                           00008F   396 _ROM_DATA_H	=	0x008f
                           000086   397 _ROM_CTRL	=	0x0086
                           000080   398 _P0	=	0x0080
                           0000C4   399 _P0_DIR	=	0x00c4
                           0000C5   400 _P0_PU	=	0x00c5
                           000090   401 _P1	=	0x0090
                           0000B9   402 _P1_IE	=	0x00b9
                           0000BA   403 _P1_DIR	=	0x00ba
                           0000BB   404 _P1_PU	=	0x00bb
                           0000A0   405 _P2	=	0x00a0
                           0000BC   406 _P2_DIR	=	0x00bc
                           0000BD   407 _P2_PU	=	0x00bd
                           0000B0   408 _P3	=	0x00b0
                           0000BE   409 _P3_DIR	=	0x00be
                           0000BF   410 _P3_PU	=	0x00bf
                           0000C0   411 _P4_OUT	=	0x00c0
                           0000C1   412 _P4_IN	=	0x00c1
                           0000C2   413 _P4_DIR	=	0x00c2
                           0000C3   414 _P4_PU	=	0x00c3
                           0000C7   415 _P5_IN	=	0x00c7
                           0000C6   416 _PORT_CFG	=	0x00c6
                           0000CE   417 _PIN_FUNC	=	0x00ce
                           0000A2   418 _XBUS_AUX	=	0x00a2
                           0000FD   419 _XBUS_SPEED	=	0x00fd
                           000088   420 _TCON	=	0x0088
                           000089   421 _TMOD	=	0x0089
                           00008A   422 _TL0	=	0x008a
                           00008B   423 _TL1	=	0x008b
                           00008C   424 _TH0	=	0x008c
                           00008D   425 _TH1	=	0x008d
                           000098   426 _SCON	=	0x0098
                           000099   427 _SBUF	=	0x0099
                           0000C8   428 _T2CON	=	0x00c8
                           0000C9   429 _T2MOD	=	0x00c9
                           00CBCA   430 _RCAP2	=	0xcbca
                           0000CA   431 _RCAP2L	=	0x00ca
                           0000CB   432 _RCAP2H	=	0x00cb
                           00CDCC   433 _T2COUNT	=	0xcdcc
                           0000CC   434 _TL2	=	0x00cc
                           0000CD   435 _TH2	=	0x00cd
                           0000A3   436 _T3_SETUP	=	0x00a3
                           00A5A4   437 _T3_COUNT	=	0xa5a4
                           0000A4   438 _T3_COUNT_L	=	0x00a4
                           0000A5   439 _T3_COUNT_H	=	0x00a5
                           00A7A6   440 _T3_END	=	0xa7a6
                           0000A6   441 _T3_END_L	=	0x00a6
                           0000A7   442 _T3_END_H	=	0x00a7
                           0000A9   443 _T3_STAT	=	0x00a9
                           0000AA   444 _T3_CTRL	=	0x00aa
                           0000AB   445 _T3_DMA_CN	=	0x00ab
                           00ADAC   446 _T3_DMA	=	0xadac
                           0000AC   447 _T3_DMA_AL	=	0x00ac
                           0000AD   448 _T3_DMA_AH	=	0x00ad
                           00AFAE   449 _T3_FIFO	=	0xafae
                           0000AE   450 _T3_FIFO_L	=	0x00ae
                           0000AF   451 _T3_FIFO_H	=	0x00af
                           00009B   452 _PWM_DATA2	=	0x009b
                           00009C   453 _PWM_DATA	=	0x009c
                           00009D   454 _PWM_CTRL	=	0x009d
                           00009E   455 _PWM_CK_SE	=	0x009e
                           00009F   456 _PWM_CYCLE	=	0x009f
                           0000F8   457 _SPI0_STAT	=	0x00f8
                           0000F9   458 _SPI0_DATA	=	0x00f9
                           0000FA   459 _SPI0_CTRL	=	0x00fa
                           0000FB   460 _SPI0_CK_SE	=	0x00fb
                           0000FC   461 _SPI0_SETUP	=	0x00fc
                           0000B4   462 _SPI1_STAT	=	0x00b4
                           0000B5   463 _SPI1_DATA	=	0x00b5
                           0000B6   464 _SPI1_CTRL	=	0x00b6
                           0000B7   465 _SPI1_CK_SE	=	0x00b7
                           00009A   466 _SER1_FIFO	=	0x009a
                           000091   467 _SER1_IER	=	0x0091
                           000092   468 _SER1_IIR	=	0x0092
                           000093   469 _SER1_LCR	=	0x0093
                           000094   470 _SER1_MCR	=	0x0094
                           000095   471 _SER1_LSR	=	0x0095
                           000096   472 _SER1_MSR	=	0x0096
                           000097   473 _SER1_ADDR	=	0x0097
                           00EDEC   474 _ADC_DMA	=	0xedec
                           0000EC   475 _ADC_DMA_AL	=	0x00ec
                           0000ED   476 _ADC_DMA_AH	=	0x00ed
                           0000EE   477 _ADC_DMA_CN	=	0x00ee
                           0000EF   478 _ADC_CK_SE	=	0x00ef
                           0000F1   479 _ADC_STAT	=	0x00f1
                           0000F2   480 _ADC_CTRL	=	0x00f2
                           0000F3   481 _ADC_CHANN	=	0x00f3
                           00F5F4   482 _ADC_FIFO	=	0xf5f4
                           0000F4   483 _ADC_FIFO_L	=	0x00f4
                           0000F5   484 _ADC_FIFO_H	=	0x00f5
                           0000F6   485 _ADC_SETUP	=	0x00f6
                           0000F7   486 _ADC_EX_SW	=	0x00f7
                           0000D1   487 _USB_RX_LEN	=	0x00d1
                           0000D2   488 _UEP1_CTRL	=	0x00d2
                           0000D3   489 _UEP1_T_LEN	=	0x00d3
                           0000D4   490 _UEP2_CTRL	=	0x00d4
                           0000D5   491 _UEP2_T_LEN	=	0x00d5
                           0000D6   492 _UEP3_CTRL	=	0x00d6
                           0000D7   493 _UEP3_T_LEN	=	0x00d7
                           0000D8   494 _USB_INT_FG	=	0x00d8
                           0000D9   495 _USB_INT_ST	=	0x00d9
                           0000DA   496 _USB_MIS_ST	=	0x00da
                           0000DB   497 _USB_HUB_ST	=	0x00db
                           0000DC   498 _UEP0_CTRL	=	0x00dc
                           0000DD   499 _UEP0_T_LEN	=	0x00dd
                           0000DE   500 _UEP4_CTRL	=	0x00de
                           0000DF   501 _UEP4_T_LEN	=	0x00df
                           0000E1   502 _USB_INT_EN	=	0x00e1
                           0000E2   503 _USB_CTRL	=	0x00e2
                           0000E3   504 _USB_DEV_AD	=	0x00e3
                           0000E4   505 _UDEV_CTRL	=	0x00e4
                           0000E5   506 _UHUB1_CTRL	=	0x00e5
                           00E7E6   507 _USB_DMA	=	0xe7e6
                           0000E6   508 _USB_DMA_AL	=	0x00e6
                           0000E7   509 _USB_DMA_AH	=	0x00e7
                                    510 ;--------------------------------------------------------
                                    511 ; special function bits
                                    512 ;--------------------------------------------------------
                                    513 	.area RSEG    (ABS,DATA)
      000000                        514 	.org 0x0000
                           0000D7   515 _CY	=	0x00d7
                           0000D6   516 _AC	=	0x00d6
                           0000D5   517 _F0	=	0x00d5
                           0000D4   518 _RS1	=	0x00d4
                           0000D3   519 _RS0	=	0x00d3
                           0000D2   520 _OV	=	0x00d2
                           0000D1   521 _F1	=	0x00d1
                           0000D0   522 _P	=	0x00d0
                           0000AF   523 _EA	=	0x00af
                           0000AE   524 _E_DIS	=	0x00ae
                           0000AD   525 _ET2	=	0x00ad
                           0000AC   526 _ES	=	0x00ac
                           0000AB   527 _ET1	=	0x00ab
                           0000AA   528 _EX1	=	0x00aa
                           0000A9   529 _ET0	=	0x00a9
                           0000A8   530 _EX0	=	0x00a8
                           0000BF   531 _PH_FLAG	=	0x00bf
                           0000BE   532 _PL_FLAG	=	0x00be
                           0000BD   533 _PT2	=	0x00bd
                           0000BC   534 _PS	=	0x00bc
                           0000BB   535 _PT1	=	0x00bb
                           0000BA   536 _PX1	=	0x00ba
                           0000B9   537 _PT0	=	0x00b9
                           0000B8   538 _PX0	=	0x00b8
                           0000EF   539 _IE_WDOG	=	0x00ef
                           0000EE   540 _IE_GPIO	=	0x00ee
                           0000ED   541 _IE_PWM1	=	0x00ed
                           0000EC   542 _IE_UART1	=	0x00ec
                           0000EB   543 _IE_ADC	=	0x00eb
                           0000EA   544 _IE_USB	=	0x00ea
                           0000E9   545 _IE_TMR3	=	0x00e9
                           0000E8   546 _IE_SPI0	=	0x00e8
                           000087   547 _UDCD	=	0x0087
                           000086   548 _URI	=	0x0086
                           000085   549 _UDSR	=	0x0085
                           000084   550 _UCTS	=	0x0084
                           000083   551 _TXD_	=	0x0083
                           000082   552 _RXD_	=	0x0082
                           000081   553 _URTS	=	0x0081
                           000080   554 _UDTR	=	0x0080
                           000087   555 _P0_7	=	0x0087
                           000086   556 _P0_6	=	0x0086
                           000085   557 _P0_5	=	0x0085
                           000084   558 _P0_4	=	0x0084
                           000083   559 _P0_3	=	0x0083
                           000082   560 _P0_2	=	0x0082
                           000081   561 _P0_1	=	0x0081
                           000080   562 _P0_0	=	0x0080
                           000097   563 _AIN7	=	0x0097
                           000096   564 _AIN6	=	0x0096
                           000095   565 _AIN5	=	0x0095
                           000094   566 _AIN4	=	0x0094
                           000093   567 _AIN3	=	0x0093
                           000092   568 _AIN2	=	0x0092
                           000091   569 _AIN1	=	0x0091
                           000090   570 _AIN0	=	0x0090
                           000097   571 _SCK	=	0x0097
                           000096   572 _MISO	=	0x0096
                           000095   573 _MOSI	=	0x0095
                           000094   574 _SCS	=	0x0094
                           000092   575 _PWM3	=	0x0092
                           000092   576 _CAP3	=	0x0092
                           000091   577 _T2EX	=	0x0091
                           000091   578 _CAP2	=	0x0091
                           000090   579 _T2	=	0x0090
                           000090   580 _CAP1	=	0x0090
                           000097   581 _P1_7	=	0x0097
                           000096   582 _P1_6	=	0x0096
                           000095   583 _P1_5	=	0x0095
                           000094   584 _P1_4	=	0x0094
                           000093   585 _P1_3	=	0x0093
                           000092   586 _P1_2	=	0x0092
                           000091   587 _P1_1	=	0x0091
                           000090   588 _P1_0	=	0x0090
                           0000A7   589 _TXD1	=	0x00a7
                           0000A7   590 _DA7	=	0x00a7
                           0000A6   591 _RXD1	=	0x00a6
                           0000A5   592 _TNOW	=	0x00a5
                           0000A5   593 _PWM2	=	0x00a5
                           0000A5   594 _T2EX_	=	0x00a5
                           0000A5   595 _CAP2_	=	0x00a5
                           0000A4   596 _PWM1	=	0x00a4
                           0000A3   597 _SCK1	=	0x00a3
                           0000A2   598 _MISO1	=	0x00a2
                           0000A1   599 _MOSI1	=	0x00a1
                           0000A7   600 _P2_7	=	0x00a7
                           0000A6   601 _P2_6	=	0x00a6
                           0000A5   602 _P2_5	=	0x00a5
                           0000A4   603 _P2_4	=	0x00a4
                           0000A3   604 _P2_3	=	0x00a3
                           0000A2   605 _P2_2	=	0x00a2
                           0000A1   606 _P2_1	=	0x00a1
                           0000A0   607 _P2_0	=	0x00a0
                           0000B7   608 _RD	=	0x00b7
                           0000B6   609 _WR	=	0x00b6
                           0000B5   610 _DA6	=	0x00b5
                           0000B5   611 _T1	=	0x00b5
                           0000B4   612 _LEDC	=	0x00b4
                           0000B4   613 _XCS0	=	0x00b4
                           0000B4   614 _T0	=	0x00b4
                           0000B3   615 _LED1	=	0x00b3
                           0000B3   616 _INT1	=	0x00b3
                           0000B2   617 _LED0	=	0x00b2
                           0000B2   618 _INT0	=	0x00b2
                           0000B1   619 _TXD	=	0x00b1
                           0000B0   620 _RXD	=	0x00b0
                           0000B7   621 _P3_7	=	0x00b7
                           0000B6   622 _P3_6	=	0x00b6
                           0000B5   623 _P3_5	=	0x00b5
                           0000B4   624 _P3_4	=	0x00b4
                           0000B3   625 _P3_3	=	0x00b3
                           0000B2   626 _P3_2	=	0x00b2
                           0000B1   627 _P3_1	=	0x00b1
                           0000B0   628 _P3_0	=	0x00b0
                           0000C7   629 _SCK_	=	0x00c7
                           0000C6   630 _SCS_	=	0x00c6
                           0000C5   631 _PWM2_	=	0x00c5
                           0000C4   632 _LED3	=	0x00c4
                           0000C4   633 _TNOW_	=	0x00c4
                           0000C4   634 _TXD1_	=	0x00c4
                           0000C3   635 _PWM1_	=	0x00c3
                           0000C2   636 _PWM3_	=	0x00c2
                           0000C2   637 _CAP3_	=	0x00c2
                           0000C0   638 _LED2	=	0x00c0
                           0000C0   639 _RXD1_	=	0x00c0
                           0000C7   640 _P4_OUT_7	=	0x00c7
                           0000C6   641 _P4_OUT_6	=	0x00c6
                           0000C5   642 _P4_OUT_5	=	0x00c5
                           0000C4   643 _P4_OUT_4	=	0x00c4
                           0000C3   644 _P4_OUT_3	=	0x00c3
                           0000C2   645 _P4_OUT_2	=	0x00c2
                           0000C1   646 _P4_OUT_1	=	0x00c1
                           0000C0   647 _P4_OUT_0	=	0x00c0
                           00008F   648 _TF1	=	0x008f
                           00008E   649 _TR1	=	0x008e
                           00008D   650 _TF0	=	0x008d
                           00008C   651 _TR0	=	0x008c
                           00008B   652 _IE1	=	0x008b
                           00008A   653 _IT1	=	0x008a
                           000089   654 _IE0	=	0x0089
                           000088   655 _IT0	=	0x0088
                           00009F   656 _SM0	=	0x009f
                           00009E   657 _SM1	=	0x009e
                           00009D   658 _SM2	=	0x009d
                           00009C   659 _REN	=	0x009c
                           00009B   660 _TB8	=	0x009b
                           00009A   661 _RB8	=	0x009a
                           000099   662 _TI	=	0x0099
                           000098   663 _RI	=	0x0098
                           0000CF   664 _TF2	=	0x00cf
                           0000CF   665 _CAP1F	=	0x00cf
                           0000CE   666 _EXF2	=	0x00ce
                           0000CD   667 _RCLK	=	0x00cd
                           0000CC   668 _TCLK	=	0x00cc
                           0000CB   669 _EXEN2	=	0x00cb
                           0000CA   670 _TR2	=	0x00ca
                           0000C9   671 _C_T2	=	0x00c9
                           0000C8   672 _CP_RL2	=	0x00c8
                           0000FF   673 _S0_FST_ACT	=	0x00ff
                           0000FE   674 _S0_IF_OV	=	0x00fe
                           0000FD   675 _S0_IF_FIRST	=	0x00fd
                           0000FC   676 _S0_IF_BYTE	=	0x00fc
                           0000FB   677 _S0_FREE	=	0x00fb
                           0000FA   678 _S0_T_FIFO	=	0x00fa
                           0000F9   679 _S0_R_FIFO1	=	0x00f9
                           0000F8   680 _S0_R_FIFO0	=	0x00f8
                           0000DF   681 _U_IS_NAK	=	0x00df
                           0000DE   682 _U_TOG_OK	=	0x00de
                           0000DD   683 _U_SIE_FREE	=	0x00dd
                           0000DC   684 _UIF_FIFO_OV	=	0x00dc
                           0000DB   685 _UIF_HST_SOF	=	0x00db
                           0000DA   686 _UIF_SUSPEND	=	0x00da
                           0000D9   687 _UIF_TRANSFER	=	0x00d9
                           0000D8   688 _UIF_DETECT	=	0x00d8
                           0000D8   689 _UIF_BUS_RST	=	0x00d8
                                    690 ;--------------------------------------------------------
                                    691 ; overlayable register banks
                                    692 ;--------------------------------------------------------
                                    693 	.area REG_BANK_0	(REL,OVR,DATA)
      000000                        694 	.ds 8
                                    695 ;--------------------------------------------------------
                                    696 ; internal ram data
                                    697 ;--------------------------------------------------------
                                    698 	.area DSEG    (DATA)
                                    699 ;--------------------------------------------------------
                                    700 ; overlayable items in internal ram
                                    701 ;--------------------------------------------------------
                                    702 	.area	OSEG    (OVR,DATA)
                                    703 	.area	OSEG    (OVR,DATA)
                                    704 ;--------------------------------------------------------
                                    705 ; indirectly addressable internal ram data
                                    706 ;--------------------------------------------------------
                                    707 	.area ISEG    (DATA)
                                    708 ;--------------------------------------------------------
                                    709 ; absolute internal ram data
                                    710 ;--------------------------------------------------------
                                    711 	.area IABS    (ABS,DATA)
                                    712 	.area IABS    (ABS,DATA)
                                    713 ;--------------------------------------------------------
                                    714 ; bit data
                                    715 ;--------------------------------------------------------
                                    716 	.area BSEG    (BIT)
                                    717 ;--------------------------------------------------------
                                    718 ; paged external ram data
                                    719 ;--------------------------------------------------------
                                    720 	.area PSEG    (PAG,XDATA)
                           002546   721 _pUEP4_1_MOD	=	0x2546
                           002547   722 _pUEP2_3_MOD	=	0x2547
                           002548   723 _pUEP0_DMA_H	=	0x2548
                           002549   724 _pUEP0_DMA_L	=	0x2549
                           00254A   725 _pUEP1_DMA_H	=	0x254a
                           00254B   726 _pUEP1_DMA_L	=	0x254b
                           00254C   727 _pUEP2_DMA_H	=	0x254c
                           00254D   728 _pUEP2_DMA_L	=	0x254d
                           00254E   729 _pUEP3_DMA_H	=	0x254e
                           00254F   730 _pUEP3_DMA_L	=	0x254f
                           002980   731 _pLED_STAT	=	0x2980
                           002981   732 _pLED_CTRL	=	0x2981
                           002982   733 _pLED_DATA	=	0x2982
                           002983   734 _pLED_CK_SE	=	0x2983
                           002984   735 _pLED_DMA_AH	=	0x2984
                           002985   736 _pLED_DMA_AL	=	0x2985
                           002986   737 _pLED_DMA_CN	=	0x2986
                           002988   738 _pLED_DMA_XH	=	0x2988
                           002989   739 _pLED_DMA_XL	=	0x2989
                                    740 ;--------------------------------------------------------
                                    741 ; uninitialized external ram data
                                    742 ;--------------------------------------------------------
                                    743 	.area XSEG    (XDATA)
                           002446   744 _UEP4_1_MOD	=	0x2446
                           002447   745 _UEP2_3_MOD	=	0x2447
                           002448   746 _UEP0_DMA_H	=	0x2448
                           002449   747 _UEP0_DMA_L	=	0x2449
                           00244A   748 _UEP1_DMA_H	=	0x244a
                           00244B   749 _UEP1_DMA_L	=	0x244b
                           00244C   750 _UEP2_DMA_H	=	0x244c
                           00244D   751 _UEP2_DMA_L	=	0x244d
                           00244E   752 _UEP3_DMA_H	=	0x244e
                           00244F   753 _UEP3_DMA_L	=	0x244f
                           002880   754 _LED_STAT	=	0x2880
                           002881   755 _LED_CTRL	=	0x2881
                           002882   756 _LED_DATA	=	0x2882
                           002883   757 _LED_CK_SE	=	0x2883
                           002884   758 _LED_DMA_AH	=	0x2884
                           002885   759 _LED_DMA_AL	=	0x2885
                           002886   760 _LED_DMA_CN	=	0x2886
                           002888   761 _LED_DMA_XH	=	0x2888
                           002889   762 _LED_DMA_XL	=	0x2889
      000000                        763 _eeprom_write_byte_PARM_2:
      000000                        764 	.ds 1
                                    765 ;--------------------------------------------------------
                                    766 ; absolute external ram data
                                    767 ;--------------------------------------------------------
                                    768 	.area XABS    (ABS,XDATA)
                                    769 ;--------------------------------------------------------
                                    770 ; initialized external ram data
                                    771 ;--------------------------------------------------------
                                    772 	.area XISEG   (XDATA)
                                    773 	.area HOME    (CODE)
                                    774 	.area GSINIT0 (CODE)
                                    775 	.area GSINIT1 (CODE)
                                    776 	.area GSINIT2 (CODE)
                                    777 	.area GSINIT3 (CODE)
                                    778 	.area GSINIT4 (CODE)
                                    779 	.area GSINIT5 (CODE)
                                    780 	.area GSINIT  (CODE)
                                    781 	.area GSFINAL (CODE)
                                    782 	.area CSEG    (CODE)
                                    783 ;--------------------------------------------------------
                                    784 ; global & static initialisations
                                    785 ;--------------------------------------------------------
                                    786 	.area HOME    (CODE)
                                    787 	.area GSINIT  (CODE)
                                    788 	.area GSFINAL (CODE)
                                    789 	.area GSINIT  (CODE)
                                    790 ;--------------------------------------------------------
                                    791 ; Home
                                    792 ;--------------------------------------------------------
                                    793 	.area HOME    (CODE)
                                    794 	.area HOME    (CODE)
                                    795 ;--------------------------------------------------------
                                    796 ; code
                                    797 ;--------------------------------------------------------
                                    798 	.area CSEG    (CODE)
                                    799 ;------------------------------------------------------------
                                    800 ;Allocation info for local variables in function 'eeprom_write_byte'
                                    801 ;------------------------------------------------------------
                                    802 ;val                       Allocated with name '_eeprom_write_byte_PARM_2'
                                    803 ;addr                      Allocated to registers 
                                    804 ;------------------------------------------------------------
                                    805 ;	C:\Users\tonyp\AppData\Local\Arduino15\packages\CH55xDuino\hardware\mcs51\0.0.23\cores\ch55xduino\eeprom.c:11: void eeprom_write_byte(__data uint8_t addr, __xdata uint8_t val) {
                                    806 ;	-----------------------------------------
                                    807 ;	 function eeprom_write_byte
                                    808 ;	-----------------------------------------
      000000                        809 _eeprom_write_byte:
                           000007   810 	ar7 = 0x07
                           000006   811 	ar6 = 0x06
                           000005   812 	ar5 = 0x05
                           000004   813 	ar4 = 0x04
                           000003   814 	ar3 = 0x03
                           000002   815 	ar2 = 0x02
                           000001   816 	ar1 = 0x01
                           000000   817 	ar0 = 0x00
                                    818 ;	C:\Users\tonyp\AppData\Local\Arduino15\packages\CH55xDuino\hardware\mcs51\0.0.23\cores\ch55xduino\eeprom.c:37: return;
                                    819 ;	C:\Users\tonyp\AppData\Local\Arduino15\packages\CH55xDuino\hardware\mcs51\0.0.23\cores\ch55xduino\eeprom.c:39: }
      000000 22               [24]  820 	ret
                                    821 ;------------------------------------------------------------
                                    822 ;Allocation info for local variables in function 'eeprom_read_byte'
                                    823 ;------------------------------------------------------------
                                    824 ;addr                      Allocated to registers 
                                    825 ;------------------------------------------------------------
                                    826 ;	C:\Users\tonyp\AppData\Local\Arduino15\packages\CH55xDuino\hardware\mcs51\0.0.23\cores\ch55xduino\eeprom.c:41: uint8_t eeprom_read_byte(__data uint8_t addr) {
                                    827 ;	-----------------------------------------
                                    828 ;	 function eeprom_read_byte
                                    829 ;	-----------------------------------------
      000001                        830 _eeprom_read_byte:
                                    831 ;	C:\Users\tonyp\AppData\Local\Arduino15\packages\CH55xDuino\hardware\mcs51\0.0.23\cores\ch55xduino\eeprom.c:50: return 0;
      000001 75 82 00         [24]  832 	mov	dpl,#0x00
                                    833 ;	C:\Users\tonyp\AppData\Local\Arduino15\packages\CH55xDuino\hardware\mcs51\0.0.23\cores\ch55xduino\eeprom.c:52: }
      000004 22               [24]  834 	ret
                                    835 	.area CSEG    (CODE)
                                    836 	.area CONST   (CODE)
                                    837 	.area XINIT   (CODE)
                                    838 	.area CABS    (ABS,CODE)
