                                      1 ;--------------------------------------------------------
                                      2 ; File Created by SDCC : free open source ISO C Compiler 
                                      3 ; Version 4.2.2 #13407 (MINGW32)
                                      4 ;--------------------------------------------------------
                                      5 	.module main
                                      6 	.optsdcc -mmcs51 --model-large
                                      7 	
                                      8 ;--------------------------------------------------------
                                      9 ; Public variables in this module
                                     10 ;--------------------------------------------------------
                                     11 	.globl ___sdcc_external_startup
                                     12 	.globl _main
                                     13 	.globl _INT1_ISR
                                     14 	.globl _INT0_ISR
                                     15 	.globl _Uart1_ISR
                                     16 	.globl _Uart0_ISR
                                     17 	.globl _DeviceUSBInterrupt
                                     18 	.globl _USBInterrupt
                                     19 	.globl _USBSerial_flush
                                     20 	.globl _uart1IntTxHandler
                                     21 	.globl _uart1IntRxHandler
                                     22 	.globl _uart0IntTxHandler
                                     23 	.globl _uart0IntRxHandler
                                     24 	.globl _loop
                                     25 	.globl _setup
                                     26 	.globl _init
                                     27 	.globl _UIF_BUS_RST
                                     28 	.globl _UIF_DETECT
                                     29 	.globl _UIF_TRANSFER
                                     30 	.globl _UIF_SUSPEND
                                     31 	.globl _UIF_HST_SOF
                                     32 	.globl _UIF_FIFO_OV
                                     33 	.globl _U_SIE_FREE
                                     34 	.globl _U_TOG_OK
                                     35 	.globl _U_IS_NAK
                                     36 	.globl _S0_R_FIFO0
                                     37 	.globl _S0_R_FIFO1
                                     38 	.globl _S0_T_FIFO
                                     39 	.globl _S0_FREE
                                     40 	.globl _S0_IF_BYTE
                                     41 	.globl _S0_IF_FIRST
                                     42 	.globl _S0_IF_OV
                                     43 	.globl _S0_FST_ACT
                                     44 	.globl _CP_RL2
                                     45 	.globl _C_T2
                                     46 	.globl _TR2
                                     47 	.globl _EXEN2
                                     48 	.globl _TCLK
                                     49 	.globl _RCLK
                                     50 	.globl _EXF2
                                     51 	.globl _CAP1F
                                     52 	.globl _TF2
                                     53 	.globl _RI
                                     54 	.globl _TI
                                     55 	.globl _RB8
                                     56 	.globl _TB8
                                     57 	.globl _REN
                                     58 	.globl _SM2
                                     59 	.globl _SM1
                                     60 	.globl _SM0
                                     61 	.globl _IT0
                                     62 	.globl _IE0
                                     63 	.globl _IT1
                                     64 	.globl _IE1
                                     65 	.globl _TR0
                                     66 	.globl _TF0
                                     67 	.globl _TR1
                                     68 	.globl _TF1
                                     69 	.globl _P4_OUT_0
                                     70 	.globl _P4_OUT_1
                                     71 	.globl _P4_OUT_2
                                     72 	.globl _P4_OUT_3
                                     73 	.globl _P4_OUT_4
                                     74 	.globl _P4_OUT_5
                                     75 	.globl _P4_OUT_6
                                     76 	.globl _P4_OUT_7
                                     77 	.globl _RXD1_
                                     78 	.globl _LED2
                                     79 	.globl _CAP3_
                                     80 	.globl _PWM3_
                                     81 	.globl _PWM1_
                                     82 	.globl _TXD1_
                                     83 	.globl _TNOW_
                                     84 	.globl _LED3
                                     85 	.globl _PWM2_
                                     86 	.globl _SCS_
                                     87 	.globl _SCK_
                                     88 	.globl _P3_0
                                     89 	.globl _P3_1
                                     90 	.globl _P3_2
                                     91 	.globl _P3_3
                                     92 	.globl _P3_4
                                     93 	.globl _P3_5
                                     94 	.globl _P3_6
                                     95 	.globl _P3_7
                                     96 	.globl _RXD
                                     97 	.globl _TXD
                                     98 	.globl _INT0
                                     99 	.globl _LED0
                                    100 	.globl _INT1
                                    101 	.globl _LED1
                                    102 	.globl _T0
                                    103 	.globl _XCS0
                                    104 	.globl _LEDC
                                    105 	.globl _T1
                                    106 	.globl _DA6
                                    107 	.globl _WR
                                    108 	.globl _RD
                                    109 	.globl _P2_0
                                    110 	.globl _P2_1
                                    111 	.globl _P2_2
                                    112 	.globl _P2_3
                                    113 	.globl _P2_4
                                    114 	.globl _P2_5
                                    115 	.globl _P2_6
                                    116 	.globl _P2_7
                                    117 	.globl _MOSI1
                                    118 	.globl _MISO1
                                    119 	.globl _SCK1
                                    120 	.globl _PWM1
                                    121 	.globl _CAP2_
                                    122 	.globl _T2EX_
                                    123 	.globl _PWM2
                                    124 	.globl _TNOW
                                    125 	.globl _RXD1
                                    126 	.globl _DA7
                                    127 	.globl _TXD1
                                    128 	.globl _P1_0
                                    129 	.globl _P1_1
                                    130 	.globl _P1_2
                                    131 	.globl _P1_3
                                    132 	.globl _P1_4
                                    133 	.globl _P1_5
                                    134 	.globl _P1_6
                                    135 	.globl _P1_7
                                    136 	.globl _CAP1
                                    137 	.globl _T2
                                    138 	.globl _CAP2
                                    139 	.globl _T2EX
                                    140 	.globl _CAP3
                                    141 	.globl _PWM3
                                    142 	.globl _SCS
                                    143 	.globl _MOSI
                                    144 	.globl _MISO
                                    145 	.globl _SCK
                                    146 	.globl _AIN0
                                    147 	.globl _AIN1
                                    148 	.globl _AIN2
                                    149 	.globl _AIN3
                                    150 	.globl _AIN4
                                    151 	.globl _AIN5
                                    152 	.globl _AIN6
                                    153 	.globl _AIN7
                                    154 	.globl _P0_0
                                    155 	.globl _P0_1
                                    156 	.globl _P0_2
                                    157 	.globl _P0_3
                                    158 	.globl _P0_4
                                    159 	.globl _P0_5
                                    160 	.globl _P0_6
                                    161 	.globl _P0_7
                                    162 	.globl _UDTR
                                    163 	.globl _URTS
                                    164 	.globl _RXD_
                                    165 	.globl _TXD_
                                    166 	.globl _UCTS
                                    167 	.globl _UDSR
                                    168 	.globl _URI
                                    169 	.globl _UDCD
                                    170 	.globl _IE_SPI0
                                    171 	.globl _IE_TMR3
                                    172 	.globl _IE_USB
                                    173 	.globl _IE_ADC
                                    174 	.globl _IE_UART1
                                    175 	.globl _IE_PWM1
                                    176 	.globl _IE_GPIO
                                    177 	.globl _IE_WDOG
                                    178 	.globl _PX0
                                    179 	.globl _PT0
                                    180 	.globl _PX1
                                    181 	.globl _PT1
                                    182 	.globl _PS
                                    183 	.globl _PT2
                                    184 	.globl _PL_FLAG
                                    185 	.globl _PH_FLAG
                                    186 	.globl _EX0
                                    187 	.globl _ET0
                                    188 	.globl _EX1
                                    189 	.globl _ET1
                                    190 	.globl _ES
                                    191 	.globl _ET2
                                    192 	.globl _E_DIS
                                    193 	.globl _EA
                                    194 	.globl _P
                                    195 	.globl _F1
                                    196 	.globl _OV
                                    197 	.globl _RS0
                                    198 	.globl _RS1
                                    199 	.globl _F0
                                    200 	.globl _AC
                                    201 	.globl _CY
                                    202 	.globl _USB_DMA_AH
                                    203 	.globl _USB_DMA_AL
                                    204 	.globl _USB_DMA
                                    205 	.globl _UHUB1_CTRL
                                    206 	.globl _UDEV_CTRL
                                    207 	.globl _USB_DEV_AD
                                    208 	.globl _USB_CTRL
                                    209 	.globl _USB_INT_EN
                                    210 	.globl _UEP4_T_LEN
                                    211 	.globl _UEP4_CTRL
                                    212 	.globl _UEP0_T_LEN
                                    213 	.globl _UEP0_CTRL
                                    214 	.globl _USB_HUB_ST
                                    215 	.globl _USB_MIS_ST
                                    216 	.globl _USB_INT_ST
                                    217 	.globl _USB_INT_FG
                                    218 	.globl _UEP3_T_LEN
                                    219 	.globl _UEP3_CTRL
                                    220 	.globl _UEP2_T_LEN
                                    221 	.globl _UEP2_CTRL
                                    222 	.globl _UEP1_T_LEN
                                    223 	.globl _UEP1_CTRL
                                    224 	.globl _USB_RX_LEN
                                    225 	.globl _ADC_EX_SW
                                    226 	.globl _ADC_SETUP
                                    227 	.globl _ADC_FIFO_H
                                    228 	.globl _ADC_FIFO_L
                                    229 	.globl _ADC_FIFO
                                    230 	.globl _ADC_CHANN
                                    231 	.globl _ADC_CTRL
                                    232 	.globl _ADC_STAT
                                    233 	.globl _ADC_CK_SE
                                    234 	.globl _ADC_DMA_CN
                                    235 	.globl _ADC_DMA_AH
                                    236 	.globl _ADC_DMA_AL
                                    237 	.globl _ADC_DMA
                                    238 	.globl _SER1_ADDR
                                    239 	.globl _SER1_MSR
                                    240 	.globl _SER1_LSR
                                    241 	.globl _SER1_MCR
                                    242 	.globl _SER1_LCR
                                    243 	.globl _SER1_IIR
                                    244 	.globl _SER1_IER
                                    245 	.globl _SER1_FIFO
                                    246 	.globl _SPI1_CK_SE
                                    247 	.globl _SPI1_CTRL
                                    248 	.globl _SPI1_DATA
                                    249 	.globl _SPI1_STAT
                                    250 	.globl _SPI0_SETUP
                                    251 	.globl _SPI0_CK_SE
                                    252 	.globl _SPI0_CTRL
                                    253 	.globl _SPI0_DATA
                                    254 	.globl _SPI0_STAT
                                    255 	.globl _PWM_CYCLE
                                    256 	.globl _PWM_CK_SE
                                    257 	.globl _PWM_CTRL
                                    258 	.globl _PWM_DATA
                                    259 	.globl _PWM_DATA2
                                    260 	.globl _T3_FIFO_H
                                    261 	.globl _T3_FIFO_L
                                    262 	.globl _T3_FIFO
                                    263 	.globl _T3_DMA_AH
                                    264 	.globl _T3_DMA_AL
                                    265 	.globl _T3_DMA
                                    266 	.globl _T3_DMA_CN
                                    267 	.globl _T3_CTRL
                                    268 	.globl _T3_STAT
                                    269 	.globl _T3_END_H
                                    270 	.globl _T3_END_L
                                    271 	.globl _T3_END
                                    272 	.globl _T3_COUNT_H
                                    273 	.globl _T3_COUNT_L
                                    274 	.globl _T3_COUNT
                                    275 	.globl _T3_SETUP
                                    276 	.globl _TH2
                                    277 	.globl _TL2
                                    278 	.globl _T2COUNT
                                    279 	.globl _RCAP2H
                                    280 	.globl _RCAP2L
                                    281 	.globl _RCAP2
                                    282 	.globl _T2MOD
                                    283 	.globl _T2CON
                                    284 	.globl _SBUF
                                    285 	.globl _SCON
                                    286 	.globl _TH1
                                    287 	.globl _TH0
                                    288 	.globl _TL1
                                    289 	.globl _TL0
                                    290 	.globl _TMOD
                                    291 	.globl _TCON
                                    292 	.globl _XBUS_SPEED
                                    293 	.globl _XBUS_AUX
                                    294 	.globl _PIN_FUNC
                                    295 	.globl _PORT_CFG
                                    296 	.globl _P5_IN
                                    297 	.globl _P4_PU
                                    298 	.globl _P4_DIR
                                    299 	.globl _P4_IN
                                    300 	.globl _P4_OUT
                                    301 	.globl _P3_PU
                                    302 	.globl _P3_DIR
                                    303 	.globl _P3
                                    304 	.globl _P2_PU
                                    305 	.globl _P2_DIR
                                    306 	.globl _P2
                                    307 	.globl _P1_PU
                                    308 	.globl _P1_DIR
                                    309 	.globl _P1_IE
                                    310 	.globl _P1
                                    311 	.globl _P0_PU
                                    312 	.globl _P0_DIR
                                    313 	.globl _P0
                                    314 	.globl _ROM_CTRL
                                    315 	.globl _ROM_DATA_H
                                    316 	.globl _ROM_DATA_L
                                    317 	.globl _ROM_DATA
                                    318 	.globl _ROM_ADDR_H
                                    319 	.globl _ROM_ADDR_L
                                    320 	.globl _ROM_ADDR
                                    321 	.globl _GPIO_IE
                                    322 	.globl _IP_EX
                                    323 	.globl _IE_EX
                                    324 	.globl _IP
                                    325 	.globl _IE
                                    326 	.globl _WDOG_COUNT
                                    327 	.globl _RESET_KEEP
                                    328 	.globl _WAKE_CTRL
                                    329 	.globl _SLEEP_CTRL
                                    330 	.globl _CLOCK_CFG
                                    331 	.globl _PLL_CFG
                                    332 	.globl _PCON
                                    333 	.globl _GLOBAL_CFG
                                    334 	.globl _SAFE_MOD
                                    335 	.globl _DPH
                                    336 	.globl _DPL
                                    337 	.globl _SP
                                    338 	.globl _B
                                    339 	.globl _ACC
                                    340 	.globl _PSW
                                    341 	.globl _LED_DMA_XL
                                    342 	.globl _LED_DMA_XH
                                    343 	.globl _LED_DMA_CN
                                    344 	.globl _LED_DMA_AL
                                    345 	.globl _LED_DMA_AH
                                    346 	.globl _LED_CK_SE
                                    347 	.globl _LED_DATA
                                    348 	.globl _LED_CTRL
                                    349 	.globl _LED_STAT
                                    350 	.globl _UEP3_DMA_L
                                    351 	.globl _UEP3_DMA_H
                                    352 	.globl _UEP2_DMA_L
                                    353 	.globl _UEP2_DMA_H
                                    354 	.globl _UEP1_DMA_L
                                    355 	.globl _UEP1_DMA_H
                                    356 	.globl _UEP0_DMA_L
                                    357 	.globl _UEP0_DMA_H
                                    358 	.globl _UEP2_3_MOD
                                    359 	.globl _UEP4_1_MOD
                                    360 	.globl _pLED_DMA_XL
                                    361 	.globl _pLED_DMA_XH
                                    362 	.globl _pLED_DMA_CN
                                    363 	.globl _pLED_DMA_AL
                                    364 	.globl _pLED_DMA_AH
                                    365 	.globl _pLED_CK_SE
                                    366 	.globl _pLED_DATA
                                    367 	.globl _pLED_CTRL
                                    368 	.globl _pLED_STAT
                                    369 	.globl _pUEP3_DMA_L
                                    370 	.globl _pUEP3_DMA_H
                                    371 	.globl _pUEP2_DMA_L
                                    372 	.globl _pUEP2_DMA_H
                                    373 	.globl _pUEP1_DMA_L
                                    374 	.globl _pUEP1_DMA_H
                                    375 	.globl _pUEP0_DMA_L
                                    376 	.globl _pUEP0_DMA_H
                                    377 	.globl _pUEP2_3_MOD
                                    378 	.globl _pUEP4_1_MOD
                                    379 	.globl _timer0_overflow_count_5th_byte
                                    380 	.globl _timer0_overflow_count
                                    381 ;--------------------------------------------------------
                                    382 ; special function registers
                                    383 ;--------------------------------------------------------
                                    384 	.area RSEG    (ABS,DATA)
      000000                        385 	.org 0x0000
                           0000D0   386 _PSW	=	0x00d0
                           0000E0   387 _ACC	=	0x00e0
                           0000F0   388 _B	=	0x00f0
                           000081   389 _SP	=	0x0081
                           000082   390 _DPL	=	0x0082
                           000083   391 _DPH	=	0x0083
                           0000A1   392 _SAFE_MOD	=	0x00a1
                           0000B1   393 _GLOBAL_CFG	=	0x00b1
                           000087   394 _PCON	=	0x0087
                           0000B2   395 _PLL_CFG	=	0x00b2
                           0000B3   396 _CLOCK_CFG	=	0x00b3
                           0000EA   397 _SLEEP_CTRL	=	0x00ea
                           0000EB   398 _WAKE_CTRL	=	0x00eb
                           0000FE   399 _RESET_KEEP	=	0x00fe
                           0000FF   400 _WDOG_COUNT	=	0x00ff
                           0000A8   401 _IE	=	0x00a8
                           0000B8   402 _IP	=	0x00b8
                           0000E8   403 _IE_EX	=	0x00e8
                           0000E9   404 _IP_EX	=	0x00e9
                           0000CF   405 _GPIO_IE	=	0x00cf
                           008584   406 _ROM_ADDR	=	0x8584
                           000084   407 _ROM_ADDR_L	=	0x0084
                           000085   408 _ROM_ADDR_H	=	0x0085
                           008F8E   409 _ROM_DATA	=	0x8f8e
                           00008E   410 _ROM_DATA_L	=	0x008e
                           00008F   411 _ROM_DATA_H	=	0x008f
                           000086   412 _ROM_CTRL	=	0x0086
                           000080   413 _P0	=	0x0080
                           0000C4   414 _P0_DIR	=	0x00c4
                           0000C5   415 _P0_PU	=	0x00c5
                           000090   416 _P1	=	0x0090
                           0000B9   417 _P1_IE	=	0x00b9
                           0000BA   418 _P1_DIR	=	0x00ba
                           0000BB   419 _P1_PU	=	0x00bb
                           0000A0   420 _P2	=	0x00a0
                           0000BC   421 _P2_DIR	=	0x00bc
                           0000BD   422 _P2_PU	=	0x00bd
                           0000B0   423 _P3	=	0x00b0
                           0000BE   424 _P3_DIR	=	0x00be
                           0000BF   425 _P3_PU	=	0x00bf
                           0000C0   426 _P4_OUT	=	0x00c0
                           0000C1   427 _P4_IN	=	0x00c1
                           0000C2   428 _P4_DIR	=	0x00c2
                           0000C3   429 _P4_PU	=	0x00c3
                           0000C7   430 _P5_IN	=	0x00c7
                           0000C6   431 _PORT_CFG	=	0x00c6
                           0000CE   432 _PIN_FUNC	=	0x00ce
                           0000A2   433 _XBUS_AUX	=	0x00a2
                           0000FD   434 _XBUS_SPEED	=	0x00fd
                           000088   435 _TCON	=	0x0088
                           000089   436 _TMOD	=	0x0089
                           00008A   437 _TL0	=	0x008a
                           00008B   438 _TL1	=	0x008b
                           00008C   439 _TH0	=	0x008c
                           00008D   440 _TH1	=	0x008d
                           000098   441 _SCON	=	0x0098
                           000099   442 _SBUF	=	0x0099
                           0000C8   443 _T2CON	=	0x00c8
                           0000C9   444 _T2MOD	=	0x00c9
                           00CBCA   445 _RCAP2	=	0xcbca
                           0000CA   446 _RCAP2L	=	0x00ca
                           0000CB   447 _RCAP2H	=	0x00cb
                           00CDCC   448 _T2COUNT	=	0xcdcc
                           0000CC   449 _TL2	=	0x00cc
                           0000CD   450 _TH2	=	0x00cd
                           0000A3   451 _T3_SETUP	=	0x00a3
                           00A5A4   452 _T3_COUNT	=	0xa5a4
                           0000A4   453 _T3_COUNT_L	=	0x00a4
                           0000A5   454 _T3_COUNT_H	=	0x00a5
                           00A7A6   455 _T3_END	=	0xa7a6
                           0000A6   456 _T3_END_L	=	0x00a6
                           0000A7   457 _T3_END_H	=	0x00a7
                           0000A9   458 _T3_STAT	=	0x00a9
                           0000AA   459 _T3_CTRL	=	0x00aa
                           0000AB   460 _T3_DMA_CN	=	0x00ab
                           00ADAC   461 _T3_DMA	=	0xadac
                           0000AC   462 _T3_DMA_AL	=	0x00ac
                           0000AD   463 _T3_DMA_AH	=	0x00ad
                           00AFAE   464 _T3_FIFO	=	0xafae
                           0000AE   465 _T3_FIFO_L	=	0x00ae
                           0000AF   466 _T3_FIFO_H	=	0x00af
                           00009B   467 _PWM_DATA2	=	0x009b
                           00009C   468 _PWM_DATA	=	0x009c
                           00009D   469 _PWM_CTRL	=	0x009d
                           00009E   470 _PWM_CK_SE	=	0x009e
                           00009F   471 _PWM_CYCLE	=	0x009f
                           0000F8   472 _SPI0_STAT	=	0x00f8
                           0000F9   473 _SPI0_DATA	=	0x00f9
                           0000FA   474 _SPI0_CTRL	=	0x00fa
                           0000FB   475 _SPI0_CK_SE	=	0x00fb
                           0000FC   476 _SPI0_SETUP	=	0x00fc
                           0000B4   477 _SPI1_STAT	=	0x00b4
                           0000B5   478 _SPI1_DATA	=	0x00b5
                           0000B6   479 _SPI1_CTRL	=	0x00b6
                           0000B7   480 _SPI1_CK_SE	=	0x00b7
                           00009A   481 _SER1_FIFO	=	0x009a
                           000091   482 _SER1_IER	=	0x0091
                           000092   483 _SER1_IIR	=	0x0092
                           000093   484 _SER1_LCR	=	0x0093
                           000094   485 _SER1_MCR	=	0x0094
                           000095   486 _SER1_LSR	=	0x0095
                           000096   487 _SER1_MSR	=	0x0096
                           000097   488 _SER1_ADDR	=	0x0097
                           00EDEC   489 _ADC_DMA	=	0xedec
                           0000EC   490 _ADC_DMA_AL	=	0x00ec
                           0000ED   491 _ADC_DMA_AH	=	0x00ed
                           0000EE   492 _ADC_DMA_CN	=	0x00ee
                           0000EF   493 _ADC_CK_SE	=	0x00ef
                           0000F1   494 _ADC_STAT	=	0x00f1
                           0000F2   495 _ADC_CTRL	=	0x00f2
                           0000F3   496 _ADC_CHANN	=	0x00f3
                           00F5F4   497 _ADC_FIFO	=	0xf5f4
                           0000F4   498 _ADC_FIFO_L	=	0x00f4
                           0000F5   499 _ADC_FIFO_H	=	0x00f5
                           0000F6   500 _ADC_SETUP	=	0x00f6
                           0000F7   501 _ADC_EX_SW	=	0x00f7
                           0000D1   502 _USB_RX_LEN	=	0x00d1
                           0000D2   503 _UEP1_CTRL	=	0x00d2
                           0000D3   504 _UEP1_T_LEN	=	0x00d3
                           0000D4   505 _UEP2_CTRL	=	0x00d4
                           0000D5   506 _UEP2_T_LEN	=	0x00d5
                           0000D6   507 _UEP3_CTRL	=	0x00d6
                           0000D7   508 _UEP3_T_LEN	=	0x00d7
                           0000D8   509 _USB_INT_FG	=	0x00d8
                           0000D9   510 _USB_INT_ST	=	0x00d9
                           0000DA   511 _USB_MIS_ST	=	0x00da
                           0000DB   512 _USB_HUB_ST	=	0x00db
                           0000DC   513 _UEP0_CTRL	=	0x00dc
                           0000DD   514 _UEP0_T_LEN	=	0x00dd
                           0000DE   515 _UEP4_CTRL	=	0x00de
                           0000DF   516 _UEP4_T_LEN	=	0x00df
                           0000E1   517 _USB_INT_EN	=	0x00e1
                           0000E2   518 _USB_CTRL	=	0x00e2
                           0000E3   519 _USB_DEV_AD	=	0x00e3
                           0000E4   520 _UDEV_CTRL	=	0x00e4
                           0000E5   521 _UHUB1_CTRL	=	0x00e5
                           00E7E6   522 _USB_DMA	=	0xe7e6
                           0000E6   523 _USB_DMA_AL	=	0x00e6
                           0000E7   524 _USB_DMA_AH	=	0x00e7
                                    525 ;--------------------------------------------------------
                                    526 ; special function bits
                                    527 ;--------------------------------------------------------
                                    528 	.area RSEG    (ABS,DATA)
      000000                        529 	.org 0x0000
                           0000D7   530 _CY	=	0x00d7
                           0000D6   531 _AC	=	0x00d6
                           0000D5   532 _F0	=	0x00d5
                           0000D4   533 _RS1	=	0x00d4
                           0000D3   534 _RS0	=	0x00d3
                           0000D2   535 _OV	=	0x00d2
                           0000D1   536 _F1	=	0x00d1
                           0000D0   537 _P	=	0x00d0
                           0000AF   538 _EA	=	0x00af
                           0000AE   539 _E_DIS	=	0x00ae
                           0000AD   540 _ET2	=	0x00ad
                           0000AC   541 _ES	=	0x00ac
                           0000AB   542 _ET1	=	0x00ab
                           0000AA   543 _EX1	=	0x00aa
                           0000A9   544 _ET0	=	0x00a9
                           0000A8   545 _EX0	=	0x00a8
                           0000BF   546 _PH_FLAG	=	0x00bf
                           0000BE   547 _PL_FLAG	=	0x00be
                           0000BD   548 _PT2	=	0x00bd
                           0000BC   549 _PS	=	0x00bc
                           0000BB   550 _PT1	=	0x00bb
                           0000BA   551 _PX1	=	0x00ba
                           0000B9   552 _PT0	=	0x00b9
                           0000B8   553 _PX0	=	0x00b8
                           0000EF   554 _IE_WDOG	=	0x00ef
                           0000EE   555 _IE_GPIO	=	0x00ee
                           0000ED   556 _IE_PWM1	=	0x00ed
                           0000EC   557 _IE_UART1	=	0x00ec
                           0000EB   558 _IE_ADC	=	0x00eb
                           0000EA   559 _IE_USB	=	0x00ea
                           0000E9   560 _IE_TMR3	=	0x00e9
                           0000E8   561 _IE_SPI0	=	0x00e8
                           000087   562 _UDCD	=	0x0087
                           000086   563 _URI	=	0x0086
                           000085   564 _UDSR	=	0x0085
                           000084   565 _UCTS	=	0x0084
                           000083   566 _TXD_	=	0x0083
                           000082   567 _RXD_	=	0x0082
                           000081   568 _URTS	=	0x0081
                           000080   569 _UDTR	=	0x0080
                           000087   570 _P0_7	=	0x0087
                           000086   571 _P0_6	=	0x0086
                           000085   572 _P0_5	=	0x0085
                           000084   573 _P0_4	=	0x0084
                           000083   574 _P0_3	=	0x0083
                           000082   575 _P0_2	=	0x0082
                           000081   576 _P0_1	=	0x0081
                           000080   577 _P0_0	=	0x0080
                           000097   578 _AIN7	=	0x0097
                           000096   579 _AIN6	=	0x0096
                           000095   580 _AIN5	=	0x0095
                           000094   581 _AIN4	=	0x0094
                           000093   582 _AIN3	=	0x0093
                           000092   583 _AIN2	=	0x0092
                           000091   584 _AIN1	=	0x0091
                           000090   585 _AIN0	=	0x0090
                           000097   586 _SCK	=	0x0097
                           000096   587 _MISO	=	0x0096
                           000095   588 _MOSI	=	0x0095
                           000094   589 _SCS	=	0x0094
                           000092   590 _PWM3	=	0x0092
                           000092   591 _CAP3	=	0x0092
                           000091   592 _T2EX	=	0x0091
                           000091   593 _CAP2	=	0x0091
                           000090   594 _T2	=	0x0090
                           000090   595 _CAP1	=	0x0090
                           000097   596 _P1_7	=	0x0097
                           000096   597 _P1_6	=	0x0096
                           000095   598 _P1_5	=	0x0095
                           000094   599 _P1_4	=	0x0094
                           000093   600 _P1_3	=	0x0093
                           000092   601 _P1_2	=	0x0092
                           000091   602 _P1_1	=	0x0091
                           000090   603 _P1_0	=	0x0090
                           0000A7   604 _TXD1	=	0x00a7
                           0000A7   605 _DA7	=	0x00a7
                           0000A6   606 _RXD1	=	0x00a6
                           0000A5   607 _TNOW	=	0x00a5
                           0000A5   608 _PWM2	=	0x00a5
                           0000A5   609 _T2EX_	=	0x00a5
                           0000A5   610 _CAP2_	=	0x00a5
                           0000A4   611 _PWM1	=	0x00a4
                           0000A3   612 _SCK1	=	0x00a3
                           0000A2   613 _MISO1	=	0x00a2
                           0000A1   614 _MOSI1	=	0x00a1
                           0000A7   615 _P2_7	=	0x00a7
                           0000A6   616 _P2_6	=	0x00a6
                           0000A5   617 _P2_5	=	0x00a5
                           0000A4   618 _P2_4	=	0x00a4
                           0000A3   619 _P2_3	=	0x00a3
                           0000A2   620 _P2_2	=	0x00a2
                           0000A1   621 _P2_1	=	0x00a1
                           0000A0   622 _P2_0	=	0x00a0
                           0000B7   623 _RD	=	0x00b7
                           0000B6   624 _WR	=	0x00b6
                           0000B5   625 _DA6	=	0x00b5
                           0000B5   626 _T1	=	0x00b5
                           0000B4   627 _LEDC	=	0x00b4
                           0000B4   628 _XCS0	=	0x00b4
                           0000B4   629 _T0	=	0x00b4
                           0000B3   630 _LED1	=	0x00b3
                           0000B3   631 _INT1	=	0x00b3
                           0000B2   632 _LED0	=	0x00b2
                           0000B2   633 _INT0	=	0x00b2
                           0000B1   634 _TXD	=	0x00b1
                           0000B0   635 _RXD	=	0x00b0
                           0000B7   636 _P3_7	=	0x00b7
                           0000B6   637 _P3_6	=	0x00b6
                           0000B5   638 _P3_5	=	0x00b5
                           0000B4   639 _P3_4	=	0x00b4
                           0000B3   640 _P3_3	=	0x00b3
                           0000B2   641 _P3_2	=	0x00b2
                           0000B1   642 _P3_1	=	0x00b1
                           0000B0   643 _P3_0	=	0x00b0
                           0000C7   644 _SCK_	=	0x00c7
                           0000C6   645 _SCS_	=	0x00c6
                           0000C5   646 _PWM2_	=	0x00c5
                           0000C4   647 _LED3	=	0x00c4
                           0000C4   648 _TNOW_	=	0x00c4
                           0000C4   649 _TXD1_	=	0x00c4
                           0000C3   650 _PWM1_	=	0x00c3
                           0000C2   651 _PWM3_	=	0x00c2
                           0000C2   652 _CAP3_	=	0x00c2
                           0000C0   653 _LED2	=	0x00c0
                           0000C0   654 _RXD1_	=	0x00c0
                           0000C7   655 _P4_OUT_7	=	0x00c7
                           0000C6   656 _P4_OUT_6	=	0x00c6
                           0000C5   657 _P4_OUT_5	=	0x00c5
                           0000C4   658 _P4_OUT_4	=	0x00c4
                           0000C3   659 _P4_OUT_3	=	0x00c3
                           0000C2   660 _P4_OUT_2	=	0x00c2
                           0000C1   661 _P4_OUT_1	=	0x00c1
                           0000C0   662 _P4_OUT_0	=	0x00c0
                           00008F   663 _TF1	=	0x008f
                           00008E   664 _TR1	=	0x008e
                           00008D   665 _TF0	=	0x008d
                           00008C   666 _TR0	=	0x008c
                           00008B   667 _IE1	=	0x008b
                           00008A   668 _IT1	=	0x008a
                           000089   669 _IE0	=	0x0089
                           000088   670 _IT0	=	0x0088
                           00009F   671 _SM0	=	0x009f
                           00009E   672 _SM1	=	0x009e
                           00009D   673 _SM2	=	0x009d
                           00009C   674 _REN	=	0x009c
                           00009B   675 _TB8	=	0x009b
                           00009A   676 _RB8	=	0x009a
                           000099   677 _TI	=	0x0099
                           000098   678 _RI	=	0x0098
                           0000CF   679 _TF2	=	0x00cf
                           0000CF   680 _CAP1F	=	0x00cf
                           0000CE   681 _EXF2	=	0x00ce
                           0000CD   682 _RCLK	=	0x00cd
                           0000CC   683 _TCLK	=	0x00cc
                           0000CB   684 _EXEN2	=	0x00cb
                           0000CA   685 _TR2	=	0x00ca
                           0000C9   686 _C_T2	=	0x00c9
                           0000C8   687 _CP_RL2	=	0x00c8
                           0000FF   688 _S0_FST_ACT	=	0x00ff
                           0000FE   689 _S0_IF_OV	=	0x00fe
                           0000FD   690 _S0_IF_FIRST	=	0x00fd
                           0000FC   691 _S0_IF_BYTE	=	0x00fc
                           0000FB   692 _S0_FREE	=	0x00fb
                           0000FA   693 _S0_T_FIFO	=	0x00fa
                           0000F9   694 _S0_R_FIFO1	=	0x00f9
                           0000F8   695 _S0_R_FIFO0	=	0x00f8
                           0000DF   696 _U_IS_NAK	=	0x00df
                           0000DE   697 _U_TOG_OK	=	0x00de
                           0000DD   698 _U_SIE_FREE	=	0x00dd
                           0000DC   699 _UIF_FIFO_OV	=	0x00dc
                           0000DB   700 _UIF_HST_SOF	=	0x00db
                           0000DA   701 _UIF_SUSPEND	=	0x00da
                           0000D9   702 _UIF_TRANSFER	=	0x00d9
                           0000D8   703 _UIF_DETECT	=	0x00d8
                           0000D8   704 _UIF_BUS_RST	=	0x00d8
                                    705 ;--------------------------------------------------------
                                    706 ; overlayable register banks
                                    707 ;--------------------------------------------------------
                                    708 	.area REG_BANK_0	(REL,OVR,DATA)
      000000                        709 	.ds 8
                                    710 ;--------------------------------------------------------
                                    711 ; overlayable bit register bank
                                    712 ;--------------------------------------------------------
                                    713 	.area BIT_BANK	(REL,OVR,DATA)
      000000                        714 bits:
      000000                        715 	.ds 1
                           008000   716 	b0 = bits[0]
                           008100   717 	b1 = bits[1]
                           008200   718 	b2 = bits[2]
                           008300   719 	b3 = bits[3]
                           008400   720 	b4 = bits[4]
                           008500   721 	b5 = bits[5]
                           008600   722 	b6 = bits[6]
                           008700   723 	b7 = bits[7]
                                    724 ;--------------------------------------------------------
                                    725 ; internal ram data
                                    726 ;--------------------------------------------------------
                                    727 	.area DSEG    (DATA)
                                    728 ;--------------------------------------------------------
                                    729 ; overlayable items in internal ram
                                    730 ;--------------------------------------------------------
                                    731 ;--------------------------------------------------------
                                    732 ; Stack segment in internal ram
                                    733 ;--------------------------------------------------------
                                    734 	.area	SSEG
      000000                        735 __start__stack:
      000000                        736 	.ds	1
                                    737 
                                    738 ;--------------------------------------------------------
                                    739 ; indirectly addressable internal ram data
                                    740 ;--------------------------------------------------------
                                    741 	.area ISEG    (DATA)
                                    742 ;--------------------------------------------------------
                                    743 ; absolute internal ram data
                                    744 ;--------------------------------------------------------
                                    745 	.area IABS    (ABS,DATA)
                                    746 	.area IABS    (ABS,DATA)
      000008                        747 	.org 0x0008
      000008                        748 _timer0_overflow_count::
      000008                        749 	.ds 4
      00000C                        750 	.org 0x000C
      00000C                        751 _timer0_overflow_count_5th_byte::
      00000C                        752 	.ds 1
                                    753 ;--------------------------------------------------------
                                    754 ; bit data
                                    755 ;--------------------------------------------------------
                                    756 	.area BSEG    (BIT)
                                    757 ;--------------------------------------------------------
                                    758 ; paged external ram data
                                    759 ;--------------------------------------------------------
                                    760 	.area PSEG    (PAG,XDATA)
                           002546   761 _pUEP4_1_MOD	=	0x2546
                           002547   762 _pUEP2_3_MOD	=	0x2547
                           002548   763 _pUEP0_DMA_H	=	0x2548
                           002549   764 _pUEP0_DMA_L	=	0x2549
                           00254A   765 _pUEP1_DMA_H	=	0x254a
                           00254B   766 _pUEP1_DMA_L	=	0x254b
                           00254C   767 _pUEP2_DMA_H	=	0x254c
                           00254D   768 _pUEP2_DMA_L	=	0x254d
                           00254E   769 _pUEP3_DMA_H	=	0x254e
                           00254F   770 _pUEP3_DMA_L	=	0x254f
                           002980   771 _pLED_STAT	=	0x2980
                           002981   772 _pLED_CTRL	=	0x2981
                           002982   773 _pLED_DATA	=	0x2982
                           002983   774 _pLED_CK_SE	=	0x2983
                           002984   775 _pLED_DMA_AH	=	0x2984
                           002985   776 _pLED_DMA_AL	=	0x2985
                           002986   777 _pLED_DMA_CN	=	0x2986
                           002988   778 _pLED_DMA_XH	=	0x2988
                           002989   779 _pLED_DMA_XL	=	0x2989
                                    780 ;--------------------------------------------------------
                                    781 ; uninitialized external ram data
                                    782 ;--------------------------------------------------------
                                    783 	.area XSEG    (XDATA)
                           002446   784 _UEP4_1_MOD	=	0x2446
                           002447   785 _UEP2_3_MOD	=	0x2447
                           002448   786 _UEP0_DMA_H	=	0x2448
                           002449   787 _UEP0_DMA_L	=	0x2449
                           00244A   788 _UEP1_DMA_H	=	0x244a
                           00244B   789 _UEP1_DMA_L	=	0x244b
                           00244C   790 _UEP2_DMA_H	=	0x244c
                           00244D   791 _UEP2_DMA_L	=	0x244d
                           00244E   792 _UEP3_DMA_H	=	0x244e
                           00244F   793 _UEP3_DMA_L	=	0x244f
                           002880   794 _LED_STAT	=	0x2880
                           002881   795 _LED_CTRL	=	0x2881
                           002882   796 _LED_DATA	=	0x2882
                           002883   797 _LED_CK_SE	=	0x2883
                           002884   798 _LED_DMA_AH	=	0x2884
                           002885   799 _LED_DMA_AL	=	0x2885
                           002886   800 _LED_DMA_CN	=	0x2886
                           002888   801 _LED_DMA_XH	=	0x2888
                           002889   802 _LED_DMA_XL	=	0x2889
                                    803 ;--------------------------------------------------------
                                    804 ; absolute external ram data
                                    805 ;--------------------------------------------------------
                                    806 	.area XABS    (ABS,XDATA)
                                    807 ;--------------------------------------------------------
                                    808 ; initialized external ram data
                                    809 ;--------------------------------------------------------
                                    810 	.area XISEG   (XDATA)
                                    811 	.area HOME    (CODE)
                                    812 	.area GSINIT0 (CODE)
                                    813 	.area GSINIT1 (CODE)
                                    814 	.area GSINIT2 (CODE)
                                    815 	.area GSINIT3 (CODE)
                                    816 	.area GSINIT4 (CODE)
                                    817 	.area GSINIT5 (CODE)
                                    818 	.area GSINIT  (CODE)
                                    819 	.area GSFINAL (CODE)
                                    820 	.area CSEG    (CODE)
                                    821 ;--------------------------------------------------------
                                    822 ; interrupt vector
                                    823 ;--------------------------------------------------------
                                    824 	.area HOME    (CODE)
      000000                        825 __interrupt_vect:
      000000 02r00r00         [24]  826 	ljmp	__sdcc_gsinit_startup
      000003 02r00rDC         [24]  827 	ljmp	_INT0_ISR
      000006                        828 	.ds	5
      00000B 02r00r00         [24]  829 	ljmp	_Timer0Interrupt
      00000E                        830 	.ds	5
      000013 02r01r2F         [24]  831 	ljmp	_INT1_ISR
      000016                        832 	.ds	5
      00001B 32               [24]  833 	reti
      00001C                        834 	.ds	7
      000023 02r00r3F         [24]  835 	ljmp	_Uart0_ISR
      000026                        836 	.ds	5
      00002B 02r00r00         [24]  837 	ljmp	_Timer2Interrupt
      00002E                        838 	.ds	5
      000033 32               [24]  839 	reti
      000034                        840 	.ds	7
      00003B 32               [24]  841 	reti
      00003C                        842 	.ds	7
      000043 02r00r00         [24]  843 	ljmp	_DeviceUSBInterrupt
      000046                        844 	.ds	5
      00004B 32               [24]  845 	reti
      00004C                        846 	.ds	7
      000053 02r00r8B         [24]  847 	ljmp	_Uart1_ISR
      000056                        848 	.ds	5
      00005B 32               [24]  849 	reti
      00005C                        850 	.ds	7
      000063 02r00r00         [24]  851 	ljmp	_GPIOInterrupt
                                    852 ;--------------------------------------------------------
                                    853 ; global & static initialisations
                                    854 ;--------------------------------------------------------
                                    855 	.area HOME    (CODE)
                                    856 	.area GSINIT  (CODE)
                                    857 	.area GSFINAL (CODE)
                                    858 	.area GSINIT  (CODE)
                                    859 	.globl __sdcc_gsinit_startup
                                    860 	.globl __sdcc_program_startup
                                    861 	.globl __start__stack
                                    862 	.globl __mcs51_genXINIT
                                    863 	.globl __mcs51_genXRAMCLEAR
                                    864 	.globl __mcs51_genRAMCLEAR
                                    865 ;	C:\Users\tonyp\AppData\Local\Arduino15\packages\CH55xDuino\hardware\mcs51\0.0.23\cores\ch55xduino\main.c:38: __idata __at (0x08) volatile uint32_t timer0_overflow_count = 0;
      000000 78r08            [12]  866 	mov	r0,#_timer0_overflow_count
      000002 E4               [12]  867 	clr	a
      000003 F6               [12]  868 	mov	@r0,a
      000004 08               [12]  869 	inc	r0
      000005 F6               [12]  870 	mov	@r0,a
      000006 08               [12]  871 	inc	r0
      000007 F6               [12]  872 	mov	@r0,a
      000008 08               [12]  873 	inc	r0
      000009 F6               [12]  874 	mov	@r0,a
                                    875 ;	C:\Users\tonyp\AppData\Local\Arduino15\packages\CH55xDuino\hardware\mcs51\0.0.23\cores\ch55xduino\main.c:39: __idata __at (0x0C) volatile uint8_t timer0_overflow_count_5th_byte = 0;
      00000A 78r0C            [12]  876 	mov	r0,#_timer0_overflow_count_5th_byte
      00000C 76 00            [12]  877 	mov	@r0,#0x00
                                    878 	.area GSFINAL (CODE)
      000000 02r00r66         [24]  879 	ljmp	__sdcc_program_startup
                                    880 ;--------------------------------------------------------
                                    881 ; Home
                                    882 ;--------------------------------------------------------
                                    883 	.area HOME    (CODE)
                                    884 	.area HOME    (CODE)
      000066                        885 __sdcc_program_startup:
      000066 02r01r82         [24]  886 	ljmp	_main
                                    887 ;	return from main will return to caller
                                    888 ;--------------------------------------------------------
                                    889 ; code
                                    890 ;--------------------------------------------------------
                                    891 	.area CSEG    (CODE)
                                    892 ;------------------------------------------------------------
                                    893 ;Allocation info for local variables in function 'DeviceUSBInterrupt'
                                    894 ;------------------------------------------------------------
                                    895 ;	C:\Users\tonyp\AppData\Local\Arduino15\packages\CH55xDuino\hardware\mcs51\0.0.23\cores\ch55xduino\main.c:31: void DeviceUSBInterrupt(void) __interrupt(INT_NO_USB) {
                                    896 ;	-----------------------------------------
                                    897 ;	 function DeviceUSBInterrupt
                                    898 ;	-----------------------------------------
      000000                        899 _DeviceUSBInterrupt:
                           000007   900 	ar7 = 0x07
                           000006   901 	ar6 = 0x06
                           000005   902 	ar5 = 0x05
                           000004   903 	ar4 = 0x04
                           000003   904 	ar3 = 0x03
                           000002   905 	ar2 = 0x02
                           000001   906 	ar1 = 0x01
                           000000   907 	ar0 = 0x00
      000000 C0*00            [24]  908 	push	bits
      000002 C0 E0            [24]  909 	push	acc
      000004 C0 F0            [24]  910 	push	b
      000006 C0 82            [24]  911 	push	dpl
      000008 C0 83            [24]  912 	push	dph
      00000A C0 07            [24]  913 	push	(0+7)
      00000C C0 06            [24]  914 	push	(0+6)
      00000E C0 05            [24]  915 	push	(0+5)
      000010 C0 04            [24]  916 	push	(0+4)
      000012 C0 03            [24]  917 	push	(0+3)
      000014 C0 02            [24]  918 	push	(0+2)
      000016 C0 01            [24]  919 	push	(0+1)
      000018 C0 00            [24]  920 	push	(0+0)
      00001A C0 D0            [24]  921 	push	psw
      00001C 75 D0 00         [24]  922 	mov	psw,#0x00
                                    923 ;	C:\Users\tonyp\AppData\Local\Arduino15\packages\CH55xDuino\hardware\mcs51\0.0.23\cores\ch55xduino\main.c:33: USBInterrupt();
      00001F 12r00r00         [24]  924 	lcall	_USBInterrupt
                                    925 ;	C:\Users\tonyp\AppData\Local\Arduino15\packages\CH55xDuino\hardware\mcs51\0.0.23\cores\ch55xduino\main.c:34: }
      000022 D0 D0            [24]  926 	pop	psw
      000024 D0 00            [24]  927 	pop	(0+0)
      000026 D0 01            [24]  928 	pop	(0+1)
      000028 D0 02            [24]  929 	pop	(0+2)
      00002A D0 03            [24]  930 	pop	(0+3)
      00002C D0 04            [24]  931 	pop	(0+4)
      00002E D0 05            [24]  932 	pop	(0+5)
      000030 D0 06            [24]  933 	pop	(0+6)
      000032 D0 07            [24]  934 	pop	(0+7)
      000034 D0 83            [24]  935 	pop	dph
      000036 D0 82            [24]  936 	pop	dpl
      000038 D0 F0            [24]  937 	pop	b
      00003A D0 E0            [24]  938 	pop	acc
      00003C D0*00            [24]  939 	pop	bits
      00003E 32               [24]  940 	reti
                                    941 ;------------------------------------------------------------
                                    942 ;Allocation info for local variables in function 'Uart0_ISR'
                                    943 ;------------------------------------------------------------
                                    944 ;	C:\Users\tonyp\AppData\Local\Arduino15\packages\CH55xDuino\hardware\mcs51\0.0.23\cores\ch55xduino\main.c:45: void Uart0_ISR(void) __interrupt(INT_NO_UART0) {
                                    945 ;	-----------------------------------------
                                    946 ;	 function Uart0_ISR
                                    947 ;	-----------------------------------------
      00003F                        948 _Uart0_ISR:
      00003F C0*00            [24]  949 	push	bits
      000041 C0 E0            [24]  950 	push	acc
      000043 C0 F0            [24]  951 	push	b
      000045 C0 82            [24]  952 	push	dpl
      000047 C0 83            [24]  953 	push	dph
      000049 C0 07            [24]  954 	push	(0+7)
      00004B C0 06            [24]  955 	push	(0+6)
      00004D C0 05            [24]  956 	push	(0+5)
      00004F C0 04            [24]  957 	push	(0+4)
      000051 C0 03            [24]  958 	push	(0+3)
      000053 C0 02            [24]  959 	push	(0+2)
      000055 C0 01            [24]  960 	push	(0+1)
      000057 C0 00            [24]  961 	push	(0+0)
      000059 C0 D0            [24]  962 	push	psw
      00005B 75 D0 00         [24]  963 	mov	psw,#0x00
                                    964 ;	C:\Users\tonyp\AppData\Local\Arduino15\packages\CH55xDuino\hardware\mcs51\0.0.23\cores\ch55xduino\main.c:46: if (RI) {
      00005E 30 98 05         [24]  965 	jnb	_RI,00102$
                                    966 ;	C:\Users\tonyp\AppData\Local\Arduino15\packages\CH55xDuino\hardware\mcs51\0.0.23\cores\ch55xduino\main.c:47: uart0IntRxHandler();
      000061 12r00r00         [24]  967 	lcall	_uart0IntRxHandler
                                    968 ;	C:\Users\tonyp\AppData\Local\Arduino15\packages\CH55xDuino\hardware\mcs51\0.0.23\cores\ch55xduino\main.c:48: RI = 0;
                                    969 ;	assignBit
      000064 C2 98            [12]  970 	clr	_RI
      000066                        971 00102$:
                                    972 ;	C:\Users\tonyp\AppData\Local\Arduino15\packages\CH55xDuino\hardware\mcs51\0.0.23\cores\ch55xduino\main.c:50: if (TI) {
      000066 30 99 05         [24]  973 	jnb	_TI,00105$
                                    974 ;	C:\Users\tonyp\AppData\Local\Arduino15\packages\CH55xDuino\hardware\mcs51\0.0.23\cores\ch55xduino\main.c:51: uart0IntTxHandler();
      000069 12r00r00         [24]  975 	lcall	_uart0IntTxHandler
                                    976 ;	C:\Users\tonyp\AppData\Local\Arduino15\packages\CH55xDuino\hardware\mcs51\0.0.23\cores\ch55xduino\main.c:52: TI = 0;
                                    977 ;	assignBit
      00006C C2 99            [12]  978 	clr	_TI
      00006E                        979 00105$:
                                    980 ;	C:\Users\tonyp\AppData\Local\Arduino15\packages\CH55xDuino\hardware\mcs51\0.0.23\cores\ch55xduino\main.c:54: }
      00006E D0 D0            [24]  981 	pop	psw
      000070 D0 00            [24]  982 	pop	(0+0)
      000072 D0 01            [24]  983 	pop	(0+1)
      000074 D0 02            [24]  984 	pop	(0+2)
      000076 D0 03            [24]  985 	pop	(0+3)
      000078 D0 04            [24]  986 	pop	(0+4)
      00007A D0 05            [24]  987 	pop	(0+5)
      00007C D0 06            [24]  988 	pop	(0+6)
      00007E D0 07            [24]  989 	pop	(0+7)
      000080 D0 83            [24]  990 	pop	dph
      000082 D0 82            [24]  991 	pop	dpl
      000084 D0 F0            [24]  992 	pop	b
      000086 D0 E0            [24]  993 	pop	acc
      000088 D0*00            [24]  994 	pop	bits
      00008A 32               [24]  995 	reti
                                    996 ;------------------------------------------------------------
                                    997 ;Allocation info for local variables in function 'Uart1_ISR'
                                    998 ;------------------------------------------------------------
                                    999 ;interruptStatus           Allocated with name '_Uart1_ISR_interruptStatus_65536_180'
                                   1000 ;------------------------------------------------------------
                                   1001 ;	C:\Users\tonyp\AppData\Local\Arduino15\packages\CH55xDuino\hardware\mcs51\0.0.23\cores\ch55xduino\main.c:56: void Uart1_ISR(void) __interrupt(INT_NO_UART1) {
                                   1002 ;	-----------------------------------------
                                   1003 ;	 function Uart1_ISR
                                   1004 ;	-----------------------------------------
      00008B                       1005 _Uart1_ISR:
      00008B C0*00            [24] 1006 	push	bits
      00008D C0 E0            [24] 1007 	push	acc
      00008F C0 F0            [24] 1008 	push	b
      000091 C0 82            [24] 1009 	push	dpl
      000093 C0 83            [24] 1010 	push	dph
      000095 C0 07            [24] 1011 	push	(0+7)
      000097 C0 06            [24] 1012 	push	(0+6)
      000099 C0 05            [24] 1013 	push	(0+5)
      00009B C0 04            [24] 1014 	push	(0+4)
      00009D C0 03            [24] 1015 	push	(0+3)
      00009F C0 02            [24] 1016 	push	(0+2)
      0000A1 C0 01            [24] 1017 	push	(0+1)
      0000A3 C0 00            [24] 1018 	push	(0+0)
      0000A5 C0 D0            [24] 1019 	push	psw
      0000A7 75 D0 00         [24] 1020 	mov	psw,#0x00
                                   1021 ;	C:\Users\tonyp\AppData\Local\Arduino15\packages\CH55xDuino\hardware\mcs51\0.0.23\cores\ch55xduino\main.c:67: uint8_t interruptStatus = SER1_IIR & 0x0f;
      0000AA E5 92            [12] 1022 	mov	a,_SER1_IIR
      0000AC 54 0F            [12] 1023 	anl	a,#0x0f
      0000AE FF               [12] 1024 	mov	r7,a
                                   1025 ;	C:\Users\tonyp\AppData\Local\Arduino15\packages\CH55xDuino\hardware\mcs51\0.0.23\cores\ch55xduino\main.c:68: switch (interruptStatus) {
      0000AF BF 02 02         [24] 1026 	cjne	r7,#0x02,00114$
      0000B2 80 08            [24] 1027 	sjmp	00102$
      0000B4                       1028 00114$:
      0000B4 BF 04 08         [24] 1029 	cjne	r7,#0x04,00104$
                                   1030 ;	C:\Users\tonyp\AppData\Local\Arduino15\packages\CH55xDuino\hardware\mcs51\0.0.23\cores\ch55xduino\main.c:70: uart1IntRxHandler();
      0000B7 12r00r00         [24] 1031 	lcall	_uart1IntRxHandler
                                   1032 ;	C:\Users\tonyp\AppData\Local\Arduino15\packages\CH55xDuino\hardware\mcs51\0.0.23\cores\ch55xduino\main.c:71: break;
                                   1033 ;	C:\Users\tonyp\AppData\Local\Arduino15\packages\CH55xDuino\hardware\mcs51\0.0.23\cores\ch55xduino\main.c:72: case U1_INT_THR_EMPTY:
      0000BA 80 03            [24] 1034 	sjmp	00104$
      0000BC                       1035 00102$:
                                   1036 ;	C:\Users\tonyp\AppData\Local\Arduino15\packages\CH55xDuino\hardware\mcs51\0.0.23\cores\ch55xduino\main.c:73: uart1IntTxHandler();
      0000BC 12r00r00         [24] 1037 	lcall	_uart1IntTxHandler
                                   1038 ;	C:\Users\tonyp\AppData\Local\Arduino15\packages\CH55xDuino\hardware\mcs51\0.0.23\cores\ch55xduino\main.c:75: }
      0000BF                       1039 00104$:
                                   1040 ;	C:\Users\tonyp\AppData\Local\Arduino15\packages\CH55xDuino\hardware\mcs51\0.0.23\cores\ch55xduino\main.c:86: }
      0000BF D0 D0            [24] 1041 	pop	psw
      0000C1 D0 00            [24] 1042 	pop	(0+0)
      0000C3 D0 01            [24] 1043 	pop	(0+1)
      0000C5 D0 02            [24] 1044 	pop	(0+2)
      0000C7 D0 03            [24] 1045 	pop	(0+3)
      0000C9 D0 04            [24] 1046 	pop	(0+4)
      0000CB D0 05            [24] 1047 	pop	(0+5)
      0000CD D0 06            [24] 1048 	pop	(0+6)
      0000CF D0 07            [24] 1049 	pop	(0+7)
      0000D1 D0 83            [24] 1050 	pop	dph
      0000D3 D0 82            [24] 1051 	pop	dpl
      0000D5 D0 F0            [24] 1052 	pop	b
      0000D7 D0 E0            [24] 1053 	pop	acc
      0000D9 D0*00            [24] 1054 	pop	bits
      0000DB 32               [24] 1055 	reti
                                   1056 ;------------------------------------------------------------
                                   1057 ;Allocation info for local variables in function 'INT0_ISR'
                                   1058 ;------------------------------------------------------------
                                   1059 ;	C:\Users\tonyp\AppData\Local\Arduino15\packages\CH55xDuino\hardware\mcs51\0.0.23\cores\ch55xduino\main.c:90: void INT0_ISR(void) __interrupt(INT_NO_INT0) { intFunc[0](); }
                                   1060 ;	-----------------------------------------
                                   1061 ;	 function INT0_ISR
                                   1062 ;	-----------------------------------------
      0000DC                       1063 _INT0_ISR:
      0000DC C0*00            [24] 1064 	push	bits
      0000DE C0 E0            [24] 1065 	push	acc
      0000E0 C0 F0            [24] 1066 	push	b
      0000E2 C0 82            [24] 1067 	push	dpl
      0000E4 C0 83            [24] 1068 	push	dph
      0000E6 C0 07            [24] 1069 	push	(0+7)
      0000E8 C0 06            [24] 1070 	push	(0+6)
      0000EA C0 05            [24] 1071 	push	(0+5)
      0000EC C0 04            [24] 1072 	push	(0+4)
      0000EE C0 03            [24] 1073 	push	(0+3)
      0000F0 C0 02            [24] 1074 	push	(0+2)
      0000F2 C0 01            [24] 1075 	push	(0+1)
      0000F4 C0 00            [24] 1076 	push	(0+0)
      0000F6 C0 D0            [24] 1077 	push	psw
      0000F8 75 D0 00         [24] 1078 	mov	psw,#0x00
      0000FB 90r00r00         [24] 1079 	mov	dptr,#_intFunc
      0000FE E0               [24] 1080 	movx	a,@dptr
      0000FF FE               [12] 1081 	mov	r6,a
      000100 A3               [24] 1082 	inc	dptr
      000101 E0               [24] 1083 	movx	a,@dptr
      000102 FF               [12] 1084 	mov	r7,a
      000103 C0 07            [24] 1085 	push	ar7
      000105 C0 06            [24] 1086 	push	ar6
      000107 8E 82            [24] 1087 	mov	dpl,r6
      000109 8F 83            [24] 1088 	mov	dph,r7
      00010B 12r00r00         [24] 1089 	lcall	__sdcc_call_dptr
      00010E D0 06            [24] 1090 	pop	ar6
      000110 D0 07            [24] 1091 	pop	ar7
      000112 D0 D0            [24] 1092 	pop	psw
      000114 D0 00            [24] 1093 	pop	(0+0)
      000116 D0 01            [24] 1094 	pop	(0+1)
      000118 D0 02            [24] 1095 	pop	(0+2)
      00011A D0 03            [24] 1096 	pop	(0+3)
      00011C D0 04            [24] 1097 	pop	(0+4)
      00011E D0 05            [24] 1098 	pop	(0+5)
      000120 D0 06            [24] 1099 	pop	(0+6)
      000122 D0 07            [24] 1100 	pop	(0+7)
      000124 D0 83            [24] 1101 	pop	dph
      000126 D0 82            [24] 1102 	pop	dpl
      000128 D0 F0            [24] 1103 	pop	b
      00012A D0 E0            [24] 1104 	pop	acc
      00012C D0*00            [24] 1105 	pop	bits
      00012E 32               [24] 1106 	reti
                                   1107 ;------------------------------------------------------------
                                   1108 ;Allocation info for local variables in function 'INT1_ISR'
                                   1109 ;------------------------------------------------------------
                                   1110 ;	C:\Users\tonyp\AppData\Local\Arduino15\packages\CH55xDuino\hardware\mcs51\0.0.23\cores\ch55xduino\main.c:91: void INT1_ISR(void) __interrupt(INT_NO_INT1) { intFunc[1](); }
                                   1111 ;	-----------------------------------------
                                   1112 ;	 function INT1_ISR
                                   1113 ;	-----------------------------------------
      00012F                       1114 _INT1_ISR:
      00012F C0*00            [24] 1115 	push	bits
      000131 C0 E0            [24] 1116 	push	acc
      000133 C0 F0            [24] 1117 	push	b
      000135 C0 82            [24] 1118 	push	dpl
      000137 C0 83            [24] 1119 	push	dph
      000139 C0 07            [24] 1120 	push	(0+7)
      00013B C0 06            [24] 1121 	push	(0+6)
      00013D C0 05            [24] 1122 	push	(0+5)
      00013F C0 04            [24] 1123 	push	(0+4)
      000141 C0 03            [24] 1124 	push	(0+3)
      000143 C0 02            [24] 1125 	push	(0+2)
      000145 C0 01            [24] 1126 	push	(0+1)
      000147 C0 00            [24] 1127 	push	(0+0)
      000149 C0 D0            [24] 1128 	push	psw
      00014B 75 D0 00         [24] 1129 	mov	psw,#0x00
      00014E 90r00r02         [24] 1130 	mov	dptr,#(_intFunc + 0x0002)
      000151 E0               [24] 1131 	movx	a,@dptr
      000152 FE               [12] 1132 	mov	r6,a
      000153 A3               [24] 1133 	inc	dptr
      000154 E0               [24] 1134 	movx	a,@dptr
      000155 FF               [12] 1135 	mov	r7,a
      000156 C0 07            [24] 1136 	push	ar7
      000158 C0 06            [24] 1137 	push	ar6
      00015A 8E 82            [24] 1138 	mov	dpl,r6
      00015C 8F 83            [24] 1139 	mov	dph,r7
      00015E 12r00r00         [24] 1140 	lcall	__sdcc_call_dptr
      000161 D0 06            [24] 1141 	pop	ar6
      000163 D0 07            [24] 1142 	pop	ar7
      000165 D0 D0            [24] 1143 	pop	psw
      000167 D0 00            [24] 1144 	pop	(0+0)
      000169 D0 01            [24] 1145 	pop	(0+1)
      00016B D0 02            [24] 1146 	pop	(0+2)
      00016D D0 03            [24] 1147 	pop	(0+3)
      00016F D0 04            [24] 1148 	pop	(0+4)
      000171 D0 05            [24] 1149 	pop	(0+5)
      000173 D0 06            [24] 1150 	pop	(0+6)
      000175 D0 07            [24] 1151 	pop	(0+7)
      000177 D0 83            [24] 1152 	pop	dph
      000179 D0 82            [24] 1153 	pop	dpl
      00017B D0 F0            [24] 1154 	pop	b
      00017D D0 E0            [24] 1155 	pop	acc
      00017F D0*00            [24] 1156 	pop	bits
      000181 32               [24] 1157 	reti
                                   1158 ;------------------------------------------------------------
                                   1159 ;Allocation info for local variables in function 'main'
                                   1160 ;------------------------------------------------------------
                                   1161 ;	C:\Users\tonyp\AppData\Local\Arduino15\packages\CH55xDuino\hardware\mcs51\0.0.23\cores\ch55xduino\main.c:102: void main(void) {
                                   1162 ;	-----------------------------------------
                                   1163 ;	 function main
                                   1164 ;	-----------------------------------------
      000182                       1165 _main:
                                   1166 ;	C:\Users\tonyp\AppData\Local\Arduino15\packages\CH55xDuino\hardware\mcs51\0.0.23\cores\ch55xduino\main.c:103: init();
      000182 12r00r00         [24] 1167 	lcall	_init
                                   1168 ;	C:\Users\tonyp\AppData\Local\Arduino15\packages\CH55xDuino\hardware\mcs51\0.0.23\cores\ch55xduino\main.c:107: setup();
      000185 12r00r00         [24] 1169 	lcall	_setup
      000188                       1170 00104$:
                                   1171 ;	C:\Users\tonyp\AppData\Local\Arduino15\packages\CH55xDuino\hardware\mcs51\0.0.23\cores\ch55xduino\main.c:110: loop();
      000188 12r00r00         [24] 1172 	lcall	_loop
                                   1173 ;	C:\Users\tonyp\AppData\Local\Arduino15\packages\CH55xDuino\hardware\mcs51\0.0.23\cores\ch55xduino\main.c:113: USBSerial_flush();
      00018B 12r00r00         [24] 1174 	lcall	_USBSerial_flush
                                   1175 ;	C:\Users\tonyp\AppData\Local\Arduino15\packages\CH55xDuino\hardware\mcs51\0.0.23\cores\ch55xduino\main.c:120: }
      00018E 80 F8            [24] 1176 	sjmp	00104$
                                   1177 ;------------------------------------------------------------
                                   1178 ;Allocation info for local variables in function '__sdcc_external_startup'
                                   1179 ;------------------------------------------------------------
                                   1180 ;	C:\Users\tonyp\AppData\Local\Arduino15\packages\CH55xDuino\hardware\mcs51\0.0.23\cores\ch55xduino\main.c:122: unsigned char __sdcc_external_startup(void) __nonbanked { return 0; }
                                   1181 ;	-----------------------------------------
                                   1182 ;	 function __sdcc_external_startup
                                   1183 ;	-----------------------------------------
      000190                       1184 ___sdcc_external_startup:
      000190 75 82 00         [24] 1185 	mov	dpl,#0x00
      000193 22               [24] 1186 	ret
                                   1187 	.area CSEG    (CODE)
                                   1188 	.area CONST   (CODE)
                                   1189 	.area XINIT   (CODE)
                                   1190 	.area CABS    (ABS,CODE)
