                                      1 ;--------------------------------------------------------
                                      2 ; File Created by SDCC : free open source ISO C Compiler 
                                      3 ; Version 4.2.2 #13407 (MINGW32)
                                      4 ;--------------------------------------------------------
                                      5 	.module Print
                                      6 	.optsdcc -mmcs51 --model-large
                                      7 	
                                      8 ;--------------------------------------------------------
                                      9 ; Public variables in this module
                                     10 ;--------------------------------------------------------
                                     11 	.globl _UIF_BUS_RST
                                     12 	.globl _UIF_DETECT
                                     13 	.globl _UIF_TRANSFER
                                     14 	.globl _UIF_SUSPEND
                                     15 	.globl _UIF_HST_SOF
                                     16 	.globl _UIF_FIFO_OV
                                     17 	.globl _U_SIE_FREE
                                     18 	.globl _U_TOG_OK
                                     19 	.globl _U_IS_NAK
                                     20 	.globl _S0_R_FIFO0
                                     21 	.globl _S0_R_FIFO1
                                     22 	.globl _S0_T_FIFO
                                     23 	.globl _S0_FREE
                                     24 	.globl _S0_IF_BYTE
                                     25 	.globl _S0_IF_FIRST
                                     26 	.globl _S0_IF_OV
                                     27 	.globl _S0_FST_ACT
                                     28 	.globl _CP_RL2
                                     29 	.globl _C_T2
                                     30 	.globl _TR2
                                     31 	.globl _EXEN2
                                     32 	.globl _TCLK
                                     33 	.globl _RCLK
                                     34 	.globl _EXF2
                                     35 	.globl _CAP1F
                                     36 	.globl _TF2
                                     37 	.globl _RI
                                     38 	.globl _TI
                                     39 	.globl _RB8
                                     40 	.globl _TB8
                                     41 	.globl _REN
                                     42 	.globl _SM2
                                     43 	.globl _SM1
                                     44 	.globl _SM0
                                     45 	.globl _IT0
                                     46 	.globl _IE0
                                     47 	.globl _IT1
                                     48 	.globl _IE1
                                     49 	.globl _TR0
                                     50 	.globl _TF0
                                     51 	.globl _TR1
                                     52 	.globl _TF1
                                     53 	.globl _P4_OUT_0
                                     54 	.globl _P4_OUT_1
                                     55 	.globl _P4_OUT_2
                                     56 	.globl _P4_OUT_3
                                     57 	.globl _P4_OUT_4
                                     58 	.globl _P4_OUT_5
                                     59 	.globl _P4_OUT_6
                                     60 	.globl _P4_OUT_7
                                     61 	.globl _RXD1_
                                     62 	.globl _LED2
                                     63 	.globl _CAP3_
                                     64 	.globl _PWM3_
                                     65 	.globl _PWM1_
                                     66 	.globl _TXD1_
                                     67 	.globl _TNOW_
                                     68 	.globl _LED3
                                     69 	.globl _PWM2_
                                     70 	.globl _SCS_
                                     71 	.globl _SCK_
                                     72 	.globl _P3_0
                                     73 	.globl _P3_1
                                     74 	.globl _P3_2
                                     75 	.globl _P3_3
                                     76 	.globl _P3_4
                                     77 	.globl _P3_5
                                     78 	.globl _P3_6
                                     79 	.globl _P3_7
                                     80 	.globl _RXD
                                     81 	.globl _TXD
                                     82 	.globl _INT0
                                     83 	.globl _LED0
                                     84 	.globl _INT1
                                     85 	.globl _LED1
                                     86 	.globl _T0
                                     87 	.globl _XCS0
                                     88 	.globl _LEDC
                                     89 	.globl _T1
                                     90 	.globl _DA6
                                     91 	.globl _WR
                                     92 	.globl _RD
                                     93 	.globl _P2_0
                                     94 	.globl _P2_1
                                     95 	.globl _P2_2
                                     96 	.globl _P2_3
                                     97 	.globl _P2_4
                                     98 	.globl _P2_5
                                     99 	.globl _P2_6
                                    100 	.globl _P2_7
                                    101 	.globl _MOSI1
                                    102 	.globl _MISO1
                                    103 	.globl _SCK1
                                    104 	.globl _PWM1
                                    105 	.globl _CAP2_
                                    106 	.globl _T2EX_
                                    107 	.globl _PWM2
                                    108 	.globl _TNOW
                                    109 	.globl _RXD1
                                    110 	.globl _DA7
                                    111 	.globl _TXD1
                                    112 	.globl _P1_0
                                    113 	.globl _P1_1
                                    114 	.globl _P1_2
                                    115 	.globl _P1_3
                                    116 	.globl _P1_4
                                    117 	.globl _P1_5
                                    118 	.globl _P1_6
                                    119 	.globl _P1_7
                                    120 	.globl _CAP1
                                    121 	.globl _T2
                                    122 	.globl _CAP2
                                    123 	.globl _T2EX
                                    124 	.globl _CAP3
                                    125 	.globl _PWM3
                                    126 	.globl _SCS
                                    127 	.globl _MOSI
                                    128 	.globl _MISO
                                    129 	.globl _SCK
                                    130 	.globl _AIN0
                                    131 	.globl _AIN1
                                    132 	.globl _AIN2
                                    133 	.globl _AIN3
                                    134 	.globl _AIN4
                                    135 	.globl _AIN5
                                    136 	.globl _AIN6
                                    137 	.globl _AIN7
                                    138 	.globl _P0_0
                                    139 	.globl _P0_1
                                    140 	.globl _P0_2
                                    141 	.globl _P0_3
                                    142 	.globl _P0_4
                                    143 	.globl _P0_5
                                    144 	.globl _P0_6
                                    145 	.globl _P0_7
                                    146 	.globl _UDTR
                                    147 	.globl _URTS
                                    148 	.globl _RXD_
                                    149 	.globl _TXD_
                                    150 	.globl _UCTS
                                    151 	.globl _UDSR
                                    152 	.globl _URI
                                    153 	.globl _UDCD
                                    154 	.globl _IE_SPI0
                                    155 	.globl _IE_TMR3
                                    156 	.globl _IE_USB
                                    157 	.globl _IE_ADC
                                    158 	.globl _IE_UART1
                                    159 	.globl _IE_PWM1
                                    160 	.globl _IE_GPIO
                                    161 	.globl _IE_WDOG
                                    162 	.globl _PX0
                                    163 	.globl _PT0
                                    164 	.globl _PX1
                                    165 	.globl _PT1
                                    166 	.globl _PS
                                    167 	.globl _PT2
                                    168 	.globl _PL_FLAG
                                    169 	.globl _PH_FLAG
                                    170 	.globl _EX0
                                    171 	.globl _ET0
                                    172 	.globl _EX1
                                    173 	.globl _ET1
                                    174 	.globl _ES
                                    175 	.globl _ET2
                                    176 	.globl _E_DIS
                                    177 	.globl _EA
                                    178 	.globl _P
                                    179 	.globl _F1
                                    180 	.globl _OV
                                    181 	.globl _RS0
                                    182 	.globl _RS1
                                    183 	.globl _F0
                                    184 	.globl _AC
                                    185 	.globl _CY
                                    186 	.globl _USB_DMA_AH
                                    187 	.globl _USB_DMA_AL
                                    188 	.globl _USB_DMA
                                    189 	.globl _UHUB1_CTRL
                                    190 	.globl _UDEV_CTRL
                                    191 	.globl _USB_DEV_AD
                                    192 	.globl _USB_CTRL
                                    193 	.globl _USB_INT_EN
                                    194 	.globl _UEP4_T_LEN
                                    195 	.globl _UEP4_CTRL
                                    196 	.globl _UEP0_T_LEN
                                    197 	.globl _UEP0_CTRL
                                    198 	.globl _USB_HUB_ST
                                    199 	.globl _USB_MIS_ST
                                    200 	.globl _USB_INT_ST
                                    201 	.globl _USB_INT_FG
                                    202 	.globl _UEP3_T_LEN
                                    203 	.globl _UEP3_CTRL
                                    204 	.globl _UEP2_T_LEN
                                    205 	.globl _UEP2_CTRL
                                    206 	.globl _UEP1_T_LEN
                                    207 	.globl _UEP1_CTRL
                                    208 	.globl _USB_RX_LEN
                                    209 	.globl _ADC_EX_SW
                                    210 	.globl _ADC_SETUP
                                    211 	.globl _ADC_FIFO_H
                                    212 	.globl _ADC_FIFO_L
                                    213 	.globl _ADC_FIFO
                                    214 	.globl _ADC_CHANN
                                    215 	.globl _ADC_CTRL
                                    216 	.globl _ADC_STAT
                                    217 	.globl _ADC_CK_SE
                                    218 	.globl _ADC_DMA_CN
                                    219 	.globl _ADC_DMA_AH
                                    220 	.globl _ADC_DMA_AL
                                    221 	.globl _ADC_DMA
                                    222 	.globl _SER1_ADDR
                                    223 	.globl _SER1_MSR
                                    224 	.globl _SER1_LSR
                                    225 	.globl _SER1_MCR
                                    226 	.globl _SER1_LCR
                                    227 	.globl _SER1_IIR
                                    228 	.globl _SER1_IER
                                    229 	.globl _SER1_FIFO
                                    230 	.globl _SPI1_CK_SE
                                    231 	.globl _SPI1_CTRL
                                    232 	.globl _SPI1_DATA
                                    233 	.globl _SPI1_STAT
                                    234 	.globl _SPI0_SETUP
                                    235 	.globl _SPI0_CK_SE
                                    236 	.globl _SPI0_CTRL
                                    237 	.globl _SPI0_DATA
                                    238 	.globl _SPI0_STAT
                                    239 	.globl _PWM_CYCLE
                                    240 	.globl _PWM_CK_SE
                                    241 	.globl _PWM_CTRL
                                    242 	.globl _PWM_DATA
                                    243 	.globl _PWM_DATA2
                                    244 	.globl _T3_FIFO_H
                                    245 	.globl _T3_FIFO_L
                                    246 	.globl _T3_FIFO
                                    247 	.globl _T3_DMA_AH
                                    248 	.globl _T3_DMA_AL
                                    249 	.globl _T3_DMA
                                    250 	.globl _T3_DMA_CN
                                    251 	.globl _T3_CTRL
                                    252 	.globl _T3_STAT
                                    253 	.globl _T3_END_H
                                    254 	.globl _T3_END_L
                                    255 	.globl _T3_END
                                    256 	.globl _T3_COUNT_H
                                    257 	.globl _T3_COUNT_L
                                    258 	.globl _T3_COUNT
                                    259 	.globl _T3_SETUP
                                    260 	.globl _TH2
                                    261 	.globl _TL2
                                    262 	.globl _T2COUNT
                                    263 	.globl _RCAP2H
                                    264 	.globl _RCAP2L
                                    265 	.globl _RCAP2
                                    266 	.globl _T2MOD
                                    267 	.globl _T2CON
                                    268 	.globl _SBUF
                                    269 	.globl _SCON
                                    270 	.globl _TH1
                                    271 	.globl _TH0
                                    272 	.globl _TL1
                                    273 	.globl _TL0
                                    274 	.globl _TMOD
                                    275 	.globl _TCON
                                    276 	.globl _XBUS_SPEED
                                    277 	.globl _XBUS_AUX
                                    278 	.globl _PIN_FUNC
                                    279 	.globl _PORT_CFG
                                    280 	.globl _P5_IN
                                    281 	.globl _P4_PU
                                    282 	.globl _P4_DIR
                                    283 	.globl _P4_IN
                                    284 	.globl _P4_OUT
                                    285 	.globl _P3_PU
                                    286 	.globl _P3_DIR
                                    287 	.globl _P3
                                    288 	.globl _P2_PU
                                    289 	.globl _P2_DIR
                                    290 	.globl _P2
                                    291 	.globl _P1_PU
                                    292 	.globl _P1_DIR
                                    293 	.globl _P1_IE
                                    294 	.globl _P1
                                    295 	.globl _P0_PU
                                    296 	.globl _P0_DIR
                                    297 	.globl _P0
                                    298 	.globl _ROM_CTRL
                                    299 	.globl _ROM_DATA_H
                                    300 	.globl _ROM_DATA_L
                                    301 	.globl _ROM_DATA
                                    302 	.globl _ROM_ADDR_H
                                    303 	.globl _ROM_ADDR_L
                                    304 	.globl _ROM_ADDR
                                    305 	.globl _GPIO_IE
                                    306 	.globl _IP_EX
                                    307 	.globl _IE_EX
                                    308 	.globl _IP
                                    309 	.globl _IE
                                    310 	.globl _WDOG_COUNT
                                    311 	.globl _RESET_KEEP
                                    312 	.globl _WAKE_CTRL
                                    313 	.globl _SLEEP_CTRL
                                    314 	.globl _CLOCK_CFG
                                    315 	.globl _PLL_CFG
                                    316 	.globl _PCON
                                    317 	.globl _GLOBAL_CFG
                                    318 	.globl _SAFE_MOD
                                    319 	.globl _DPH
                                    320 	.globl _DPL
                                    321 	.globl _SP
                                    322 	.globl _B
                                    323 	.globl _ACC
                                    324 	.globl _PSW
                                    325 	.globl _Print_print_ib_PARM_3
                                    326 	.globl _Print_print_ib_PARM_2
                                    327 	.globl _Print_print_ub_PARM_3
                                    328 	.globl _Print_print_ub_PARM_2
                                    329 	.globl _Print_print_i_PARM_2
                                    330 	.globl _Print_print_u_PARM_2
                                    331 	.globl _Print_print_s_PARM_2
                                    332 	.globl _Print_print_sn_PARM_3
                                    333 	.globl _Print_print_sn_PARM_2
                                    334 	.globl _LED_DMA_XL
                                    335 	.globl _LED_DMA_XH
                                    336 	.globl _LED_DMA_CN
                                    337 	.globl _LED_DMA_AL
                                    338 	.globl _LED_DMA_AH
                                    339 	.globl _LED_CK_SE
                                    340 	.globl _LED_DATA
                                    341 	.globl _LED_CTRL
                                    342 	.globl _LED_STAT
                                    343 	.globl _UEP3_DMA_L
                                    344 	.globl _UEP3_DMA_H
                                    345 	.globl _UEP2_DMA_L
                                    346 	.globl _UEP2_DMA_H
                                    347 	.globl _UEP1_DMA_L
                                    348 	.globl _UEP1_DMA_H
                                    349 	.globl _UEP0_DMA_L
                                    350 	.globl _UEP0_DMA_H
                                    351 	.globl _UEP2_3_MOD
                                    352 	.globl _UEP4_1_MOD
                                    353 	.globl _pLED_DMA_XL
                                    354 	.globl _pLED_DMA_XH
                                    355 	.globl _pLED_DMA_CN
                                    356 	.globl _pLED_DMA_AL
                                    357 	.globl _pLED_DMA_AH
                                    358 	.globl _pLED_CK_SE
                                    359 	.globl _pLED_DATA
                                    360 	.globl _pLED_CTRL
                                    361 	.globl _pLED_STAT
                                    362 	.globl _pUEP3_DMA_L
                                    363 	.globl _pUEP3_DMA_H
                                    364 	.globl _pUEP2_DMA_L
                                    365 	.globl _pUEP2_DMA_H
                                    366 	.globl _pUEP1_DMA_L
                                    367 	.globl _pUEP1_DMA_H
                                    368 	.globl _pUEP0_DMA_L
                                    369 	.globl _pUEP0_DMA_H
                                    370 	.globl _pUEP2_3_MOD
                                    371 	.globl _pUEP4_1_MOD
                                    372 	.globl _Print_print_sn
                                    373 	.globl _Print_print_s
                                    374 	.globl _Print_print_u
                                    375 	.globl _Print_print_i
                                    376 	.globl _Print_println
                                    377 	.globl _Print_print_ub
                                    378 	.globl _Print_print_ib
                                    379 ;--------------------------------------------------------
                                    380 ; special function registers
                                    381 ;--------------------------------------------------------
                                    382 	.area RSEG    (ABS,DATA)
      000000                        383 	.org 0x0000
                           0000D0   384 _PSW	=	0x00d0
                           0000E0   385 _ACC	=	0x00e0
                           0000F0   386 _B	=	0x00f0
                           000081   387 _SP	=	0x0081
                           000082   388 _DPL	=	0x0082
                           000083   389 _DPH	=	0x0083
                           0000A1   390 _SAFE_MOD	=	0x00a1
                           0000B1   391 _GLOBAL_CFG	=	0x00b1
                           000087   392 _PCON	=	0x0087
                           0000B2   393 _PLL_CFG	=	0x00b2
                           0000B3   394 _CLOCK_CFG	=	0x00b3
                           0000EA   395 _SLEEP_CTRL	=	0x00ea
                           0000EB   396 _WAKE_CTRL	=	0x00eb
                           0000FE   397 _RESET_KEEP	=	0x00fe
                           0000FF   398 _WDOG_COUNT	=	0x00ff
                           0000A8   399 _IE	=	0x00a8
                           0000B8   400 _IP	=	0x00b8
                           0000E8   401 _IE_EX	=	0x00e8
                           0000E9   402 _IP_EX	=	0x00e9
                           0000CF   403 _GPIO_IE	=	0x00cf
                           008584   404 _ROM_ADDR	=	0x8584
                           000084   405 _ROM_ADDR_L	=	0x0084
                           000085   406 _ROM_ADDR_H	=	0x0085
                           008F8E   407 _ROM_DATA	=	0x8f8e
                           00008E   408 _ROM_DATA_L	=	0x008e
                           00008F   409 _ROM_DATA_H	=	0x008f
                           000086   410 _ROM_CTRL	=	0x0086
                           000080   411 _P0	=	0x0080
                           0000C4   412 _P0_DIR	=	0x00c4
                           0000C5   413 _P0_PU	=	0x00c5
                           000090   414 _P1	=	0x0090
                           0000B9   415 _P1_IE	=	0x00b9
                           0000BA   416 _P1_DIR	=	0x00ba
                           0000BB   417 _P1_PU	=	0x00bb
                           0000A0   418 _P2	=	0x00a0
                           0000BC   419 _P2_DIR	=	0x00bc
                           0000BD   420 _P2_PU	=	0x00bd
                           0000B0   421 _P3	=	0x00b0
                           0000BE   422 _P3_DIR	=	0x00be
                           0000BF   423 _P3_PU	=	0x00bf
                           0000C0   424 _P4_OUT	=	0x00c0
                           0000C1   425 _P4_IN	=	0x00c1
                           0000C2   426 _P4_DIR	=	0x00c2
                           0000C3   427 _P4_PU	=	0x00c3
                           0000C7   428 _P5_IN	=	0x00c7
                           0000C6   429 _PORT_CFG	=	0x00c6
                           0000CE   430 _PIN_FUNC	=	0x00ce
                           0000A2   431 _XBUS_AUX	=	0x00a2
                           0000FD   432 _XBUS_SPEED	=	0x00fd
                           000088   433 _TCON	=	0x0088
                           000089   434 _TMOD	=	0x0089
                           00008A   435 _TL0	=	0x008a
                           00008B   436 _TL1	=	0x008b
                           00008C   437 _TH0	=	0x008c
                           00008D   438 _TH1	=	0x008d
                           000098   439 _SCON	=	0x0098
                           000099   440 _SBUF	=	0x0099
                           0000C8   441 _T2CON	=	0x00c8
                           0000C9   442 _T2MOD	=	0x00c9
                           00CBCA   443 _RCAP2	=	0xcbca
                           0000CA   444 _RCAP2L	=	0x00ca
                           0000CB   445 _RCAP2H	=	0x00cb
                           00CDCC   446 _T2COUNT	=	0xcdcc
                           0000CC   447 _TL2	=	0x00cc
                           0000CD   448 _TH2	=	0x00cd
                           0000A3   449 _T3_SETUP	=	0x00a3
                           00A5A4   450 _T3_COUNT	=	0xa5a4
                           0000A4   451 _T3_COUNT_L	=	0x00a4
                           0000A5   452 _T3_COUNT_H	=	0x00a5
                           00A7A6   453 _T3_END	=	0xa7a6
                           0000A6   454 _T3_END_L	=	0x00a6
                           0000A7   455 _T3_END_H	=	0x00a7
                           0000A9   456 _T3_STAT	=	0x00a9
                           0000AA   457 _T3_CTRL	=	0x00aa
                           0000AB   458 _T3_DMA_CN	=	0x00ab
                           00ADAC   459 _T3_DMA	=	0xadac
                           0000AC   460 _T3_DMA_AL	=	0x00ac
                           0000AD   461 _T3_DMA_AH	=	0x00ad
                           00AFAE   462 _T3_FIFO	=	0xafae
                           0000AE   463 _T3_FIFO_L	=	0x00ae
                           0000AF   464 _T3_FIFO_H	=	0x00af
                           00009B   465 _PWM_DATA2	=	0x009b
                           00009C   466 _PWM_DATA	=	0x009c
                           00009D   467 _PWM_CTRL	=	0x009d
                           00009E   468 _PWM_CK_SE	=	0x009e
                           00009F   469 _PWM_CYCLE	=	0x009f
                           0000F8   470 _SPI0_STAT	=	0x00f8
                           0000F9   471 _SPI0_DATA	=	0x00f9
                           0000FA   472 _SPI0_CTRL	=	0x00fa
                           0000FB   473 _SPI0_CK_SE	=	0x00fb
                           0000FC   474 _SPI0_SETUP	=	0x00fc
                           0000B4   475 _SPI1_STAT	=	0x00b4
                           0000B5   476 _SPI1_DATA	=	0x00b5
                           0000B6   477 _SPI1_CTRL	=	0x00b6
                           0000B7   478 _SPI1_CK_SE	=	0x00b7
                           00009A   479 _SER1_FIFO	=	0x009a
                           000091   480 _SER1_IER	=	0x0091
                           000092   481 _SER1_IIR	=	0x0092
                           000093   482 _SER1_LCR	=	0x0093
                           000094   483 _SER1_MCR	=	0x0094
                           000095   484 _SER1_LSR	=	0x0095
                           000096   485 _SER1_MSR	=	0x0096
                           000097   486 _SER1_ADDR	=	0x0097
                           00EDEC   487 _ADC_DMA	=	0xedec
                           0000EC   488 _ADC_DMA_AL	=	0x00ec
                           0000ED   489 _ADC_DMA_AH	=	0x00ed
                           0000EE   490 _ADC_DMA_CN	=	0x00ee
                           0000EF   491 _ADC_CK_SE	=	0x00ef
                           0000F1   492 _ADC_STAT	=	0x00f1
                           0000F2   493 _ADC_CTRL	=	0x00f2
                           0000F3   494 _ADC_CHANN	=	0x00f3
                           00F5F4   495 _ADC_FIFO	=	0xf5f4
                           0000F4   496 _ADC_FIFO_L	=	0x00f4
                           0000F5   497 _ADC_FIFO_H	=	0x00f5
                           0000F6   498 _ADC_SETUP	=	0x00f6
                           0000F7   499 _ADC_EX_SW	=	0x00f7
                           0000D1   500 _USB_RX_LEN	=	0x00d1
                           0000D2   501 _UEP1_CTRL	=	0x00d2
                           0000D3   502 _UEP1_T_LEN	=	0x00d3
                           0000D4   503 _UEP2_CTRL	=	0x00d4
                           0000D5   504 _UEP2_T_LEN	=	0x00d5
                           0000D6   505 _UEP3_CTRL	=	0x00d6
                           0000D7   506 _UEP3_T_LEN	=	0x00d7
                           0000D8   507 _USB_INT_FG	=	0x00d8
                           0000D9   508 _USB_INT_ST	=	0x00d9
                           0000DA   509 _USB_MIS_ST	=	0x00da
                           0000DB   510 _USB_HUB_ST	=	0x00db
                           0000DC   511 _UEP0_CTRL	=	0x00dc
                           0000DD   512 _UEP0_T_LEN	=	0x00dd
                           0000DE   513 _UEP4_CTRL	=	0x00de
                           0000DF   514 _UEP4_T_LEN	=	0x00df
                           0000E1   515 _USB_INT_EN	=	0x00e1
                           0000E2   516 _USB_CTRL	=	0x00e2
                           0000E3   517 _USB_DEV_AD	=	0x00e3
                           0000E4   518 _UDEV_CTRL	=	0x00e4
                           0000E5   519 _UHUB1_CTRL	=	0x00e5
                           00E7E6   520 _USB_DMA	=	0xe7e6
                           0000E6   521 _USB_DMA_AL	=	0x00e6
                           0000E7   522 _USB_DMA_AH	=	0x00e7
                                    523 ;--------------------------------------------------------
                                    524 ; special function bits
                                    525 ;--------------------------------------------------------
                                    526 	.area RSEG    (ABS,DATA)
      000000                        527 	.org 0x0000
                           0000D7   528 _CY	=	0x00d7
                           0000D6   529 _AC	=	0x00d6
                           0000D5   530 _F0	=	0x00d5
                           0000D4   531 _RS1	=	0x00d4
                           0000D3   532 _RS0	=	0x00d3
                           0000D2   533 _OV	=	0x00d2
                           0000D1   534 _F1	=	0x00d1
                           0000D0   535 _P	=	0x00d0
                           0000AF   536 _EA	=	0x00af
                           0000AE   537 _E_DIS	=	0x00ae
                           0000AD   538 _ET2	=	0x00ad
                           0000AC   539 _ES	=	0x00ac
                           0000AB   540 _ET1	=	0x00ab
                           0000AA   541 _EX1	=	0x00aa
                           0000A9   542 _ET0	=	0x00a9
                           0000A8   543 _EX0	=	0x00a8
                           0000BF   544 _PH_FLAG	=	0x00bf
                           0000BE   545 _PL_FLAG	=	0x00be
                           0000BD   546 _PT2	=	0x00bd
                           0000BC   547 _PS	=	0x00bc
                           0000BB   548 _PT1	=	0x00bb
                           0000BA   549 _PX1	=	0x00ba
                           0000B9   550 _PT0	=	0x00b9
                           0000B8   551 _PX0	=	0x00b8
                           0000EF   552 _IE_WDOG	=	0x00ef
                           0000EE   553 _IE_GPIO	=	0x00ee
                           0000ED   554 _IE_PWM1	=	0x00ed
                           0000EC   555 _IE_UART1	=	0x00ec
                           0000EB   556 _IE_ADC	=	0x00eb
                           0000EA   557 _IE_USB	=	0x00ea
                           0000E9   558 _IE_TMR3	=	0x00e9
                           0000E8   559 _IE_SPI0	=	0x00e8
                           000087   560 _UDCD	=	0x0087
                           000086   561 _URI	=	0x0086
                           000085   562 _UDSR	=	0x0085
                           000084   563 _UCTS	=	0x0084
                           000083   564 _TXD_	=	0x0083
                           000082   565 _RXD_	=	0x0082
                           000081   566 _URTS	=	0x0081
                           000080   567 _UDTR	=	0x0080
                           000087   568 _P0_7	=	0x0087
                           000086   569 _P0_6	=	0x0086
                           000085   570 _P0_5	=	0x0085
                           000084   571 _P0_4	=	0x0084
                           000083   572 _P0_3	=	0x0083
                           000082   573 _P0_2	=	0x0082
                           000081   574 _P0_1	=	0x0081
                           000080   575 _P0_0	=	0x0080
                           000097   576 _AIN7	=	0x0097
                           000096   577 _AIN6	=	0x0096
                           000095   578 _AIN5	=	0x0095
                           000094   579 _AIN4	=	0x0094
                           000093   580 _AIN3	=	0x0093
                           000092   581 _AIN2	=	0x0092
                           000091   582 _AIN1	=	0x0091
                           000090   583 _AIN0	=	0x0090
                           000097   584 _SCK	=	0x0097
                           000096   585 _MISO	=	0x0096
                           000095   586 _MOSI	=	0x0095
                           000094   587 _SCS	=	0x0094
                           000092   588 _PWM3	=	0x0092
                           000092   589 _CAP3	=	0x0092
                           000091   590 _T2EX	=	0x0091
                           000091   591 _CAP2	=	0x0091
                           000090   592 _T2	=	0x0090
                           000090   593 _CAP1	=	0x0090
                           000097   594 _P1_7	=	0x0097
                           000096   595 _P1_6	=	0x0096
                           000095   596 _P1_5	=	0x0095
                           000094   597 _P1_4	=	0x0094
                           000093   598 _P1_3	=	0x0093
                           000092   599 _P1_2	=	0x0092
                           000091   600 _P1_1	=	0x0091
                           000090   601 _P1_0	=	0x0090
                           0000A7   602 _TXD1	=	0x00a7
                           0000A7   603 _DA7	=	0x00a7
                           0000A6   604 _RXD1	=	0x00a6
                           0000A5   605 _TNOW	=	0x00a5
                           0000A5   606 _PWM2	=	0x00a5
                           0000A5   607 _T2EX_	=	0x00a5
                           0000A5   608 _CAP2_	=	0x00a5
                           0000A4   609 _PWM1	=	0x00a4
                           0000A3   610 _SCK1	=	0x00a3
                           0000A2   611 _MISO1	=	0x00a2
                           0000A1   612 _MOSI1	=	0x00a1
                           0000A7   613 _P2_7	=	0x00a7
                           0000A6   614 _P2_6	=	0x00a6
                           0000A5   615 _P2_5	=	0x00a5
                           0000A4   616 _P2_4	=	0x00a4
                           0000A3   617 _P2_3	=	0x00a3
                           0000A2   618 _P2_2	=	0x00a2
                           0000A1   619 _P2_1	=	0x00a1
                           0000A0   620 _P2_0	=	0x00a0
                           0000B7   621 _RD	=	0x00b7
                           0000B6   622 _WR	=	0x00b6
                           0000B5   623 _DA6	=	0x00b5
                           0000B5   624 _T1	=	0x00b5
                           0000B4   625 _LEDC	=	0x00b4
                           0000B4   626 _XCS0	=	0x00b4
                           0000B4   627 _T0	=	0x00b4
                           0000B3   628 _LED1	=	0x00b3
                           0000B3   629 _INT1	=	0x00b3
                           0000B2   630 _LED0	=	0x00b2
                           0000B2   631 _INT0	=	0x00b2
                           0000B1   632 _TXD	=	0x00b1
                           0000B0   633 _RXD	=	0x00b0
                           0000B7   634 _P3_7	=	0x00b7
                           0000B6   635 _P3_6	=	0x00b6
                           0000B5   636 _P3_5	=	0x00b5
                           0000B4   637 _P3_4	=	0x00b4
                           0000B3   638 _P3_3	=	0x00b3
                           0000B2   639 _P3_2	=	0x00b2
                           0000B1   640 _P3_1	=	0x00b1
                           0000B0   641 _P3_0	=	0x00b0
                           0000C7   642 _SCK_	=	0x00c7
                           0000C6   643 _SCS_	=	0x00c6
                           0000C5   644 _PWM2_	=	0x00c5
                           0000C4   645 _LED3	=	0x00c4
                           0000C4   646 _TNOW_	=	0x00c4
                           0000C4   647 _TXD1_	=	0x00c4
                           0000C3   648 _PWM1_	=	0x00c3
                           0000C2   649 _PWM3_	=	0x00c2
                           0000C2   650 _CAP3_	=	0x00c2
                           0000C0   651 _LED2	=	0x00c0
                           0000C0   652 _RXD1_	=	0x00c0
                           0000C7   653 _P4_OUT_7	=	0x00c7
                           0000C6   654 _P4_OUT_6	=	0x00c6
                           0000C5   655 _P4_OUT_5	=	0x00c5
                           0000C4   656 _P4_OUT_4	=	0x00c4
                           0000C3   657 _P4_OUT_3	=	0x00c3
                           0000C2   658 _P4_OUT_2	=	0x00c2
                           0000C1   659 _P4_OUT_1	=	0x00c1
                           0000C0   660 _P4_OUT_0	=	0x00c0
                           00008F   661 _TF1	=	0x008f
                           00008E   662 _TR1	=	0x008e
                           00008D   663 _TF0	=	0x008d
                           00008C   664 _TR0	=	0x008c
                           00008B   665 _IE1	=	0x008b
                           00008A   666 _IT1	=	0x008a
                           000089   667 _IE0	=	0x0089
                           000088   668 _IT0	=	0x0088
                           00009F   669 _SM0	=	0x009f
                           00009E   670 _SM1	=	0x009e
                           00009D   671 _SM2	=	0x009d
                           00009C   672 _REN	=	0x009c
                           00009B   673 _TB8	=	0x009b
                           00009A   674 _RB8	=	0x009a
                           000099   675 _TI	=	0x0099
                           000098   676 _RI	=	0x0098
                           0000CF   677 _TF2	=	0x00cf
                           0000CF   678 _CAP1F	=	0x00cf
                           0000CE   679 _EXF2	=	0x00ce
                           0000CD   680 _RCLK	=	0x00cd
                           0000CC   681 _TCLK	=	0x00cc
                           0000CB   682 _EXEN2	=	0x00cb
                           0000CA   683 _TR2	=	0x00ca
                           0000C9   684 _C_T2	=	0x00c9
                           0000C8   685 _CP_RL2	=	0x00c8
                           0000FF   686 _S0_FST_ACT	=	0x00ff
                           0000FE   687 _S0_IF_OV	=	0x00fe
                           0000FD   688 _S0_IF_FIRST	=	0x00fd
                           0000FC   689 _S0_IF_BYTE	=	0x00fc
                           0000FB   690 _S0_FREE	=	0x00fb
                           0000FA   691 _S0_T_FIFO	=	0x00fa
                           0000F9   692 _S0_R_FIFO1	=	0x00f9
                           0000F8   693 _S0_R_FIFO0	=	0x00f8
                           0000DF   694 _U_IS_NAK	=	0x00df
                           0000DE   695 _U_TOG_OK	=	0x00de
                           0000DD   696 _U_SIE_FREE	=	0x00dd
                           0000DC   697 _UIF_FIFO_OV	=	0x00dc
                           0000DB   698 _UIF_HST_SOF	=	0x00db
                           0000DA   699 _UIF_SUSPEND	=	0x00da
                           0000D9   700 _UIF_TRANSFER	=	0x00d9
                           0000D8   701 _UIF_DETECT	=	0x00d8
                           0000D8   702 _UIF_BUS_RST	=	0x00d8
                                    703 ;--------------------------------------------------------
                                    704 ; overlayable register banks
                                    705 ;--------------------------------------------------------
                                    706 	.area REG_BANK_0	(REL,OVR,DATA)
      000000                        707 	.ds 8
                                    708 ;--------------------------------------------------------
                                    709 ; internal ram data
                                    710 ;--------------------------------------------------------
                                    711 	.area DSEG    (DATA)
      000000                        712 _Print_print_ub_writefunc_65536_182:
      000000                        713 	.ds 2
      000002                        714 _Print_print_ub_sloc0_1_0:
      000002                        715 	.ds 1
      000003                        716 _Print_print_ub_sloc1_1_0:
      000003                        717 	.ds 4
      000007                        718 _Print_print_ub_sloc2_1_0:
      000007                        719 	.ds 4
      00000B                        720 _Print_print_ib_writefunc_65536_185:
      00000B                        721 	.ds 2
      00000D                        722 _Print_print_ib_sloc0_1_0:
      00000D                        723 	.ds 1
      00000E                        724 _Print_print_ib_sloc1_1_0:
      00000E                        725 	.ds 4
                                    726 ;--------------------------------------------------------
                                    727 ; overlayable items in internal ram
                                    728 ;--------------------------------------------------------
                                    729 ;--------------------------------------------------------
                                    730 ; indirectly addressable internal ram data
                                    731 ;--------------------------------------------------------
                                    732 	.area ISEG    (DATA)
                                    733 ;--------------------------------------------------------
                                    734 ; absolute internal ram data
                                    735 ;--------------------------------------------------------
                                    736 	.area IABS    (ABS,DATA)
                                    737 	.area IABS    (ABS,DATA)
                                    738 ;--------------------------------------------------------
                                    739 ; bit data
                                    740 ;--------------------------------------------------------
                                    741 	.area BSEG    (BIT)
                                    742 ;--------------------------------------------------------
                                    743 ; paged external ram data
                                    744 ;--------------------------------------------------------
                                    745 	.area PSEG    (PAG,XDATA)
                           002546   746 _pUEP4_1_MOD	=	0x2546
                           002547   747 _pUEP2_3_MOD	=	0x2547
                           002548   748 _pUEP0_DMA_H	=	0x2548
                           002549   749 _pUEP0_DMA_L	=	0x2549
                           00254A   750 _pUEP1_DMA_H	=	0x254a
                           00254B   751 _pUEP1_DMA_L	=	0x254b
                           00254C   752 _pUEP2_DMA_H	=	0x254c
                           00254D   753 _pUEP2_DMA_L	=	0x254d
                           00254E   754 _pUEP3_DMA_H	=	0x254e
                           00254F   755 _pUEP3_DMA_L	=	0x254f
                           002980   756 _pLED_STAT	=	0x2980
                           002981   757 _pLED_CTRL	=	0x2981
                           002982   758 _pLED_DATA	=	0x2982
                           002983   759 _pLED_CK_SE	=	0x2983
                           002984   760 _pLED_DMA_AH	=	0x2984
                           002985   761 _pLED_DMA_AL	=	0x2985
                           002986   762 _pLED_DMA_CN	=	0x2986
                           002988   763 _pLED_DMA_XH	=	0x2988
                           002989   764 _pLED_DMA_XL	=	0x2989
                                    765 ;--------------------------------------------------------
                                    766 ; uninitialized external ram data
                                    767 ;--------------------------------------------------------
                                    768 	.area XSEG    (XDATA)
                           002446   769 _UEP4_1_MOD	=	0x2446
                           002447   770 _UEP2_3_MOD	=	0x2447
                           002448   771 _UEP0_DMA_H	=	0x2448
                           002449   772 _UEP0_DMA_L	=	0x2449
                           00244A   773 _UEP1_DMA_H	=	0x244a
                           00244B   774 _UEP1_DMA_L	=	0x244b
                           00244C   775 _UEP2_DMA_H	=	0x244c
                           00244D   776 _UEP2_DMA_L	=	0x244d
                           00244E   777 _UEP3_DMA_H	=	0x244e
                           00244F   778 _UEP3_DMA_L	=	0x244f
                           002880   779 _LED_STAT	=	0x2880
                           002881   780 _LED_CTRL	=	0x2881
                           002882   781 _LED_DATA	=	0x2882
                           002883   782 _LED_CK_SE	=	0x2883
                           002884   783 _LED_DMA_AH	=	0x2884
                           002885   784 _LED_DMA_AL	=	0x2885
                           002886   785 _LED_DMA_CN	=	0x2886
                           002888   786 _LED_DMA_XH	=	0x2888
                           002889   787 _LED_DMA_XL	=	0x2889
      000000                        788 _Print_print_sn_PARM_2:
      000000                        789 	.ds 3
      000003                        790 _Print_print_sn_PARM_3:
      000003                        791 	.ds 1
      000004                        792 _Print_print_s_PARM_2:
      000004                        793 	.ds 3
      000007                        794 _Print_print_u_PARM_2:
      000007                        795 	.ds 4
      00000B                        796 _Print_print_i_PARM_2:
      00000B                        797 	.ds 4
      00000F                        798 _Print_print_ub_PARM_2:
      00000F                        799 	.ds 4
      000013                        800 _Print_print_ub_PARM_3:
      000013                        801 	.ds 1
      000014                        802 _Print_print_ub_buf_65536_183:
      000014                        803 	.ds 33
      000035                        804 _Print_print_ib_PARM_2:
      000035                        805 	.ds 4
      000039                        806 _Print_print_ib_PARM_3:
      000039                        807 	.ds 1
                                    808 ;--------------------------------------------------------
                                    809 ; absolute external ram data
                                    810 ;--------------------------------------------------------
                                    811 	.area XABS    (ABS,XDATA)
                                    812 ;--------------------------------------------------------
                                    813 ; initialized external ram data
                                    814 ;--------------------------------------------------------
                                    815 	.area XISEG   (XDATA)
                                    816 	.area HOME    (CODE)
                                    817 	.area GSINIT0 (CODE)
                                    818 	.area GSINIT1 (CODE)
                                    819 	.area GSINIT2 (CODE)
                                    820 	.area GSINIT3 (CODE)
                                    821 	.area GSINIT4 (CODE)
                                    822 	.area GSINIT5 (CODE)
                                    823 	.area GSINIT  (CODE)
                                    824 	.area GSFINAL (CODE)
                                    825 	.area CSEG    (CODE)
                                    826 ;--------------------------------------------------------
                                    827 ; global & static initialisations
                                    828 ;--------------------------------------------------------
                                    829 	.area HOME    (CODE)
                                    830 	.area GSINIT  (CODE)
                                    831 	.area GSFINAL (CODE)
                                    832 	.area GSINIT  (CODE)
                                    833 ;--------------------------------------------------------
                                    834 ; Home
                                    835 ;--------------------------------------------------------
                                    836 	.area HOME    (CODE)
                                    837 	.area HOME    (CODE)
                                    838 ;--------------------------------------------------------
                                    839 ; code
                                    840 ;--------------------------------------------------------
                                    841 	.area CSEG    (CODE)
                                    842 ;------------------------------------------------------------
                                    843 ;Allocation info for local variables in function 'Print_print_sn'
                                    844 ;------------------------------------------------------------
                                    845 ;writefunc                 Allocated to registers r6 r7 
                                    846 ;n                         Allocated to registers r2 
                                    847 ;buffer                    Allocated with name '_Print_print_sn_PARM_2'
                                    848 ;size                      Allocated with name '_Print_print_sn_PARM_3'
                                    849 ;------------------------------------------------------------
                                    850 ;	C:\Users\tonyp\AppData\Local\Arduino15\packages\CH55xDuino\hardware\mcs51\0.0.23\cores\ch55xduino\Print.c:39: uint8_t Print_print_sn(__data writefunc_p writefunc, uint8_t *__xdata buffer,
                                    851 ;	-----------------------------------------
                                    852 ;	 function Print_print_sn
                                    853 ;	-----------------------------------------
      000000                        854 _Print_print_sn:
                           000007   855 	ar7 = 0x07
                           000006   856 	ar6 = 0x06
                           000005   857 	ar5 = 0x05
                           000004   858 	ar4 = 0x04
                           000003   859 	ar3 = 0x03
                           000002   860 	ar2 = 0x02
                           000001   861 	ar1 = 0x01
                           000000   862 	ar0 = 0x00
      000000 AE 82            [24]  863 	mov	r6,dpl
      000002 AF 83            [24]  864 	mov	r7,dph
                                    865 ;	C:\Users\tonyp\AppData\Local\Arduino15\packages\CH55xDuino\hardware\mcs51\0.0.23\cores\ch55xduino\Print.c:42: while (size--) {
      000004 90r00r00         [24]  866 	mov	dptr,#_Print_print_sn_PARM_2
      000007 E0               [24]  867 	movx	a,@dptr
      000008 FB               [12]  868 	mov	r3,a
      000009 A3               [24]  869 	inc	dptr
      00000A E0               [24]  870 	movx	a,@dptr
      00000B FC               [12]  871 	mov	r4,a
      00000C A3               [24]  872 	inc	dptr
      00000D E0               [24]  873 	movx	a,@dptr
      00000E FD               [12]  874 	mov	r5,a
      00000F 7A 00            [12]  875 	mov	r2,#0x00
      000011 90r00r03         [24]  876 	mov	dptr,#_Print_print_sn_PARM_3
      000014 E0               [24]  877 	movx	a,@dptr
      000015 F9               [12]  878 	mov	r1,a
      000016                        879 00104$:
      000016 89 00            [24]  880 	mov	ar0,r1
      000018 19               [12]  881 	dec	r1
      000019 E8               [12]  882 	mov	a,r0
      00001A 60 3F            [24]  883 	jz	00106$
                                    884 ;	C:\Users\tonyp\AppData\Local\Arduino15\packages\CH55xDuino\hardware\mcs51\0.0.23\cores\ch55xduino\Print.c:43: if (writefunc(*buffer++))
      00001C 8B 82            [24]  885 	mov	dpl,r3
      00001E 8C 83            [24]  886 	mov	dph,r4
      000020 8D F0            [24]  887 	mov	b,r5
      000022 12r00r00         [24]  888 	lcall	__gptrget
      000025 F8               [12]  889 	mov	r0,a
      000026 A3               [24]  890 	inc	dptr
      000027 AB 82            [24]  891 	mov	r3,dpl
      000029 AC 83            [24]  892 	mov	r4,dph
      00002B C0 07            [24]  893 	push	ar7
      00002D C0 06            [24]  894 	push	ar6
      00002F C0 05            [24]  895 	push	ar5
      000031 C0 04            [24]  896 	push	ar4
      000033 C0 03            [24]  897 	push	ar3
      000035 C0 02            [24]  898 	push	ar2
      000037 C0 01            [24]  899 	push	ar1
      000039 12r00r3E         [24]  900 	lcall	00123$
      00003C 80 07            [24]  901 	sjmp	00124$
      00003E                        902 00123$:
      00003E C0 06            [24]  903 	push	ar6
      000040 C0 07            [24]  904 	push	ar7
      000042 88 82            [24]  905 	mov	dpl,r0
      000044 22               [24]  906 	ret
      000045                        907 00124$:
      000045 A8 82            [24]  908 	mov	r0,dpl
      000047 D0 01            [24]  909 	pop	ar1
      000049 D0 02            [24]  910 	pop	ar2
      00004B D0 03            [24]  911 	pop	ar3
      00004D D0 04            [24]  912 	pop	ar4
      00004F D0 05            [24]  913 	pop	ar5
      000051 D0 06            [24]  914 	pop	ar6
      000053 D0 07            [24]  915 	pop	ar7
      000055 E8               [12]  916 	mov	a,r0
      000056 60 03            [24]  917 	jz	00106$
                                    918 ;	C:\Users\tonyp\AppData\Local\Arduino15\packages\CH55xDuino\hardware\mcs51\0.0.23\cores\ch55xduino\Print.c:44: n++;
      000058 0A               [12]  919 	inc	r2
                                    920 ;	C:\Users\tonyp\AppData\Local\Arduino15\packages\CH55xDuino\hardware\mcs51\0.0.23\cores\ch55xduino\Print.c:46: break;
      000059 80 BB            [24]  921 	sjmp	00104$
      00005B                        922 00106$:
                                    923 ;	C:\Users\tonyp\AppData\Local\Arduino15\packages\CH55xDuino\hardware\mcs51\0.0.23\cores\ch55xduino\Print.c:48: return n;
      00005B 8A 82            [24]  924 	mov	dpl,r2
                                    925 ;	C:\Users\tonyp\AppData\Local\Arduino15\packages\CH55xDuino\hardware\mcs51\0.0.23\cores\ch55xduino\Print.c:49: }
      00005D 22               [24]  926 	ret
                                    927 ;------------------------------------------------------------
                                    928 ;Allocation info for local variables in function 'Print_print_s'
                                    929 ;------------------------------------------------------------
                                    930 ;writefunc                 Allocated to registers r6 r7 
                                    931 ;n                         Allocated to registers r2 
                                    932 ;c                         Allocated to registers r0 
                                    933 ;str                       Allocated with name '_Print_print_s_PARM_2'
                                    934 ;------------------------------------------------------------
                                    935 ;	C:\Users\tonyp\AppData\Local\Arduino15\packages\CH55xDuino\hardware\mcs51\0.0.23\cores\ch55xduino\Print.c:51: uint8_t Print_print_s(__data writefunc_p writefunc, char *__xdata str) {
                                    936 ;	-----------------------------------------
                                    937 ;	 function Print_print_s
                                    938 ;	-----------------------------------------
      00005E                        939 _Print_print_s:
      00005E AE 82            [24]  940 	mov	r6,dpl
      000060 AF 83            [24]  941 	mov	r7,dph
                                    942 ;	C:\Users\tonyp\AppData\Local\Arduino15\packages\CH55xDuino\hardware\mcs51\0.0.23\cores\ch55xduino\Print.c:55: if (!str)
      000062 90r00r04         [24]  943 	mov	dptr,#_Print_print_s_PARM_2
      000065 E0               [24]  944 	movx	a,@dptr
      000066 FB               [12]  945 	mov	r3,a
      000067 A3               [24]  946 	inc	dptr
      000068 E0               [24]  947 	movx	a,@dptr
      000069 FC               [12]  948 	mov	r4,a
      00006A A3               [24]  949 	inc	dptr
      00006B E0               [24]  950 	movx	a,@dptr
      00006C FD               [12]  951 	mov	r5,a
      00006D 90r00r04         [24]  952 	mov	dptr,#_Print_print_s_PARM_2
      000070 E0               [24]  953 	movx	a,@dptr
      000071 F5 F0            [12]  954 	mov	b,a
      000073 A3               [24]  955 	inc	dptr
      000074 E0               [24]  956 	movx	a,@dptr
      000075 45 F0            [12]  957 	orl	a,b
                                    958 ;	C:\Users\tonyp\AppData\Local\Arduino15\packages\CH55xDuino\hardware\mcs51\0.0.23\cores\ch55xduino\Print.c:56: return 0;
      000077 70 03            [24]  959 	jnz	00114$
      000079 F5 82            [12]  960 	mov	dpl,a
                                    961 ;	C:\Users\tonyp\AppData\Local\Arduino15\packages\CH55xDuino\hardware\mcs51\0.0.23\cores\ch55xduino\Print.c:58: while (c = *str++) { // assignment intented
      00007B 22               [24]  962 	ret
      00007C                        963 00114$:
      00007C 7A 00            [12]  964 	mov	r2,#0x00
      00007E                        965 00106$:
      00007E 8B 82            [24]  966 	mov	dpl,r3
      000080 8C 83            [24]  967 	mov	dph,r4
      000082 8D F0            [24]  968 	mov	b,r5
      000084 12r00r00         [24]  969 	lcall	__gptrget
      000087 F9               [12]  970 	mov	r1,a
      000088 A3               [24]  971 	inc	dptr
      000089 AB 82            [24]  972 	mov	r3,dpl
      00008B AC 83            [24]  973 	mov	r4,dph
      00008D E9               [12]  974 	mov	a,r1
      00008E F8               [12]  975 	mov	r0,a
      00008F 60 2C            [24]  976 	jz	00108$
                                    977 ;	C:\Users\tonyp\AppData\Local\Arduino15\packages\CH55xDuino\hardware\mcs51\0.0.23\cores\ch55xduino\Print.c:59: if (writefunc(c))
      000091 C0 07            [24]  978 	push	ar7
      000093 C0 06            [24]  979 	push	ar6
      000095 C0 05            [24]  980 	push	ar5
      000097 C0 04            [24]  981 	push	ar4
      000099 C0 03            [24]  982 	push	ar3
      00009B C0 02            [24]  983 	push	ar2
      00009D 12r00rA2         [24]  984 	lcall	00130$
      0000A0 80 07            [24]  985 	sjmp	00131$
      0000A2                        986 00130$:
      0000A2 C0 06            [24]  987 	push	ar6
      0000A4 C0 07            [24]  988 	push	ar7
      0000A6 88 82            [24]  989 	mov	dpl,r0
      0000A8 22               [24]  990 	ret
      0000A9                        991 00131$:
      0000A9 A9 82            [24]  992 	mov	r1,dpl
      0000AB D0 02            [24]  993 	pop	ar2
      0000AD D0 03            [24]  994 	pop	ar3
      0000AF D0 04            [24]  995 	pop	ar4
      0000B1 D0 05            [24]  996 	pop	ar5
      0000B3 D0 06            [24]  997 	pop	ar6
      0000B5 D0 07            [24]  998 	pop	ar7
      0000B7 E9               [12]  999 	mov	a,r1
      0000B8 60 03            [24] 1000 	jz	00108$
                                   1001 ;	C:\Users\tonyp\AppData\Local\Arduino15\packages\CH55xDuino\hardware\mcs51\0.0.23\cores\ch55xduino\Print.c:60: n++;
      0000BA 0A               [12] 1002 	inc	r2
                                   1003 ;	C:\Users\tonyp\AppData\Local\Arduino15\packages\CH55xDuino\hardware\mcs51\0.0.23\cores\ch55xduino\Print.c:62: break;
      0000BB 80 C1            [24] 1004 	sjmp	00106$
      0000BD                       1005 00108$:
                                   1006 ;	C:\Users\tonyp\AppData\Local\Arduino15\packages\CH55xDuino\hardware\mcs51\0.0.23\cores\ch55xduino\Print.c:64: return n;
      0000BD 8A 82            [24] 1007 	mov	dpl,r2
                                   1008 ;	C:\Users\tonyp\AppData\Local\Arduino15\packages\CH55xDuino\hardware\mcs51\0.0.23\cores\ch55xduino\Print.c:65: }
      0000BF 22               [24] 1009 	ret
                                   1010 ;------------------------------------------------------------
                                   1011 ;Allocation info for local variables in function 'Print_print_u'
                                   1012 ;------------------------------------------------------------
                                   1013 ;writefunc                 Allocated to registers r6 r7 
                                   1014 ;n                         Allocated with name '_Print_print_u_PARM_2'
                                   1015 ;------------------------------------------------------------
                                   1016 ;	C:\Users\tonyp\AppData\Local\Arduino15\packages\CH55xDuino\hardware\mcs51\0.0.23\cores\ch55xduino\Print.c:67: uint8_t Print_print_u(__data writefunc_p writefunc, __xdata unsigned long n) {
                                   1017 ;	-----------------------------------------
                                   1018 ;	 function Print_print_u
                                   1019 ;	-----------------------------------------
      0000C0                       1020 _Print_print_u:
      0000C0 AE 82            [24] 1021 	mov	r6,dpl
      0000C2 AF 83            [24] 1022 	mov	r7,dph
                                   1023 ;	C:\Users\tonyp\AppData\Local\Arduino15\packages\CH55xDuino\hardware\mcs51\0.0.23\cores\ch55xduino\Print.c:68: return printNumber(writefunc, n, 10);
      0000C4 90r00r07         [24] 1024 	mov	dptr,#_Print_print_u_PARM_2
      0000C7 E0               [24] 1025 	movx	a,@dptr
      0000C8 FA               [12] 1026 	mov	r2,a
      0000C9 A3               [24] 1027 	inc	dptr
      0000CA E0               [24] 1028 	movx	a,@dptr
      0000CB FB               [12] 1029 	mov	r3,a
      0000CC A3               [24] 1030 	inc	dptr
      0000CD E0               [24] 1031 	movx	a,@dptr
      0000CE FC               [12] 1032 	mov	r4,a
      0000CF A3               [24] 1033 	inc	dptr
      0000D0 E0               [24] 1034 	movx	a,@dptr
      0000D1 FD               [12] 1035 	mov	r5,a
      0000D2 90r00r0F         [24] 1036 	mov	dptr,#_Print_print_ub_PARM_2
      0000D5 EA               [12] 1037 	mov	a,r2
      0000D6 F0               [24] 1038 	movx	@dptr,a
      0000D7 EB               [12] 1039 	mov	a,r3
      0000D8 A3               [24] 1040 	inc	dptr
      0000D9 F0               [24] 1041 	movx	@dptr,a
      0000DA EC               [12] 1042 	mov	a,r4
      0000DB A3               [24] 1043 	inc	dptr
      0000DC F0               [24] 1044 	movx	@dptr,a
      0000DD ED               [12] 1045 	mov	a,r5
      0000DE A3               [24] 1046 	inc	dptr
      0000DF F0               [24] 1047 	movx	@dptr,a
      0000E0 90r00r13         [24] 1048 	mov	dptr,#_Print_print_ub_PARM_3
      0000E3 74 0A            [12] 1049 	mov	a,#0x0a
      0000E5 F0               [24] 1050 	movx	@dptr,a
      0000E6 8E 82            [24] 1051 	mov	dpl,r6
      0000E8 8F 83            [24] 1052 	mov	dph,r7
                                   1053 ;	C:\Users\tonyp\AppData\Local\Arduino15\packages\CH55xDuino\hardware\mcs51\0.0.23\cores\ch55xduino\Print.c:69: }
      0000EA 02r01r51         [24] 1054 	ljmp	_Print_print_ub
                                   1055 ;------------------------------------------------------------
                                   1056 ;Allocation info for local variables in function 'Print_print_i'
                                   1057 ;------------------------------------------------------------
                                   1058 ;writefunc                 Allocated to registers r6 r7 
                                   1059 ;n                         Allocated with name '_Print_print_i_PARM_2'
                                   1060 ;------------------------------------------------------------
                                   1061 ;	C:\Users\tonyp\AppData\Local\Arduino15\packages\CH55xDuino\hardware\mcs51\0.0.23\cores\ch55xduino\Print.c:71: uint8_t Print_print_i(__data writefunc_p writefunc, __xdata long n) {
                                   1062 ;	-----------------------------------------
                                   1063 ;	 function Print_print_i
                                   1064 ;	-----------------------------------------
      0000ED                       1065 _Print_print_i:
      0000ED AE 82            [24] 1066 	mov	r6,dpl
      0000EF AF 83            [24] 1067 	mov	r7,dph
                                   1068 ;	C:\Users\tonyp\AppData\Local\Arduino15\packages\CH55xDuino\hardware\mcs51\0.0.23\cores\ch55xduino\Print.c:72: return printInt(writefunc, n, 10);
      0000F1 90r00r0B         [24] 1069 	mov	dptr,#_Print_print_i_PARM_2
      0000F4 E0               [24] 1070 	movx	a,@dptr
      0000F5 FA               [12] 1071 	mov	r2,a
      0000F6 A3               [24] 1072 	inc	dptr
      0000F7 E0               [24] 1073 	movx	a,@dptr
      0000F8 FB               [12] 1074 	mov	r3,a
      0000F9 A3               [24] 1075 	inc	dptr
      0000FA E0               [24] 1076 	movx	a,@dptr
      0000FB FC               [12] 1077 	mov	r4,a
      0000FC A3               [24] 1078 	inc	dptr
      0000FD E0               [24] 1079 	movx	a,@dptr
      0000FE FD               [12] 1080 	mov	r5,a
      0000FF 90r00r35         [24] 1081 	mov	dptr,#_Print_print_ib_PARM_2
      000102 EA               [12] 1082 	mov	a,r2
      000103 F0               [24] 1083 	movx	@dptr,a
      000104 EB               [12] 1084 	mov	a,r3
      000105 A3               [24] 1085 	inc	dptr
      000106 F0               [24] 1086 	movx	@dptr,a
      000107 EC               [12] 1087 	mov	a,r4
      000108 A3               [24] 1088 	inc	dptr
      000109 F0               [24] 1089 	movx	@dptr,a
      00010A ED               [12] 1090 	mov	a,r5
      00010B A3               [24] 1091 	inc	dptr
      00010C F0               [24] 1092 	movx	@dptr,a
      00010D 90r00r39         [24] 1093 	mov	dptr,#_Print_print_ib_PARM_3
      000110 74 0A            [12] 1094 	mov	a,#0x0a
      000112 F0               [24] 1095 	movx	@dptr,a
      000113 8E 82            [24] 1096 	mov	dpl,r6
      000115 8F 83            [24] 1097 	mov	dph,r7
                                   1098 ;	C:\Users\tonyp\AppData\Local\Arduino15\packages\CH55xDuino\hardware\mcs51\0.0.23\cores\ch55xduino\Print.c:73: }
      000117 02r02r3A         [24] 1099 	ljmp	_Print_print_ib
                                   1100 ;------------------------------------------------------------
                                   1101 ;Allocation info for local variables in function 'Print_println'
                                   1102 ;------------------------------------------------------------
                                   1103 ;writefunc                 Allocated to registers r6 r7 
                                   1104 ;n                         Allocated to registers r6 
                                   1105 ;------------------------------------------------------------
                                   1106 ;	C:\Users\tonyp\AppData\Local\Arduino15\packages\CH55xDuino\hardware\mcs51\0.0.23\cores\ch55xduino\Print.c:78: uint8_t Print_println(__data writefunc_p writefunc) {
                                   1107 ;	-----------------------------------------
                                   1108 ;	 function Print_println
                                   1109 ;	-----------------------------------------
      00011A                       1110 _Print_println:
      00011A AE 82            [24] 1111 	mov	r6,dpl
      00011C AF 83            [24] 1112 	mov	r7,dph
                                   1113 ;	C:\Users\tonyp\AppData\Local\Arduino15\packages\CH55xDuino\hardware\mcs51\0.0.23\cores\ch55xduino\Print.c:81: n = writefunc(13);
      00011E C0 07            [24] 1114 	push	ar7
      000120 C0 06            [24] 1115 	push	ar6
      000122 12r01r27         [24] 1116 	lcall	00103$
      000125 80 08            [24] 1117 	sjmp	00104$
      000127                       1118 00103$:
      000127 C0 06            [24] 1119 	push	ar6
      000129 C0 07            [24] 1120 	push	ar7
      00012B 75 82 0D         [24] 1121 	mov	dpl,#0x0d
      00012E 22               [24] 1122 	ret
      00012F                       1123 00104$:
      00012F AD 82            [24] 1124 	mov	r5,dpl
      000131 D0 06            [24] 1125 	pop	ar6
      000133 D0 07            [24] 1126 	pop	ar7
                                   1127 ;	C:\Users\tonyp\AppData\Local\Arduino15\packages\CH55xDuino\hardware\mcs51\0.0.23\cores\ch55xduino\Print.c:82: n += writefunc(10);
      000135 C0 07            [24] 1128 	push	ar7
      000137 C0 05            [24] 1129 	push	ar5
      000139 12r01r3E         [24] 1130 	lcall	00105$
      00013C 80 08            [24] 1131 	sjmp	00106$
      00013E                       1132 00105$:
      00013E C0 06            [24] 1133 	push	ar6
      000140 C0 07            [24] 1134 	push	ar7
      000142 75 82 0A         [24] 1135 	mov	dpl,#0x0a
      000145 22               [24] 1136 	ret
      000146                       1137 00106$:
      000146 AE 82            [24] 1138 	mov	r6,dpl
      000148 D0 05            [24] 1139 	pop	ar5
      00014A D0 07            [24] 1140 	pop	ar7
      00014C EE               [12] 1141 	mov	a,r6
      00014D 2D               [12] 1142 	add	a,r5
                                   1143 ;	C:\Users\tonyp\AppData\Local\Arduino15\packages\CH55xDuino\hardware\mcs51\0.0.23\cores\ch55xduino\Print.c:83: return n;
                                   1144 ;	C:\Users\tonyp\AppData\Local\Arduino15\packages\CH55xDuino\hardware\mcs51\0.0.23\cores\ch55xduino\Print.c:84: }
      00014E F5 82            [12] 1145 	mov	dpl,a
      000150 22               [24] 1146 	ret
                                   1147 ;------------------------------------------------------------
                                   1148 ;Allocation info for local variables in function 'Print_print_ub'
                                   1149 ;------------------------------------------------------------
                                   1150 ;writefunc                 Allocated with name '_Print_print_ub_writefunc_65536_182'
                                   1151 ;c                         Allocated to registers r0 
                                   1152 ;sloc0                     Allocated with name '_Print_print_ub_sloc0_1_0'
                                   1153 ;sloc1                     Allocated with name '_Print_print_ub_sloc1_1_0'
                                   1154 ;sloc2                     Allocated with name '_Print_print_ub_sloc2_1_0'
                                   1155 ;n                         Allocated with name '_Print_print_ub_PARM_2'
                                   1156 ;base                      Allocated with name '_Print_print_ub_PARM_3'
                                   1157 ;buf                       Allocated with name '_Print_print_ub_buf_65536_183'
                                   1158 ;str                       Allocated with name '_Print_print_ub_str_65536_183'
                                   1159 ;------------------------------------------------------------
                                   1160 ;	C:\Users\tonyp\AppData\Local\Arduino15\packages\CH55xDuino\hardware\mcs51\0.0.23\cores\ch55xduino\Print.c:86: uint8_t Print_print_ub(__data writefunc_p writefunc, __xdata unsigned long n,
                                   1161 ;	-----------------------------------------
                                   1162 ;	 function Print_print_ub
                                   1163 ;	-----------------------------------------
      000151                       1164 _Print_print_ub:
      000151 85 82*00         [24] 1165 	mov	_Print_print_ub_writefunc_65536_182,dpl
      000154 85 83*01         [24] 1166 	mov	(_Print_print_ub_writefunc_65536_182 + 1),dph
                                   1167 ;	C:\Users\tonyp\AppData\Local\Arduino15\packages\CH55xDuino\hardware\mcs51\0.0.23\cores\ch55xduino\Print.c:89: __xdata char *str = &buf[sizeof(buf) - 1];
                                   1168 ;	C:\Users\tonyp\AppData\Local\Arduino15\packages\CH55xDuino\hardware\mcs51\0.0.23\cores\ch55xduino\Print.c:91: *str = '\0';
      000157 90r00r34         [24] 1169 	mov	dptr,#(_Print_print_ub_buf_65536_183 + 0x0020)
      00015A E4               [12] 1170 	clr	a
      00015B F0               [24] 1171 	movx	@dptr,a
                                   1172 ;	C:\Users\tonyp\AppData\Local\Arduino15\packages\CH55xDuino\hardware\mcs51\0.0.23\cores\ch55xduino\Print.c:94: if (base < 2)
      00015C 90r00r13         [24] 1173 	mov	dptr,#_Print_print_ub_PARM_3
      00015F E0               [24] 1174 	movx	a,@dptr
      000160 FD               [12] 1175 	mov	r5,a
      000161 BD 02 00         [24] 1176 	cjne	r5,#0x02,00127$
      000164                       1177 00127$:
      000164 50 06            [24] 1178 	jnc	00112$
                                   1179 ;	C:\Users\tonyp\AppData\Local\Arduino15\packages\CH55xDuino\hardware\mcs51\0.0.23\cores\ch55xduino\Print.c:95: base = 10;
      000166 90r00r13         [24] 1180 	mov	dptr,#_Print_print_ub_PARM_3
      000169 74 0A            [12] 1181 	mov	a,#0x0a
      00016B F0               [24] 1182 	movx	@dptr,a
                                   1183 ;	C:\Users\tonyp\AppData\Local\Arduino15\packages\CH55xDuino\hardware\mcs51\0.0.23\cores\ch55xduino\Print.c:97: do {
      00016C                       1184 00112$:
      00016C 90r00r13         [24] 1185 	mov	dptr,#_Print_print_ub_PARM_3
      00016F E0               [24] 1186 	movx	a,@dptr
      000170 F5*02            [12] 1187 	mov	_Print_print_ub_sloc0_1_0,a
      000172 7Br34            [12] 1188 	mov	r3,#(_Print_print_ub_buf_65536_183 + 0x0020)
      000174 7Cs00            [12] 1189 	mov	r4,#((_Print_print_ub_buf_65536_183 + 0x0020) >> 8)
      000176                       1190 00103$:
                                   1191 ;	C:\Users\tonyp\AppData\Local\Arduino15\packages\CH55xDuino\hardware\mcs51\0.0.23\cores\ch55xduino\Print.c:98: __data char c = n % base;
      000176 90r00r0F         [24] 1192 	mov	dptr,#_Print_print_ub_PARM_2
      000179 E0               [24] 1193 	movx	a,@dptr
      00017A F5*03            [12] 1194 	mov	_Print_print_ub_sloc1_1_0,a
      00017C A3               [24] 1195 	inc	dptr
      00017D E0               [24] 1196 	movx	a,@dptr
      00017E F5*04            [12] 1197 	mov	(_Print_print_ub_sloc1_1_0 + 1),a
      000180 A3               [24] 1198 	inc	dptr
      000181 E0               [24] 1199 	movx	a,@dptr
      000182 F5*05            [12] 1200 	mov	(_Print_print_ub_sloc1_1_0 + 2),a
      000184 A3               [24] 1201 	inc	dptr
      000185 E0               [24] 1202 	movx	a,@dptr
      000186 F5*06            [12] 1203 	mov	(_Print_print_ub_sloc1_1_0 + 3),a
      000188 85*02*07         [24] 1204 	mov	_Print_print_ub_sloc2_1_0,_Print_print_ub_sloc0_1_0
      00018B 75*08 00         [24] 1205 	mov	(_Print_print_ub_sloc2_1_0 + 1),#0x00
      00018E 75*09 00         [24] 1206 	mov	(_Print_print_ub_sloc2_1_0 + 2),#0x00
      000191 75*0A 00         [24] 1207 	mov	(_Print_print_ub_sloc2_1_0 + 3),#0x00
      000194 C0 04            [24] 1208 	push	ar4
      000196 C0 03            [24] 1209 	push	ar3
      000198 C0*07            [24] 1210 	push	_Print_print_ub_sloc2_1_0
      00019A C0*08            [24] 1211 	push	(_Print_print_ub_sloc2_1_0 + 1)
      00019C C0*09            [24] 1212 	push	(_Print_print_ub_sloc2_1_0 + 2)
      00019E C0*0A            [24] 1213 	push	(_Print_print_ub_sloc2_1_0 + 3)
      0001A0 85*03 82         [24] 1214 	mov	dpl,_Print_print_ub_sloc1_1_0
      0001A3 85*04 83         [24] 1215 	mov	dph,(_Print_print_ub_sloc1_1_0 + 1)
      0001A6 85*05 F0         [24] 1216 	mov	b,(_Print_print_ub_sloc1_1_0 + 2)
      0001A9 E5*06            [12] 1217 	mov	a,(_Print_print_ub_sloc1_1_0 + 3)
      0001AB 12r00r00         [24] 1218 	lcall	__modulong
      0001AE A8 82            [24] 1219 	mov	r0,dpl
      0001B0 E5 81            [12] 1220 	mov	a,sp
      0001B2 24 FC            [12] 1221 	add	a,#0xfc
      0001B4 F5 81            [12] 1222 	mov	sp,a
                                   1223 ;	C:\Users\tonyp\AppData\Local\Arduino15\packages\CH55xDuino\hardware\mcs51\0.0.23\cores\ch55xduino\Print.c:99: n /= base;
      0001B6 C0 00            [24] 1224 	push	ar0
      0001B8 C0*07            [24] 1225 	push	_Print_print_ub_sloc2_1_0
      0001BA C0*08            [24] 1226 	push	(_Print_print_ub_sloc2_1_0 + 1)
      0001BC C0*09            [24] 1227 	push	(_Print_print_ub_sloc2_1_0 + 2)
      0001BE C0*0A            [24] 1228 	push	(_Print_print_ub_sloc2_1_0 + 3)
      0001C0 85*03 82         [24] 1229 	mov	dpl,_Print_print_ub_sloc1_1_0
      0001C3 85*04 83         [24] 1230 	mov	dph,(_Print_print_ub_sloc1_1_0 + 1)
      0001C6 85*05 F0         [24] 1231 	mov	b,(_Print_print_ub_sloc1_1_0 + 2)
      0001C9 E5*06            [12] 1232 	mov	a,(_Print_print_ub_sloc1_1_0 + 3)
      0001CB 12r00r00         [24] 1233 	lcall	__divulong
      0001CE AA 82            [24] 1234 	mov	r2,dpl
      0001D0 AD 83            [24] 1235 	mov	r5,dph
      0001D2 AE F0            [24] 1236 	mov	r6,b
      0001D4 FF               [12] 1237 	mov	r7,a
      0001D5 E5 81            [12] 1238 	mov	a,sp
      0001D7 24 FC            [12] 1239 	add	a,#0xfc
      0001D9 F5 81            [12] 1240 	mov	sp,a
      0001DB D0 00            [24] 1241 	pop	ar0
      0001DD D0 03            [24] 1242 	pop	ar3
      0001DF D0 04            [24] 1243 	pop	ar4
      0001E1 90r00r0F         [24] 1244 	mov	dptr,#_Print_print_ub_PARM_2
      0001E4 EA               [12] 1245 	mov	a,r2
      0001E5 F0               [24] 1246 	movx	@dptr,a
      0001E6 ED               [12] 1247 	mov	a,r5
      0001E7 A3               [24] 1248 	inc	dptr
      0001E8 F0               [24] 1249 	movx	@dptr,a
      0001E9 EE               [12] 1250 	mov	a,r6
      0001EA A3               [24] 1251 	inc	dptr
      0001EB F0               [24] 1252 	movx	@dptr,a
      0001EC EF               [12] 1253 	mov	a,r7
      0001ED A3               [24] 1254 	inc	dptr
      0001EE F0               [24] 1255 	movx	@dptr,a
                                   1256 ;	C:\Users\tonyp\AppData\Local\Arduino15\packages\CH55xDuino\hardware\mcs51\0.0.23\cores\ch55xduino\Print.c:101: *--str = c < 10 ? c + '0' : c + 'A' - 10;
      0001EF 1B               [12] 1257 	dec	r3
      0001F0 BB FF 01         [24] 1258 	cjne	r3,#0xff,00129$
      0001F3 1C               [12] 1259 	dec	r4
      0001F4                       1260 00129$:
      0001F4 8B 06            [24] 1261 	mov	ar6,r3
      0001F6 8C 07            [24] 1262 	mov	ar7,r4
      0001F8 B8 0A 00         [24] 1263 	cjne	r0,#0x0a,00130$
      0001FB                       1264 00130$:
      0001FB 50 08            [24] 1265 	jnc	00108$
      0001FD 88 05            [24] 1266 	mov	ar5,r0
      0001FF 74 30            [12] 1267 	mov	a,#0x30
      000201 2D               [12] 1268 	add	a,r5
      000202 FD               [12] 1269 	mov	r5,a
      000203 80 04            [24] 1270 	sjmp	00109$
      000205                       1271 00108$:
      000205 74 37            [12] 1272 	mov	a,#0x37
      000207 28               [12] 1273 	add	a,r0
      000208 FD               [12] 1274 	mov	r5,a
      000209                       1275 00109$:
      000209 8E 82            [24] 1276 	mov	dpl,r6
      00020B 8F 83            [24] 1277 	mov	dph,r7
      00020D ED               [12] 1278 	mov	a,r5
      00020E F0               [24] 1279 	movx	@dptr,a
                                   1280 ;	C:\Users\tonyp\AppData\Local\Arduino15\packages\CH55xDuino\hardware\mcs51\0.0.23\cores\ch55xduino\Print.c:102: } while (n);
      00020F 90r00r0F         [24] 1281 	mov	dptr,#_Print_print_ub_PARM_2
      000212 E0               [24] 1282 	movx	a,@dptr
      000213 F5 F0            [12] 1283 	mov	b,a
      000215 A3               [24] 1284 	inc	dptr
      000216 E0               [24] 1285 	movx	a,@dptr
      000217 42 F0            [12] 1286 	orl	b,a
      000219 A3               [24] 1287 	inc	dptr
      00021A E0               [24] 1288 	movx	a,@dptr
      00021B 42 F0            [12] 1289 	orl	b,a
      00021D A3               [24] 1290 	inc	dptr
      00021E E0               [24] 1291 	movx	a,@dptr
      00021F 45 F0            [12] 1292 	orl	a,b
      000221 60 03            [24] 1293 	jz	00132$
      000223 02r01r76         [24] 1294 	ljmp	00103$
      000226                       1295 00132$:
                                   1296 ;	C:\Users\tonyp\AppData\Local\Arduino15\packages\CH55xDuino\hardware\mcs51\0.0.23\cores\ch55xduino\Print.c:104: return Print_print_s(writefunc, str);
      000226 90r00r04         [24] 1297 	mov	dptr,#_Print_print_s_PARM_2
      000229 EB               [12] 1298 	mov	a,r3
      00022A F0               [24] 1299 	movx	@dptr,a
      00022B EC               [12] 1300 	mov	a,r4
      00022C A3               [24] 1301 	inc	dptr
      00022D F0               [24] 1302 	movx	@dptr,a
      00022E E4               [12] 1303 	clr	a
      00022F A3               [24] 1304 	inc	dptr
      000230 F0               [24] 1305 	movx	@dptr,a
      000231 85*00 82         [24] 1306 	mov	dpl,_Print_print_ub_writefunc_65536_182
      000234 85*01 83         [24] 1307 	mov	dph,(_Print_print_ub_writefunc_65536_182 + 1)
                                   1308 ;	C:\Users\tonyp\AppData\Local\Arduino15\packages\CH55xDuino\hardware\mcs51\0.0.23\cores\ch55xduino\Print.c:105: }
      000237 02r00r5E         [24] 1309 	ljmp	_Print_print_s
                                   1310 ;------------------------------------------------------------
                                   1311 ;Allocation info for local variables in function 'Print_print_ib'
                                   1312 ;------------------------------------------------------------
                                   1313 ;writefunc                 Allocated with name '_Print_print_ib_writefunc_65536_185'
                                   1314 ;t                         Allocated to registers 
                                   1315 ;sloc0                     Allocated with name '_Print_print_ib_sloc0_1_0'
                                   1316 ;sloc1                     Allocated with name '_Print_print_ib_sloc1_1_0'
                                   1317 ;n                         Allocated with name '_Print_print_ib_PARM_2'
                                   1318 ;base                      Allocated with name '_Print_print_ib_PARM_3'
                                   1319 ;------------------------------------------------------------
                                   1320 ;	C:\Users\tonyp\AppData\Local\Arduino15\packages\CH55xDuino\hardware\mcs51\0.0.23\cores\ch55xduino\Print.c:107: uint8_t Print_print_ib(__data writefunc_p writefunc, __xdata long n,
                                   1321 ;	-----------------------------------------
                                   1322 ;	 function Print_print_ib
                                   1323 ;	-----------------------------------------
      00023A                       1324 _Print_print_ib:
      00023A 85 82*0B         [24] 1325 	mov	_Print_print_ib_writefunc_65536_185,dpl
      00023D 85 83*0C         [24] 1326 	mov	(_Print_print_ib_writefunc_65536_185 + 1),dph
                                   1327 ;	C:\Users\tonyp\AppData\Local\Arduino15\packages\CH55xDuino\hardware\mcs51\0.0.23\cores\ch55xduino\Print.c:109: if (base == 0) {
      000240 90r00r39         [24] 1328 	mov	dptr,#_Print_print_ib_PARM_3
      000243 E0               [24] 1329 	movx	a,@dptr
      000244 FD               [12] 1330 	mov	r5,a
      000245 70 1B            [24] 1331 	jnz	00107$
                                   1332 ;	C:\Users\tonyp\AppData\Local\Arduino15\packages\CH55xDuino\hardware\mcs51\0.0.23\cores\ch55xduino\Print.c:110: return writefunc((unsigned char)n);
      000247 90r00r35         [24] 1333 	mov	dptr,#_Print_print_ib_PARM_2
      00024A E0               [24] 1334 	movx	a,@dptr
      00024B F9               [12] 1335 	mov	r1,a
      00024C A3               [24] 1336 	inc	dptr
      00024D E0               [24] 1337 	movx	a,@dptr
      00024E FA               [12] 1338 	mov	r2,a
      00024F A3               [24] 1339 	inc	dptr
      000250 E0               [24] 1340 	movx	a,@dptr
      000251 FB               [12] 1341 	mov	r3,a
      000252 A3               [24] 1342 	inc	dptr
      000253 E0               [24] 1343 	movx	a,@dptr
      000254 FC               [12] 1344 	mov	r4,a
      000255 12r02r5A         [24] 1345 	lcall	00124$
      000258 80 07            [24] 1346 	sjmp	00125$
      00025A                       1347 00124$:
      00025A C0*0B            [24] 1348 	push	_Print_print_ib_writefunc_65536_185
      00025C C0*0C            [24] 1349 	push	(_Print_print_ib_writefunc_65536_185 + 1)
      00025E 89 82            [24] 1350 	mov	dpl,r1
      000260 22               [24] 1351 	ret
      000261                       1352 00125$:
      000261 22               [24] 1353 	ret
      000262                       1354 00107$:
                                   1355 ;	C:\Users\tonyp\AppData\Local\Arduino15\packages\CH55xDuino\hardware\mcs51\0.0.23\cores\ch55xduino\Print.c:111: } else if (base == 10) {
      000262 BD 0A 02         [24] 1356 	cjne	r5,#0x0a,00126$
      000265 80 03            [24] 1357 	sjmp	00127$
      000267                       1358 00126$:
      000267 02r03r07         [24] 1359 	ljmp	00104$
      00026A                       1360 00127$:
                                   1361 ;	C:\Users\tonyp\AppData\Local\Arduino15\packages\CH55xDuino\hardware\mcs51\0.0.23\cores\ch55xduino\Print.c:112: if (n < 0) {
      00026A 90r00r35         [24] 1362 	mov	dptr,#_Print_print_ib_PARM_2
      00026D E0               [24] 1363 	movx	a,@dptr
      00026E F9               [12] 1364 	mov	r1,a
      00026F A3               [24] 1365 	inc	dptr
      000270 E0               [24] 1366 	movx	a,@dptr
      000271 FA               [12] 1367 	mov	r2,a
      000272 A3               [24] 1368 	inc	dptr
      000273 E0               [24] 1369 	movx	a,@dptr
      000274 FB               [12] 1370 	mov	r3,a
      000275 A3               [24] 1371 	inc	dptr
      000276 E0               [24] 1372 	movx	a,@dptr
      000277 FC               [12] 1373 	mov	r4,a
      000278 30 E7 6F         [24] 1374 	jnb	acc.7,00102$
                                   1375 ;	C:\Users\tonyp\AppData\Local\Arduino15\packages\CH55xDuino\hardware\mcs51\0.0.23\cores\ch55xduino\Print.c:113: __data int t = writefunc('-');
      00027B C0 04            [24] 1376 	push	ar4
      00027D C0 03            [24] 1377 	push	ar3
      00027F C0 02            [24] 1378 	push	ar2
      000281 C0 01            [24] 1379 	push	ar1
      000283 12r02r88         [24] 1380 	lcall	00129$
      000286 80 08            [24] 1381 	sjmp	00130$
      000288                       1382 00129$:
      000288 C0*0B            [24] 1383 	push	_Print_print_ib_writefunc_65536_185
      00028A C0*0C            [24] 1384 	push	(_Print_print_ib_writefunc_65536_185 + 1)
      00028C 75 82 2D         [24] 1385 	mov	dpl,#0x2d
      00028F 22               [24] 1386 	ret
      000290                       1387 00130$:
      000290 A8 82            [24] 1388 	mov	r0,dpl
      000292 D0 01            [24] 1389 	pop	ar1
      000294 D0 02            [24] 1390 	pop	ar2
      000296 D0 03            [24] 1391 	pop	ar3
      000298 D0 04            [24] 1392 	pop	ar4
      00029A 88*0D            [24] 1393 	mov	_Print_print_ib_sloc0_1_0,r0
                                   1394 ;	C:\Users\tonyp\AppData\Local\Arduino15\packages\CH55xDuino\hardware\mcs51\0.0.23\cores\ch55xduino\Print.c:114: n = -n;
      00029C 90r00r35         [24] 1395 	mov	dptr,#_Print_print_ib_PARM_2
      00029F C3               [12] 1396 	clr	c
      0002A0 E4               [12] 1397 	clr	a
      0002A1 99               [12] 1398 	subb	a,r1
      0002A2 F0               [24] 1399 	movx	@dptr,a
      0002A3 E4               [12] 1400 	clr	a
      0002A4 9A               [12] 1401 	subb	a,r2
      0002A5 A3               [24] 1402 	inc	dptr
      0002A6 F0               [24] 1403 	movx	@dptr,a
      0002A7 E4               [12] 1404 	clr	a
      0002A8 9B               [12] 1405 	subb	a,r3
      0002A9 A3               [24] 1406 	inc	dptr
      0002AA F0               [24] 1407 	movx	@dptr,a
      0002AB E4               [12] 1408 	clr	a
      0002AC 9C               [12] 1409 	subb	a,r4
      0002AD A3               [24] 1410 	inc	dptr
      0002AE F0               [24] 1411 	movx	@dptr,a
                                   1412 ;	C:\Users\tonyp\AppData\Local\Arduino15\packages\CH55xDuino\hardware\mcs51\0.0.23\cores\ch55xduino\Print.c:115: return printNumber(writefunc, n, 10) + t;
      0002AF 90r00r35         [24] 1413 	mov	dptr,#_Print_print_ib_PARM_2
      0002B2 E0               [24] 1414 	movx	a,@dptr
      0002B3 F5*0E            [12] 1415 	mov	_Print_print_ib_sloc1_1_0,a
      0002B5 A3               [24] 1416 	inc	dptr
      0002B6 E0               [24] 1417 	movx	a,@dptr
      0002B7 F5*0F            [12] 1418 	mov	(_Print_print_ib_sloc1_1_0 + 1),a
      0002B9 A3               [24] 1419 	inc	dptr
      0002BA E0               [24] 1420 	movx	a,@dptr
      0002BB F5*10            [12] 1421 	mov	(_Print_print_ib_sloc1_1_0 + 2),a
      0002BD A3               [24] 1422 	inc	dptr
      0002BE E0               [24] 1423 	movx	a,@dptr
      0002BF F5*11            [12] 1424 	mov	(_Print_print_ib_sloc1_1_0 + 3),a
      0002C1 90r00r0F         [24] 1425 	mov	dptr,#_Print_print_ub_PARM_2
      0002C4 E5*0E            [12] 1426 	mov	a,_Print_print_ib_sloc1_1_0
      0002C6 F0               [24] 1427 	movx	@dptr,a
      0002C7 E5*0F            [12] 1428 	mov	a,(_Print_print_ib_sloc1_1_0 + 1)
      0002C9 A3               [24] 1429 	inc	dptr
      0002CA F0               [24] 1430 	movx	@dptr,a
      0002CB E5*10            [12] 1431 	mov	a,(_Print_print_ib_sloc1_1_0 + 2)
      0002CD A3               [24] 1432 	inc	dptr
      0002CE F0               [24] 1433 	movx	@dptr,a
      0002CF E5*11            [12] 1434 	mov	a,(_Print_print_ib_sloc1_1_0 + 3)
      0002D1 A3               [24] 1435 	inc	dptr
      0002D2 F0               [24] 1436 	movx	@dptr,a
      0002D3 90r00r13         [24] 1437 	mov	dptr,#_Print_print_ub_PARM_3
      0002D6 74 0A            [12] 1438 	mov	a,#0x0a
      0002D8 F0               [24] 1439 	movx	@dptr,a
      0002D9 85*0B 82         [24] 1440 	mov	dpl,_Print_print_ib_writefunc_65536_185
      0002DC 85*0C 83         [24] 1441 	mov	dph,(_Print_print_ib_writefunc_65536_185 + 1)
      0002DF 12r01r51         [24] 1442 	lcall	_Print_print_ub
      0002E2 AF 82            [24] 1443 	mov	r7,dpl
      0002E4 E5*0D            [12] 1444 	mov	a,_Print_print_ib_sloc0_1_0
      0002E6 2F               [12] 1445 	add	a,r7
      0002E7 F5 82            [12] 1446 	mov	dpl,a
      0002E9 22               [24] 1447 	ret
      0002EA                       1448 00102$:
                                   1449 ;	C:\Users\tonyp\AppData\Local\Arduino15\packages\CH55xDuino\hardware\mcs51\0.0.23\cores\ch55xduino\Print.c:117: return printNumber(writefunc, n, 10);
      0002EA 90r00r0F         [24] 1450 	mov	dptr,#_Print_print_ub_PARM_2
      0002ED E9               [12] 1451 	mov	a,r1
      0002EE F0               [24] 1452 	movx	@dptr,a
      0002EF EA               [12] 1453 	mov	a,r2
      0002F0 A3               [24] 1454 	inc	dptr
      0002F1 F0               [24] 1455 	movx	@dptr,a
      0002F2 EB               [12] 1456 	mov	a,r3
      0002F3 A3               [24] 1457 	inc	dptr
      0002F4 F0               [24] 1458 	movx	@dptr,a
      0002F5 EC               [12] 1459 	mov	a,r4
      0002F6 A3               [24] 1460 	inc	dptr
      0002F7 F0               [24] 1461 	movx	@dptr,a
      0002F8 90r00r13         [24] 1462 	mov	dptr,#_Print_print_ub_PARM_3
      0002FB 74 0A            [12] 1463 	mov	a,#0x0a
      0002FD F0               [24] 1464 	movx	@dptr,a
      0002FE 85*0B 82         [24] 1465 	mov	dpl,_Print_print_ib_writefunc_65536_185
      000301 85*0C 83         [24] 1466 	mov	dph,(_Print_print_ib_writefunc_65536_185 + 1)
      000304 02r01r51         [24] 1467 	ljmp	_Print_print_ub
      000307                       1468 00104$:
                                   1469 ;	C:\Users\tonyp\AppData\Local\Arduino15\packages\CH55xDuino\hardware\mcs51\0.0.23\cores\ch55xduino\Print.c:119: return printNumber(writefunc, n, base);
      000307 90r00r35         [24] 1470 	mov	dptr,#_Print_print_ib_PARM_2
      00030A E0               [24] 1471 	movx	a,@dptr
      00030B FB               [12] 1472 	mov	r3,a
      00030C A3               [24] 1473 	inc	dptr
      00030D E0               [24] 1474 	movx	a,@dptr
      00030E FC               [12] 1475 	mov	r4,a
      00030F A3               [24] 1476 	inc	dptr
      000310 E0               [24] 1477 	movx	a,@dptr
      000311 FE               [12] 1478 	mov	r6,a
      000312 A3               [24] 1479 	inc	dptr
      000313 E0               [24] 1480 	movx	a,@dptr
      000314 FF               [12] 1481 	mov	r7,a
      000315 90r00r0F         [24] 1482 	mov	dptr,#_Print_print_ub_PARM_2
      000318 EB               [12] 1483 	mov	a,r3
      000319 F0               [24] 1484 	movx	@dptr,a
      00031A EC               [12] 1485 	mov	a,r4
      00031B A3               [24] 1486 	inc	dptr
      00031C F0               [24] 1487 	movx	@dptr,a
      00031D EE               [12] 1488 	mov	a,r6
      00031E A3               [24] 1489 	inc	dptr
      00031F F0               [24] 1490 	movx	@dptr,a
      000320 EF               [12] 1491 	mov	a,r7
      000321 A3               [24] 1492 	inc	dptr
      000322 F0               [24] 1493 	movx	@dptr,a
      000323 90r00r13         [24] 1494 	mov	dptr,#_Print_print_ub_PARM_3
      000326 ED               [12] 1495 	mov	a,r5
      000327 F0               [24] 1496 	movx	@dptr,a
      000328 85*0B 82         [24] 1497 	mov	dpl,_Print_print_ib_writefunc_65536_185
      00032B 85*0C 83         [24] 1498 	mov	dph,(_Print_print_ib_writefunc_65536_185 + 1)
                                   1499 ;	C:\Users\tonyp\AppData\Local\Arduino15\packages\CH55xDuino\hardware\mcs51\0.0.23\cores\ch55xduino\Print.c:121: }
      00032E 02r01r51         [24] 1500 	ljmp	_Print_print_ub
                                   1501 	.area CSEG    (CODE)
                                   1502 	.area CONST   (CODE)
                                   1503 	.area XINIT   (CODE)
                                   1504 	.area CABS    (ABS,CODE)
