                                      1 ;--------------------------------------------------------
                                      2 ; File Created by SDCC : free open source ISO C Compiler 
                                      3 ; Version 4.2.2 #13407 (MINGW32)
                                      4 ;--------------------------------------------------------
                                      5 	.module wiring_pulsein
                                      6 	.optsdcc -mmcs51 --model-large
                                      7 	
                                      8 ;--------------------------------------------------------
                                      9 ; Public variables in this module
                                     10 ;--------------------------------------------------------
                                     11 	.globl _UIF_BUS_RST
                                     12 	.globl _UIF_DETECT
                                     13 	.globl _UIF_TRANSFER
                                     14 	.globl _UIF_SUSPEND
                                     15 	.globl _UIF_HST_SOF
                                     16 	.globl _UIF_FIFO_OV
                                     17 	.globl _U_SIE_FREE
                                     18 	.globl _U_TOG_OK
                                     19 	.globl _U_IS_NAK
                                     20 	.globl _S0_R_FIFO0
                                     21 	.globl _S0_R_FIFO1
                                     22 	.globl _S0_T_FIFO
                                     23 	.globl _S0_FREE
                                     24 	.globl _S0_IF_BYTE
                                     25 	.globl _S0_IF_FIRST
                                     26 	.globl _S0_IF_OV
                                     27 	.globl _S0_FST_ACT
                                     28 	.globl _CP_RL2
                                     29 	.globl _C_T2
                                     30 	.globl _TR2
                                     31 	.globl _EXEN2
                                     32 	.globl _TCLK
                                     33 	.globl _RCLK
                                     34 	.globl _EXF2
                                     35 	.globl _CAP1F
                                     36 	.globl _TF2
                                     37 	.globl _RI
                                     38 	.globl _TI
                                     39 	.globl _RB8
                                     40 	.globl _TB8
                                     41 	.globl _REN
                                     42 	.globl _SM2
                                     43 	.globl _SM1
                                     44 	.globl _SM0
                                     45 	.globl _IT0
                                     46 	.globl _IE0
                                     47 	.globl _IT1
                                     48 	.globl _IE1
                                     49 	.globl _TR0
                                     50 	.globl _TF0
                                     51 	.globl _TR1
                                     52 	.globl _TF1
                                     53 	.globl _P4_OUT_0
                                     54 	.globl _P4_OUT_1
                                     55 	.globl _P4_OUT_2
                                     56 	.globl _P4_OUT_3
                                     57 	.globl _P4_OUT_4
                                     58 	.globl _P4_OUT_5
                                     59 	.globl _P4_OUT_6
                                     60 	.globl _P4_OUT_7
                                     61 	.globl _RXD1_
                                     62 	.globl _LED2
                                     63 	.globl _CAP3_
                                     64 	.globl _PWM3_
                                     65 	.globl _PWM1_
                                     66 	.globl _TXD1_
                                     67 	.globl _TNOW_
                                     68 	.globl _LED3
                                     69 	.globl _PWM2_
                                     70 	.globl _SCS_
                                     71 	.globl _SCK_
                                     72 	.globl _P3_0
                                     73 	.globl _P3_1
                                     74 	.globl _P3_2
                                     75 	.globl _P3_3
                                     76 	.globl _P3_4
                                     77 	.globl _P3_5
                                     78 	.globl _P3_6
                                     79 	.globl _P3_7
                                     80 	.globl _RXD
                                     81 	.globl _TXD
                                     82 	.globl _INT0
                                     83 	.globl _LED0
                                     84 	.globl _INT1
                                     85 	.globl _LED1
                                     86 	.globl _T0
                                     87 	.globl _XCS0
                                     88 	.globl _LEDC
                                     89 	.globl _T1
                                     90 	.globl _DA6
                                     91 	.globl _WR
                                     92 	.globl _RD
                                     93 	.globl _P2_0
                                     94 	.globl _P2_1
                                     95 	.globl _P2_2
                                     96 	.globl _P2_3
                                     97 	.globl _P2_4
                                     98 	.globl _P2_5
                                     99 	.globl _P2_6
                                    100 	.globl _P2_7
                                    101 	.globl _MOSI1
                                    102 	.globl _MISO1
                                    103 	.globl _SCK1
                                    104 	.globl _PWM1
                                    105 	.globl _CAP2_
                                    106 	.globl _T2EX_
                                    107 	.globl _PWM2
                                    108 	.globl _TNOW
                                    109 	.globl _RXD1
                                    110 	.globl _DA7
                                    111 	.globl _TXD1
                                    112 	.globl _P1_0
                                    113 	.globl _P1_1
                                    114 	.globl _P1_2
                                    115 	.globl _P1_3
                                    116 	.globl _P1_4
                                    117 	.globl _P1_5
                                    118 	.globl _P1_6
                                    119 	.globl _P1_7
                                    120 	.globl _CAP1
                                    121 	.globl _T2
                                    122 	.globl _CAP2
                                    123 	.globl _T2EX
                                    124 	.globl _CAP3
                                    125 	.globl _PWM3
                                    126 	.globl _SCS
                                    127 	.globl _MOSI
                                    128 	.globl _MISO
                                    129 	.globl _SCK
                                    130 	.globl _AIN0
                                    131 	.globl _AIN1
                                    132 	.globl _AIN2
                                    133 	.globl _AIN3
                                    134 	.globl _AIN4
                                    135 	.globl _AIN5
                                    136 	.globl _AIN6
                                    137 	.globl _AIN7
                                    138 	.globl _P0_0
                                    139 	.globl _P0_1
                                    140 	.globl _P0_2
                                    141 	.globl _P0_3
                                    142 	.globl _P0_4
                                    143 	.globl _P0_5
                                    144 	.globl _P0_6
                                    145 	.globl _P0_7
                                    146 	.globl _UDTR
                                    147 	.globl _URTS
                                    148 	.globl _RXD_
                                    149 	.globl _TXD_
                                    150 	.globl _UCTS
                                    151 	.globl _UDSR
                                    152 	.globl _URI
                                    153 	.globl _UDCD
                                    154 	.globl _IE_SPI0
                                    155 	.globl _IE_TMR3
                                    156 	.globl _IE_USB
                                    157 	.globl _IE_ADC
                                    158 	.globl _IE_UART1
                                    159 	.globl _IE_PWM1
                                    160 	.globl _IE_GPIO
                                    161 	.globl _IE_WDOG
                                    162 	.globl _PX0
                                    163 	.globl _PT0
                                    164 	.globl _PX1
                                    165 	.globl _PT1
                                    166 	.globl _PS
                                    167 	.globl _PT2
                                    168 	.globl _PL_FLAG
                                    169 	.globl _PH_FLAG
                                    170 	.globl _EX0
                                    171 	.globl _ET0
                                    172 	.globl _EX1
                                    173 	.globl _ET1
                                    174 	.globl _ES
                                    175 	.globl _ET2
                                    176 	.globl _E_DIS
                                    177 	.globl _EA
                                    178 	.globl _P
                                    179 	.globl _F1
                                    180 	.globl _OV
                                    181 	.globl _RS0
                                    182 	.globl _RS1
                                    183 	.globl _F0
                                    184 	.globl _AC
                                    185 	.globl _CY
                                    186 	.globl _USB_DMA_AH
                                    187 	.globl _USB_DMA_AL
                                    188 	.globl _USB_DMA
                                    189 	.globl _UHUB1_CTRL
                                    190 	.globl _UDEV_CTRL
                                    191 	.globl _USB_DEV_AD
                                    192 	.globl _USB_CTRL
                                    193 	.globl _USB_INT_EN
                                    194 	.globl _UEP4_T_LEN
                                    195 	.globl _UEP4_CTRL
                                    196 	.globl _UEP0_T_LEN
                                    197 	.globl _UEP0_CTRL
                                    198 	.globl _USB_HUB_ST
                                    199 	.globl _USB_MIS_ST
                                    200 	.globl _USB_INT_ST
                                    201 	.globl _USB_INT_FG
                                    202 	.globl _UEP3_T_LEN
                                    203 	.globl _UEP3_CTRL
                                    204 	.globl _UEP2_T_LEN
                                    205 	.globl _UEP2_CTRL
                                    206 	.globl _UEP1_T_LEN
                                    207 	.globl _UEP1_CTRL
                                    208 	.globl _USB_RX_LEN
                                    209 	.globl _ADC_EX_SW
                                    210 	.globl _ADC_SETUP
                                    211 	.globl _ADC_FIFO_H
                                    212 	.globl _ADC_FIFO_L
                                    213 	.globl _ADC_FIFO
                                    214 	.globl _ADC_CHANN
                                    215 	.globl _ADC_CTRL
                                    216 	.globl _ADC_STAT
                                    217 	.globl _ADC_CK_SE
                                    218 	.globl _ADC_DMA_CN
                                    219 	.globl _ADC_DMA_AH
                                    220 	.globl _ADC_DMA_AL
                                    221 	.globl _ADC_DMA
                                    222 	.globl _SER1_ADDR
                                    223 	.globl _SER1_MSR
                                    224 	.globl _SER1_LSR
                                    225 	.globl _SER1_MCR
                                    226 	.globl _SER1_LCR
                                    227 	.globl _SER1_IIR
                                    228 	.globl _SER1_IER
                                    229 	.globl _SER1_FIFO
                                    230 	.globl _SPI1_CK_SE
                                    231 	.globl _SPI1_CTRL
                                    232 	.globl _SPI1_DATA
                                    233 	.globl _SPI1_STAT
                                    234 	.globl _SPI0_SETUP
                                    235 	.globl _SPI0_CK_SE
                                    236 	.globl _SPI0_CTRL
                                    237 	.globl _SPI0_DATA
                                    238 	.globl _SPI0_STAT
                                    239 	.globl _PWM_CYCLE
                                    240 	.globl _PWM_CK_SE
                                    241 	.globl _PWM_CTRL
                                    242 	.globl _PWM_DATA
                                    243 	.globl _PWM_DATA2
                                    244 	.globl _T3_FIFO_H
                                    245 	.globl _T3_FIFO_L
                                    246 	.globl _T3_FIFO
                                    247 	.globl _T3_DMA_AH
                                    248 	.globl _T3_DMA_AL
                                    249 	.globl _T3_DMA
                                    250 	.globl _T3_DMA_CN
                                    251 	.globl _T3_CTRL
                                    252 	.globl _T3_STAT
                                    253 	.globl _T3_END_H
                                    254 	.globl _T3_END_L
                                    255 	.globl _T3_END
                                    256 	.globl _T3_COUNT_H
                                    257 	.globl _T3_COUNT_L
                                    258 	.globl _T3_COUNT
                                    259 	.globl _T3_SETUP
                                    260 	.globl _TH2
                                    261 	.globl _TL2
                                    262 	.globl _T2COUNT
                                    263 	.globl _RCAP2H
                                    264 	.globl _RCAP2L
                                    265 	.globl _RCAP2
                                    266 	.globl _T2MOD
                                    267 	.globl _T2CON
                                    268 	.globl _SBUF
                                    269 	.globl _SCON
                                    270 	.globl _TH1
                                    271 	.globl _TH0
                                    272 	.globl _TL1
                                    273 	.globl _TL0
                                    274 	.globl _TMOD
                                    275 	.globl _TCON
                                    276 	.globl _XBUS_SPEED
                                    277 	.globl _XBUS_AUX
                                    278 	.globl _PIN_FUNC
                                    279 	.globl _PORT_CFG
                                    280 	.globl _P5_IN
                                    281 	.globl _P4_PU
                                    282 	.globl _P4_DIR
                                    283 	.globl _P4_IN
                                    284 	.globl _P4_OUT
                                    285 	.globl _P3_PU
                                    286 	.globl _P3_DIR
                                    287 	.globl _P3
                                    288 	.globl _P2_PU
                                    289 	.globl _P2_DIR
                                    290 	.globl _P2
                                    291 	.globl _P1_PU
                                    292 	.globl _P1_DIR
                                    293 	.globl _P1_IE
                                    294 	.globl _P1
                                    295 	.globl _P0_PU
                                    296 	.globl _P0_DIR
                                    297 	.globl _P0
                                    298 	.globl _ROM_CTRL
                                    299 	.globl _ROM_DATA_H
                                    300 	.globl _ROM_DATA_L
                                    301 	.globl _ROM_DATA
                                    302 	.globl _ROM_ADDR_H
                                    303 	.globl _ROM_ADDR_L
                                    304 	.globl _ROM_ADDR
                                    305 	.globl _GPIO_IE
                                    306 	.globl _IP_EX
                                    307 	.globl _IE_EX
                                    308 	.globl _IP
                                    309 	.globl _IE
                                    310 	.globl _WDOG_COUNT
                                    311 	.globl _RESET_KEEP
                                    312 	.globl _WAKE_CTRL
                                    313 	.globl _SLEEP_CTRL
                                    314 	.globl _CLOCK_CFG
                                    315 	.globl _PLL_CFG
                                    316 	.globl _PCON
                                    317 	.globl _GLOBAL_CFG
                                    318 	.globl _SAFE_MOD
                                    319 	.globl _DPH
                                    320 	.globl _DPL
                                    321 	.globl _SP
                                    322 	.globl _B
                                    323 	.globl _ACC
                                    324 	.globl _PSW
                                    325 	.globl _pulseIn_PARM_3
                                    326 	.globl _pulseIn_PARM_2
                                    327 	.globl _LED_DMA_XL
                                    328 	.globl _LED_DMA_XH
                                    329 	.globl _LED_DMA_CN
                                    330 	.globl _LED_DMA_AL
                                    331 	.globl _LED_DMA_AH
                                    332 	.globl _LED_CK_SE
                                    333 	.globl _LED_DATA
                                    334 	.globl _LED_CTRL
                                    335 	.globl _LED_STAT
                                    336 	.globl _UEP3_DMA_L
                                    337 	.globl _UEP3_DMA_H
                                    338 	.globl _UEP2_DMA_L
                                    339 	.globl _UEP2_DMA_H
                                    340 	.globl _UEP1_DMA_L
                                    341 	.globl _UEP1_DMA_H
                                    342 	.globl _UEP0_DMA_L
                                    343 	.globl _UEP0_DMA_H
                                    344 	.globl _UEP2_3_MOD
                                    345 	.globl _UEP4_1_MOD
                                    346 	.globl _pLED_DMA_XL
                                    347 	.globl _pLED_DMA_XH
                                    348 	.globl _pLED_DMA_CN
                                    349 	.globl _pLED_DMA_AL
                                    350 	.globl _pLED_DMA_AH
                                    351 	.globl _pLED_CK_SE
                                    352 	.globl _pLED_DATA
                                    353 	.globl _pLED_CTRL
                                    354 	.globl _pLED_STAT
                                    355 	.globl _pUEP3_DMA_L
                                    356 	.globl _pUEP3_DMA_H
                                    357 	.globl _pUEP2_DMA_L
                                    358 	.globl _pUEP2_DMA_H
                                    359 	.globl _pUEP1_DMA_L
                                    360 	.globl _pUEP1_DMA_H
                                    361 	.globl _pUEP0_DMA_L
                                    362 	.globl _pUEP0_DMA_H
                                    363 	.globl _pUEP2_3_MOD
                                    364 	.globl _pUEP4_1_MOD
                                    365 	.globl _pulseIn
                                    366 ;--------------------------------------------------------
                                    367 ; special function registers
                                    368 ;--------------------------------------------------------
                                    369 	.area RSEG    (ABS,DATA)
      000000                        370 	.org 0x0000
                           0000D0   371 _PSW	=	0x00d0
                           0000E0   372 _ACC	=	0x00e0
                           0000F0   373 _B	=	0x00f0
                           000081   374 _SP	=	0x0081
                           000082   375 _DPL	=	0x0082
                           000083   376 _DPH	=	0x0083
                           0000A1   377 _SAFE_MOD	=	0x00a1
                           0000B1   378 _GLOBAL_CFG	=	0x00b1
                           000087   379 _PCON	=	0x0087
                           0000B2   380 _PLL_CFG	=	0x00b2
                           0000B3   381 _CLOCK_CFG	=	0x00b3
                           0000EA   382 _SLEEP_CTRL	=	0x00ea
                           0000EB   383 _WAKE_CTRL	=	0x00eb
                           0000FE   384 _RESET_KEEP	=	0x00fe
                           0000FF   385 _WDOG_COUNT	=	0x00ff
                           0000A8   386 _IE	=	0x00a8
                           0000B8   387 _IP	=	0x00b8
                           0000E8   388 _IE_EX	=	0x00e8
                           0000E9   389 _IP_EX	=	0x00e9
                           0000CF   390 _GPIO_IE	=	0x00cf
                           008584   391 _ROM_ADDR	=	0x8584
                           000084   392 _ROM_ADDR_L	=	0x0084
                           000085   393 _ROM_ADDR_H	=	0x0085
                           008F8E   394 _ROM_DATA	=	0x8f8e
                           00008E   395 _ROM_DATA_L	=	0x008e
                           00008F   396 _ROM_DATA_H	=	0x008f
                           000086   397 _ROM_CTRL	=	0x0086
                           000080   398 _P0	=	0x0080
                           0000C4   399 _P0_DIR	=	0x00c4
                           0000C5   400 _P0_PU	=	0x00c5
                           000090   401 _P1	=	0x0090
                           0000B9   402 _P1_IE	=	0x00b9
                           0000BA   403 _P1_DIR	=	0x00ba
                           0000BB   404 _P1_PU	=	0x00bb
                           0000A0   405 _P2	=	0x00a0
                           0000BC   406 _P2_DIR	=	0x00bc
                           0000BD   407 _P2_PU	=	0x00bd
                           0000B0   408 _P3	=	0x00b0
                           0000BE   409 _P3_DIR	=	0x00be
                           0000BF   410 _P3_PU	=	0x00bf
                           0000C0   411 _P4_OUT	=	0x00c0
                           0000C1   412 _P4_IN	=	0x00c1
                           0000C2   413 _P4_DIR	=	0x00c2
                           0000C3   414 _P4_PU	=	0x00c3
                           0000C7   415 _P5_IN	=	0x00c7
                           0000C6   416 _PORT_CFG	=	0x00c6
                           0000CE   417 _PIN_FUNC	=	0x00ce
                           0000A2   418 _XBUS_AUX	=	0x00a2
                           0000FD   419 _XBUS_SPEED	=	0x00fd
                           000088   420 _TCON	=	0x0088
                           000089   421 _TMOD	=	0x0089
                           00008A   422 _TL0	=	0x008a
                           00008B   423 _TL1	=	0x008b
                           00008C   424 _TH0	=	0x008c
                           00008D   425 _TH1	=	0x008d
                           000098   426 _SCON	=	0x0098
                           000099   427 _SBUF	=	0x0099
                           0000C8   428 _T2CON	=	0x00c8
                           0000C9   429 _T2MOD	=	0x00c9
                           00CBCA   430 _RCAP2	=	0xcbca
                           0000CA   431 _RCAP2L	=	0x00ca
                           0000CB   432 _RCAP2H	=	0x00cb
                           00CDCC   433 _T2COUNT	=	0xcdcc
                           0000CC   434 _TL2	=	0x00cc
                           0000CD   435 _TH2	=	0x00cd
                           0000A3   436 _T3_SETUP	=	0x00a3
                           00A5A4   437 _T3_COUNT	=	0xa5a4
                           0000A4   438 _T3_COUNT_L	=	0x00a4
                           0000A5   439 _T3_COUNT_H	=	0x00a5
                           00A7A6   440 _T3_END	=	0xa7a6
                           0000A6   441 _T3_END_L	=	0x00a6
                           0000A7   442 _T3_END_H	=	0x00a7
                           0000A9   443 _T3_STAT	=	0x00a9
                           0000AA   444 _T3_CTRL	=	0x00aa
                           0000AB   445 _T3_DMA_CN	=	0x00ab
                           00ADAC   446 _T3_DMA	=	0xadac
                           0000AC   447 _T3_DMA_AL	=	0x00ac
                           0000AD   448 _T3_DMA_AH	=	0x00ad
                           00AFAE   449 _T3_FIFO	=	0xafae
                           0000AE   450 _T3_FIFO_L	=	0x00ae
                           0000AF   451 _T3_FIFO_H	=	0x00af
                           00009B   452 _PWM_DATA2	=	0x009b
                           00009C   453 _PWM_DATA	=	0x009c
                           00009D   454 _PWM_CTRL	=	0x009d
                           00009E   455 _PWM_CK_SE	=	0x009e
                           00009F   456 _PWM_CYCLE	=	0x009f
                           0000F8   457 _SPI0_STAT	=	0x00f8
                           0000F9   458 _SPI0_DATA	=	0x00f9
                           0000FA   459 _SPI0_CTRL	=	0x00fa
                           0000FB   460 _SPI0_CK_SE	=	0x00fb
                           0000FC   461 _SPI0_SETUP	=	0x00fc
                           0000B4   462 _SPI1_STAT	=	0x00b4
                           0000B5   463 _SPI1_DATA	=	0x00b5
                           0000B6   464 _SPI1_CTRL	=	0x00b6
                           0000B7   465 _SPI1_CK_SE	=	0x00b7
                           00009A   466 _SER1_FIFO	=	0x009a
                           000091   467 _SER1_IER	=	0x0091
                           000092   468 _SER1_IIR	=	0x0092
                           000093   469 _SER1_LCR	=	0x0093
                           000094   470 _SER1_MCR	=	0x0094
                           000095   471 _SER1_LSR	=	0x0095
                           000096   472 _SER1_MSR	=	0x0096
                           000097   473 _SER1_ADDR	=	0x0097
                           00EDEC   474 _ADC_DMA	=	0xedec
                           0000EC   475 _ADC_DMA_AL	=	0x00ec
                           0000ED   476 _ADC_DMA_AH	=	0x00ed
                           0000EE   477 _ADC_DMA_CN	=	0x00ee
                           0000EF   478 _ADC_CK_SE	=	0x00ef
                           0000F1   479 _ADC_STAT	=	0x00f1
                           0000F2   480 _ADC_CTRL	=	0x00f2
                           0000F3   481 _ADC_CHANN	=	0x00f3
                           00F5F4   482 _ADC_FIFO	=	0xf5f4
                           0000F4   483 _ADC_FIFO_L	=	0x00f4
                           0000F5   484 _ADC_FIFO_H	=	0x00f5
                           0000F6   485 _ADC_SETUP	=	0x00f6
                           0000F7   486 _ADC_EX_SW	=	0x00f7
                           0000D1   487 _USB_RX_LEN	=	0x00d1
                           0000D2   488 _UEP1_CTRL	=	0x00d2
                           0000D3   489 _UEP1_T_LEN	=	0x00d3
                           0000D4   490 _UEP2_CTRL	=	0x00d4
                           0000D5   491 _UEP2_T_LEN	=	0x00d5
                           0000D6   492 _UEP3_CTRL	=	0x00d6
                           0000D7   493 _UEP3_T_LEN	=	0x00d7
                           0000D8   494 _USB_INT_FG	=	0x00d8
                           0000D9   495 _USB_INT_ST	=	0x00d9
                           0000DA   496 _USB_MIS_ST	=	0x00da
                           0000DB   497 _USB_HUB_ST	=	0x00db
                           0000DC   498 _UEP0_CTRL	=	0x00dc
                           0000DD   499 _UEP0_T_LEN	=	0x00dd
                           0000DE   500 _UEP4_CTRL	=	0x00de
                           0000DF   501 _UEP4_T_LEN	=	0x00df
                           0000E1   502 _USB_INT_EN	=	0x00e1
                           0000E2   503 _USB_CTRL	=	0x00e2
                           0000E3   504 _USB_DEV_AD	=	0x00e3
                           0000E4   505 _UDEV_CTRL	=	0x00e4
                           0000E5   506 _UHUB1_CTRL	=	0x00e5
                           00E7E6   507 _USB_DMA	=	0xe7e6
                           0000E6   508 _USB_DMA_AL	=	0x00e6
                           0000E7   509 _USB_DMA_AH	=	0x00e7
                                    510 ;--------------------------------------------------------
                                    511 ; special function bits
                                    512 ;--------------------------------------------------------
                                    513 	.area RSEG    (ABS,DATA)
      000000                        514 	.org 0x0000
                           0000D7   515 _CY	=	0x00d7
                           0000D6   516 _AC	=	0x00d6
                           0000D5   517 _F0	=	0x00d5
                           0000D4   518 _RS1	=	0x00d4
                           0000D3   519 _RS0	=	0x00d3
                           0000D2   520 _OV	=	0x00d2
                           0000D1   521 _F1	=	0x00d1
                           0000D0   522 _P	=	0x00d0
                           0000AF   523 _EA	=	0x00af
                           0000AE   524 _E_DIS	=	0x00ae
                           0000AD   525 _ET2	=	0x00ad
                           0000AC   526 _ES	=	0x00ac
                           0000AB   527 _ET1	=	0x00ab
                           0000AA   528 _EX1	=	0x00aa
                           0000A9   529 _ET0	=	0x00a9
                           0000A8   530 _EX0	=	0x00a8
                           0000BF   531 _PH_FLAG	=	0x00bf
                           0000BE   532 _PL_FLAG	=	0x00be
                           0000BD   533 _PT2	=	0x00bd
                           0000BC   534 _PS	=	0x00bc
                           0000BB   535 _PT1	=	0x00bb
                           0000BA   536 _PX1	=	0x00ba
                           0000B9   537 _PT0	=	0x00b9
                           0000B8   538 _PX0	=	0x00b8
                           0000EF   539 _IE_WDOG	=	0x00ef
                           0000EE   540 _IE_GPIO	=	0x00ee
                           0000ED   541 _IE_PWM1	=	0x00ed
                           0000EC   542 _IE_UART1	=	0x00ec
                           0000EB   543 _IE_ADC	=	0x00eb
                           0000EA   544 _IE_USB	=	0x00ea
                           0000E9   545 _IE_TMR3	=	0x00e9
                           0000E8   546 _IE_SPI0	=	0x00e8
                           000087   547 _UDCD	=	0x0087
                           000086   548 _URI	=	0x0086
                           000085   549 _UDSR	=	0x0085
                           000084   550 _UCTS	=	0x0084
                           000083   551 _TXD_	=	0x0083
                           000082   552 _RXD_	=	0x0082
                           000081   553 _URTS	=	0x0081
                           000080   554 _UDTR	=	0x0080
                           000087   555 _P0_7	=	0x0087
                           000086   556 _P0_6	=	0x0086
                           000085   557 _P0_5	=	0x0085
                           000084   558 _P0_4	=	0x0084
                           000083   559 _P0_3	=	0x0083
                           000082   560 _P0_2	=	0x0082
                           000081   561 _P0_1	=	0x0081
                           000080   562 _P0_0	=	0x0080
                           000097   563 _AIN7	=	0x0097
                           000096   564 _AIN6	=	0x0096
                           000095   565 _AIN5	=	0x0095
                           000094   566 _AIN4	=	0x0094
                           000093   567 _AIN3	=	0x0093
                           000092   568 _AIN2	=	0x0092
                           000091   569 _AIN1	=	0x0091
                           000090   570 _AIN0	=	0x0090
                           000097   571 _SCK	=	0x0097
                           000096   572 _MISO	=	0x0096
                           000095   573 _MOSI	=	0x0095
                           000094   574 _SCS	=	0x0094
                           000092   575 _PWM3	=	0x0092
                           000092   576 _CAP3	=	0x0092
                           000091   577 _T2EX	=	0x0091
                           000091   578 _CAP2	=	0x0091
                           000090   579 _T2	=	0x0090
                           000090   580 _CAP1	=	0x0090
                           000097   581 _P1_7	=	0x0097
                           000096   582 _P1_6	=	0x0096
                           000095   583 _P1_5	=	0x0095
                           000094   584 _P1_4	=	0x0094
                           000093   585 _P1_3	=	0x0093
                           000092   586 _P1_2	=	0x0092
                           000091   587 _P1_1	=	0x0091
                           000090   588 _P1_0	=	0x0090
                           0000A7   589 _TXD1	=	0x00a7
                           0000A7   590 _DA7	=	0x00a7
                           0000A6   591 _RXD1	=	0x00a6
                           0000A5   592 _TNOW	=	0x00a5
                           0000A5   593 _PWM2	=	0x00a5
                           0000A5   594 _T2EX_	=	0x00a5
                           0000A5   595 _CAP2_	=	0x00a5
                           0000A4   596 _PWM1	=	0x00a4
                           0000A3   597 _SCK1	=	0x00a3
                           0000A2   598 _MISO1	=	0x00a2
                           0000A1   599 _MOSI1	=	0x00a1
                           0000A7   600 _P2_7	=	0x00a7
                           0000A6   601 _P2_6	=	0x00a6
                           0000A5   602 _P2_5	=	0x00a5
                           0000A4   603 _P2_4	=	0x00a4
                           0000A3   604 _P2_3	=	0x00a3
                           0000A2   605 _P2_2	=	0x00a2
                           0000A1   606 _P2_1	=	0x00a1
                           0000A0   607 _P2_0	=	0x00a0
                           0000B7   608 _RD	=	0x00b7
                           0000B6   609 _WR	=	0x00b6
                           0000B5   610 _DA6	=	0x00b5
                           0000B5   611 _T1	=	0x00b5
                           0000B4   612 _LEDC	=	0x00b4
                           0000B4   613 _XCS0	=	0x00b4
                           0000B4   614 _T0	=	0x00b4
                           0000B3   615 _LED1	=	0x00b3
                           0000B3   616 _INT1	=	0x00b3
                           0000B2   617 _LED0	=	0x00b2
                           0000B2   618 _INT0	=	0x00b2
                           0000B1   619 _TXD	=	0x00b1
                           0000B0   620 _RXD	=	0x00b0
                           0000B7   621 _P3_7	=	0x00b7
                           0000B6   622 _P3_6	=	0x00b6
                           0000B5   623 _P3_5	=	0x00b5
                           0000B4   624 _P3_4	=	0x00b4
                           0000B3   625 _P3_3	=	0x00b3
                           0000B2   626 _P3_2	=	0x00b2
                           0000B1   627 _P3_1	=	0x00b1
                           0000B0   628 _P3_0	=	0x00b0
                           0000C7   629 _SCK_	=	0x00c7
                           0000C6   630 _SCS_	=	0x00c6
                           0000C5   631 _PWM2_	=	0x00c5
                           0000C4   632 _LED3	=	0x00c4
                           0000C4   633 _TNOW_	=	0x00c4
                           0000C4   634 _TXD1_	=	0x00c4
                           0000C3   635 _PWM1_	=	0x00c3
                           0000C2   636 _PWM3_	=	0x00c2
                           0000C2   637 _CAP3_	=	0x00c2
                           0000C0   638 _LED2	=	0x00c0
                           0000C0   639 _RXD1_	=	0x00c0
                           0000C7   640 _P4_OUT_7	=	0x00c7
                           0000C6   641 _P4_OUT_6	=	0x00c6
                           0000C5   642 _P4_OUT_5	=	0x00c5
                           0000C4   643 _P4_OUT_4	=	0x00c4
                           0000C3   644 _P4_OUT_3	=	0x00c3
                           0000C2   645 _P4_OUT_2	=	0x00c2
                           0000C1   646 _P4_OUT_1	=	0x00c1
                           0000C0   647 _P4_OUT_0	=	0x00c0
                           00008F   648 _TF1	=	0x008f
                           00008E   649 _TR1	=	0x008e
                           00008D   650 _TF0	=	0x008d
                           00008C   651 _TR0	=	0x008c
                           00008B   652 _IE1	=	0x008b
                           00008A   653 _IT1	=	0x008a
                           000089   654 _IE0	=	0x0089
                           000088   655 _IT0	=	0x0088
                           00009F   656 _SM0	=	0x009f
                           00009E   657 _SM1	=	0x009e
                           00009D   658 _SM2	=	0x009d
                           00009C   659 _REN	=	0x009c
                           00009B   660 _TB8	=	0x009b
                           00009A   661 _RB8	=	0x009a
                           000099   662 _TI	=	0x0099
                           000098   663 _RI	=	0x0098
                           0000CF   664 _TF2	=	0x00cf
                           0000CF   665 _CAP1F	=	0x00cf
                           0000CE   666 _EXF2	=	0x00ce
                           0000CD   667 _RCLK	=	0x00cd
                           0000CC   668 _TCLK	=	0x00cc
                           0000CB   669 _EXEN2	=	0x00cb
                           0000CA   670 _TR2	=	0x00ca
                           0000C9   671 _C_T2	=	0x00c9
                           0000C8   672 _CP_RL2	=	0x00c8
                           0000FF   673 _S0_FST_ACT	=	0x00ff
                           0000FE   674 _S0_IF_OV	=	0x00fe
                           0000FD   675 _S0_IF_FIRST	=	0x00fd
                           0000FC   676 _S0_IF_BYTE	=	0x00fc
                           0000FB   677 _S0_FREE	=	0x00fb
                           0000FA   678 _S0_T_FIFO	=	0x00fa
                           0000F9   679 _S0_R_FIFO1	=	0x00f9
                           0000F8   680 _S0_R_FIFO0	=	0x00f8
                           0000DF   681 _U_IS_NAK	=	0x00df
                           0000DE   682 _U_TOG_OK	=	0x00de
                           0000DD   683 _U_SIE_FREE	=	0x00dd
                           0000DC   684 _UIF_FIFO_OV	=	0x00dc
                           0000DB   685 _UIF_HST_SOF	=	0x00db
                           0000DA   686 _UIF_SUSPEND	=	0x00da
                           0000D9   687 _UIF_TRANSFER	=	0x00d9
                           0000D8   688 _UIF_DETECT	=	0x00d8
                           0000D8   689 _UIF_BUS_RST	=	0x00d8
                                    690 ;--------------------------------------------------------
                                    691 ; overlayable register banks
                                    692 ;--------------------------------------------------------
                                    693 	.area REG_BANK_0	(REL,OVR,DATA)
      000000                        694 	.ds 8
                                    695 ;--------------------------------------------------------
                                    696 ; internal ram data
                                    697 ;--------------------------------------------------------
                                    698 	.area DSEG    (DATA)
                                    699 ;--------------------------------------------------------
                                    700 ; overlayable items in internal ram
                                    701 ;--------------------------------------------------------
                                    702 ;--------------------------------------------------------
                                    703 ; indirectly addressable internal ram data
                                    704 ;--------------------------------------------------------
                                    705 	.area ISEG    (DATA)
                                    706 ;--------------------------------------------------------
                                    707 ; absolute internal ram data
                                    708 ;--------------------------------------------------------
                                    709 	.area IABS    (ABS,DATA)
                                    710 	.area IABS    (ABS,DATA)
                                    711 ;--------------------------------------------------------
                                    712 ; bit data
                                    713 ;--------------------------------------------------------
                                    714 	.area BSEG    (BIT)
                                    715 ;--------------------------------------------------------
                                    716 ; paged external ram data
                                    717 ;--------------------------------------------------------
                                    718 	.area PSEG    (PAG,XDATA)
                           002546   719 _pUEP4_1_MOD	=	0x2546
                           002547   720 _pUEP2_3_MOD	=	0x2547
                           002548   721 _pUEP0_DMA_H	=	0x2548
                           002549   722 _pUEP0_DMA_L	=	0x2549
                           00254A   723 _pUEP1_DMA_H	=	0x254a
                           00254B   724 _pUEP1_DMA_L	=	0x254b
                           00254C   725 _pUEP2_DMA_H	=	0x254c
                           00254D   726 _pUEP2_DMA_L	=	0x254d
                           00254E   727 _pUEP3_DMA_H	=	0x254e
                           00254F   728 _pUEP3_DMA_L	=	0x254f
                           002980   729 _pLED_STAT	=	0x2980
                           002981   730 _pLED_CTRL	=	0x2981
                           002982   731 _pLED_DATA	=	0x2982
                           002983   732 _pLED_CK_SE	=	0x2983
                           002984   733 _pLED_DMA_AH	=	0x2984
                           002985   734 _pLED_DMA_AL	=	0x2985
                           002986   735 _pLED_DMA_CN	=	0x2986
                           002988   736 _pLED_DMA_XH	=	0x2988
                           002989   737 _pLED_DMA_XL	=	0x2989
                                    738 ;--------------------------------------------------------
                                    739 ; uninitialized external ram data
                                    740 ;--------------------------------------------------------
                                    741 	.area XSEG    (XDATA)
                           002446   742 _UEP4_1_MOD	=	0x2446
                           002447   743 _UEP2_3_MOD	=	0x2447
                           002448   744 _UEP0_DMA_H	=	0x2448
                           002449   745 _UEP0_DMA_L	=	0x2449
                           00244A   746 _UEP1_DMA_H	=	0x244a
                           00244B   747 _UEP1_DMA_L	=	0x244b
                           00244C   748 _UEP2_DMA_H	=	0x244c
                           00244D   749 _UEP2_DMA_L	=	0x244d
                           00244E   750 _UEP3_DMA_H	=	0x244e
                           00244F   751 _UEP3_DMA_L	=	0x244f
                           002880   752 _LED_STAT	=	0x2880
                           002881   753 _LED_CTRL	=	0x2881
                           002882   754 _LED_DATA	=	0x2882
                           002883   755 _LED_CK_SE	=	0x2883
                           002884   756 _LED_DMA_AH	=	0x2884
                           002885   757 _LED_DMA_AL	=	0x2885
                           002886   758 _LED_DMA_CN	=	0x2886
                           002888   759 _LED_DMA_XH	=	0x2888
                           002889   760 _LED_DMA_XL	=	0x2889
      000000                        761 _pulseIn_PARM_2:
      000000                        762 	.ds 1
      000001                        763 _pulseIn_PARM_3:
      000001                        764 	.ds 2
                                    765 ;--------------------------------------------------------
                                    766 ; absolute external ram data
                                    767 ;--------------------------------------------------------
                                    768 	.area XABS    (ABS,XDATA)
                                    769 ;--------------------------------------------------------
                                    770 ; initialized external ram data
                                    771 ;--------------------------------------------------------
                                    772 	.area XISEG   (XDATA)
                                    773 	.area HOME    (CODE)
                                    774 	.area GSINIT0 (CODE)
                                    775 	.area GSINIT1 (CODE)
                                    776 	.area GSINIT2 (CODE)
                                    777 	.area GSINIT3 (CODE)
                                    778 	.area GSINIT4 (CODE)
                                    779 	.area GSINIT5 (CODE)
                                    780 	.area GSINIT  (CODE)
                                    781 	.area GSFINAL (CODE)
                                    782 	.area CSEG    (CODE)
                                    783 ;--------------------------------------------------------
                                    784 ; global & static initialisations
                                    785 ;--------------------------------------------------------
                                    786 	.area HOME    (CODE)
                                    787 	.area GSINIT  (CODE)
                                    788 	.area GSFINAL (CODE)
                                    789 	.area GSINIT  (CODE)
                                    790 ;--------------------------------------------------------
                                    791 ; Home
                                    792 ;--------------------------------------------------------
                                    793 	.area HOME    (CODE)
                                    794 	.area HOME    (CODE)
                                    795 ;--------------------------------------------------------
                                    796 ; code
                                    797 ;--------------------------------------------------------
                                    798 	.area CSEG    (CODE)
                                    799 ;------------------------------------------------------------
                                    800 ;Allocation info for local variables in function 'pulseIn'
                                    801 ;------------------------------------------------------------
                                    802 ;state                     Allocated with name '_pulseIn_PARM_2'
                                    803 ;timeout                   Allocated with name '_pulseIn_PARM_3'
                                    804 ;pin                       Allocated with name '_pulseIn_pin_65536_172'
                                    805 ;------------------------------------------------------------
                                    806 ;	C:\Users\tonyp\AppData\Local\Arduino15\packages\CH55xDuino\hardware\mcs51\0.0.23\cores\ch55xduino\wiring_pulsein.c:27: uint32_t pulseIn(uint8_t pin, __xdata uint8_t state, __xdata uint16_t timeout) {
                                    807 ;	-----------------------------------------
                                    808 ;	 function pulseIn
                                    809 ;	-----------------------------------------
      000000                        810 _pulseIn:
                           000007   811 	ar7 = 0x07
                           000006   812 	ar6 = 0x06
                           000005   813 	ar5 = 0x05
                           000004   814 	ar4 = 0x04
                           000003   815 	ar3 = 0x03
                           000002   816 	ar2 = 0x02
                           000001   817 	ar1 = 0x01
                           000000   818 	ar0 = 0x00
                                    819 ;	C:\Users\tonyp\AppData\Local\Arduino15\packages\CH55xDuino\hardware\mcs51\0.0.23\cores\ch55xduino\wiring_pulsein.c:271: );
                                    820 ;get	address of the pin read instruction     
                                    821 ;dpl	is already ready                        
      000000 12r00r00         [24]  822 	lcall	_digitalReadDirectLutAddrAndCarryReturn 
                                    823 ;	backup dptr                                
                                    824 ;put	loop limit (inc to overflow)            
                                    825 ;roughly	accurate.                           
                                    826 ;value	= 65536-(ms*F_CPU*(1E-6)*34)          
                                    827 ;that	is 16bit x 16 bit = 32bit              
                                    828 ;https://developer.arm.com/documentation/ka002453/latest/	
      000003 05 A2            [12]  829 	inc	_XBUS_AUX                            
      000005 90r00r01         [24]  830 	mov	dptr,#_pulseIn_PARM_3                
      000008 E0               [24]  831 	movx	a,@dptr                             
      000009 75 F0 30         [24]  832 	mov	b,#((24*34)&0XFF)      
      00000C A4               [48]  833 	mul	ab                                   
      00000D F9               [12]  834 	mov	r1,a                                 
      00000E AA F0            [24]  835 	mov	r2,b                                 
      000010 E0               [24]  836 	movx	a,@dptr                             
      000011 75 F0 03         [24]  837 	mov	b,#((24*34)>>8)        
      000014 A4               [48]  838 	mul	ab                                   
      000015 2A               [12]  839 	add	a,r2                                 
      000016 FA               [12]  840 	mov	r2,a                                 
      000017 74 00            [12]  841 	mov	a, #0                                
      000019 35 F0            [12]  842 	addc	a,b                                 
      00001B FB               [12]  843 	mov	r3,a                                 
      00001C A3               [24]  844 	inc	dptr                                 
      00001D E0               [24]  845 	movx	a,@dptr                             
      00001E 75 F0 30         [24]  846 	mov	b,#((24*34)&0XFF)      
      000021 A4               [48]  847 	mul	ab                                   
      000022 2A               [12]  848 	add	a,r2                                 
      000023 FA               [12]  849 	mov	r2,a                                 
      000024 EB               [12]  850 	mov	a,r3                                 
      000025 35 F0            [12]  851 	addc	a,b                                 
      000027 FB               [12]  852 	mov	r3,a                                 
      000028 74 00            [12]  853 	mov	a,#0                                 
      00002A 34 00            [12]  854 	addc	a,#0                                
      00002C FC               [12]  855 	mov	r4,a                                 
      00002D E0               [24]  856 	movx	a,@dptr                             
      00002E 75 F0 03         [24]  857 	mov	b,#((24*34)>>8)        
      000031 A4               [48]  858 	mul	ab                                   
      000032 2B               [12]  859 	add	a,r3                                 
      000033 FB               [12]  860 	mov	r3,a                                 
      000034 EC               [12]  861 	mov	a,r4                                 
      000035 35 F0            [12]  862 	addc	a,b                                 
      000037 FC               [12]  863 	mov	r4,a                                 
                                    864 ;65536-result	                             
      000038 E4               [12]  865 	clr	a                                    
      000039 99               [12]  866 	subb	a,r1                                
      00003A F8               [12]  867 	mov	r0,a                                 
      00003B E4               [12]  868 	clr	a                                    
      00003C 9A               [12]  869 	subb	a,r2                                
      00003D F9               [12]  870 	mov	r1,a                                 
      00003E E4               [12]  871 	clr	a                                    
      00003F 9B               [12]  872 	subb	a,r3                                
      000040 FA               [12]  873 	mov	r2,a                                 
      000041 E4               [12]  874 	clr	a                                    
      000042 9C               [12]  875 	subb	a,r4                                
      000043 FB               [12]  876 	mov	r3,a                                 
      000044 15 A2            [12]  877 	dec	_XBUS_AUX                            
                                    878 ;branching	if we meausure high pulse of low  
      000046 05 A2            [12]  879 	inc	_XBUS_AUX                            
      000048 90r00r00         [24]  880 	mov	dptr,#_pulseIn_PARM_2               
      00004B E0               [24]  881 	movx	a,@dptr                             
      00004C 15 A2            [12]  882 	dec	_XBUS_AUX                            
      00004E 60 69            [24]  883 	jz	lowPulseDetection$                    
                                    884 ;highPulse,	Wait for low, previous pulse end
      000050                        885 highPulseWaitPrevFinish$:
      000050 08               [12]  886 	inc	r0                                   
      000051 B8 00 0F         [24]  887 	cjne	r0,#0,highPulseWaitPrevFinish_overflow_countOver$
      000054 09               [12]  888 	inc	r1                                   
      000055 B9 00 0B         [24]  889 	cjne	r1,#0,highPulseWaitPrevFinish_overflow_countOver$
      000058 0A               [12]  890 	inc	r2                                   
      000059 BA 00 07         [24]  891 	cjne	r2,#0,highPulseWaitPrevFinish_overflow_countOver$
      00005C 0B               [12]  892 	inc	r3                                   
      00005D BB 00 03         [24]  893 	cjne	r3,#0,highPulseWaitPrevFinish_overflow_countOver$
                                    894 ;32bit	overflow if get here                  
      000060 02r01r49         [24]  895 	ljmp	failReturn0$                        
      000063                        896 highPulseWaitPrevFinish_overflow_countOver$:
      000063 12r00r00         [24]  897 	lcall	__sdcc_call_dptr                   
      000066 40 E8            [24]  898 	jc	highPulseWaitPrevFinish$              
                                    899 ;	                                           
                                    900 ;highPulse,	Wait for rise                    
      000068                        901 highPulseWaitRise$:
      000068 08               [12]  902 	inc	r0                                   
      000069 B8 00 0F         [24]  903 	cjne	r0,#0,highPulseWaitRise_overflow_countOver$
      00006C 09               [12]  904 	inc	r1                                   
      00006D B9 00 0B         [24]  905 	cjne	r1,#0,highPulseWaitRise_overflow_countOver$
      000070 0A               [12]  906 	inc	r2                                   
      000071 BA 00 07         [24]  907 	cjne	r2,#0,highPulseWaitRise_overflow_countOver$
      000074 0B               [12]  908 	inc	r3                                   
      000075 BB 00 03         [24]  909 	cjne	r3,#0,highPulseWaitRise_overflow_countOver$
                                    910 ;32bit	overflow if get here                  
      000078 02r01r49         [24]  911 	ljmp	failReturn0$                        
      00007B                        912 highPulseWaitRise_overflow_countOver$:
      00007B 12r00r00         [24]  913 	lcall	__sdcc_call_dptr                   
      00007E 50 E8            [24]  914 	jnc	highPulseWaitRise$                   
                                    915 ;highPulse,	got rising edge, record micros   
      000080 05 A2            [12]  916 	inc	_XBUS_AUX                            
      000082 C0 00            [24]  917 	push	ar0                                 
      000084 C0 01            [24]  918 	push	ar1                                 
      000086 C0 02            [24]  919 	push	ar2                                 
      000088 C0 03            [24]  920 	push	ar3                                 
      00008A 12r00r00         [24]  921 	lcall	_micros                           
      00008D D0 03            [24]  922 	pop	ar3                                  
      00008F D0 02            [24]  923 	pop	ar2                                  
      000091 D0 01            [24]  924 	pop	ar1                                  
      000093 D0 00            [24]  925 	pop	ar0                                  
      000095 AC 82            [24]  926 	mov	r4,dpl                              
      000097 AD 83            [24]  927 	mov	r5,dph                              
      000099 AE F0            [24]  928 	mov	 r6,b                                
      00009B FF               [12]  929 	mov	 r7,a                                
      00009C 15 A2            [12]  930 	dec	_XBUS_AUX                            
                                    931 ;	                                           
                                    932 ;highPulse,	Wait for fall                    
      00009E                        933 highPulseWaitFall$:
      00009E 08               [12]  934 	inc	r0                                   
      00009F B8 00 0F         [24]  935 	cjne	r0,#0,highPulseWaitFall_overflow_countOver$
      0000A2 09               [12]  936 	inc	r1                                   
      0000A3 B9 00 0B         [24]  937 	cjne	r1,#0,highPulseWaitFall_overflow_countOver$
      0000A6 0A               [12]  938 	inc	r2                                   
      0000A7 BA 00 07         [24]  939 	cjne	r2,#0,highPulseWaitFall_overflow_countOver$
      0000AA 0B               [12]  940 	inc	r3                                   
      0000AB BB 00 03         [24]  941 	cjne	r3,#0,highPulseWaitFall_overflow_countOver$
                                    942 ;32bit	overflow if get here                  
      0000AE 02r01r49         [24]  943 	ljmp	failReturn0$                        
      0000B1                        944 highPulseWaitFall_overflow_countOver$:
      0000B1 12r00r00         [24]  945 	lcall	__sdcc_call_dptr                   
      0000B4 40 E8            [24]  946 	jc	highPulseWaitFall$                    
                                    947 ;highPulse,	got falling edge, record micros  
                                    948 ;dptr	no longer needed, r0~3 no longer needed
                                    949 ;call	micros again to get the difference     
      0000B6 02r01r22         [24]  950 	ljmp	calculateMicrosDiff$                
      0000B9                        951 lowPulseDetection$:
                                    952 ;lowPulse,	Wait for high, previous pulse end
      0000B9                        953 lowPulseWaitPrevFinish$:
      0000B9 08               [12]  954 	inc	r0                                   
      0000BA B8 00 0F         [24]  955 	cjne	r0,#0,lowPulseWaitPrevFinish_overflow_countOver$
      0000BD 09               [12]  956 	inc	r1                                   
      0000BE B9 00 0B         [24]  957 	cjne	r1,#0,lowPulseWaitPrevFinish_overflow_countOver$
      0000C1 0A               [12]  958 	inc	r2                                   
      0000C2 BA 00 07         [24]  959 	cjne	r2,#0,lowPulseWaitPrevFinish_overflow_countOver$
      0000C5 0B               [12]  960 	inc	r3                                   
      0000C6 BB 00 03         [24]  961 	cjne	r3,#0,lowPulseWaitPrevFinish_overflow_countOver$
                                    962 ;32bit	overflow if get here                  
      0000C9 02r01r49         [24]  963 	ljmp	failReturn0$                        
      0000CC                        964 lowPulseWaitPrevFinish_overflow_countOver$:
      0000CC 12r00r00         [24]  965 	lcall	__sdcc_call_dptr                   
      0000CF 50 E8            [24]  966 	jnc	lowPulseWaitPrevFinish$              
                                    967 ;	                                           
                                    968 ;lowPulse,	Wait for fall                    
      0000D1                        969 lowPulseWaitFall$:
      0000D1 08               [12]  970 	inc	r0                                   
      0000D2 B8 00 0F         [24]  971 	cjne	r0,#0,lowPulseWaitFall_overflow_countOver$
      0000D5 09               [12]  972 	inc	r1                                   
      0000D6 B9 00 0B         [24]  973 	cjne	r1,#0,lowPulseWaitFall_overflow_countOver$
      0000D9 0A               [12]  974 	inc	r2                                   
      0000DA BA 00 07         [24]  975 	cjne	r2,#0,lowPulseWaitFall_overflow_countOver$
      0000DD 0B               [12]  976 	inc	r3                                   
      0000DE BB 00 03         [24]  977 	cjne	r3,#0,lowPulseWaitFall_overflow_countOver$
                                    978 ;32bit	overflow if get here                  
      0000E1 02r01r49         [24]  979 	ljmp	failReturn0$                        
      0000E4                        980 lowPulseWaitFall_overflow_countOver$:
      0000E4 12r00r00         [24]  981 	lcall	__sdcc_call_dptr                   
      0000E7 50 E8            [24]  982 	jnc	lowPulseWaitFall$                   
                                    983 ;lowPulse,	got falling edge, record micros   
      0000E9 05 A2            [12]  984 	inc	_XBUS_AUX                            
      0000EB C0 00            [24]  985 	push	ar0                                 
      0000ED C0 01            [24]  986 	push	ar1                                 
      0000EF C0 02            [24]  987 	push	ar2                                 
      0000F1 C0 03            [24]  988 	push	ar3                                 
      0000F3 12r00r00         [24]  989 	lcall	_micros                           
      0000F6 D0 03            [24]  990 	pop	ar3                                  
      0000F8 D0 02            [24]  991 	pop	ar2                                  
      0000FA D0 01            [24]  992 	pop	ar1                                  
      0000FC D0 00            [24]  993 	pop	ar0                                  
      0000FE AC 82            [24]  994 	mov	r4,dpl                              
      000100 AD 83            [24]  995 	mov	r5,dph                              
      000102 AE F0            [24]  996 	mov	 r6,b                                
      000104 FF               [12]  997 	mov	 r7,a                                
      000105 15 A2            [12]  998 	dec	_XBUS_AUX                            
                                    999 ;	                                           
                                   1000 ;lowPulse,	Wait for rise                    
      000107                       1001 lowPulseWaitRise$:
      000107 08               [12] 1002 	inc	r0                                   
      000108 B8 00 0F         [24] 1003 	cjne	r0,#0,lowPulseWaitRise_overflow_countOver$
      00010B 09               [12] 1004 	inc	r1                                   
      00010C B9 00 0B         [24] 1005 	cjne	r1,#0,lowPulseWaitRise_overflow_countOver$
      00010F 0A               [12] 1006 	inc	r2                                   
      000110 BA 00 07         [24] 1007 	cjne	r2,#0,lowPulseWaitRise_overflow_countOver$
      000113 0B               [12] 1008 	inc	r3                                   
      000114 BB 00 03         [24] 1009 	cjne	r3,#0,lowPulseWaitRise_overflow_countOver$
                                   1010 ;32bit	overflow if get here                  
      000117 02r01r49         [24] 1011 	ljmp	failReturn0$                        
      00011A                       1012 lowPulseWaitRise_overflow_countOver$:
      00011A 12r00r00         [24] 1013 	lcall	__sdcc_call_dptr                   
      00011D 40 E8            [24] 1014 	jc	lowPulseWaitRise$                    
                                   1015 ;lowPulse,	got rising edge, record micros  
                                   1016 ;dptr	no longer needed, r0~3 no longer needed
                                   1017 ;call	micros again to get the difference     
      00011F 02r01r22         [24] 1018 	ljmp	calculateMicrosDiff$                
      000122                       1019 calculateMicrosDiff$:
      000122 C0 04            [24] 1020 	push	ar4                                 
      000124 C0 05            [24] 1021 	push	ar5                                 
      000126 C0 06            [24] 1022 	push	ar6                                 
      000128 C0 07            [24] 1023 	push	ar7                                 
      00012A 12r00r00         [24] 1024 	lcall	_micros                           
      00012D D0 07            [24] 1025 	pop	ar7                                  
      00012F D0 06            [24] 1026 	pop	ar6                                  
      000131 D0 05            [24] 1027 	pop	ar5                                  
      000133 D0 04            [24] 1028 	pop	ar4                                  
      000135 F8               [12] 1029 	mov	r0,a                                
      000136 C3               [12] 1030 	clr	c                                    
      000137 E5 82            [12] 1031 	mov	a,dpl                               
      000139 9C               [12] 1032 	subb	a,r4                                
      00013A F5 82            [12] 1033 	mov	dpl,a                               
      00013C E5 83            [12] 1034 	mov	a,dph                               
      00013E 9D               [12] 1035 	subb	a,r5                                
      00013F F5 83            [12] 1036 	mov	dph,a                               
      000141 E5 F0            [12] 1037 	mov	a,b                                 
      000143 9E               [12] 1038 	subb	a,r6                                
      000144 F5 F0            [12] 1039 	mov	b,a                                 
      000146 E8               [12] 1040 	mov	a,r0                                
      000147 9F               [12] 1041 	subb	a,r7                                
      000148 22               [24] 1042 	ret	                                     
      000149                       1043 failReturn0$:
      000149 E4               [12] 1044 	clr	a                                    
      00014A F5 82            [12] 1045 	mov	dpl,a                                
      00014C F5 83            [12] 1046 	mov	dph,a                                
      00014E F5 F0            [12] 1047 	mov	b,a                                  
      000150 22               [24] 1048 	ret	                                     
                                   1049 ;	C:\Users\tonyp\AppData\Local\Arduino15\packages\CH55xDuino\hardware\mcs51\0.0.23\cores\ch55xduino\wiring_pulsein.c:273: }
      000151 22               [24] 1050 	ret
                                   1051 	.area CSEG    (CODE)
                                   1052 	.area CONST   (CODE)
                                   1053 	.area XINIT   (CODE)
                                   1054 	.area CABS    (ABS,CODE)
