                                      1 ;--------------------------------------------------------
                                      2 ; File Created by SDCC : free open source ISO C Compiler 
                                      3 ; Version 4.2.2 #13407 (MINGW32)
                                      4 ;--------------------------------------------------------
                                      5 	.module wiring
                                      6 	.optsdcc -mmcs51 --model-large
                                      7 	
                                      8 ;--------------------------------------------------------
                                      9 ; Public variables in this module
                                     10 ;--------------------------------------------------------
                                     11 	.globl _Timer0Interrupt
                                     12 	.globl _USBDeviceEndPointCfg
                                     13 	.globl _USBDeviceIntCfg
                                     14 	.globl _USBDeviceCfg
                                     15 	.globl _UIF_BUS_RST
                                     16 	.globl _UIF_DETECT
                                     17 	.globl _UIF_TRANSFER
                                     18 	.globl _UIF_SUSPEND
                                     19 	.globl _UIF_HST_SOF
                                     20 	.globl _UIF_FIFO_OV
                                     21 	.globl _U_SIE_FREE
                                     22 	.globl _U_TOG_OK
                                     23 	.globl _U_IS_NAK
                                     24 	.globl _S0_R_FIFO0
                                     25 	.globl _S0_R_FIFO1
                                     26 	.globl _S0_T_FIFO
                                     27 	.globl _S0_FREE
                                     28 	.globl _S0_IF_BYTE
                                     29 	.globl _S0_IF_FIRST
                                     30 	.globl _S0_IF_OV
                                     31 	.globl _S0_FST_ACT
                                     32 	.globl _CP_RL2
                                     33 	.globl _C_T2
                                     34 	.globl _TR2
                                     35 	.globl _EXEN2
                                     36 	.globl _TCLK
                                     37 	.globl _RCLK
                                     38 	.globl _EXF2
                                     39 	.globl _CAP1F
                                     40 	.globl _TF2
                                     41 	.globl _RI
                                     42 	.globl _TI
                                     43 	.globl _RB8
                                     44 	.globl _TB8
                                     45 	.globl _REN
                                     46 	.globl _SM2
                                     47 	.globl _SM1
                                     48 	.globl _SM0
                                     49 	.globl _IT0
                                     50 	.globl _IE0
                                     51 	.globl _IT1
                                     52 	.globl _IE1
                                     53 	.globl _TR0
                                     54 	.globl _TF0
                                     55 	.globl _TR1
                                     56 	.globl _TF1
                                     57 	.globl _P4_OUT_0
                                     58 	.globl _P4_OUT_1
                                     59 	.globl _P4_OUT_2
                                     60 	.globl _P4_OUT_3
                                     61 	.globl _P4_OUT_4
                                     62 	.globl _P4_OUT_5
                                     63 	.globl _P4_OUT_6
                                     64 	.globl _P4_OUT_7
                                     65 	.globl _RXD1_
                                     66 	.globl _LED2
                                     67 	.globl _CAP3_
                                     68 	.globl _PWM3_
                                     69 	.globl _PWM1_
                                     70 	.globl _TXD1_
                                     71 	.globl _TNOW_
                                     72 	.globl _LED3
                                     73 	.globl _PWM2_
                                     74 	.globl _SCS_
                                     75 	.globl _SCK_
                                     76 	.globl _P3_0
                                     77 	.globl _P3_1
                                     78 	.globl _P3_2
                                     79 	.globl _P3_3
                                     80 	.globl _P3_4
                                     81 	.globl _P3_5
                                     82 	.globl _P3_6
                                     83 	.globl _P3_7
                                     84 	.globl _RXD
                                     85 	.globl _TXD
                                     86 	.globl _INT0
                                     87 	.globl _LED0
                                     88 	.globl _INT1
                                     89 	.globl _LED1
                                     90 	.globl _T0
                                     91 	.globl _XCS0
                                     92 	.globl _LEDC
                                     93 	.globl _T1
                                     94 	.globl _DA6
                                     95 	.globl _WR
                                     96 	.globl _RD
                                     97 	.globl _P2_0
                                     98 	.globl _P2_1
                                     99 	.globl _P2_2
                                    100 	.globl _P2_3
                                    101 	.globl _P2_4
                                    102 	.globl _P2_5
                                    103 	.globl _P2_6
                                    104 	.globl _P2_7
                                    105 	.globl _MOSI1
                                    106 	.globl _MISO1
                                    107 	.globl _SCK1
                                    108 	.globl _PWM1
                                    109 	.globl _CAP2_
                                    110 	.globl _T2EX_
                                    111 	.globl _PWM2
                                    112 	.globl _TNOW
                                    113 	.globl _RXD1
                                    114 	.globl _DA7
                                    115 	.globl _TXD1
                                    116 	.globl _P1_0
                                    117 	.globl _P1_1
                                    118 	.globl _P1_2
                                    119 	.globl _P1_3
                                    120 	.globl _P1_4
                                    121 	.globl _P1_5
                                    122 	.globl _P1_6
                                    123 	.globl _P1_7
                                    124 	.globl _CAP1
                                    125 	.globl _T2
                                    126 	.globl _CAP2
                                    127 	.globl _T2EX
                                    128 	.globl _CAP3
                                    129 	.globl _PWM3
                                    130 	.globl _SCS
                                    131 	.globl _MOSI
                                    132 	.globl _MISO
                                    133 	.globl _SCK
                                    134 	.globl _AIN0
                                    135 	.globl _AIN1
                                    136 	.globl _AIN2
                                    137 	.globl _AIN3
                                    138 	.globl _AIN4
                                    139 	.globl _AIN5
                                    140 	.globl _AIN6
                                    141 	.globl _AIN7
                                    142 	.globl _P0_0
                                    143 	.globl _P0_1
                                    144 	.globl _P0_2
                                    145 	.globl _P0_3
                                    146 	.globl _P0_4
                                    147 	.globl _P0_5
                                    148 	.globl _P0_6
                                    149 	.globl _P0_7
                                    150 	.globl _UDTR
                                    151 	.globl _URTS
                                    152 	.globl _RXD_
                                    153 	.globl _TXD_
                                    154 	.globl _UCTS
                                    155 	.globl _UDSR
                                    156 	.globl _URI
                                    157 	.globl _UDCD
                                    158 	.globl _IE_SPI0
                                    159 	.globl _IE_TMR3
                                    160 	.globl _IE_USB
                                    161 	.globl _IE_ADC
                                    162 	.globl _IE_UART1
                                    163 	.globl _IE_PWM1
                                    164 	.globl _IE_GPIO
                                    165 	.globl _IE_WDOG
                                    166 	.globl _PX0
                                    167 	.globl _PT0
                                    168 	.globl _PX1
                                    169 	.globl _PT1
                                    170 	.globl _PS
                                    171 	.globl _PT2
                                    172 	.globl _PL_FLAG
                                    173 	.globl _PH_FLAG
                                    174 	.globl _EX0
                                    175 	.globl _ET0
                                    176 	.globl _EX1
                                    177 	.globl _ET1
                                    178 	.globl _ES
                                    179 	.globl _ET2
                                    180 	.globl _E_DIS
                                    181 	.globl _EA
                                    182 	.globl _P
                                    183 	.globl _F1
                                    184 	.globl _OV
                                    185 	.globl _RS0
                                    186 	.globl _RS1
                                    187 	.globl _F0
                                    188 	.globl _AC
                                    189 	.globl _CY
                                    190 	.globl _USB_DMA_AH
                                    191 	.globl _USB_DMA_AL
                                    192 	.globl _USB_DMA
                                    193 	.globl _UHUB1_CTRL
                                    194 	.globl _UDEV_CTRL
                                    195 	.globl _USB_DEV_AD
                                    196 	.globl _USB_CTRL
                                    197 	.globl _USB_INT_EN
                                    198 	.globl _UEP4_T_LEN
                                    199 	.globl _UEP4_CTRL
                                    200 	.globl _UEP0_T_LEN
                                    201 	.globl _UEP0_CTRL
                                    202 	.globl _USB_HUB_ST
                                    203 	.globl _USB_MIS_ST
                                    204 	.globl _USB_INT_ST
                                    205 	.globl _USB_INT_FG
                                    206 	.globl _UEP3_T_LEN
                                    207 	.globl _UEP3_CTRL
                                    208 	.globl _UEP2_T_LEN
                                    209 	.globl _UEP2_CTRL
                                    210 	.globl _UEP1_T_LEN
                                    211 	.globl _UEP1_CTRL
                                    212 	.globl _USB_RX_LEN
                                    213 	.globl _ADC_EX_SW
                                    214 	.globl _ADC_SETUP
                                    215 	.globl _ADC_FIFO_H
                                    216 	.globl _ADC_FIFO_L
                                    217 	.globl _ADC_FIFO
                                    218 	.globl _ADC_CHANN
                                    219 	.globl _ADC_CTRL
                                    220 	.globl _ADC_STAT
                                    221 	.globl _ADC_CK_SE
                                    222 	.globl _ADC_DMA_CN
                                    223 	.globl _ADC_DMA_AH
                                    224 	.globl _ADC_DMA_AL
                                    225 	.globl _ADC_DMA
                                    226 	.globl _SER1_ADDR
                                    227 	.globl _SER1_MSR
                                    228 	.globl _SER1_LSR
                                    229 	.globl _SER1_MCR
                                    230 	.globl _SER1_LCR
                                    231 	.globl _SER1_IIR
                                    232 	.globl _SER1_IER
                                    233 	.globl _SER1_FIFO
                                    234 	.globl _SPI1_CK_SE
                                    235 	.globl _SPI1_CTRL
                                    236 	.globl _SPI1_DATA
                                    237 	.globl _SPI1_STAT
                                    238 	.globl _SPI0_SETUP
                                    239 	.globl _SPI0_CK_SE
                                    240 	.globl _SPI0_CTRL
                                    241 	.globl _SPI0_DATA
                                    242 	.globl _SPI0_STAT
                                    243 	.globl _PWM_CYCLE
                                    244 	.globl _PWM_CK_SE
                                    245 	.globl _PWM_CTRL
                                    246 	.globl _PWM_DATA
                                    247 	.globl _PWM_DATA2
                                    248 	.globl _T3_FIFO_H
                                    249 	.globl _T3_FIFO_L
                                    250 	.globl _T3_FIFO
                                    251 	.globl _T3_DMA_AH
                                    252 	.globl _T3_DMA_AL
                                    253 	.globl _T3_DMA
                                    254 	.globl _T3_DMA_CN
                                    255 	.globl _T3_CTRL
                                    256 	.globl _T3_STAT
                                    257 	.globl _T3_END_H
                                    258 	.globl _T3_END_L
                                    259 	.globl _T3_END
                                    260 	.globl _T3_COUNT_H
                                    261 	.globl _T3_COUNT_L
                                    262 	.globl _T3_COUNT
                                    263 	.globl _T3_SETUP
                                    264 	.globl _TH2
                                    265 	.globl _TL2
                                    266 	.globl _T2COUNT
                                    267 	.globl _RCAP2H
                                    268 	.globl _RCAP2L
                                    269 	.globl _RCAP2
                                    270 	.globl _T2MOD
                                    271 	.globl _T2CON
                                    272 	.globl _SBUF
                                    273 	.globl _SCON
                                    274 	.globl _TH1
                                    275 	.globl _TH0
                                    276 	.globl _TL1
                                    277 	.globl _TL0
                                    278 	.globl _TMOD
                                    279 	.globl _TCON
                                    280 	.globl _XBUS_SPEED
                                    281 	.globl _XBUS_AUX
                                    282 	.globl _PIN_FUNC
                                    283 	.globl _PORT_CFG
                                    284 	.globl _P5_IN
                                    285 	.globl _P4_PU
                                    286 	.globl _P4_DIR
                                    287 	.globl _P4_IN
                                    288 	.globl _P4_OUT
                                    289 	.globl _P3_PU
                                    290 	.globl _P3_DIR
                                    291 	.globl _P3
                                    292 	.globl _P2_PU
                                    293 	.globl _P2_DIR
                                    294 	.globl _P2
                                    295 	.globl _P1_PU
                                    296 	.globl _P1_DIR
                                    297 	.globl _P1_IE
                                    298 	.globl _P1
                                    299 	.globl _P0_PU
                                    300 	.globl _P0_DIR
                                    301 	.globl _P0
                                    302 	.globl _ROM_CTRL
                                    303 	.globl _ROM_DATA_H
                                    304 	.globl _ROM_DATA_L
                                    305 	.globl _ROM_DATA
                                    306 	.globl _ROM_ADDR_H
                                    307 	.globl _ROM_ADDR_L
                                    308 	.globl _ROM_ADDR
                                    309 	.globl _GPIO_IE
                                    310 	.globl _IP_EX
                                    311 	.globl _IE_EX
                                    312 	.globl _IP
                                    313 	.globl _IE
                                    314 	.globl _WDOG_COUNT
                                    315 	.globl _RESET_KEEP
                                    316 	.globl _WAKE_CTRL
                                    317 	.globl _SLEEP_CTRL
                                    318 	.globl _CLOCK_CFG
                                    319 	.globl _PLL_CFG
                                    320 	.globl _PCON
                                    321 	.globl _GLOBAL_CFG
                                    322 	.globl _SAFE_MOD
                                    323 	.globl _DPH
                                    324 	.globl _DPL
                                    325 	.globl _SP
                                    326 	.globl _B
                                    327 	.globl _ACC
                                    328 	.globl _PSW
                                    329 	.globl _LED_DMA_XL
                                    330 	.globl _LED_DMA_XH
                                    331 	.globl _LED_DMA_CN
                                    332 	.globl _LED_DMA_AL
                                    333 	.globl _LED_DMA_AH
                                    334 	.globl _LED_CK_SE
                                    335 	.globl _LED_DATA
                                    336 	.globl _LED_CTRL
                                    337 	.globl _LED_STAT
                                    338 	.globl _UEP3_DMA_L
                                    339 	.globl _UEP3_DMA_H
                                    340 	.globl _UEP2_DMA_L
                                    341 	.globl _UEP2_DMA_H
                                    342 	.globl _UEP1_DMA_L
                                    343 	.globl _UEP1_DMA_H
                                    344 	.globl _UEP0_DMA_L
                                    345 	.globl _UEP0_DMA_H
                                    346 	.globl _UEP2_3_MOD
                                    347 	.globl _UEP4_1_MOD
                                    348 	.globl _pLED_DMA_XL
                                    349 	.globl _pLED_DMA_XH
                                    350 	.globl _pLED_DMA_CN
                                    351 	.globl _pLED_DMA_AL
                                    352 	.globl _pLED_DMA_AH
                                    353 	.globl _pLED_CK_SE
                                    354 	.globl _pLED_DATA
                                    355 	.globl _pLED_CTRL
                                    356 	.globl _pLED_STAT
                                    357 	.globl _pUEP3_DMA_L
                                    358 	.globl _pUEP3_DMA_H
                                    359 	.globl _pUEP2_DMA_L
                                    360 	.globl _pUEP2_DMA_H
                                    361 	.globl _pUEP1_DMA_L
                                    362 	.globl _pUEP1_DMA_H
                                    363 	.globl _pUEP0_DMA_L
                                    364 	.globl _pUEP0_DMA_H
                                    365 	.globl _pUEP2_3_MOD
                                    366 	.globl _pUEP4_1_MOD
                                    367 	.globl _micros
                                    368 	.globl _millis
                                    369 	.globl _delay
                                    370 	.globl _delayMicroseconds
                                    371 	.globl _init
                                    372 ;--------------------------------------------------------
                                    373 ; special function registers
                                    374 ;--------------------------------------------------------
                                    375 	.area RSEG    (ABS,DATA)
      000000                        376 	.org 0x0000
                           0000D0   377 _PSW	=	0x00d0
                           0000E0   378 _ACC	=	0x00e0
                           0000F0   379 _B	=	0x00f0
                           000081   380 _SP	=	0x0081
                           000082   381 _DPL	=	0x0082
                           000083   382 _DPH	=	0x0083
                           0000A1   383 _SAFE_MOD	=	0x00a1
                           0000B1   384 _GLOBAL_CFG	=	0x00b1
                           000087   385 _PCON	=	0x0087
                           0000B2   386 _PLL_CFG	=	0x00b2
                           0000B3   387 _CLOCK_CFG	=	0x00b3
                           0000EA   388 _SLEEP_CTRL	=	0x00ea
                           0000EB   389 _WAKE_CTRL	=	0x00eb
                           0000FE   390 _RESET_KEEP	=	0x00fe
                           0000FF   391 _WDOG_COUNT	=	0x00ff
                           0000A8   392 _IE	=	0x00a8
                           0000B8   393 _IP	=	0x00b8
                           0000E8   394 _IE_EX	=	0x00e8
                           0000E9   395 _IP_EX	=	0x00e9
                           0000CF   396 _GPIO_IE	=	0x00cf
                           008584   397 _ROM_ADDR	=	0x8584
                           000084   398 _ROM_ADDR_L	=	0x0084
                           000085   399 _ROM_ADDR_H	=	0x0085
                           008F8E   400 _ROM_DATA	=	0x8f8e
                           00008E   401 _ROM_DATA_L	=	0x008e
                           00008F   402 _ROM_DATA_H	=	0x008f
                           000086   403 _ROM_CTRL	=	0x0086
                           000080   404 _P0	=	0x0080
                           0000C4   405 _P0_DIR	=	0x00c4
                           0000C5   406 _P0_PU	=	0x00c5
                           000090   407 _P1	=	0x0090
                           0000B9   408 _P1_IE	=	0x00b9
                           0000BA   409 _P1_DIR	=	0x00ba
                           0000BB   410 _P1_PU	=	0x00bb
                           0000A0   411 _P2	=	0x00a0
                           0000BC   412 _P2_DIR	=	0x00bc
                           0000BD   413 _P2_PU	=	0x00bd
                           0000B0   414 _P3	=	0x00b0
                           0000BE   415 _P3_DIR	=	0x00be
                           0000BF   416 _P3_PU	=	0x00bf
                           0000C0   417 _P4_OUT	=	0x00c0
                           0000C1   418 _P4_IN	=	0x00c1
                           0000C2   419 _P4_DIR	=	0x00c2
                           0000C3   420 _P4_PU	=	0x00c3
                           0000C7   421 _P5_IN	=	0x00c7
                           0000C6   422 _PORT_CFG	=	0x00c6
                           0000CE   423 _PIN_FUNC	=	0x00ce
                           0000A2   424 _XBUS_AUX	=	0x00a2
                           0000FD   425 _XBUS_SPEED	=	0x00fd
                           000088   426 _TCON	=	0x0088
                           000089   427 _TMOD	=	0x0089
                           00008A   428 _TL0	=	0x008a
                           00008B   429 _TL1	=	0x008b
                           00008C   430 _TH0	=	0x008c
                           00008D   431 _TH1	=	0x008d
                           000098   432 _SCON	=	0x0098
                           000099   433 _SBUF	=	0x0099
                           0000C8   434 _T2CON	=	0x00c8
                           0000C9   435 _T2MOD	=	0x00c9
                           00CBCA   436 _RCAP2	=	0xcbca
                           0000CA   437 _RCAP2L	=	0x00ca
                           0000CB   438 _RCAP2H	=	0x00cb
                           00CDCC   439 _T2COUNT	=	0xcdcc
                           0000CC   440 _TL2	=	0x00cc
                           0000CD   441 _TH2	=	0x00cd
                           0000A3   442 _T3_SETUP	=	0x00a3
                           00A5A4   443 _T3_COUNT	=	0xa5a4
                           0000A4   444 _T3_COUNT_L	=	0x00a4
                           0000A5   445 _T3_COUNT_H	=	0x00a5
                           00A7A6   446 _T3_END	=	0xa7a6
                           0000A6   447 _T3_END_L	=	0x00a6
                           0000A7   448 _T3_END_H	=	0x00a7
                           0000A9   449 _T3_STAT	=	0x00a9
                           0000AA   450 _T3_CTRL	=	0x00aa
                           0000AB   451 _T3_DMA_CN	=	0x00ab
                           00ADAC   452 _T3_DMA	=	0xadac
                           0000AC   453 _T3_DMA_AL	=	0x00ac
                           0000AD   454 _T3_DMA_AH	=	0x00ad
                           00AFAE   455 _T3_FIFO	=	0xafae
                           0000AE   456 _T3_FIFO_L	=	0x00ae
                           0000AF   457 _T3_FIFO_H	=	0x00af
                           00009B   458 _PWM_DATA2	=	0x009b
                           00009C   459 _PWM_DATA	=	0x009c
                           00009D   460 _PWM_CTRL	=	0x009d
                           00009E   461 _PWM_CK_SE	=	0x009e
                           00009F   462 _PWM_CYCLE	=	0x009f
                           0000F8   463 _SPI0_STAT	=	0x00f8
                           0000F9   464 _SPI0_DATA	=	0x00f9
                           0000FA   465 _SPI0_CTRL	=	0x00fa
                           0000FB   466 _SPI0_CK_SE	=	0x00fb
                           0000FC   467 _SPI0_SETUP	=	0x00fc
                           0000B4   468 _SPI1_STAT	=	0x00b4
                           0000B5   469 _SPI1_DATA	=	0x00b5
                           0000B6   470 _SPI1_CTRL	=	0x00b6
                           0000B7   471 _SPI1_CK_SE	=	0x00b7
                           00009A   472 _SER1_FIFO	=	0x009a
                           000091   473 _SER1_IER	=	0x0091
                           000092   474 _SER1_IIR	=	0x0092
                           000093   475 _SER1_LCR	=	0x0093
                           000094   476 _SER1_MCR	=	0x0094
                           000095   477 _SER1_LSR	=	0x0095
                           000096   478 _SER1_MSR	=	0x0096
                           000097   479 _SER1_ADDR	=	0x0097
                           00EDEC   480 _ADC_DMA	=	0xedec
                           0000EC   481 _ADC_DMA_AL	=	0x00ec
                           0000ED   482 _ADC_DMA_AH	=	0x00ed
                           0000EE   483 _ADC_DMA_CN	=	0x00ee
                           0000EF   484 _ADC_CK_SE	=	0x00ef
                           0000F1   485 _ADC_STAT	=	0x00f1
                           0000F2   486 _ADC_CTRL	=	0x00f2
                           0000F3   487 _ADC_CHANN	=	0x00f3
                           00F5F4   488 _ADC_FIFO	=	0xf5f4
                           0000F4   489 _ADC_FIFO_L	=	0x00f4
                           0000F5   490 _ADC_FIFO_H	=	0x00f5
                           0000F6   491 _ADC_SETUP	=	0x00f6
                           0000F7   492 _ADC_EX_SW	=	0x00f7
                           0000D1   493 _USB_RX_LEN	=	0x00d1
                           0000D2   494 _UEP1_CTRL	=	0x00d2
                           0000D3   495 _UEP1_T_LEN	=	0x00d3
                           0000D4   496 _UEP2_CTRL	=	0x00d4
                           0000D5   497 _UEP2_T_LEN	=	0x00d5
                           0000D6   498 _UEP3_CTRL	=	0x00d6
                           0000D7   499 _UEP3_T_LEN	=	0x00d7
                           0000D8   500 _USB_INT_FG	=	0x00d8
                           0000D9   501 _USB_INT_ST	=	0x00d9
                           0000DA   502 _USB_MIS_ST	=	0x00da
                           0000DB   503 _USB_HUB_ST	=	0x00db
                           0000DC   504 _UEP0_CTRL	=	0x00dc
                           0000DD   505 _UEP0_T_LEN	=	0x00dd
                           0000DE   506 _UEP4_CTRL	=	0x00de
                           0000DF   507 _UEP4_T_LEN	=	0x00df
                           0000E1   508 _USB_INT_EN	=	0x00e1
                           0000E2   509 _USB_CTRL	=	0x00e2
                           0000E3   510 _USB_DEV_AD	=	0x00e3
                           0000E4   511 _UDEV_CTRL	=	0x00e4
                           0000E5   512 _UHUB1_CTRL	=	0x00e5
                           00E7E6   513 _USB_DMA	=	0xe7e6
                           0000E6   514 _USB_DMA_AL	=	0x00e6
                           0000E7   515 _USB_DMA_AH	=	0x00e7
                                    516 ;--------------------------------------------------------
                                    517 ; special function bits
                                    518 ;--------------------------------------------------------
                                    519 	.area RSEG    (ABS,DATA)
      000000                        520 	.org 0x0000
                           0000D7   521 _CY	=	0x00d7
                           0000D6   522 _AC	=	0x00d6
                           0000D5   523 _F0	=	0x00d5
                           0000D4   524 _RS1	=	0x00d4
                           0000D3   525 _RS0	=	0x00d3
                           0000D2   526 _OV	=	0x00d2
                           0000D1   527 _F1	=	0x00d1
                           0000D0   528 _P	=	0x00d0
                           0000AF   529 _EA	=	0x00af
                           0000AE   530 _E_DIS	=	0x00ae
                           0000AD   531 _ET2	=	0x00ad
                           0000AC   532 _ES	=	0x00ac
                           0000AB   533 _ET1	=	0x00ab
                           0000AA   534 _EX1	=	0x00aa
                           0000A9   535 _ET0	=	0x00a9
                           0000A8   536 _EX0	=	0x00a8
                           0000BF   537 _PH_FLAG	=	0x00bf
                           0000BE   538 _PL_FLAG	=	0x00be
                           0000BD   539 _PT2	=	0x00bd
                           0000BC   540 _PS	=	0x00bc
                           0000BB   541 _PT1	=	0x00bb
                           0000BA   542 _PX1	=	0x00ba
                           0000B9   543 _PT0	=	0x00b9
                           0000B8   544 _PX0	=	0x00b8
                           0000EF   545 _IE_WDOG	=	0x00ef
                           0000EE   546 _IE_GPIO	=	0x00ee
                           0000ED   547 _IE_PWM1	=	0x00ed
                           0000EC   548 _IE_UART1	=	0x00ec
                           0000EB   549 _IE_ADC	=	0x00eb
                           0000EA   550 _IE_USB	=	0x00ea
                           0000E9   551 _IE_TMR3	=	0x00e9
                           0000E8   552 _IE_SPI0	=	0x00e8
                           000087   553 _UDCD	=	0x0087
                           000086   554 _URI	=	0x0086
                           000085   555 _UDSR	=	0x0085
                           000084   556 _UCTS	=	0x0084
                           000083   557 _TXD_	=	0x0083
                           000082   558 _RXD_	=	0x0082
                           000081   559 _URTS	=	0x0081
                           000080   560 _UDTR	=	0x0080
                           000087   561 _P0_7	=	0x0087
                           000086   562 _P0_6	=	0x0086
                           000085   563 _P0_5	=	0x0085
                           000084   564 _P0_4	=	0x0084
                           000083   565 _P0_3	=	0x0083
                           000082   566 _P0_2	=	0x0082
                           000081   567 _P0_1	=	0x0081
                           000080   568 _P0_0	=	0x0080
                           000097   569 _AIN7	=	0x0097
                           000096   570 _AIN6	=	0x0096
                           000095   571 _AIN5	=	0x0095
                           000094   572 _AIN4	=	0x0094
                           000093   573 _AIN3	=	0x0093
                           000092   574 _AIN2	=	0x0092
                           000091   575 _AIN1	=	0x0091
                           000090   576 _AIN0	=	0x0090
                           000097   577 _SCK	=	0x0097
                           000096   578 _MISO	=	0x0096
                           000095   579 _MOSI	=	0x0095
                           000094   580 _SCS	=	0x0094
                           000092   581 _PWM3	=	0x0092
                           000092   582 _CAP3	=	0x0092
                           000091   583 _T2EX	=	0x0091
                           000091   584 _CAP2	=	0x0091
                           000090   585 _T2	=	0x0090
                           000090   586 _CAP1	=	0x0090
                           000097   587 _P1_7	=	0x0097
                           000096   588 _P1_6	=	0x0096
                           000095   589 _P1_5	=	0x0095
                           000094   590 _P1_4	=	0x0094
                           000093   591 _P1_3	=	0x0093
                           000092   592 _P1_2	=	0x0092
                           000091   593 _P1_1	=	0x0091
                           000090   594 _P1_0	=	0x0090
                           0000A7   595 _TXD1	=	0x00a7
                           0000A7   596 _DA7	=	0x00a7
                           0000A6   597 _RXD1	=	0x00a6
                           0000A5   598 _TNOW	=	0x00a5
                           0000A5   599 _PWM2	=	0x00a5
                           0000A5   600 _T2EX_	=	0x00a5
                           0000A5   601 _CAP2_	=	0x00a5
                           0000A4   602 _PWM1	=	0x00a4
                           0000A3   603 _SCK1	=	0x00a3
                           0000A2   604 _MISO1	=	0x00a2
                           0000A1   605 _MOSI1	=	0x00a1
                           0000A7   606 _P2_7	=	0x00a7
                           0000A6   607 _P2_6	=	0x00a6
                           0000A5   608 _P2_5	=	0x00a5
                           0000A4   609 _P2_4	=	0x00a4
                           0000A3   610 _P2_3	=	0x00a3
                           0000A2   611 _P2_2	=	0x00a2
                           0000A1   612 _P2_1	=	0x00a1
                           0000A0   613 _P2_0	=	0x00a0
                           0000B7   614 _RD	=	0x00b7
                           0000B6   615 _WR	=	0x00b6
                           0000B5   616 _DA6	=	0x00b5
                           0000B5   617 _T1	=	0x00b5
                           0000B4   618 _LEDC	=	0x00b4
                           0000B4   619 _XCS0	=	0x00b4
                           0000B4   620 _T0	=	0x00b4
                           0000B3   621 _LED1	=	0x00b3
                           0000B3   622 _INT1	=	0x00b3
                           0000B2   623 _LED0	=	0x00b2
                           0000B2   624 _INT0	=	0x00b2
                           0000B1   625 _TXD	=	0x00b1
                           0000B0   626 _RXD	=	0x00b0
                           0000B7   627 _P3_7	=	0x00b7
                           0000B6   628 _P3_6	=	0x00b6
                           0000B5   629 _P3_5	=	0x00b5
                           0000B4   630 _P3_4	=	0x00b4
                           0000B3   631 _P3_3	=	0x00b3
                           0000B2   632 _P3_2	=	0x00b2
                           0000B1   633 _P3_1	=	0x00b1
                           0000B0   634 _P3_0	=	0x00b0
                           0000C7   635 _SCK_	=	0x00c7
                           0000C6   636 _SCS_	=	0x00c6
                           0000C5   637 _PWM2_	=	0x00c5
                           0000C4   638 _LED3	=	0x00c4
                           0000C4   639 _TNOW_	=	0x00c4
                           0000C4   640 _TXD1_	=	0x00c4
                           0000C3   641 _PWM1_	=	0x00c3
                           0000C2   642 _PWM3_	=	0x00c2
                           0000C2   643 _CAP3_	=	0x00c2
                           0000C0   644 _LED2	=	0x00c0
                           0000C0   645 _RXD1_	=	0x00c0
                           0000C7   646 _P4_OUT_7	=	0x00c7
                           0000C6   647 _P4_OUT_6	=	0x00c6
                           0000C5   648 _P4_OUT_5	=	0x00c5
                           0000C4   649 _P4_OUT_4	=	0x00c4
                           0000C3   650 _P4_OUT_3	=	0x00c3
                           0000C2   651 _P4_OUT_2	=	0x00c2
                           0000C1   652 _P4_OUT_1	=	0x00c1
                           0000C0   653 _P4_OUT_0	=	0x00c0
                           00008F   654 _TF1	=	0x008f
                           00008E   655 _TR1	=	0x008e
                           00008D   656 _TF0	=	0x008d
                           00008C   657 _TR0	=	0x008c
                           00008B   658 _IE1	=	0x008b
                           00008A   659 _IT1	=	0x008a
                           000089   660 _IE0	=	0x0089
                           000088   661 _IT0	=	0x0088
                           00009F   662 _SM0	=	0x009f
                           00009E   663 _SM1	=	0x009e
                           00009D   664 _SM2	=	0x009d
                           00009C   665 _REN	=	0x009c
                           00009B   666 _TB8	=	0x009b
                           00009A   667 _RB8	=	0x009a
                           000099   668 _TI	=	0x0099
                           000098   669 _RI	=	0x0098
                           0000CF   670 _TF2	=	0x00cf
                           0000CF   671 _CAP1F	=	0x00cf
                           0000CE   672 _EXF2	=	0x00ce
                           0000CD   673 _RCLK	=	0x00cd
                           0000CC   674 _TCLK	=	0x00cc
                           0000CB   675 _EXEN2	=	0x00cb
                           0000CA   676 _TR2	=	0x00ca
                           0000C9   677 _C_T2	=	0x00c9
                           0000C8   678 _CP_RL2	=	0x00c8
                           0000FF   679 _S0_FST_ACT	=	0x00ff
                           0000FE   680 _S0_IF_OV	=	0x00fe
                           0000FD   681 _S0_IF_FIRST	=	0x00fd
                           0000FC   682 _S0_IF_BYTE	=	0x00fc
                           0000FB   683 _S0_FREE	=	0x00fb
                           0000FA   684 _S0_T_FIFO	=	0x00fa
                           0000F9   685 _S0_R_FIFO1	=	0x00f9
                           0000F8   686 _S0_R_FIFO0	=	0x00f8
                           0000DF   687 _U_IS_NAK	=	0x00df
                           0000DE   688 _U_TOG_OK	=	0x00de
                           0000DD   689 _U_SIE_FREE	=	0x00dd
                           0000DC   690 _UIF_FIFO_OV	=	0x00dc
                           0000DB   691 _UIF_HST_SOF	=	0x00db
                           0000DA   692 _UIF_SUSPEND	=	0x00da
                           0000D9   693 _UIF_TRANSFER	=	0x00d9
                           0000D8   694 _UIF_DETECT	=	0x00d8
                           0000D8   695 _UIF_BUS_RST	=	0x00d8
                                    696 ;--------------------------------------------------------
                                    697 ; overlayable register banks
                                    698 ;--------------------------------------------------------
                                    699 	.area REG_BANK_0	(REL,OVR,DATA)
      000000                        700 	.ds 8
                                    701 	.area REG_BANK_1	(REL,OVR,DATA)
      000000                        702 	.ds 8
                                    703 ;--------------------------------------------------------
                                    704 ; internal ram data
                                    705 ;--------------------------------------------------------
                                    706 	.area DSEG    (DATA)
      000000                        707 _delay_ms_65536_175:
      000000                        708 	.ds 4
      000004                        709 _delay_start_65536_176:
      000004                        710 	.ds 4
      000008                        711 _delay_sloc0_1_0:
      000008                        712 	.ds 4
                                    713 ;--------------------------------------------------------
                                    714 ; overlayable items in internal ram
                                    715 ;--------------------------------------------------------
                                    716 	.area	OSEG    (OVR,DATA)
                                    717 ;--------------------------------------------------------
                                    718 ; indirectly addressable internal ram data
                                    719 ;--------------------------------------------------------
                                    720 	.area ISEG    (DATA)
                                    721 ;--------------------------------------------------------
                                    722 ; absolute internal ram data
                                    723 ;--------------------------------------------------------
                                    724 	.area IABS    (ABS,DATA)
                                    725 	.area IABS    (ABS,DATA)
                                    726 ;--------------------------------------------------------
                                    727 ; bit data
                                    728 ;--------------------------------------------------------
                                    729 	.area BSEG    (BIT)
                                    730 ;--------------------------------------------------------
                                    731 ; paged external ram data
                                    732 ;--------------------------------------------------------
                                    733 	.area PSEG    (PAG,XDATA)
                           002546   734 _pUEP4_1_MOD	=	0x2546
                           002547   735 _pUEP2_3_MOD	=	0x2547
                           002548   736 _pUEP0_DMA_H	=	0x2548
                           002549   737 _pUEP0_DMA_L	=	0x2549
                           00254A   738 _pUEP1_DMA_H	=	0x254a
                           00254B   739 _pUEP1_DMA_L	=	0x254b
                           00254C   740 _pUEP2_DMA_H	=	0x254c
                           00254D   741 _pUEP2_DMA_L	=	0x254d
                           00254E   742 _pUEP3_DMA_H	=	0x254e
                           00254F   743 _pUEP3_DMA_L	=	0x254f
                           002980   744 _pLED_STAT	=	0x2980
                           002981   745 _pLED_CTRL	=	0x2981
                           002982   746 _pLED_DATA	=	0x2982
                           002983   747 _pLED_CK_SE	=	0x2983
                           002984   748 _pLED_DMA_AH	=	0x2984
                           002985   749 _pLED_DMA_AL	=	0x2985
                           002986   750 _pLED_DMA_CN	=	0x2986
                           002988   751 _pLED_DMA_XH	=	0x2988
                           002989   752 _pLED_DMA_XL	=	0x2989
                                    753 ;--------------------------------------------------------
                                    754 ; uninitialized external ram data
                                    755 ;--------------------------------------------------------
                                    756 	.area XSEG    (XDATA)
                           002446   757 _UEP4_1_MOD	=	0x2446
                           002447   758 _UEP2_3_MOD	=	0x2447
                           002448   759 _UEP0_DMA_H	=	0x2448
                           002449   760 _UEP0_DMA_L	=	0x2449
                           00244A   761 _UEP1_DMA_H	=	0x244a
                           00244B   762 _UEP1_DMA_L	=	0x244b
                           00244C   763 _UEP2_DMA_H	=	0x244c
                           00244D   764 _UEP2_DMA_L	=	0x244d
                           00244E   765 _UEP3_DMA_H	=	0x244e
                           00244F   766 _UEP3_DMA_L	=	0x244f
                           002880   767 _LED_STAT	=	0x2880
                           002881   768 _LED_CTRL	=	0x2881
                           002882   769 _LED_DATA	=	0x2882
                           002883   770 _LED_CK_SE	=	0x2883
                           002884   771 _LED_DMA_AH	=	0x2884
                           002885   772 _LED_DMA_AL	=	0x2885
                           002886   773 _LED_DMA_CN	=	0x2886
                           002888   774 _LED_DMA_XH	=	0x2888
                           002889   775 _LED_DMA_XL	=	0x2889
                                    776 ;--------------------------------------------------------
                                    777 ; absolute external ram data
                                    778 ;--------------------------------------------------------
                                    779 	.area XABS    (ABS,XDATA)
                                    780 ;--------------------------------------------------------
                                    781 ; initialized external ram data
                                    782 ;--------------------------------------------------------
                                    783 	.area XISEG   (XDATA)
                                    784 	.area HOME    (CODE)
                                    785 	.area GSINIT0 (CODE)
                                    786 	.area GSINIT1 (CODE)
                                    787 	.area GSINIT2 (CODE)
                                    788 	.area GSINIT3 (CODE)
                                    789 	.area GSINIT4 (CODE)
                                    790 	.area GSINIT5 (CODE)
                                    791 	.area GSINIT  (CODE)
                                    792 	.area GSFINAL (CODE)
                                    793 	.area CSEG    (CODE)
                                    794 ;--------------------------------------------------------
                                    795 ; global & static initialisations
                                    796 ;--------------------------------------------------------
                                    797 	.area HOME    (CODE)
                                    798 	.area GSINIT  (CODE)
                                    799 	.area GSFINAL (CODE)
                                    800 	.area GSINIT  (CODE)
                                    801 ;--------------------------------------------------------
                                    802 ; Home
                                    803 ;--------------------------------------------------------
                                    804 	.area HOME    (CODE)
                                    805 	.area HOME    (CODE)
                                    806 ;--------------------------------------------------------
                                    807 ; code
                                    808 ;--------------------------------------------------------
                                    809 	.area CSEG    (CODE)
                                    810 ;------------------------------------------------------------
                                    811 ;Allocation info for local variables in function 'Timer0Interrupt'
                                    812 ;------------------------------------------------------------
                                    813 ;	C:\Users\tonyp\AppData\Local\Arduino15\packages\CH55xDuino\hardware\mcs51\0.0.23\cores\ch55xduino\wiring.c:23: void Timer0Interrupt(void) __interrupt(INT_NO_TMR0) __using(1) {
                                    814 ;	-----------------------------------------
                                    815 ;	 function Timer0Interrupt
                                    816 ;	-----------------------------------------
      000000                        817 _Timer0Interrupt:
                           00000F   818 	ar7 = 0x0f
                           00000E   819 	ar6 = 0x0e
                           00000D   820 	ar5 = 0x0d
                           00000C   821 	ar4 = 0x0c
                           00000B   822 	ar3 = 0x0b
                           00000A   823 	ar2 = 0x0a
                           000009   824 	ar1 = 0x09
                           000008   825 	ar0 = 0x08
      000000 C0 D0            [24]  826 	push	psw
      000002 75 D0 08         [24]  827 	mov	psw,#0x08
                                    828 ;	C:\Users\tonyp\AppData\Local\Arduino15\packages\CH55xDuino\hardware\mcs51\0.0.23\cores\ch55xduino\wiring.c:36: "incTimer0_overflow_countOver$:                  \n");
                                    829 ;Increase	timer0_overflow_count on R0~R4(5bytes)
      000005 08               [12]  830 	inc	r0                                      
      000006 B8 00 0D         [24]  831 	cjne	r0,#0,incTimer0_overflow_countOver$    
      000009 09               [12]  832 	inc	r1                                      
      00000A B9 00 09         [24]  833 	cjne	r1,#0,incTimer0_overflow_countOver$    
      00000D 0A               [12]  834 	inc	r2                                      
      00000E BA 00 05         [24]  835 	cjne	r2,#0,incTimer0_overflow_countOver$    
      000011 0B               [12]  836 	inc	r3                                      
      000012 BB 00 01         [24]  837 	cjne	r3,#0,incTimer0_overflow_countOver$    
      000015 0C               [12]  838 	inc	r4                                      
      000016                        839 incTimer0_overflow_countOver$:
                                    840 ;	C:\Users\tonyp\AppData\Local\Arduino15\packages\CH55xDuino\hardware\mcs51\0.0.23\cores\ch55xduino\wiring.c:37: }
      000016 D0 D0            [24]  841 	pop	psw
      000018 32               [24]  842 	reti
                                    843 ;	eliminated unneeded push/pop dpl
                                    844 ;	eliminated unneeded push/pop dph
                                    845 ;	eliminated unneeded push/pop b
                                    846 ;	eliminated unneeded push/pop acc
                                    847 ;------------------------------------------------------------
                                    848 ;Allocation info for local variables in function 'micros'
                                    849 ;------------------------------------------------------------
                                    850 ;	C:\Users\tonyp\AppData\Local\Arduino15\packages\CH55xDuino\hardware\mcs51\0.0.23\cores\ch55xduino\wiring.c:39: uint32_t micros() {
                                    851 ;	-----------------------------------------
                                    852 ;	 function micros
                                    853 ;	-----------------------------------------
      000019                        854 _micros:
                           000007   855 	ar7 = 0x07
                           000006   856 	ar6 = 0x06
                           000005   857 	ar5 = 0x05
                           000004   858 	ar4 = 0x04
                           000003   859 	ar3 = 0x03
                           000002   860 	ar2 = 0x02
                           000001   861 	ar1 = 0x01
                           000000   862 	ar0 = 0x00
                                    863 ;	C:\Users\tonyp\AppData\Local\Arduino15\packages\CH55xDuino\hardware\mcs51\0.0.23\cores\ch55xduino\wiring.c:85: "incTimer0_overf_cntCopyOver$:                \n");
                                    864 ;uint8_t	interruptOn = EA; //to c            
                                    865 ;clr	and mov won't affect c                  
      000019 A2 AF            [12]  866 	mov	c,_EA                                
                                    867 ;EA	= 0;                                     
      00001B C2 AF            [12]  868 	clr	_EA                                  
                                    869 ;Copy	_timer0_overflow_count to local R0~R3,m
      00001D A8*00            [24]  870 	mov	r0, (_timer0_overflow_count)         
      00001F A9*01            [24]  871 	mov	r1, (_timer0_overflow_count)+1       
      000021 AA*02            [24]  872 	mov	r2, (_timer0_overflow_count)+2       
      000023 AB*03            [24]  873 	mov	r3, (_timer0_overflow_count)+3       
                                    874 ;Copy	TL0 to local R4, t                     
      000025 AC 8A            [24]  875 	mov	r4, _TL0                             
                                    876 ;Copy	TCON (TF0) to local R5                 
      000027 85 88 F0         [24]  877 	mov	b, _TCON                             
                                    878 ;if	(interruptOn) EA = 1;                    
      00002A 92 AF            [24]  879 	mov	_EA,c                                
                                    880 ;if	((TF0 in b) && (R4 != 255)){             
      00002C 30 F5 12         [24]  881 	jnb	b.5,incTimer0_overf_cntCopyOver$     
      00002F 74 01            [12]  882 	mov	a,#1     
      000031 2C               [12]  883 	add	a,r4     
      000032 60 0D            [24]  884 	jz	incTimer0_overf_cntCopyOver$
                                    885 ;m++	                                        
      000034 08               [12]  886 	inc	r0                                   
      000035 B8 00 09         [24]  887 	cjne	r0,#0,incTimer0_overf_cntCopyOver$  
      000038 09               [12]  888 	inc	r1                                   
      000039 B9 00 05         [24]  889 	cjne	r1,#0,incTimer0_overf_cntCopyOver$  
      00003C 0A               [12]  890 	inc	r2                                   
      00003D BA 00 01         [24]  891 	cjne	r2,#0,incTimer0_overf_cntCopyOver$  
      000040 0B               [12]  892 	inc	r3                                   
      000041                        893 incTimer0_overf_cntCopyOver$:
                                    894 ;	C:\Users\tonyp\AppData\Local\Arduino15\packages\CH55xDuino\hardware\mcs51\0.0.23\cores\ch55xduino\wiring.c:94: "    mov r4, a                                \n");
      000041 C3               [12]  895 	clr	c                                    
      000042 EC               [12]  896 	mov	a, r4                                
      000043 94 06            [12]  897 	subb	a,#6                                
      000045 FC               [12]  898 	mov	r4, a                                
                                    899 ;	C:\Users\tonyp\AppData\Local\Arduino15\packages\CH55xDuino\hardware\mcs51\0.0.23\cores\ch55xduino\wiring.c:287: );
                                    900 ;1m	= 250t 1t=0.5us (m*250+t)/2  t is 0~249  
                                    901 ;we	need to return m*125+t/2                 
                                    902 ;t=(t>>1);	                                  
      000046 EC               [12]  903 	mov	a,r4                                 
      000047 C3               [12]  904 	clr	c                                    
      000048 13               [12]  905 	rrc	a                                    
      000049 FC               [12]  906 	mov	r4,a                                 
                                    907 ;m=m*125;	                                   
      00004A 75 F0 7D         [24]  908 	mov	b, #125                              
      00004D E8               [12]  909 	mov	a, r0                                
      00004E A4               [48]  910 	mul	ab                                   
      00004F F8               [12]  911 	mov	r0, a                                
      000050 AD F0            [24]  912 	mov	r5, b                                
      000052 75 F0 7D         [24]  913 	mov	b, #125                              
      000055 E9               [12]  914 	mov	a, r1                                
      000056 A4               [48]  915 	mul	ab                                   
      000057 2D               [12]  916 	add	a, r5                                
      000058 F9               [12]  917 	mov	r1, a                                
      000059 E4               [12]  918 	clr	a                                    
      00005A 35 F0            [12]  919 	addc	a, b                                
      00005C FD               [12]  920 	mov	r5, a                                
      00005D 75 F0 7D         [24]  921 	mov	b, #125                              
      000060 EA               [12]  922 	mov	a, r2                                
      000061 A4               [48]  923 	mul	ab                                   
      000062 2D               [12]  924 	add	a, r5                                
      000063 FA               [12]  925 	mov	r2, a                                
      000064 E4               [12]  926 	clr	a                                    
      000065 35 F0            [12]  927 	addc	a, b                                
      000067 FD               [12]  928 	mov	r5, a                                
      000068 75 F0 7D         [24]  929 	mov	b, #125                              
      00006B EB               [12]  930 	mov	a, r3                                
      00006C A4               [48]  931 	mul	ab                                   
      00006D 2D               [12]  932 	add	a, r5                                
      00006E FB               [12]  933 	mov	r3, a                                
                                    934 ;return	m+t                                  
      00006F 7D 00            [12]  935 	mov	r5, #0                               
      000071 EC               [12]  936 	mov	a, r4                                
      000072 28               [12]  937 	add	a, r0                                
      000073 F5 82            [12]  938 	mov	dpl, a                               
      000075 E9               [12]  939 	mov	a, r1                                
      000076 3D               [12]  940 	addc	a, r5                               
      000077 F5 83            [12]  941 	mov	dph, a                               
      000079 EA               [12]  942 	mov	a, r2                                
      00007A 3D               [12]  943 	addc	a, r5                               
      00007B F5 F0            [12]  944 	mov	b, a                                 
      00007D EB               [12]  945 	mov	a, r3                                
      00007E 3D               [12]  946 	addc	a, r5                               
                                    947 ;	C:\Users\tonyp\AppData\Local\Arduino15\packages\CH55xDuino\hardware\mcs51\0.0.23\cores\ch55xduino\wiring.c:583: }
      00007F 22               [24]  948 	ret
                                    949 ;------------------------------------------------------------
                                    950 ;Allocation info for local variables in function 'millis'
                                    951 ;------------------------------------------------------------
                                    952 ;	C:\Users\tonyp\AppData\Local\Arduino15\packages\CH55xDuino\hardware\mcs51\0.0.23\cores\ch55xduino\wiring.c:585: uint32_t millis() {
                                    953 ;	-----------------------------------------
                                    954 ;	 function millis
                                    955 ;	-----------------------------------------
      000080                        956 _millis:
                                    957 ;	C:\Users\tonyp\AppData\Local\Arduino15\packages\CH55xDuino\hardware\mcs51\0.0.23\cores\ch55xduino\wiring.c:605: "    mov _EA,c                                \n");
                                    958 ;uint8_t	interruptOn = EA; //to c            
                                    959 ;clr	and mov won't affect c                  
      000080 A2 AF            [12]  960 	mov	c,_EA                                
                                    961 ;EA	= 0;                                     
      000082 C2 AF            [12]  962 	clr	_EA                                  
                                    963 ;Copy	_timer0_overflow_count to local R0~R4  
      000084 A8*00            [24]  964 	mov	r0, (_timer0_overflow_count)         
      000086 A9*01            [24]  965 	mov	r1, (_timer0_overflow_count)+1       
      000088 AA*02            [24]  966 	mov	r2, (_timer0_overflow_count)+2       
      00008A AB*03            [24]  967 	mov	r3, (_timer0_overflow_count)+3       
      00008C AC*04            [24]  968 	mov	r4, (_timer0_overflow_count)+4       
                                    969 ;if	(interruptOn) EA = 1;                    
      00008E 92 AF            [24]  970 	mov	_EA,c                                
                                    971 ;	C:\Users\tonyp\AppData\Local\Arduino15\packages\CH55xDuino\hardware\mcs51\0.0.23\cores\ch55xduino\wiring.c:690: "    mov b, r1                                \n");
                                    972 ;return	timer0_overflow_count>>3             
                                    973 ;Or:	return (timer0_overflow_count<<5)>>8    
                                    974 ;Or:	return (timer0_overflow_count*32)>>8    
      000090 75 F0 20         [24]  975 	mov	b, #32                               
      000093 E8               [12]  976 	mov	a, r0                                
      000094 A4               [48]  977 	mul	ab                                   
      000095 A8 F0            [24]  978 	mov	r0, b                                
                                    979 ;lowest	8 bit not used (a), r0 free to use   
      000097 75 F0 20         [24]  980 	mov	b, #32                               
      00009A E9               [12]  981 	mov	a, r1                                
      00009B A4               [48]  982 	mul	ab                                   
      00009C 28               [12]  983 	add	a, r0                                
                                    984 ;carry	won't be set, if I calculated right   
      00009D F5 82            [12]  985 	mov	dpl, a                               
      00009F A8 F0            [24]  986 	mov	r0, b                                
      0000A1 75 F0 20         [24]  987 	mov	b, #32                               
      0000A4 EA               [12]  988 	mov	a, r2                                
      0000A5 A4               [48]  989 	mul	ab                                   
      0000A6 28               [12]  990 	add	a, r0                                
                                    991 ;carry	won't be set, if I calculated right   
      0000A7 F5 83            [12]  992 	mov	dph, a                               
      0000A9 A8 F0            [24]  993 	mov	r0, b                                
      0000AB 75 F0 20         [24]  994 	mov	b, #32                               
      0000AE EB               [12]  995 	mov	a, r3                                
      0000AF A4               [48]  996 	mul	ab                                   
      0000B0 28               [12]  997 	add	a, r0                                
                                    998 ;carry	won't be set, if I calculated right   
      0000B1 F9               [12]  999 	mov	r1, a                                
      0000B2 A8 F0            [24] 1000 	mov	r0, b                                
      0000B4 75 F0 20         [24] 1001 	mov	b, #32                               
      0000B7 EC               [12] 1002 	mov	a, r4                                
      0000B8 A4               [48] 1003 	mul	ab                                   
      0000B9 28               [12] 1004 	add	a, r0                                
                                   1005 ;carry	won't be set, if I calculated right   
                                   1006 ;calculation	finished, a already in place    
      0000BA 89 F0            [24] 1007 	mov	b, r1                                
                                   1008 ;	C:\Users\tonyp\AppData\Local\Arduino15\packages\CH55xDuino\hardware\mcs51\0.0.23\cores\ch55xduino\wiring.c:881: }
      0000BC 22               [24] 1009 	ret
                                   1010 ;------------------------------------------------------------
                                   1011 ;Allocation info for local variables in function 'delay'
                                   1012 ;------------------------------------------------------------
                                   1013 ;ms                        Allocated with name '_delay_ms_65536_175'
                                   1014 ;start                     Allocated with name '_delay_start_65536_176'
                                   1015 ;sloc0                     Allocated with name '_delay_sloc0_1_0'
                                   1016 ;------------------------------------------------------------
                                   1017 ;	C:\Users\tonyp\AppData\Local\Arduino15\packages\CH55xDuino\hardware\mcs51\0.0.23\cores\ch55xduino\wiring.c:883: void delay(__data uint32_t ms) {
                                   1018 ;	-----------------------------------------
                                   1019 ;	 function delay
                                   1020 ;	-----------------------------------------
      0000BD                       1021 _delay:
      0000BD 85 82*00         [24] 1022 	mov	_delay_ms_65536_175,dpl
      0000C0 85 83*01         [24] 1023 	mov	(_delay_ms_65536_175 + 1),dph
      0000C3 85 F0*02         [24] 1024 	mov	(_delay_ms_65536_175 + 2),b
      0000C6 F5*03            [12] 1025 	mov	(_delay_ms_65536_175 + 3),a
                                   1026 ;	C:\Users\tonyp\AppData\Local\Arduino15\packages\CH55xDuino\hardware\mcs51\0.0.23\cores\ch55xduino\wiring.c:884: __data uint32_t start = micros();
      0000C8 12r00r19         [24] 1027 	lcall	_micros
      0000CB 85 82*04         [24] 1028 	mov	_delay_start_65536_176,dpl
      0000CE 85 83*05         [24] 1029 	mov	(_delay_start_65536_176 + 1),dph
      0000D1 85 F0*06         [24] 1030 	mov	(_delay_start_65536_176 + 2),b
      0000D4 F5*07            [12] 1031 	mov	(_delay_start_65536_176 + 3),a
                                   1032 ;	C:\Users\tonyp\AppData\Local\Arduino15\packages\CH55xDuino\hardware\mcs51\0.0.23\cores\ch55xduino\wiring.c:886: while (ms > 0) {
      0000D6                       1033 00105$:
      0000D6 E5*00            [12] 1034 	mov	a,_delay_ms_65536_175
      0000D8 45*01            [12] 1035 	orl	a,(_delay_ms_65536_175 + 1)
      0000DA 45*02            [12] 1036 	orl	a,(_delay_ms_65536_175 + 2)
      0000DC 45*03            [12] 1037 	orl	a,(_delay_ms_65536_175 + 3)
      0000DE 70 01            [24] 1038 	jnz	00129$
      0000E0 22               [24] 1039 	ret
      0000E1                       1040 00129$:
                                   1041 ;	C:\Users\tonyp\AppData\Local\Arduino15\packages\CH55xDuino\hardware\mcs51\0.0.23\cores\ch55xduino\wiring.c:888: while (ms > 0 && (micros() - start) >= 1000) {
      0000E1 A8*00            [24] 1042 	mov	r0,_delay_ms_65536_175
      0000E3 A9*01            [24] 1043 	mov	r1,(_delay_ms_65536_175 + 1)
      0000E5 AA*02            [24] 1044 	mov	r2,(_delay_ms_65536_175 + 2)
      0000E7 AB*03            [24] 1045 	mov	r3,(_delay_ms_65536_175 + 3)
      0000E9 85*04*08         [24] 1046 	mov	_delay_sloc0_1_0,_delay_start_65536_176
      0000EC 85*05*09         [24] 1047 	mov	(_delay_sloc0_1_0 + 1),(_delay_start_65536_176 + 1)
      0000EF 85*06*0A         [24] 1048 	mov	(_delay_sloc0_1_0 + 2),(_delay_start_65536_176 + 2)
      0000F2 85*07*0B         [24] 1049 	mov	(_delay_sloc0_1_0 + 3),(_delay_start_65536_176 + 3)
      0000F5                       1050 00102$:
      0000F5 E8               [12] 1051 	mov	a,r0
      0000F6 49               [12] 1052 	orl	a,r1
      0000F7 4A               [12] 1053 	orl	a,r2
      0000F8 4B               [12] 1054 	orl	a,r3
      0000F9 60 DB            [24] 1055 	jz	00105$
      0000FB C0 03            [24] 1056 	push	ar3
      0000FD C0 02            [24] 1057 	push	ar2
      0000FF C0 01            [24] 1058 	push	ar1
      000101 C0 00            [24] 1059 	push	ar0
      000103 12r00r19         [24] 1060 	lcall	_micros
      000106 AC 82            [24] 1061 	mov	r4,dpl
      000108 AD 83            [24] 1062 	mov	r5,dph
      00010A AE F0            [24] 1063 	mov	r6,b
      00010C FF               [12] 1064 	mov	r7,a
      00010D D0 00            [24] 1065 	pop	ar0
      00010F D0 01            [24] 1066 	pop	ar1
      000111 D0 02            [24] 1067 	pop	ar2
      000113 D0 03            [24] 1068 	pop	ar3
      000115 EC               [12] 1069 	mov	a,r4
      000116 C3               [12] 1070 	clr	c
      000117 95*08            [12] 1071 	subb	a,_delay_sloc0_1_0
      000119 FC               [12] 1072 	mov	r4,a
      00011A ED               [12] 1073 	mov	a,r5
      00011B 95*09            [12] 1074 	subb	a,(_delay_sloc0_1_0 + 1)
      00011D FD               [12] 1075 	mov	r5,a
      00011E EE               [12] 1076 	mov	a,r6
      00011F 95*0A            [12] 1077 	subb	a,(_delay_sloc0_1_0 + 2)
      000121 FE               [12] 1078 	mov	r6,a
      000122 EF               [12] 1079 	mov	a,r7
      000123 95*0B            [12] 1080 	subb	a,(_delay_sloc0_1_0 + 3)
      000125 FF               [12] 1081 	mov	r7,a
      000126 C3               [12] 1082 	clr	c
      000127 EC               [12] 1083 	mov	a,r4
      000128 94 E8            [12] 1084 	subb	a,#0xe8
      00012A ED               [12] 1085 	mov	a,r5
      00012B 94 03            [12] 1086 	subb	a,#0x03
      00012D EE               [12] 1087 	mov	a,r6
      00012E 94 00            [12] 1088 	subb	a,#0x00
      000130 EF               [12] 1089 	mov	a,r7
      000131 94 00            [12] 1090 	subb	a,#0x00
      000133 40 A1            [24] 1091 	jc	00105$
                                   1092 ;	C:\Users\tonyp\AppData\Local\Arduino15\packages\CH55xDuino\hardware\mcs51\0.0.23\cores\ch55xduino\wiring.c:889: ms--;
      000135 18               [12] 1093 	dec	r0
      000136 B8 FF 09         [24] 1094 	cjne	r0,#0xff,00132$
      000139 19               [12] 1095 	dec	r1
      00013A B9 FF 05         [24] 1096 	cjne	r1,#0xff,00132$
      00013D 1A               [12] 1097 	dec	r2
      00013E BA FF 01         [24] 1098 	cjne	r2,#0xff,00132$
      000141 1B               [12] 1099 	dec	r3
      000142                       1100 00132$:
      000142 88*00            [24] 1101 	mov	_delay_ms_65536_175,r0
      000144 89*01            [24] 1102 	mov	(_delay_ms_65536_175 + 1),r1
      000146 8A*02            [24] 1103 	mov	(_delay_ms_65536_175 + 2),r2
      000148 8B*03            [24] 1104 	mov	(_delay_ms_65536_175 + 3),r3
                                   1105 ;	C:\Users\tonyp\AppData\Local\Arduino15\packages\CH55xDuino\hardware\mcs51\0.0.23\cores\ch55xduino\wiring.c:890: start += 1000;
      00014A 74 E8            [12] 1106 	mov	a,#0xe8
      00014C 25*08            [12] 1107 	add	a,_delay_sloc0_1_0
      00014E F5*08            [12] 1108 	mov	_delay_sloc0_1_0,a
      000150 74 03            [12] 1109 	mov	a,#0x03
      000152 35*09            [12] 1110 	addc	a,(_delay_sloc0_1_0 + 1)
      000154 F5*09            [12] 1111 	mov	(_delay_sloc0_1_0 + 1),a
      000156 E4               [12] 1112 	clr	a
      000157 35*0A            [12] 1113 	addc	a,(_delay_sloc0_1_0 + 2)
      000159 F5*0A            [12] 1114 	mov	(_delay_sloc0_1_0 + 2),a
      00015B E4               [12] 1115 	clr	a
      00015C 35*0B            [12] 1116 	addc	a,(_delay_sloc0_1_0 + 3)
      00015E F5*0B            [12] 1117 	mov	(_delay_sloc0_1_0 + 3),a
      000160 85*08*04         [24] 1118 	mov	_delay_start_65536_176,_delay_sloc0_1_0
      000163 85*09*05         [24] 1119 	mov	(_delay_start_65536_176 + 1),(_delay_sloc0_1_0 + 1)
      000166 85*0A*06         [24] 1120 	mov	(_delay_start_65536_176 + 2),(_delay_sloc0_1_0 + 2)
      000169 85*0B*07         [24] 1121 	mov	(_delay_start_65536_176 + 3),(_delay_sloc0_1_0 + 3)
                                   1122 ;	C:\Users\tonyp\AppData\Local\Arduino15\packages\CH55xDuino\hardware\mcs51\0.0.23\cores\ch55xduino\wiring.c:893: }
      00016C 80 87            [24] 1123 	sjmp	00102$
                                   1124 ;------------------------------------------------------------
                                   1125 ;Allocation info for local variables in function 'delayMicroseconds'
                                   1126 ;------------------------------------------------------------
                                   1127 ;us                        Allocated to registers 
                                   1128 ;------------------------------------------------------------
                                   1129 ;	C:\Users\tonyp\AppData\Local\Arduino15\packages\CH55xDuino\hardware\mcs51\0.0.23\cores\ch55xduino\wiring.c:895: void delayMicroseconds(__data uint16_t us) {
                                   1130 ;	-----------------------------------------
                                   1131 ;	 function delayMicroseconds
                                   1132 ;	-----------------------------------------
      00016E                       1133 _delayMicroseconds:
                                   1134 ;	C:\Users\tonyp\AppData\Local\Arduino15\packages\CH55xDuino\hardware\mcs51\0.0.23\cores\ch55xduino\wiring.c:1040: "    nop                                  \n");
      00016E                       1135 	.even	                                   
      00016E AE 82            [24] 1136 	mov	 r6, dpl                         
      000170 AF 83            [24] 1137 	mov	 r7, dph                         
      000172 C3               [12] 1138 	clr	 c                               
      000173 74 01            [12] 1139 	mov	 a,#0x01                         
      000175 9E               [12] 1140 	subb	a, r6                           
      000176 E4               [12] 1141 	clr	 a                               
      000177 9F               [12] 1142 	subb	a, r7                           
      000178 40 02            [24] 1143 	jc	skip_0us$                         
      00017A 22               [24] 1144 	ret	                                 
      00017B 00               [12] 1145 	nop	                                 
      00017C                       1146 skip_0us$:
      00017C C3               [12] 1147 	clr	 c                               
      00017D 74 02            [12] 1148 	mov	 a, #0x02                        
      00017F 9E               [12] 1149 	subb	a, r6                           
      000180 FE               [12] 1150 	mov	 r6, a                           
      000181 74 00            [12] 1151 	mov	 a, #0x00                        
      000183 9F               [12] 1152 	subb	a, r7                           
      000184 FF               [12] 1153 	mov	 r7, a                           
      000185 00               [12] 1154 	nop	                                 
      000186 BE 00 05         [24] 1155 	cjne	r6,#0x00,loop24m_us$            
      000189 BF 00 02         [24] 1156 	cjne	r7,#0x00,loop24m_us$            
      00018C 00               [12] 1157 	nop	                                 
      00018D 22               [24] 1158 	ret	                                 
      00018E                       1159 loop24m_us$:
      00018E 00               [12] 1160 	nop	
      00018F 00               [12] 1161 	nop	
      000190 00               [12] 1162 	nop	
      000191 00               [12] 1163 	nop	
      000192 00               [12] 1164 	nop	
      000193 00               [12] 1165 	nop	
      000194                       1166 loop24m_us_2$:
      000194 00               [12] 1167 	nop	
      000195 00               [12] 1168 	nop	
      000196 00               [12] 1169 	nop	
      000197 00               [12] 1170 	nop	
      000198 00               [12] 1171 	nop	
      000199 00               [12] 1172 	nop	
      00019A 00               [12] 1173 	nop	
      00019B 00               [12] 1174 	nop	
      00019C 00               [12] 1175 	nop	
      00019D 00               [12] 1176 	nop	
      00019E 00               [12] 1177 	nop	
      00019F 0E               [12] 1178 	inc	 r6                              
      0001A0 BE 00 EB         [24] 1179 	cjne	r6, #0,loop24m_us$              
      0001A3 0F               [12] 1180 	inc	 r7                              
      0001A4 BF 00 ED         [24] 1181 	cjne	r7, #0,loop24m_us_2$            
      0001A7 00               [12] 1182 	nop	                                 
                                   1183 ;	C:\Users\tonyp\AppData\Local\Arduino15\packages\CH55xDuino\hardware\mcs51\0.0.23\cores\ch55xduino\wiring.c:1139: }
      0001A8 22               [24] 1184 	ret
                                   1185 ;------------------------------------------------------------
                                   1186 ;Allocation info for local variables in function 'init'
                                   1187 ;------------------------------------------------------------
                                   1188 ;	C:\Users\tonyp\AppData\Local\Arduino15\packages\CH55xDuino\hardware\mcs51\0.0.23\cores\ch55xduino\wiring.c:1141: void init() {
                                   1189 ;	-----------------------------------------
                                   1190 ;	 function init
                                   1191 ;	-----------------------------------------
      0001A9                       1192 _init:
                                   1193 ;	C:\Users\tonyp\AppData\Local\Arduino15\packages\CH55xDuino\hardware\mcs51\0.0.23\cores\ch55xduino\wiring.c:1156: SAFE_MOD = 0x55;
      0001A9 75 A1 55         [24] 1194 	mov	_SAFE_MOD,#0x55
                                   1195 ;	C:\Users\tonyp\AppData\Local\Arduino15\packages\CH55xDuino\hardware\mcs51\0.0.23\cores\ch55xduino\wiring.c:1157: SAFE_MOD = 0xAA;
      0001AC 75 A1 AA         [24] 1196 	mov	_SAFE_MOD,#0xaa
                                   1197 ;	C:\Users\tonyp\AppData\Local\Arduino15\packages\CH55xDuino\hardware\mcs51\0.0.23\cores\ch55xduino\wiring.c:1204: CLOCK_CFG & ~MASK_SYS_CK_DIV | 12; // 24MHz, 12M*(24 default PLL)/12=24M
      0001AF 74 E0            [12] 1198 	mov	a,#0xe0
      0001B1 55 B3            [12] 1199 	anl	a,_CLOCK_CFG
      0001B3 44 0C            [12] 1200 	orl	a,#0x0c
      0001B5 F5 B3            [12] 1201 	mov	_CLOCK_CFG,a
                                   1202 ;	C:\Users\tonyp\AppData\Local\Arduino15\packages\CH55xDuino\hardware\mcs51\0.0.23\cores\ch55xduino\wiring.c:1216: SAFE_MOD = 0x00;
      0001B7 75 A1 00         [24] 1203 	mov	_SAFE_MOD,#0x00
                                   1204 ;	C:\Users\tonyp\AppData\Local\Arduino15\packages\CH55xDuino\hardware\mcs51\0.0.23\cores\ch55xduino\wiring.c:1218: delayMicroseconds(5000); // needed to stablize internal RC
      0001BA 90 13 88         [24] 1205 	mov	dptr,#0x1388
      0001BD 12r01r6E         [24] 1206 	lcall	_delayMicroseconds
                                   1207 ;	C:\Users\tonyp\AppData\Local\Arduino15\packages\CH55xDuino\hardware\mcs51\0.0.23\cores\ch55xduino\wiring.c:1222: USBDeviceCfg();
      0001C0 12r00r00         [24] 1208 	lcall	_USBDeviceCfg
                                   1209 ;	C:\Users\tonyp\AppData\Local\Arduino15\packages\CH55xDuino\hardware\mcs51\0.0.23\cores\ch55xduino\wiring.c:1223: USBDeviceEndPointCfg(); //????
      0001C3 12r00r00         [24] 1210 	lcall	_USBDeviceEndPointCfg
                                   1211 ;	C:\Users\tonyp\AppData\Local\Arduino15\packages\CH55xDuino\hardware\mcs51\0.0.23\cores\ch55xduino\wiring.c:1224: USBDeviceIntCfg();      //?????
      0001C6 12r00r00         [24] 1212 	lcall	_USBDeviceIntCfg
                                   1213 ;	C:\Users\tonyp\AppData\Local\Arduino15\packages\CH55xDuino\hardware\mcs51\0.0.23\cores\ch55xduino\wiring.c:1225: UEP0_T_LEN = 0;
      0001C9 75 DD 00         [24] 1214 	mov	_UEP0_T_LEN,#0x00
                                   1215 ;	C:\Users\tonyp\AppData\Local\Arduino15\packages\CH55xDuino\hardware\mcs51\0.0.23\cores\ch55xduino\wiring.c:1226: UEP1_T_LEN = 0; //????????????
      0001CC 75 D3 00         [24] 1216 	mov	_UEP1_T_LEN,#0x00
                                   1217 ;	C:\Users\tonyp\AppData\Local\Arduino15\packages\CH55xDuino\hardware\mcs51\0.0.23\cores\ch55xduino\wiring.c:1227: UEP2_T_LEN = 0; //????????????
      0001CF 75 D5 00         [24] 1218 	mov	_UEP2_T_LEN,#0x00
                                   1219 ;	C:\Users\tonyp\AppData\Local\Arduino15\packages\CH55xDuino\hardware\mcs51\0.0.23\cores\ch55xduino\wiring.c:1231: PWM_CK_SE = 93; // DIV by 94 for 1K freq on 24M clk
      0001D2 75 9E 5D         [24] 1220 	mov	_PWM_CK_SE,#0x5d
                                   1221 ;	C:\Users\tonyp\AppData\Local\Arduino15\packages\CH55xDuino\hardware\mcs51\0.0.23\cores\ch55xduino\wiring.c:1232: PWM_CTRL = 0;
      0001D5 75 9D 00         [24] 1222 	mov	_PWM_CTRL,#0x00
                                   1223 ;	C:\Users\tonyp\AppData\Local\Arduino15\packages\CH55xDuino\hardware\mcs51\0.0.23\cores\ch55xduino\wiring.c:1235: TMOD = (TMOD & ~0x0F) | (bT0_M1); // mode 2 for autoreload
      0001D8 74 F0            [12] 1224 	mov	a,#0xf0
      0001DA 55 89            [12] 1225 	anl	a,_TMOD
      0001DC 44 02            [12] 1226 	orl	a,#0x02
      0001DE F5 89            [12] 1227 	mov	_TMOD,a
                                   1228 ;	C:\Users\tonyp\AppData\Local\Arduino15\packages\CH55xDuino\hardware\mcs51\0.0.23\cores\ch55xduino\wiring.c:1236: T2MOD = T2MOD & ~bT0_CLK;         // bT0_CLK=0;clk Div by 12
      0001E0 53 C9 EF         [24] 1229 	anl	_T2MOD,#0xef
                                   1230 ;	C:\Users\tonyp\AppData\Local\Arduino15\packages\CH55xDuino\hardware\mcs51\0.0.23\cores\ch55xduino\wiring.c:1237: TH0 = 255 - T0_CYCLE + 1;
      0001E3 75 8C 06         [24] 1231 	mov	_TH0,#0x06
                                   1232 ;	C:\Users\tonyp\AppData\Local\Arduino15\packages\CH55xDuino\hardware\mcs51\0.0.23\cores\ch55xduino\wiring.c:1238: TF0 = 0;
                                   1233 ;	assignBit
      0001E6 C2 8D            [12] 1234 	clr	_TF0
                                   1235 ;	C:\Users\tonyp\AppData\Local\Arduino15\packages\CH55xDuino\hardware\mcs51\0.0.23\cores\ch55xduino\wiring.c:1239: ET0 = 1;
                                   1236 ;	assignBit
      0001E8 D2 A9            [12] 1237 	setb	_ET0
                                   1238 ;	C:\Users\tonyp\AppData\Local\Arduino15\packages\CH55xDuino\hardware\mcs51\0.0.23\cores\ch55xduino\wiring.c:1240: TR0 = 1;
                                   1239 ;	assignBit
      0001EA D2 8C            [12] 1240 	setb	_TR0
                                   1241 ;	C:\Users\tonyp\AppData\Local\Arduino15\packages\CH55xDuino\hardware\mcs51\0.0.23\cores\ch55xduino\wiring.c:1242: EA = 1; // millis and delay needs interrupt
                                   1242 ;	assignBit
      0001EC D2 AF            [12] 1243 	setb	_EA
                                   1244 ;	C:\Users\tonyp\AppData\Local\Arduino15\packages\CH55xDuino\hardware\mcs51\0.0.23\cores\ch55xduino\wiring.c:1243: }
      0001EE 22               [24] 1245 	ret
                                   1246 	.area CSEG    (CODE)
                                   1247 	.area CONST   (CODE)
                                   1248 	.area XINIT   (CODE)
                                   1249 	.area CABS    (ABS,CODE)
