                                      1 ;--------------------------------------------------------
                                      2 ; File Created by SDCC : free open source ISO C Compiler 
                                      3 ; Version 4.2.2 #13407 (MINGW32)
                                      4 ;--------------------------------------------------------
                                      5 	.module digitalReadDirectLut
                                      6 	.optsdcc -mmcs51 --model-large
                                      7 	
                                      8 ;--------------------------------------------------------
                                      9 ; Public variables in this module
                                     10 ;--------------------------------------------------------
                                     11 	.globl _UIF_BUS_RST
                                     12 	.globl _UIF_DETECT
                                     13 	.globl _UIF_TRANSFER
                                     14 	.globl _UIF_SUSPEND
                                     15 	.globl _UIF_HST_SOF
                                     16 	.globl _UIF_FIFO_OV
                                     17 	.globl _U_SIE_FREE
                                     18 	.globl _U_TOG_OK
                                     19 	.globl _U_IS_NAK
                                     20 	.globl _S0_R_FIFO0
                                     21 	.globl _S0_R_FIFO1
                                     22 	.globl _S0_T_FIFO
                                     23 	.globl _S0_FREE
                                     24 	.globl _S0_IF_BYTE
                                     25 	.globl _S0_IF_FIRST
                                     26 	.globl _S0_IF_OV
                                     27 	.globl _S0_FST_ACT
                                     28 	.globl _CP_RL2
                                     29 	.globl _C_T2
                                     30 	.globl _TR2
                                     31 	.globl _EXEN2
                                     32 	.globl _TCLK
                                     33 	.globl _RCLK
                                     34 	.globl _EXF2
                                     35 	.globl _CAP1F
                                     36 	.globl _TF2
                                     37 	.globl _RI
                                     38 	.globl _TI
                                     39 	.globl _RB8
                                     40 	.globl _TB8
                                     41 	.globl _REN
                                     42 	.globl _SM2
                                     43 	.globl _SM1
                                     44 	.globl _SM0
                                     45 	.globl _IT0
                                     46 	.globl _IE0
                                     47 	.globl _IT1
                                     48 	.globl _IE1
                                     49 	.globl _TR0
                                     50 	.globl _TF0
                                     51 	.globl _TR1
                                     52 	.globl _TF1
                                     53 	.globl _P4_OUT_0
                                     54 	.globl _P4_OUT_1
                                     55 	.globl _P4_OUT_2
                                     56 	.globl _P4_OUT_3
                                     57 	.globl _P4_OUT_4
                                     58 	.globl _P4_OUT_5
                                     59 	.globl _P4_OUT_6
                                     60 	.globl _P4_OUT_7
                                     61 	.globl _RXD1_
                                     62 	.globl _LED2
                                     63 	.globl _CAP3_
                                     64 	.globl _PWM3_
                                     65 	.globl _PWM1_
                                     66 	.globl _TXD1_
                                     67 	.globl _TNOW_
                                     68 	.globl _LED3
                                     69 	.globl _PWM2_
                                     70 	.globl _SCS_
                                     71 	.globl _SCK_
                                     72 	.globl _P3_0
                                     73 	.globl _P3_1
                                     74 	.globl _P3_2
                                     75 	.globl _P3_3
                                     76 	.globl _P3_4
                                     77 	.globl _P3_5
                                     78 	.globl _P3_6
                                     79 	.globl _P3_7
                                     80 	.globl _RXD
                                     81 	.globl _TXD
                                     82 	.globl _INT0
                                     83 	.globl _LED0
                                     84 	.globl _INT1
                                     85 	.globl _LED1
                                     86 	.globl _T0
                                     87 	.globl _XCS0
                                     88 	.globl _LEDC
                                     89 	.globl _T1
                                     90 	.globl _DA6
                                     91 	.globl _WR
                                     92 	.globl _RD
                                     93 	.globl _P2_0
                                     94 	.globl _P2_1
                                     95 	.globl _P2_2
                                     96 	.globl _P2_3
                                     97 	.globl _P2_4
                                     98 	.globl _P2_5
                                     99 	.globl _P2_6
                                    100 	.globl _P2_7
                                    101 	.globl _MOSI1
                                    102 	.globl _MISO1
                                    103 	.globl _SCK1
                                    104 	.globl _PWM1
                                    105 	.globl _CAP2_
                                    106 	.globl _T2EX_
                                    107 	.globl _PWM2
                                    108 	.globl _TNOW
                                    109 	.globl _RXD1
                                    110 	.globl _DA7
                                    111 	.globl _TXD1
                                    112 	.globl _P1_0
                                    113 	.globl _P1_1
                                    114 	.globl _P1_2
                                    115 	.globl _P1_3
                                    116 	.globl _P1_4
                                    117 	.globl _P1_5
                                    118 	.globl _P1_6
                                    119 	.globl _P1_7
                                    120 	.globl _CAP1
                                    121 	.globl _T2
                                    122 	.globl _CAP2
                                    123 	.globl _T2EX
                                    124 	.globl _CAP3
                                    125 	.globl _PWM3
                                    126 	.globl _SCS
                                    127 	.globl _MOSI
                                    128 	.globl _MISO
                                    129 	.globl _SCK
                                    130 	.globl _AIN0
                                    131 	.globl _AIN1
                                    132 	.globl _AIN2
                                    133 	.globl _AIN3
                                    134 	.globl _AIN4
                                    135 	.globl _AIN5
                                    136 	.globl _AIN6
                                    137 	.globl _AIN7
                                    138 	.globl _P0_0
                                    139 	.globl _P0_1
                                    140 	.globl _P0_2
                                    141 	.globl _P0_3
                                    142 	.globl _P0_4
                                    143 	.globl _P0_5
                                    144 	.globl _P0_6
                                    145 	.globl _P0_7
                                    146 	.globl _UDTR
                                    147 	.globl _URTS
                                    148 	.globl _RXD_
                                    149 	.globl _TXD_
                                    150 	.globl _UCTS
                                    151 	.globl _UDSR
                                    152 	.globl _URI
                                    153 	.globl _UDCD
                                    154 	.globl _IE_SPI0
                                    155 	.globl _IE_TMR3
                                    156 	.globl _IE_USB
                                    157 	.globl _IE_ADC
                                    158 	.globl _IE_UART1
                                    159 	.globl _IE_PWM1
                                    160 	.globl _IE_GPIO
                                    161 	.globl _IE_WDOG
                                    162 	.globl _PX0
                                    163 	.globl _PT0
                                    164 	.globl _PX1
                                    165 	.globl _PT1
                                    166 	.globl _PS
                                    167 	.globl _PT2
                                    168 	.globl _PL_FLAG
                                    169 	.globl _PH_FLAG
                                    170 	.globl _EX0
                                    171 	.globl _ET0
                                    172 	.globl _EX1
                                    173 	.globl _ET1
                                    174 	.globl _ES
                                    175 	.globl _ET2
                                    176 	.globl _E_DIS
                                    177 	.globl _EA
                                    178 	.globl _P
                                    179 	.globl _F1
                                    180 	.globl _OV
                                    181 	.globl _RS0
                                    182 	.globl _RS1
                                    183 	.globl _F0
                                    184 	.globl _AC
                                    185 	.globl _CY
                                    186 	.globl _USB_DMA_AH
                                    187 	.globl _USB_DMA_AL
                                    188 	.globl _USB_DMA
                                    189 	.globl _UHUB1_CTRL
                                    190 	.globl _UDEV_CTRL
                                    191 	.globl _USB_DEV_AD
                                    192 	.globl _USB_CTRL
                                    193 	.globl _USB_INT_EN
                                    194 	.globl _UEP4_T_LEN
                                    195 	.globl _UEP4_CTRL
                                    196 	.globl _UEP0_T_LEN
                                    197 	.globl _UEP0_CTRL
                                    198 	.globl _USB_HUB_ST
                                    199 	.globl _USB_MIS_ST
                                    200 	.globl _USB_INT_ST
                                    201 	.globl _USB_INT_FG
                                    202 	.globl _UEP3_T_LEN
                                    203 	.globl _UEP3_CTRL
                                    204 	.globl _UEP2_T_LEN
                                    205 	.globl _UEP2_CTRL
                                    206 	.globl _UEP1_T_LEN
                                    207 	.globl _UEP1_CTRL
                                    208 	.globl _USB_RX_LEN
                                    209 	.globl _ADC_EX_SW
                                    210 	.globl _ADC_SETUP
                                    211 	.globl _ADC_FIFO_H
                                    212 	.globl _ADC_FIFO_L
                                    213 	.globl _ADC_FIFO
                                    214 	.globl _ADC_CHANN
                                    215 	.globl _ADC_CTRL
                                    216 	.globl _ADC_STAT
                                    217 	.globl _ADC_CK_SE
                                    218 	.globl _ADC_DMA_CN
                                    219 	.globl _ADC_DMA_AH
                                    220 	.globl _ADC_DMA_AL
                                    221 	.globl _ADC_DMA
                                    222 	.globl _SER1_ADDR
                                    223 	.globl _SER1_MSR
                                    224 	.globl _SER1_LSR
                                    225 	.globl _SER1_MCR
                                    226 	.globl _SER1_LCR
                                    227 	.globl _SER1_IIR
                                    228 	.globl _SER1_IER
                                    229 	.globl _SER1_FIFO
                                    230 	.globl _SPI1_CK_SE
                                    231 	.globl _SPI1_CTRL
                                    232 	.globl _SPI1_DATA
                                    233 	.globl _SPI1_STAT
                                    234 	.globl _SPI0_SETUP
                                    235 	.globl _SPI0_CK_SE
                                    236 	.globl _SPI0_CTRL
                                    237 	.globl _SPI0_DATA
                                    238 	.globl _SPI0_STAT
                                    239 	.globl _PWM_CYCLE
                                    240 	.globl _PWM_CK_SE
                                    241 	.globl _PWM_CTRL
                                    242 	.globl _PWM_DATA
                                    243 	.globl _PWM_DATA2
                                    244 	.globl _T3_FIFO_H
                                    245 	.globl _T3_FIFO_L
                                    246 	.globl _T3_FIFO
                                    247 	.globl _T3_DMA_AH
                                    248 	.globl _T3_DMA_AL
                                    249 	.globl _T3_DMA
                                    250 	.globl _T3_DMA_CN
                                    251 	.globl _T3_CTRL
                                    252 	.globl _T3_STAT
                                    253 	.globl _T3_END_H
                                    254 	.globl _T3_END_L
                                    255 	.globl _T3_END
                                    256 	.globl _T3_COUNT_H
                                    257 	.globl _T3_COUNT_L
                                    258 	.globl _T3_COUNT
                                    259 	.globl _T3_SETUP
                                    260 	.globl _TH2
                                    261 	.globl _TL2
                                    262 	.globl _T2COUNT
                                    263 	.globl _RCAP2H
                                    264 	.globl _RCAP2L
                                    265 	.globl _RCAP2
                                    266 	.globl _T2MOD
                                    267 	.globl _T2CON
                                    268 	.globl _SBUF
                                    269 	.globl _SCON
                                    270 	.globl _TH1
                                    271 	.globl _TH0
                                    272 	.globl _TL1
                                    273 	.globl _TL0
                                    274 	.globl _TMOD
                                    275 	.globl _TCON
                                    276 	.globl _XBUS_SPEED
                                    277 	.globl _XBUS_AUX
                                    278 	.globl _PIN_FUNC
                                    279 	.globl _PORT_CFG
                                    280 	.globl _P5_IN
                                    281 	.globl _P4_PU
                                    282 	.globl _P4_DIR
                                    283 	.globl _P4_IN
                                    284 	.globl _P4_OUT
                                    285 	.globl _P3_PU
                                    286 	.globl _P3_DIR
                                    287 	.globl _P3
                                    288 	.globl _P2_PU
                                    289 	.globl _P2_DIR
                                    290 	.globl _P2
                                    291 	.globl _P1_PU
                                    292 	.globl _P1_DIR
                                    293 	.globl _P1_IE
                                    294 	.globl _P1
                                    295 	.globl _P0_PU
                                    296 	.globl _P0_DIR
                                    297 	.globl _P0
                                    298 	.globl _ROM_CTRL
                                    299 	.globl _ROM_DATA_H
                                    300 	.globl _ROM_DATA_L
                                    301 	.globl _ROM_DATA
                                    302 	.globl _ROM_ADDR_H
                                    303 	.globl _ROM_ADDR_L
                                    304 	.globl _ROM_ADDR
                                    305 	.globl _GPIO_IE
                                    306 	.globl _IP_EX
                                    307 	.globl _IE_EX
                                    308 	.globl _IP
                                    309 	.globl _IE
                                    310 	.globl _WDOG_COUNT
                                    311 	.globl _RESET_KEEP
                                    312 	.globl _WAKE_CTRL
                                    313 	.globl _SLEEP_CTRL
                                    314 	.globl _CLOCK_CFG
                                    315 	.globl _PLL_CFG
                                    316 	.globl _PCON
                                    317 	.globl _GLOBAL_CFG
                                    318 	.globl _SAFE_MOD
                                    319 	.globl _DPH
                                    320 	.globl _DPL
                                    321 	.globl _SP
                                    322 	.globl _B
                                    323 	.globl _ACC
                                    324 	.globl _PSW
                                    325 	.globl _LED_DMA_XL
                                    326 	.globl _LED_DMA_XH
                                    327 	.globl _LED_DMA_CN
                                    328 	.globl _LED_DMA_AL
                                    329 	.globl _LED_DMA_AH
                                    330 	.globl _LED_CK_SE
                                    331 	.globl _LED_DATA
                                    332 	.globl _LED_CTRL
                                    333 	.globl _LED_STAT
                                    334 	.globl _UEP3_DMA_L
                                    335 	.globl _UEP3_DMA_H
                                    336 	.globl _UEP2_DMA_L
                                    337 	.globl _UEP2_DMA_H
                                    338 	.globl _UEP1_DMA_L
                                    339 	.globl _UEP1_DMA_H
                                    340 	.globl _UEP0_DMA_L
                                    341 	.globl _UEP0_DMA_H
                                    342 	.globl _UEP2_3_MOD
                                    343 	.globl _UEP4_1_MOD
                                    344 	.globl _pLED_DMA_XL
                                    345 	.globl _pLED_DMA_XH
                                    346 	.globl _pLED_DMA_CN
                                    347 	.globl _pLED_DMA_AL
                                    348 	.globl _pLED_DMA_AH
                                    349 	.globl _pLED_CK_SE
                                    350 	.globl _pLED_DATA
                                    351 	.globl _pLED_CTRL
                                    352 	.globl _pLED_STAT
                                    353 	.globl _pUEP3_DMA_L
                                    354 	.globl _pUEP3_DMA_H
                                    355 	.globl _pUEP2_DMA_L
                                    356 	.globl _pUEP2_DMA_H
                                    357 	.globl _pUEP1_DMA_L
                                    358 	.globl _pUEP1_DMA_H
                                    359 	.globl _pUEP0_DMA_L
                                    360 	.globl _pUEP0_DMA_H
                                    361 	.globl _pUEP2_3_MOD
                                    362 	.globl _pUEP4_1_MOD
                                    363 ;--------------------------------------------------------
                                    364 ; special function registers
                                    365 ;--------------------------------------------------------
                                    366 	.area RSEG    (ABS,DATA)
      000000                        367 	.org 0x0000
                           0000D0   368 _PSW	=	0x00d0
                           0000E0   369 _ACC	=	0x00e0
                           0000F0   370 _B	=	0x00f0
                           000081   371 _SP	=	0x0081
                           000082   372 _DPL	=	0x0082
                           000083   373 _DPH	=	0x0083
                           0000A1   374 _SAFE_MOD	=	0x00a1
                           0000B1   375 _GLOBAL_CFG	=	0x00b1
                           000087   376 _PCON	=	0x0087
                           0000B2   377 _PLL_CFG	=	0x00b2
                           0000B3   378 _CLOCK_CFG	=	0x00b3
                           0000EA   379 _SLEEP_CTRL	=	0x00ea
                           0000EB   380 _WAKE_CTRL	=	0x00eb
                           0000FE   381 _RESET_KEEP	=	0x00fe
                           0000FF   382 _WDOG_COUNT	=	0x00ff
                           0000A8   383 _IE	=	0x00a8
                           0000B8   384 _IP	=	0x00b8
                           0000E8   385 _IE_EX	=	0x00e8
                           0000E9   386 _IP_EX	=	0x00e9
                           0000CF   387 _GPIO_IE	=	0x00cf
                           008584   388 _ROM_ADDR	=	0x8584
                           000084   389 _ROM_ADDR_L	=	0x0084
                           000085   390 _ROM_ADDR_H	=	0x0085
                           008F8E   391 _ROM_DATA	=	0x8f8e
                           00008E   392 _ROM_DATA_L	=	0x008e
                           00008F   393 _ROM_DATA_H	=	0x008f
                           000086   394 _ROM_CTRL	=	0x0086
                           000080   395 _P0	=	0x0080
                           0000C4   396 _P0_DIR	=	0x00c4
                           0000C5   397 _P0_PU	=	0x00c5
                           000090   398 _P1	=	0x0090
                           0000B9   399 _P1_IE	=	0x00b9
                           0000BA   400 _P1_DIR	=	0x00ba
                           0000BB   401 _P1_PU	=	0x00bb
                           0000A0   402 _P2	=	0x00a0
                           0000BC   403 _P2_DIR	=	0x00bc
                           0000BD   404 _P2_PU	=	0x00bd
                           0000B0   405 _P3	=	0x00b0
                           0000BE   406 _P3_DIR	=	0x00be
                           0000BF   407 _P3_PU	=	0x00bf
                           0000C0   408 _P4_OUT	=	0x00c0
                           0000C1   409 _P4_IN	=	0x00c1
                           0000C2   410 _P4_DIR	=	0x00c2
                           0000C3   411 _P4_PU	=	0x00c3
                           0000C7   412 _P5_IN	=	0x00c7
                           0000C6   413 _PORT_CFG	=	0x00c6
                           0000CE   414 _PIN_FUNC	=	0x00ce
                           0000A2   415 _XBUS_AUX	=	0x00a2
                           0000FD   416 _XBUS_SPEED	=	0x00fd
                           000088   417 _TCON	=	0x0088
                           000089   418 _TMOD	=	0x0089
                           00008A   419 _TL0	=	0x008a
                           00008B   420 _TL1	=	0x008b
                           00008C   421 _TH0	=	0x008c
                           00008D   422 _TH1	=	0x008d
                           000098   423 _SCON	=	0x0098
                           000099   424 _SBUF	=	0x0099
                           0000C8   425 _T2CON	=	0x00c8
                           0000C9   426 _T2MOD	=	0x00c9
                           00CBCA   427 _RCAP2	=	0xcbca
                           0000CA   428 _RCAP2L	=	0x00ca
                           0000CB   429 _RCAP2H	=	0x00cb
                           00CDCC   430 _T2COUNT	=	0xcdcc
                           0000CC   431 _TL2	=	0x00cc
                           0000CD   432 _TH2	=	0x00cd
                           0000A3   433 _T3_SETUP	=	0x00a3
                           00A5A4   434 _T3_COUNT	=	0xa5a4
                           0000A4   435 _T3_COUNT_L	=	0x00a4
                           0000A5   436 _T3_COUNT_H	=	0x00a5
                           00A7A6   437 _T3_END	=	0xa7a6
                           0000A6   438 _T3_END_L	=	0x00a6
                           0000A7   439 _T3_END_H	=	0x00a7
                           0000A9   440 _T3_STAT	=	0x00a9
                           0000AA   441 _T3_CTRL	=	0x00aa
                           0000AB   442 _T3_DMA_CN	=	0x00ab
                           00ADAC   443 _T3_DMA	=	0xadac
                           0000AC   444 _T3_DMA_AL	=	0x00ac
                           0000AD   445 _T3_DMA_AH	=	0x00ad
                           00AFAE   446 _T3_FIFO	=	0xafae
                           0000AE   447 _T3_FIFO_L	=	0x00ae
                           0000AF   448 _T3_FIFO_H	=	0x00af
                           00009B   449 _PWM_DATA2	=	0x009b
                           00009C   450 _PWM_DATA	=	0x009c
                           00009D   451 _PWM_CTRL	=	0x009d
                           00009E   452 _PWM_CK_SE	=	0x009e
                           00009F   453 _PWM_CYCLE	=	0x009f
                           0000F8   454 _SPI0_STAT	=	0x00f8
                           0000F9   455 _SPI0_DATA	=	0x00f9
                           0000FA   456 _SPI0_CTRL	=	0x00fa
                           0000FB   457 _SPI0_CK_SE	=	0x00fb
                           0000FC   458 _SPI0_SETUP	=	0x00fc
                           0000B4   459 _SPI1_STAT	=	0x00b4
                           0000B5   460 _SPI1_DATA	=	0x00b5
                           0000B6   461 _SPI1_CTRL	=	0x00b6
                           0000B7   462 _SPI1_CK_SE	=	0x00b7
                           00009A   463 _SER1_FIFO	=	0x009a
                           000091   464 _SER1_IER	=	0x0091
                           000092   465 _SER1_IIR	=	0x0092
                           000093   466 _SER1_LCR	=	0x0093
                           000094   467 _SER1_MCR	=	0x0094
                           000095   468 _SER1_LSR	=	0x0095
                           000096   469 _SER1_MSR	=	0x0096
                           000097   470 _SER1_ADDR	=	0x0097
                           00EDEC   471 _ADC_DMA	=	0xedec
                           0000EC   472 _ADC_DMA_AL	=	0x00ec
                           0000ED   473 _ADC_DMA_AH	=	0x00ed
                           0000EE   474 _ADC_DMA_CN	=	0x00ee
                           0000EF   475 _ADC_CK_SE	=	0x00ef
                           0000F1   476 _ADC_STAT	=	0x00f1
                           0000F2   477 _ADC_CTRL	=	0x00f2
                           0000F3   478 _ADC_CHANN	=	0x00f3
                           00F5F4   479 _ADC_FIFO	=	0xf5f4
                           0000F4   480 _ADC_FIFO_L	=	0x00f4
                           0000F5   481 _ADC_FIFO_H	=	0x00f5
                           0000F6   482 _ADC_SETUP	=	0x00f6
                           0000F7   483 _ADC_EX_SW	=	0x00f7
                           0000D1   484 _USB_RX_LEN	=	0x00d1
                           0000D2   485 _UEP1_CTRL	=	0x00d2
                           0000D3   486 _UEP1_T_LEN	=	0x00d3
                           0000D4   487 _UEP2_CTRL	=	0x00d4
                           0000D5   488 _UEP2_T_LEN	=	0x00d5
                           0000D6   489 _UEP3_CTRL	=	0x00d6
                           0000D7   490 _UEP3_T_LEN	=	0x00d7
                           0000D8   491 _USB_INT_FG	=	0x00d8
                           0000D9   492 _USB_INT_ST	=	0x00d9
                           0000DA   493 _USB_MIS_ST	=	0x00da
                           0000DB   494 _USB_HUB_ST	=	0x00db
                           0000DC   495 _UEP0_CTRL	=	0x00dc
                           0000DD   496 _UEP0_T_LEN	=	0x00dd
                           0000DE   497 _UEP4_CTRL	=	0x00de
                           0000DF   498 _UEP4_T_LEN	=	0x00df
                           0000E1   499 _USB_INT_EN	=	0x00e1
                           0000E2   500 _USB_CTRL	=	0x00e2
                           0000E3   501 _USB_DEV_AD	=	0x00e3
                           0000E4   502 _UDEV_CTRL	=	0x00e4
                           0000E5   503 _UHUB1_CTRL	=	0x00e5
                           00E7E6   504 _USB_DMA	=	0xe7e6
                           0000E6   505 _USB_DMA_AL	=	0x00e6
                           0000E7   506 _USB_DMA_AH	=	0x00e7
                                    507 ;--------------------------------------------------------
                                    508 ; special function bits
                                    509 ;--------------------------------------------------------
                                    510 	.area RSEG    (ABS,DATA)
      000000                        511 	.org 0x0000
                           0000D7   512 _CY	=	0x00d7
                           0000D6   513 _AC	=	0x00d6
                           0000D5   514 _F0	=	0x00d5
                           0000D4   515 _RS1	=	0x00d4
                           0000D3   516 _RS0	=	0x00d3
                           0000D2   517 _OV	=	0x00d2
                           0000D1   518 _F1	=	0x00d1
                           0000D0   519 _P	=	0x00d0
                           0000AF   520 _EA	=	0x00af
                           0000AE   521 _E_DIS	=	0x00ae
                           0000AD   522 _ET2	=	0x00ad
                           0000AC   523 _ES	=	0x00ac
                           0000AB   524 _ET1	=	0x00ab
                           0000AA   525 _EX1	=	0x00aa
                           0000A9   526 _ET0	=	0x00a9
                           0000A8   527 _EX0	=	0x00a8
                           0000BF   528 _PH_FLAG	=	0x00bf
                           0000BE   529 _PL_FLAG	=	0x00be
                           0000BD   530 _PT2	=	0x00bd
                           0000BC   531 _PS	=	0x00bc
                           0000BB   532 _PT1	=	0x00bb
                           0000BA   533 _PX1	=	0x00ba
                           0000B9   534 _PT0	=	0x00b9
                           0000B8   535 _PX0	=	0x00b8
                           0000EF   536 _IE_WDOG	=	0x00ef
                           0000EE   537 _IE_GPIO	=	0x00ee
                           0000ED   538 _IE_PWM1	=	0x00ed
                           0000EC   539 _IE_UART1	=	0x00ec
                           0000EB   540 _IE_ADC	=	0x00eb
                           0000EA   541 _IE_USB	=	0x00ea
                           0000E9   542 _IE_TMR3	=	0x00e9
                           0000E8   543 _IE_SPI0	=	0x00e8
                           000087   544 _UDCD	=	0x0087
                           000086   545 _URI	=	0x0086
                           000085   546 _UDSR	=	0x0085
                           000084   547 _UCTS	=	0x0084
                           000083   548 _TXD_	=	0x0083
                           000082   549 _RXD_	=	0x0082
                           000081   550 _URTS	=	0x0081
                           000080   551 _UDTR	=	0x0080
                           000087   552 _P0_7	=	0x0087
                           000086   553 _P0_6	=	0x0086
                           000085   554 _P0_5	=	0x0085
                           000084   555 _P0_4	=	0x0084
                           000083   556 _P0_3	=	0x0083
                           000082   557 _P0_2	=	0x0082
                           000081   558 _P0_1	=	0x0081
                           000080   559 _P0_0	=	0x0080
                           000097   560 _AIN7	=	0x0097
                           000096   561 _AIN6	=	0x0096
                           000095   562 _AIN5	=	0x0095
                           000094   563 _AIN4	=	0x0094
                           000093   564 _AIN3	=	0x0093
                           000092   565 _AIN2	=	0x0092
                           000091   566 _AIN1	=	0x0091
                           000090   567 _AIN0	=	0x0090
                           000097   568 _SCK	=	0x0097
                           000096   569 _MISO	=	0x0096
                           000095   570 _MOSI	=	0x0095
                           000094   571 _SCS	=	0x0094
                           000092   572 _PWM3	=	0x0092
                           000092   573 _CAP3	=	0x0092
                           000091   574 _T2EX	=	0x0091
                           000091   575 _CAP2	=	0x0091
                           000090   576 _T2	=	0x0090
                           000090   577 _CAP1	=	0x0090
                           000097   578 _P1_7	=	0x0097
                           000096   579 _P1_6	=	0x0096
                           000095   580 _P1_5	=	0x0095
                           000094   581 _P1_4	=	0x0094
                           000093   582 _P1_3	=	0x0093
                           000092   583 _P1_2	=	0x0092
                           000091   584 _P1_1	=	0x0091
                           000090   585 _P1_0	=	0x0090
                           0000A7   586 _TXD1	=	0x00a7
                           0000A7   587 _DA7	=	0x00a7
                           0000A6   588 _RXD1	=	0x00a6
                           0000A5   589 _TNOW	=	0x00a5
                           0000A5   590 _PWM2	=	0x00a5
                           0000A5   591 _T2EX_	=	0x00a5
                           0000A5   592 _CAP2_	=	0x00a5
                           0000A4   593 _PWM1	=	0x00a4
                           0000A3   594 _SCK1	=	0x00a3
                           0000A2   595 _MISO1	=	0x00a2
                           0000A1   596 _MOSI1	=	0x00a1
                           0000A7   597 _P2_7	=	0x00a7
                           0000A6   598 _P2_6	=	0x00a6
                           0000A5   599 _P2_5	=	0x00a5
                           0000A4   600 _P2_4	=	0x00a4
                           0000A3   601 _P2_3	=	0x00a3
                           0000A2   602 _P2_2	=	0x00a2
                           0000A1   603 _P2_1	=	0x00a1
                           0000A0   604 _P2_0	=	0x00a0
                           0000B7   605 _RD	=	0x00b7
                           0000B6   606 _WR	=	0x00b6
                           0000B5   607 _DA6	=	0x00b5
                           0000B5   608 _T1	=	0x00b5
                           0000B4   609 _LEDC	=	0x00b4
                           0000B4   610 _XCS0	=	0x00b4
                           0000B4   611 _T0	=	0x00b4
                           0000B3   612 _LED1	=	0x00b3
                           0000B3   613 _INT1	=	0x00b3
                           0000B2   614 _LED0	=	0x00b2
                           0000B2   615 _INT0	=	0x00b2
                           0000B1   616 _TXD	=	0x00b1
                           0000B0   617 _RXD	=	0x00b0
                           0000B7   618 _P3_7	=	0x00b7
                           0000B6   619 _P3_6	=	0x00b6
                           0000B5   620 _P3_5	=	0x00b5
                           0000B4   621 _P3_4	=	0x00b4
                           0000B3   622 _P3_3	=	0x00b3
                           0000B2   623 _P3_2	=	0x00b2
                           0000B1   624 _P3_1	=	0x00b1
                           0000B0   625 _P3_0	=	0x00b0
                           0000C7   626 _SCK_	=	0x00c7
                           0000C6   627 _SCS_	=	0x00c6
                           0000C5   628 _PWM2_	=	0x00c5
                           0000C4   629 _LED3	=	0x00c4
                           0000C4   630 _TNOW_	=	0x00c4
                           0000C4   631 _TXD1_	=	0x00c4
                           0000C3   632 _PWM1_	=	0x00c3
                           0000C2   633 _PWM3_	=	0x00c2
                           0000C2   634 _CAP3_	=	0x00c2
                           0000C0   635 _LED2	=	0x00c0
                           0000C0   636 _RXD1_	=	0x00c0
                           0000C7   637 _P4_OUT_7	=	0x00c7
                           0000C6   638 _P4_OUT_6	=	0x00c6
                           0000C5   639 _P4_OUT_5	=	0x00c5
                           0000C4   640 _P4_OUT_4	=	0x00c4
                           0000C3   641 _P4_OUT_3	=	0x00c3
                           0000C2   642 _P4_OUT_2	=	0x00c2
                           0000C1   643 _P4_OUT_1	=	0x00c1
                           0000C0   644 _P4_OUT_0	=	0x00c0
                           00008F   645 _TF1	=	0x008f
                           00008E   646 _TR1	=	0x008e
                           00008D   647 _TF0	=	0x008d
                           00008C   648 _TR0	=	0x008c
                           00008B   649 _IE1	=	0x008b
                           00008A   650 _IT1	=	0x008a
                           000089   651 _IE0	=	0x0089
                           000088   652 _IT0	=	0x0088
                           00009F   653 _SM0	=	0x009f
                           00009E   654 _SM1	=	0x009e
                           00009D   655 _SM2	=	0x009d
                           00009C   656 _REN	=	0x009c
                           00009B   657 _TB8	=	0x009b
                           00009A   658 _RB8	=	0x009a
                           000099   659 _TI	=	0x0099
                           000098   660 _RI	=	0x0098
                           0000CF   661 _TF2	=	0x00cf
                           0000CF   662 _CAP1F	=	0x00cf
                           0000CE   663 _EXF2	=	0x00ce
                           0000CD   664 _RCLK	=	0x00cd
                           0000CC   665 _TCLK	=	0x00cc
                           0000CB   666 _EXEN2	=	0x00cb
                           0000CA   667 _TR2	=	0x00ca
                           0000C9   668 _C_T2	=	0x00c9
                           0000C8   669 _CP_RL2	=	0x00c8
                           0000FF   670 _S0_FST_ACT	=	0x00ff
                           0000FE   671 _S0_IF_OV	=	0x00fe
                           0000FD   672 _S0_IF_FIRST	=	0x00fd
                           0000FC   673 _S0_IF_BYTE	=	0x00fc
                           0000FB   674 _S0_FREE	=	0x00fb
                           0000FA   675 _S0_T_FIFO	=	0x00fa
                           0000F9   676 _S0_R_FIFO1	=	0x00f9
                           0000F8   677 _S0_R_FIFO0	=	0x00f8
                           0000DF   678 _U_IS_NAK	=	0x00df
                           0000DE   679 _U_TOG_OK	=	0x00de
                           0000DD   680 _U_SIE_FREE	=	0x00dd
                           0000DC   681 _UIF_FIFO_OV	=	0x00dc
                           0000DB   682 _UIF_HST_SOF	=	0x00db
                           0000DA   683 _UIF_SUSPEND	=	0x00da
                           0000D9   684 _UIF_TRANSFER	=	0x00d9
                           0000D8   685 _UIF_DETECT	=	0x00d8
                           0000D8   686 _UIF_BUS_RST	=	0x00d8
                                    687 ;--------------------------------------------------------
                                    688 ; overlayable register banks
                                    689 ;--------------------------------------------------------
                                    690 	.area REG_BANK_0	(REL,OVR,DATA)
      000000                        691 	.ds 8
                                    692 ;--------------------------------------------------------
                                    693 ; internal ram data
                                    694 ;--------------------------------------------------------
                                    695 	.area DSEG    (DATA)
                                    696 ;--------------------------------------------------------
                                    697 ; overlayable items in internal ram
                                    698 ;--------------------------------------------------------
                                    699 ;--------------------------------------------------------
                                    700 ; indirectly addressable internal ram data
                                    701 ;--------------------------------------------------------
                                    702 	.area ISEG    (DATA)
                                    703 ;--------------------------------------------------------
                                    704 ; absolute internal ram data
                                    705 ;--------------------------------------------------------
                                    706 	.area IABS    (ABS,DATA)
                                    707 	.area IABS    (ABS,DATA)
                                    708 ;--------------------------------------------------------
                                    709 ; bit data
                                    710 ;--------------------------------------------------------
                                    711 	.area BSEG    (BIT)
                                    712 ;--------------------------------------------------------
                                    713 ; paged external ram data
                                    714 ;--------------------------------------------------------
                                    715 	.area PSEG    (PAG,XDATA)
                           002546   716 _pUEP4_1_MOD	=	0x2546
                           002547   717 _pUEP2_3_MOD	=	0x2547
                           002548   718 _pUEP0_DMA_H	=	0x2548
                           002549   719 _pUEP0_DMA_L	=	0x2549
                           00254A   720 _pUEP1_DMA_H	=	0x254a
                           00254B   721 _pUEP1_DMA_L	=	0x254b
                           00254C   722 _pUEP2_DMA_H	=	0x254c
                           00254D   723 _pUEP2_DMA_L	=	0x254d
                           00254E   724 _pUEP3_DMA_H	=	0x254e
                           00254F   725 _pUEP3_DMA_L	=	0x254f
                           002980   726 _pLED_STAT	=	0x2980
                           002981   727 _pLED_CTRL	=	0x2981
                           002982   728 _pLED_DATA	=	0x2982
                           002983   729 _pLED_CK_SE	=	0x2983
                           002984   730 _pLED_DMA_AH	=	0x2984
                           002985   731 _pLED_DMA_AL	=	0x2985
                           002986   732 _pLED_DMA_CN	=	0x2986
                           002988   733 _pLED_DMA_XH	=	0x2988
                           002989   734 _pLED_DMA_XL	=	0x2989
                                    735 ;--------------------------------------------------------
                                    736 ; uninitialized external ram data
                                    737 ;--------------------------------------------------------
                                    738 	.area XSEG    (XDATA)
                           002446   739 _UEP4_1_MOD	=	0x2446
                           002447   740 _UEP2_3_MOD	=	0x2447
                           002448   741 _UEP0_DMA_H	=	0x2448
                           002449   742 _UEP0_DMA_L	=	0x2449
                           00244A   743 _UEP1_DMA_H	=	0x244a
                           00244B   744 _UEP1_DMA_L	=	0x244b
                           00244C   745 _UEP2_DMA_H	=	0x244c
                           00244D   746 _UEP2_DMA_L	=	0x244d
                           00244E   747 _UEP3_DMA_H	=	0x244e
                           00244F   748 _UEP3_DMA_L	=	0x244f
                           002880   749 _LED_STAT	=	0x2880
                           002881   750 _LED_CTRL	=	0x2881
                           002882   751 _LED_DATA	=	0x2882
                           002883   752 _LED_CK_SE	=	0x2883
                           002884   753 _LED_DMA_AH	=	0x2884
                           002885   754 _LED_DMA_AL	=	0x2885
                           002886   755 _LED_DMA_CN	=	0x2886
                           002888   756 _LED_DMA_XH	=	0x2888
                           002889   757 _LED_DMA_XL	=	0x2889
                                    758 ;--------------------------------------------------------
                                    759 ; absolute external ram data
                                    760 ;--------------------------------------------------------
                                    761 	.area XABS    (ABS,XDATA)
                                    762 ;--------------------------------------------------------
                                    763 ; initialized external ram data
                                    764 ;--------------------------------------------------------
                                    765 	.area XISEG   (XDATA)
                                    766 	.area HOME    (CODE)
                                    767 	.area GSINIT0 (CODE)
                                    768 	.area GSINIT1 (CODE)
                                    769 	.area GSINIT2 (CODE)
                                    770 	.area GSINIT3 (CODE)
                                    771 	.area GSINIT4 (CODE)
                                    772 	.area GSINIT5 (CODE)
                                    773 	.area GSINIT  (CODE)
                                    774 	.area GSFINAL (CODE)
                                    775 	.area CSEG    (CODE)
                                    776 ;--------------------------------------------------------
                                    777 ; global & static initialisations
                                    778 ;--------------------------------------------------------
                                    779 	.area HOME    (CODE)
                                    780 	.area GSINIT  (CODE)
                                    781 	.area GSFINAL (CODE)
                                    782 	.area GSINIT  (CODE)
                                    783 ;--------------------------------------------------------
                                    784 ; Home
                                    785 ;--------------------------------------------------------
                                    786 	.area HOME    (CODE)
                                    787 	.area HOME    (CODE)
                                    788 ;--------------------------------------------------------
                                    789 ; code
                                    790 ;--------------------------------------------------------
                                    791 	.area CSEG    (CODE)
                                    792 	.area CSEG    (CODE)
                                    793 	.area CONST   (CODE)
                                    794 	.area XINIT   (CODE)
                                    795 	.area CABS    (ABS,CODE)
