                                      1 ;--------------------------------------------------------
                                      2 ; File Created by SDCC : free open source ISO C Compiler 
                                      3 ; Version 4.2.2 #13407 (MINGW32)
                                      4 ;--------------------------------------------------------
                                      5 	.module debug_util
                                      6 	.optsdcc -mmcs51 --model-large
                                      7 	
                                      8 ;--------------------------------------------------------
                                      9 ; Public variables in this module
                                     10 ;--------------------------------------------------------
                                     11 	.globl _sendCharDebug
                                     12 	.globl _UIF_BUS_RST
                                     13 	.globl _UIF_DETECT
                                     14 	.globl _UIF_TRANSFER
                                     15 	.globl _UIF_SUSPEND
                                     16 	.globl _UIF_HST_SOF
                                     17 	.globl _UIF_FIFO_OV
                                     18 	.globl _U_SIE_FREE
                                     19 	.globl _U_TOG_OK
                                     20 	.globl _U_IS_NAK
                                     21 	.globl _ADC_CHAN0
                                     22 	.globl _ADC_CHAN1
                                     23 	.globl _CMP_CHAN
                                     24 	.globl _ADC_START
                                     25 	.globl _ADC_IF
                                     26 	.globl _CMP_IF
                                     27 	.globl _CMPO
                                     28 	.globl _U1RI
                                     29 	.globl _U1TI
                                     30 	.globl _U1RB8
                                     31 	.globl _U1TB8
                                     32 	.globl _U1REN
                                     33 	.globl _U1SMOD
                                     34 	.globl _U1SM0
                                     35 	.globl _S0_R_FIFO
                                     36 	.globl _S0_T_FIFO
                                     37 	.globl _S0_FREE
                                     38 	.globl _S0_IF_BYTE
                                     39 	.globl _S0_IF_FIRST
                                     40 	.globl _S0_IF_OV
                                     41 	.globl _S0_FST_ACT
                                     42 	.globl _CP_RL2
                                     43 	.globl _C_T2
                                     44 	.globl _TR2
                                     45 	.globl _EXEN2
                                     46 	.globl _TCLK
                                     47 	.globl _RCLK
                                     48 	.globl _EXF2
                                     49 	.globl _CAP1F
                                     50 	.globl _TF2
                                     51 	.globl _RI
                                     52 	.globl _TI
                                     53 	.globl _RB8
                                     54 	.globl _TB8
                                     55 	.globl _REN
                                     56 	.globl _SM2
                                     57 	.globl _SM1
                                     58 	.globl _SM0
                                     59 	.globl _IT0
                                     60 	.globl _IE0
                                     61 	.globl _IT1
                                     62 	.globl _IE1
                                     63 	.globl _TR0
                                     64 	.globl _TF0
                                     65 	.globl _TR1
                                     66 	.globl _TF1
                                     67 	.globl _P3_0
                                     68 	.globl _P3_1
                                     69 	.globl _P3_2
                                     70 	.globl _P3_3
                                     71 	.globl _P3_4
                                     72 	.globl _P3_5
                                     73 	.globl _P3_6
                                     74 	.globl _P3_7
                                     75 	.globl _RXD
                                     76 	.globl _PWM1_
                                     77 	.globl _TXD
                                     78 	.globl _PWM2_
                                     79 	.globl _AIN3
                                     80 	.globl _VBUS1
                                     81 	.globl _INT0
                                     82 	.globl _TXD1_
                                     83 	.globl _INT1
                                     84 	.globl _T0
                                     85 	.globl _RXD1_
                                     86 	.globl _PWM2
                                     87 	.globl _T1
                                     88 	.globl _UDP
                                     89 	.globl _UDM
                                     90 	.globl _P1_0
                                     91 	.globl _P1_1
                                     92 	.globl _P1_2
                                     93 	.globl _P1_3
                                     94 	.globl _P1_4
                                     95 	.globl _P1_5
                                     96 	.globl _P1_6
                                     97 	.globl _P1_7
                                     98 	.globl _TIN0
                                     99 	.globl _CAP1
                                    100 	.globl _T2
                                    101 	.globl _AIN0
                                    102 	.globl _VBUS2
                                    103 	.globl _TIN1
                                    104 	.globl _CAP2
                                    105 	.globl _T2EX
                                    106 	.globl _RXD_
                                    107 	.globl _TXD_
                                    108 	.globl _AIN1
                                    109 	.globl _UCC1
                                    110 	.globl _TIN2
                                    111 	.globl _SCS
                                    112 	.globl _CAP1_
                                    113 	.globl _T2_
                                    114 	.globl _AIN2
                                    115 	.globl _UCC2
                                    116 	.globl _TIN3
                                    117 	.globl _PWM1
                                    118 	.globl _MOSI
                                    119 	.globl _TIN4
                                    120 	.globl _RXD1
                                    121 	.globl _MISO
                                    122 	.globl _TIN5
                                    123 	.globl _TXD1
                                    124 	.globl _SCK
                                    125 	.globl _IE_SPI0
                                    126 	.globl _IE_TKEY
                                    127 	.globl _IE_USB
                                    128 	.globl _IE_ADC
                                    129 	.globl _IE_UART1
                                    130 	.globl _IE_PWMX
                                    131 	.globl _IE_GPIO
                                    132 	.globl _IE_WDOG
                                    133 	.globl _PX0
                                    134 	.globl _PT0
                                    135 	.globl _PX1
                                    136 	.globl _PT1
                                    137 	.globl _PS
                                    138 	.globl _PT2
                                    139 	.globl _PL_FLAG
                                    140 	.globl _PH_FLAG
                                    141 	.globl _EX0
                                    142 	.globl _ET0
                                    143 	.globl _EX1
                                    144 	.globl _ET1
                                    145 	.globl _ES
                                    146 	.globl _ET2
                                    147 	.globl _E_DIS
                                    148 	.globl _EA
                                    149 	.globl _P
                                    150 	.globl _F1
                                    151 	.globl _OV
                                    152 	.globl _RS0
                                    153 	.globl _RS1
                                    154 	.globl _F0
                                    155 	.globl _AC
                                    156 	.globl _CY
                                    157 	.globl _UEP1_DMA_H
                                    158 	.globl _UEP1_DMA_L
                                    159 	.globl _UEP1_DMA
                                    160 	.globl _UEP0_DMA_H
                                    161 	.globl _UEP0_DMA_L
                                    162 	.globl _UEP0_DMA
                                    163 	.globl _UEP2_3_MOD
                                    164 	.globl _UEP4_1_MOD
                                    165 	.globl _UEP3_DMA_H
                                    166 	.globl _UEP3_DMA_L
                                    167 	.globl _UEP3_DMA
                                    168 	.globl _UEP2_DMA_H
                                    169 	.globl _UEP2_DMA_L
                                    170 	.globl _UEP2_DMA
                                    171 	.globl _USB_DEV_AD
                                    172 	.globl _USB_CTRL
                                    173 	.globl _USB_INT_EN
                                    174 	.globl _UEP4_T_LEN
                                    175 	.globl _UEP4_CTRL
                                    176 	.globl _UEP0_T_LEN
                                    177 	.globl _UEP0_CTRL
                                    178 	.globl _USB_RX_LEN
                                    179 	.globl _USB_MIS_ST
                                    180 	.globl _USB_INT_ST
                                    181 	.globl _USB_INT_FG
                                    182 	.globl _UEP3_T_LEN
                                    183 	.globl _UEP3_CTRL
                                    184 	.globl _UEP2_T_LEN
                                    185 	.globl _UEP2_CTRL
                                    186 	.globl _UEP1_T_LEN
                                    187 	.globl _UEP1_CTRL
                                    188 	.globl _UDEV_CTRL
                                    189 	.globl _USB_C_CTRL
                                    190 	.globl _TKEY_DATH
                                    191 	.globl _TKEY_DATL
                                    192 	.globl _TKEY_DAT
                                    193 	.globl _TKEY_CTRL
                                    194 	.globl _ADC_DATA
                                    195 	.globl _ADC_CFG
                                    196 	.globl _ADC_CTRL
                                    197 	.globl _SBAUD1
                                    198 	.globl _SBUF1
                                    199 	.globl _SCON1
                                    200 	.globl _SPI0_SETUP
                                    201 	.globl _SPI0_CK_SE
                                    202 	.globl _SPI0_CTRL
                                    203 	.globl _SPI0_DATA
                                    204 	.globl _SPI0_STAT
                                    205 	.globl _PWM_CK_SE
                                    206 	.globl _PWM_CTRL
                                    207 	.globl _PWM_DATA1
                                    208 	.globl _PWM_DATA2
                                    209 	.globl _T2CAP1H
                                    210 	.globl _T2CAP1L
                                    211 	.globl _T2CAP1
                                    212 	.globl _TH2
                                    213 	.globl _TL2
                                    214 	.globl _T2COUNT
                                    215 	.globl _RCAP2H
                                    216 	.globl _RCAP2L
                                    217 	.globl _RCAP2
                                    218 	.globl _T2MOD
                                    219 	.globl _T2CON
                                    220 	.globl _SBUF
                                    221 	.globl _SCON
                                    222 	.globl _TH1
                                    223 	.globl _TH0
                                    224 	.globl _TL1
                                    225 	.globl _TL0
                                    226 	.globl _TMOD
                                    227 	.globl _TCON
                                    228 	.globl _XBUS_AUX
                                    229 	.globl _PIN_FUNC
                                    230 	.globl _P3_DIR_PU
                                    231 	.globl _P3_MOD_OC
                                    232 	.globl _P3
                                    233 	.globl _P2
                                    234 	.globl _P1_DIR_PU
                                    235 	.globl _P1_MOD_OC
                                    236 	.globl _P1
                                    237 	.globl _ROM_CTRL
                                    238 	.globl _ROM_DATA_H
                                    239 	.globl _ROM_DATA_L
                                    240 	.globl _ROM_DATA
                                    241 	.globl _ROM_ADDR_H
                                    242 	.globl _ROM_ADDR_L
                                    243 	.globl _ROM_ADDR
                                    244 	.globl _GPIO_IE
                                    245 	.globl _IP_EX
                                    246 	.globl _IE_EX
                                    247 	.globl _IP
                                    248 	.globl _IE
                                    249 	.globl _WDOG_COUNT
                                    250 	.globl _RESET_KEEP
                                    251 	.globl _WAKE_CTRL
                                    252 	.globl _CLOCK_CFG
                                    253 	.globl _PCON
                                    254 	.globl _GLOBAL_CFG
                                    255 	.globl _SAFE_MOD
                                    256 	.globl _DPH
                                    257 	.globl _DPL
                                    258 	.globl _SP
                                    259 	.globl _B
                                    260 	.globl _ACC
                                    261 	.globl _PSW
                                    262 ;--------------------------------------------------------
                                    263 ; special function registers
                                    264 ;--------------------------------------------------------
                                    265 	.area RSEG    (ABS,DATA)
      000000                        266 	.org 0x0000
                           0000D0   267 _PSW	=	0x00d0
                           0000E0   268 _ACC	=	0x00e0
                           0000F0   269 _B	=	0x00f0
                           000081   270 _SP	=	0x0081
                           000082   271 _DPL	=	0x0082
                           000083   272 _DPH	=	0x0083
                           0000A1   273 _SAFE_MOD	=	0x00a1
                           0000B1   274 _GLOBAL_CFG	=	0x00b1
                           000087   275 _PCON	=	0x0087
                           0000B9   276 _CLOCK_CFG	=	0x00b9
                           0000A9   277 _WAKE_CTRL	=	0x00a9
                           0000FE   278 _RESET_KEEP	=	0x00fe
                           0000FF   279 _WDOG_COUNT	=	0x00ff
                           0000A8   280 _IE	=	0x00a8
                           0000B8   281 _IP	=	0x00b8
                           0000E8   282 _IE_EX	=	0x00e8
                           0000E9   283 _IP_EX	=	0x00e9
                           0000C7   284 _GPIO_IE	=	0x00c7
                           008584   285 _ROM_ADDR	=	0x8584
                           000084   286 _ROM_ADDR_L	=	0x0084
                           000085   287 _ROM_ADDR_H	=	0x0085
                           008F8E   288 _ROM_DATA	=	0x8f8e
                           00008E   289 _ROM_DATA_L	=	0x008e
                           00008F   290 _ROM_DATA_H	=	0x008f
                           000086   291 _ROM_CTRL	=	0x0086
                           000090   292 _P1	=	0x0090
                           000092   293 _P1_MOD_OC	=	0x0092
                           000093   294 _P1_DIR_PU	=	0x0093
                           0000A0   295 _P2	=	0x00a0
                           0000B0   296 _P3	=	0x00b0
                           000096   297 _P3_MOD_OC	=	0x0096
                           000097   298 _P3_DIR_PU	=	0x0097
                           0000C6   299 _PIN_FUNC	=	0x00c6
                           0000A2   300 _XBUS_AUX	=	0x00a2
                           000088   301 _TCON	=	0x0088
                           000089   302 _TMOD	=	0x0089
                           00008A   303 _TL0	=	0x008a
                           00008B   304 _TL1	=	0x008b
                           00008C   305 _TH0	=	0x008c
                           00008D   306 _TH1	=	0x008d
                           000098   307 _SCON	=	0x0098
                           000099   308 _SBUF	=	0x0099
                           0000C8   309 _T2CON	=	0x00c8
                           0000C9   310 _T2MOD	=	0x00c9
                           00CBCA   311 _RCAP2	=	0xcbca
                           0000CA   312 _RCAP2L	=	0x00ca
                           0000CB   313 _RCAP2H	=	0x00cb
                           00CDCC   314 _T2COUNT	=	0xcdcc
                           0000CC   315 _TL2	=	0x00cc
                           0000CD   316 _TH2	=	0x00cd
                           00CFCE   317 _T2CAP1	=	0xcfce
                           0000CE   318 _T2CAP1L	=	0x00ce
                           0000CF   319 _T2CAP1H	=	0x00cf
                           00009B   320 _PWM_DATA2	=	0x009b
                           00009C   321 _PWM_DATA1	=	0x009c
                           00009D   322 _PWM_CTRL	=	0x009d
                           00009E   323 _PWM_CK_SE	=	0x009e
                           0000F8   324 _SPI0_STAT	=	0x00f8
                           0000F9   325 _SPI0_DATA	=	0x00f9
                           0000FA   326 _SPI0_CTRL	=	0x00fa
                           0000FB   327 _SPI0_CK_SE	=	0x00fb
                           0000FC   328 _SPI0_SETUP	=	0x00fc
                           0000C0   329 _SCON1	=	0x00c0
                           0000C1   330 _SBUF1	=	0x00c1
                           0000C2   331 _SBAUD1	=	0x00c2
                           000080   332 _ADC_CTRL	=	0x0080
                           00009A   333 _ADC_CFG	=	0x009a
                           00009F   334 _ADC_DATA	=	0x009f
                           0000C3   335 _TKEY_CTRL	=	0x00c3
                           00C5C4   336 _TKEY_DAT	=	0xc5c4
                           0000C4   337 _TKEY_DATL	=	0x00c4
                           0000C5   338 _TKEY_DATH	=	0x00c5
                           000091   339 _USB_C_CTRL	=	0x0091
                           0000D1   340 _UDEV_CTRL	=	0x00d1
                           0000D2   341 _UEP1_CTRL	=	0x00d2
                           0000D3   342 _UEP1_T_LEN	=	0x00d3
                           0000D4   343 _UEP2_CTRL	=	0x00d4
                           0000D5   344 _UEP2_T_LEN	=	0x00d5
                           0000D6   345 _UEP3_CTRL	=	0x00d6
                           0000D7   346 _UEP3_T_LEN	=	0x00d7
                           0000D8   347 _USB_INT_FG	=	0x00d8
                           0000D9   348 _USB_INT_ST	=	0x00d9
                           0000DA   349 _USB_MIS_ST	=	0x00da
                           0000DB   350 _USB_RX_LEN	=	0x00db
                           0000DC   351 _UEP0_CTRL	=	0x00dc
                           0000DD   352 _UEP0_T_LEN	=	0x00dd
                           0000DE   353 _UEP4_CTRL	=	0x00de
                           0000DF   354 _UEP4_T_LEN	=	0x00df
                           0000E1   355 _USB_INT_EN	=	0x00e1
                           0000E2   356 _USB_CTRL	=	0x00e2
                           0000E3   357 _USB_DEV_AD	=	0x00e3
                           00E5E4   358 _UEP2_DMA	=	0xe5e4
                           0000E4   359 _UEP2_DMA_L	=	0x00e4
                           0000E5   360 _UEP2_DMA_H	=	0x00e5
                           00E7E6   361 _UEP3_DMA	=	0xe7e6
                           0000E6   362 _UEP3_DMA_L	=	0x00e6
                           0000E7   363 _UEP3_DMA_H	=	0x00e7
                           0000EA   364 _UEP4_1_MOD	=	0x00ea
                           0000EB   365 _UEP2_3_MOD	=	0x00eb
                           00EDEC   366 _UEP0_DMA	=	0xedec
                           0000EC   367 _UEP0_DMA_L	=	0x00ec
                           0000ED   368 _UEP0_DMA_H	=	0x00ed
                           00EFEE   369 _UEP1_DMA	=	0xefee
                           0000EE   370 _UEP1_DMA_L	=	0x00ee
                           0000EF   371 _UEP1_DMA_H	=	0x00ef
                                    372 ;--------------------------------------------------------
                                    373 ; special function bits
                                    374 ;--------------------------------------------------------
                                    375 	.area RSEG    (ABS,DATA)
      000000                        376 	.org 0x0000
                           0000D7   377 _CY	=	0x00d7
                           0000D6   378 _AC	=	0x00d6
                           0000D5   379 _F0	=	0x00d5
                           0000D4   380 _RS1	=	0x00d4
                           0000D3   381 _RS0	=	0x00d3
                           0000D2   382 _OV	=	0x00d2
                           0000D1   383 _F1	=	0x00d1
                           0000D0   384 _P	=	0x00d0
                           0000AF   385 _EA	=	0x00af
                           0000AE   386 _E_DIS	=	0x00ae
                           0000AD   387 _ET2	=	0x00ad
                           0000AC   388 _ES	=	0x00ac
                           0000AB   389 _ET1	=	0x00ab
                           0000AA   390 _EX1	=	0x00aa
                           0000A9   391 _ET0	=	0x00a9
                           0000A8   392 _EX0	=	0x00a8
                           0000BF   393 _PH_FLAG	=	0x00bf
                           0000BE   394 _PL_FLAG	=	0x00be
                           0000BD   395 _PT2	=	0x00bd
                           0000BC   396 _PS	=	0x00bc
                           0000BB   397 _PT1	=	0x00bb
                           0000BA   398 _PX1	=	0x00ba
                           0000B9   399 _PT0	=	0x00b9
                           0000B8   400 _PX0	=	0x00b8
                           0000EF   401 _IE_WDOG	=	0x00ef
                           0000EE   402 _IE_GPIO	=	0x00ee
                           0000ED   403 _IE_PWMX	=	0x00ed
                           0000EC   404 _IE_UART1	=	0x00ec
                           0000EB   405 _IE_ADC	=	0x00eb
                           0000EA   406 _IE_USB	=	0x00ea
                           0000E9   407 _IE_TKEY	=	0x00e9
                           0000E8   408 _IE_SPI0	=	0x00e8
                           000097   409 _SCK	=	0x0097
                           000097   410 _TXD1	=	0x0097
                           000097   411 _TIN5	=	0x0097
                           000096   412 _MISO	=	0x0096
                           000096   413 _RXD1	=	0x0096
                           000096   414 _TIN4	=	0x0096
                           000095   415 _MOSI	=	0x0095
                           000095   416 _PWM1	=	0x0095
                           000095   417 _TIN3	=	0x0095
                           000095   418 _UCC2	=	0x0095
                           000095   419 _AIN2	=	0x0095
                           000094   420 _T2_	=	0x0094
                           000094   421 _CAP1_	=	0x0094
                           000094   422 _SCS	=	0x0094
                           000094   423 _TIN2	=	0x0094
                           000094   424 _UCC1	=	0x0094
                           000094   425 _AIN1	=	0x0094
                           000093   426 _TXD_	=	0x0093
                           000092   427 _RXD_	=	0x0092
                           000091   428 _T2EX	=	0x0091
                           000091   429 _CAP2	=	0x0091
                           000091   430 _TIN1	=	0x0091
                           000091   431 _VBUS2	=	0x0091
                           000091   432 _AIN0	=	0x0091
                           000090   433 _T2	=	0x0090
                           000090   434 _CAP1	=	0x0090
                           000090   435 _TIN0	=	0x0090
                           000097   436 _P1_7	=	0x0097
                           000096   437 _P1_6	=	0x0096
                           000095   438 _P1_5	=	0x0095
                           000094   439 _P1_4	=	0x0094
                           000093   440 _P1_3	=	0x0093
                           000092   441 _P1_2	=	0x0092
                           000091   442 _P1_1	=	0x0091
                           000090   443 _P1_0	=	0x0090
                           0000B7   444 _UDM	=	0x00b7
                           0000B6   445 _UDP	=	0x00b6
                           0000B5   446 _T1	=	0x00b5
                           0000B4   447 _PWM2	=	0x00b4
                           0000B4   448 _RXD1_	=	0x00b4
                           0000B4   449 _T0	=	0x00b4
                           0000B3   450 _INT1	=	0x00b3
                           0000B2   451 _TXD1_	=	0x00b2
                           0000B2   452 _INT0	=	0x00b2
                           0000B2   453 _VBUS1	=	0x00b2
                           0000B2   454 _AIN3	=	0x00b2
                           0000B1   455 _PWM2_	=	0x00b1
                           0000B1   456 _TXD	=	0x00b1
                           0000B0   457 _PWM1_	=	0x00b0
                           0000B0   458 _RXD	=	0x00b0
                           0000B7   459 _P3_7	=	0x00b7
                           0000B6   460 _P3_6	=	0x00b6
                           0000B5   461 _P3_5	=	0x00b5
                           0000B4   462 _P3_4	=	0x00b4
                           0000B3   463 _P3_3	=	0x00b3
                           0000B2   464 _P3_2	=	0x00b2
                           0000B1   465 _P3_1	=	0x00b1
                           0000B0   466 _P3_0	=	0x00b0
                           00008F   467 _TF1	=	0x008f
                           00008E   468 _TR1	=	0x008e
                           00008D   469 _TF0	=	0x008d
                           00008C   470 _TR0	=	0x008c
                           00008B   471 _IE1	=	0x008b
                           00008A   472 _IT1	=	0x008a
                           000089   473 _IE0	=	0x0089
                           000088   474 _IT0	=	0x0088
                           00009F   475 _SM0	=	0x009f
                           00009E   476 _SM1	=	0x009e
                           00009D   477 _SM2	=	0x009d
                           00009C   478 _REN	=	0x009c
                           00009B   479 _TB8	=	0x009b
                           00009A   480 _RB8	=	0x009a
                           000099   481 _TI	=	0x0099
                           000098   482 _RI	=	0x0098
                           0000CF   483 _TF2	=	0x00cf
                           0000CF   484 _CAP1F	=	0x00cf
                           0000CE   485 _EXF2	=	0x00ce
                           0000CD   486 _RCLK	=	0x00cd
                           0000CC   487 _TCLK	=	0x00cc
                           0000CB   488 _EXEN2	=	0x00cb
                           0000CA   489 _TR2	=	0x00ca
                           0000C9   490 _C_T2	=	0x00c9
                           0000C8   491 _CP_RL2	=	0x00c8
                           0000FF   492 _S0_FST_ACT	=	0x00ff
                           0000FE   493 _S0_IF_OV	=	0x00fe
                           0000FD   494 _S0_IF_FIRST	=	0x00fd
                           0000FC   495 _S0_IF_BYTE	=	0x00fc
                           0000FB   496 _S0_FREE	=	0x00fb
                           0000FA   497 _S0_T_FIFO	=	0x00fa
                           0000F8   498 _S0_R_FIFO	=	0x00f8
                           0000C7   499 _U1SM0	=	0x00c7
                           0000C5   500 _U1SMOD	=	0x00c5
                           0000C4   501 _U1REN	=	0x00c4
                           0000C3   502 _U1TB8	=	0x00c3
                           0000C2   503 _U1RB8	=	0x00c2
                           0000C1   504 _U1TI	=	0x00c1
                           0000C0   505 _U1RI	=	0x00c0
                           000087   506 _CMPO	=	0x0087
                           000086   507 _CMP_IF	=	0x0086
                           000085   508 _ADC_IF	=	0x0085
                           000084   509 _ADC_START	=	0x0084
                           000083   510 _CMP_CHAN	=	0x0083
                           000081   511 _ADC_CHAN1	=	0x0081
                           000080   512 _ADC_CHAN0	=	0x0080
                           0000DF   513 _U_IS_NAK	=	0x00df
                           0000DE   514 _U_TOG_OK	=	0x00de
                           0000DD   515 _U_SIE_FREE	=	0x00dd
                           0000DC   516 _UIF_FIFO_OV	=	0x00dc
                           0000DB   517 _UIF_HST_SOF	=	0x00db
                           0000DA   518 _UIF_SUSPEND	=	0x00da
                           0000D9   519 _UIF_TRANSFER	=	0x00d9
                           0000D8   520 _UIF_DETECT	=	0x00d8
                           0000D8   521 _UIF_BUS_RST	=	0x00d8
                                    522 ;--------------------------------------------------------
                                    523 ; overlayable register banks
                                    524 ;--------------------------------------------------------
                                    525 	.area REG_BANK_0	(REL,OVR,DATA)
      000000                        526 	.ds 8
                                    527 ;--------------------------------------------------------
                                    528 ; internal ram data
                                    529 ;--------------------------------------------------------
                                    530 	.area DSEG    (DATA)
                                    531 ;--------------------------------------------------------
                                    532 ; overlayable items in internal ram
                                    533 ;--------------------------------------------------------
                                    534 	.area	OSEG    (OVR,DATA)
                                    535 ;--------------------------------------------------------
                                    536 ; indirectly addressable internal ram data
                                    537 ;--------------------------------------------------------
                                    538 	.area ISEG    (DATA)
                                    539 ;--------------------------------------------------------
                                    540 ; absolute internal ram data
                                    541 ;--------------------------------------------------------
                                    542 	.area IABS    (ABS,DATA)
                                    543 	.area IABS    (ABS,DATA)
                                    544 ;--------------------------------------------------------
                                    545 ; bit data
                                    546 ;--------------------------------------------------------
                                    547 	.area BSEG    (BIT)
                                    548 ;--------------------------------------------------------
                                    549 ; paged external ram data
                                    550 ;--------------------------------------------------------
                                    551 	.area PSEG    (PAG,XDATA)
                                    552 ;--------------------------------------------------------
                                    553 ; uninitialized external ram data
                                    554 ;--------------------------------------------------------
                                    555 	.area XSEG    (XDATA)
                                    556 ;--------------------------------------------------------
                                    557 ; absolute external ram data
                                    558 ;--------------------------------------------------------
                                    559 	.area XABS    (ABS,XDATA)
                                    560 ;--------------------------------------------------------
                                    561 ; initialized external ram data
                                    562 ;--------------------------------------------------------
                                    563 	.area XISEG   (XDATA)
                                    564 	.area HOME    (CODE)
                                    565 	.area GSINIT0 (CODE)
                                    566 	.area GSINIT1 (CODE)
                                    567 	.area GSINIT2 (CODE)
                                    568 	.area GSINIT3 (CODE)
                                    569 	.area GSINIT4 (CODE)
                                    570 	.area GSINIT5 (CODE)
                                    571 	.area GSINIT  (CODE)
                                    572 	.area GSFINAL (CODE)
                                    573 	.area CSEG    (CODE)
                                    574 ;--------------------------------------------------------
                                    575 ; global & static initialisations
                                    576 ;--------------------------------------------------------
                                    577 	.area HOME    (CODE)
                                    578 	.area GSINIT  (CODE)
                                    579 	.area GSFINAL (CODE)
                                    580 	.area GSINIT  (CODE)
                                    581 ;--------------------------------------------------------
                                    582 ; Home
                                    583 ;--------------------------------------------------------
                                    584 	.area HOME    (CODE)
                                    585 	.area HOME    (CODE)
                                    586 ;--------------------------------------------------------
                                    587 ; code
                                    588 ;--------------------------------------------------------
                                    589 	.area CSEG    (CODE)
                                    590 ;------------------------------------------------------------
                                    591 ;Allocation info for local variables in function 'sendCharDebug'
                                    592 ;------------------------------------------------------------
                                    593 ;c                         Allocated to registers 
                                    594 ;------------------------------------------------------------
                                    595 ;	C:\Users\tonyp\AppData\Local\Arduino15\packages\CH55xDuino\hardware\mcs51\0.0.23\cores\ch55xduino\debug_util.c:12: void sendCharDebug(__data char c) // 8Mbps under 24M clk
                                    596 ;	-----------------------------------------
                                    597 ;	 function sendCharDebug
                                    598 ;	-----------------------------------------
      000000                        599 _sendCharDebug:
                           000007   600 	ar7 = 0x07
                           000006   601 	ar6 = 0x06
                           000005   602 	ar5 = 0x05
                           000004   603 	ar4 = 0x04
                           000003   604 	ar3 = 0x03
                           000002   605 	ar2 = 0x02
                           000001   606 	ar1 = 0x01
                           000000   607 	ar0 = 0x00
                                    608 ;	C:\Users\tonyp\AppData\Local\Arduino15\packages\CH55xDuino\hardware\mcs51\0.0.23\cores\ch55xduino\debug_util.c:21: "  clr _EA           \n");
      000000 A2 AF            [12]  609 	mov	c,_EA         
      000002 E4               [12]  610 	clr	a             
      000003 33               [12]  611 	rlc	a             
      000004 F5 F0            [12]  612 	mov	b,a           
      000006 C2 AF            [12]  613 	clr	_EA           
                                    614 ;	C:\Users\tonyp\AppData\Local\Arduino15\packages\CH55xDuino\hardware\mcs51\0.0.23\cores\ch55xduino\debug_util.c:46: "  mov _P1_4,c       \n");
      000008 E5 82            [12]  615 	mov	a,dpl         
      00000A C3               [12]  616 	clr	c             
      00000B 92 94            [24]  617 	mov	_P1_4,c       
      00000D 13               [12]  618 	rrc	a             
      00000E 92 94            [24]  619 	mov	_P1_4,c       
      000010 13               [12]  620 	rrc	a             
      000011 92 94            [24]  621 	mov	_P1_4,c       
      000013 13               [12]  622 	rrc	a             
      000014 92 94            [24]  623 	mov	_P1_4,c       
      000016 13               [12]  624 	rrc	a             
      000017 92 94            [24]  625 	mov	_P1_4,c       
      000019 13               [12]  626 	rrc	a             
      00001A 92 94            [24]  627 	mov	_P1_4,c       
      00001C 13               [12]  628 	rrc	a             
      00001D 92 94            [24]  629 	mov	_P1_4,c       
      00001F 13               [12]  630 	rrc	a             
      000020 92 94            [24]  631 	mov	_P1_4,c       
      000022 13               [12]  632 	rrc	a             
      000023 92 94            [24]  633 	mov	_P1_4,c       
      000025 D3               [12]  634 	setb	c            
      000026 92 94            [24]  635 	mov	_P1_4,c       
                                    636 ;	C:\Users\tonyp\AppData\Local\Arduino15\packages\CH55xDuino\hardware\mcs51\0.0.23\cores\ch55xduino\debug_util.c:52: "skipSetEADebug$:    \n");
      000028 E5 F0            [12]  637 	mov	a,b           
      00002A 60 02            [24]  638 	jz	skipSetEADebug$
      00002C D2 AF            [12]  639 	setb	_EA          
      00002E                        640 skipSetEADebug$:
                                    641 ;	C:\Users\tonyp\AppData\Local\Arduino15\packages\CH55xDuino\hardware\mcs51\0.0.23\cores\ch55xduino\debug_util.c:53: }
      00002E 22               [24]  642 	ret
                                    643 	.area CSEG    (CODE)
                                    644 	.area CONST   (CODE)
                                    645 	.area XINIT   (CODE)
                                    646 	.area CABS    (ABS,CODE)
