                                      1 ;--------------------------------------------------------
                                      2 ; File Created by SDCC : free open source ISO C Compiler 
                                      3 ; Version 4.2.2 #13407 (MINGW32)
                                      4 ;--------------------------------------------------------
                                      5 	.module eeprom
                                      6 	.optsdcc -mmcs51 --model-large
                                      7 	
                                      8 ;--------------------------------------------------------
                                      9 ; Public variables in this module
                                     10 ;--------------------------------------------------------
                                     11 	.globl _eeprom_read_byte
                                     12 	.globl _eeprom_write_byte
                                     13 	.globl _UIF_BUS_RST
                                     14 	.globl _UIF_DETECT
                                     15 	.globl _UIF_TRANSFER
                                     16 	.globl _UIF_SUSPEND
                                     17 	.globl _UIF_HST_SOF
                                     18 	.globl _UIF_FIFO_OV
                                     19 	.globl _U_SIE_FREE
                                     20 	.globl _U_TOG_OK
                                     21 	.globl _U_IS_NAK
                                     22 	.globl _ADC_CHAN0
                                     23 	.globl _ADC_CHAN1
                                     24 	.globl _CMP_CHAN
                                     25 	.globl _ADC_START
                                     26 	.globl _ADC_IF
                                     27 	.globl _CMP_IF
                                     28 	.globl _CMPO
                                     29 	.globl _U1RI
                                     30 	.globl _U1TI
                                     31 	.globl _U1RB8
                                     32 	.globl _U1TB8
                                     33 	.globl _U1REN
                                     34 	.globl _U1SMOD
                                     35 	.globl _U1SM0
                                     36 	.globl _S0_R_FIFO
                                     37 	.globl _S0_T_FIFO
                                     38 	.globl _S0_FREE
                                     39 	.globl _S0_IF_BYTE
                                     40 	.globl _S0_IF_FIRST
                                     41 	.globl _S0_IF_OV
                                     42 	.globl _S0_FST_ACT
                                     43 	.globl _CP_RL2
                                     44 	.globl _C_T2
                                     45 	.globl _TR2
                                     46 	.globl _EXEN2
                                     47 	.globl _TCLK
                                     48 	.globl _RCLK
                                     49 	.globl _EXF2
                                     50 	.globl _CAP1F
                                     51 	.globl _TF2
                                     52 	.globl _RI
                                     53 	.globl _TI
                                     54 	.globl _RB8
                                     55 	.globl _TB8
                                     56 	.globl _REN
                                     57 	.globl _SM2
                                     58 	.globl _SM1
                                     59 	.globl _SM0
                                     60 	.globl _IT0
                                     61 	.globl _IE0
                                     62 	.globl _IT1
                                     63 	.globl _IE1
                                     64 	.globl _TR0
                                     65 	.globl _TF0
                                     66 	.globl _TR1
                                     67 	.globl _TF1
                                     68 	.globl _P3_0
                                     69 	.globl _P3_1
                                     70 	.globl _P3_2
                                     71 	.globl _P3_3
                                     72 	.globl _P3_4
                                     73 	.globl _P3_5
                                     74 	.globl _P3_6
                                     75 	.globl _P3_7
                                     76 	.globl _RXD
                                     77 	.globl _PWM1_
                                     78 	.globl _TXD
                                     79 	.globl _PWM2_
                                     80 	.globl _AIN3
                                     81 	.globl _VBUS1
                                     82 	.globl _INT0
                                     83 	.globl _TXD1_
                                     84 	.globl _INT1
                                     85 	.globl _T0
                                     86 	.globl _RXD1_
                                     87 	.globl _PWM2
                                     88 	.globl _T1
                                     89 	.globl _UDP
                                     90 	.globl _UDM
                                     91 	.globl _P1_0
                                     92 	.globl _P1_1
                                     93 	.globl _P1_2
                                     94 	.globl _P1_3
                                     95 	.globl _P1_4
                                     96 	.globl _P1_5
                                     97 	.globl _P1_6
                                     98 	.globl _P1_7
                                     99 	.globl _TIN0
                                    100 	.globl _CAP1
                                    101 	.globl _T2
                                    102 	.globl _AIN0
                                    103 	.globl _VBUS2
                                    104 	.globl _TIN1
                                    105 	.globl _CAP2
                                    106 	.globl _T2EX
                                    107 	.globl _RXD_
                                    108 	.globl _TXD_
                                    109 	.globl _AIN1
                                    110 	.globl _UCC1
                                    111 	.globl _TIN2
                                    112 	.globl _SCS
                                    113 	.globl _CAP1_
                                    114 	.globl _T2_
                                    115 	.globl _AIN2
                                    116 	.globl _UCC2
                                    117 	.globl _TIN3
                                    118 	.globl _PWM1
                                    119 	.globl _MOSI
                                    120 	.globl _TIN4
                                    121 	.globl _RXD1
                                    122 	.globl _MISO
                                    123 	.globl _TIN5
                                    124 	.globl _TXD1
                                    125 	.globl _SCK
                                    126 	.globl _IE_SPI0
                                    127 	.globl _IE_TKEY
                                    128 	.globl _IE_USB
                                    129 	.globl _IE_ADC
                                    130 	.globl _IE_UART1
                                    131 	.globl _IE_PWMX
                                    132 	.globl _IE_GPIO
                                    133 	.globl _IE_WDOG
                                    134 	.globl _PX0
                                    135 	.globl _PT0
                                    136 	.globl _PX1
                                    137 	.globl _PT1
                                    138 	.globl _PS
                                    139 	.globl _PT2
                                    140 	.globl _PL_FLAG
                                    141 	.globl _PH_FLAG
                                    142 	.globl _EX0
                                    143 	.globl _ET0
                                    144 	.globl _EX1
                                    145 	.globl _ET1
                                    146 	.globl _ES
                                    147 	.globl _ET2
                                    148 	.globl _E_DIS
                                    149 	.globl _EA
                                    150 	.globl _P
                                    151 	.globl _F1
                                    152 	.globl _OV
                                    153 	.globl _RS0
                                    154 	.globl _RS1
                                    155 	.globl _F0
                                    156 	.globl _AC
                                    157 	.globl _CY
                                    158 	.globl _UEP1_DMA_H
                                    159 	.globl _UEP1_DMA_L
                                    160 	.globl _UEP1_DMA
                                    161 	.globl _UEP0_DMA_H
                                    162 	.globl _UEP0_DMA_L
                                    163 	.globl _UEP0_DMA
                                    164 	.globl _UEP2_3_MOD
                                    165 	.globl _UEP4_1_MOD
                                    166 	.globl _UEP3_DMA_H
                                    167 	.globl _UEP3_DMA_L
                                    168 	.globl _UEP3_DMA
                                    169 	.globl _UEP2_DMA_H
                                    170 	.globl _UEP2_DMA_L
                                    171 	.globl _UEP2_DMA
                                    172 	.globl _USB_DEV_AD
                                    173 	.globl _USB_CTRL
                                    174 	.globl _USB_INT_EN
                                    175 	.globl _UEP4_T_LEN
                                    176 	.globl _UEP4_CTRL
                                    177 	.globl _UEP0_T_LEN
                                    178 	.globl _UEP0_CTRL
                                    179 	.globl _USB_RX_LEN
                                    180 	.globl _USB_MIS_ST
                                    181 	.globl _USB_INT_ST
                                    182 	.globl _USB_INT_FG
                                    183 	.globl _UEP3_T_LEN
                                    184 	.globl _UEP3_CTRL
                                    185 	.globl _UEP2_T_LEN
                                    186 	.globl _UEP2_CTRL
                                    187 	.globl _UEP1_T_LEN
                                    188 	.globl _UEP1_CTRL
                                    189 	.globl _UDEV_CTRL
                                    190 	.globl _USB_C_CTRL
                                    191 	.globl _TKEY_DATH
                                    192 	.globl _TKEY_DATL
                                    193 	.globl _TKEY_DAT
                                    194 	.globl _TKEY_CTRL
                                    195 	.globl _ADC_DATA
                                    196 	.globl _ADC_CFG
                                    197 	.globl _ADC_CTRL
                                    198 	.globl _SBAUD1
                                    199 	.globl _SBUF1
                                    200 	.globl _SCON1
                                    201 	.globl _SPI0_SETUP
                                    202 	.globl _SPI0_CK_SE
                                    203 	.globl _SPI0_CTRL
                                    204 	.globl _SPI0_DATA
                                    205 	.globl _SPI0_STAT
                                    206 	.globl _PWM_CK_SE
                                    207 	.globl _PWM_CTRL
                                    208 	.globl _PWM_DATA1
                                    209 	.globl _PWM_DATA2
                                    210 	.globl _T2CAP1H
                                    211 	.globl _T2CAP1L
                                    212 	.globl _T2CAP1
                                    213 	.globl _TH2
                                    214 	.globl _TL2
                                    215 	.globl _T2COUNT
                                    216 	.globl _RCAP2H
                                    217 	.globl _RCAP2L
                                    218 	.globl _RCAP2
                                    219 	.globl _T2MOD
                                    220 	.globl _T2CON
                                    221 	.globl _SBUF
                                    222 	.globl _SCON
                                    223 	.globl _TH1
                                    224 	.globl _TH0
                                    225 	.globl _TL1
                                    226 	.globl _TL0
                                    227 	.globl _TMOD
                                    228 	.globl _TCON
                                    229 	.globl _XBUS_AUX
                                    230 	.globl _PIN_FUNC
                                    231 	.globl _P3_DIR_PU
                                    232 	.globl _P3_MOD_OC
                                    233 	.globl _P3
                                    234 	.globl _P2
                                    235 	.globl _P1_DIR_PU
                                    236 	.globl _P1_MOD_OC
                                    237 	.globl _P1
                                    238 	.globl _ROM_CTRL
                                    239 	.globl _ROM_DATA_H
                                    240 	.globl _ROM_DATA_L
                                    241 	.globl _ROM_DATA
                                    242 	.globl _ROM_ADDR_H
                                    243 	.globl _ROM_ADDR_L
                                    244 	.globl _ROM_ADDR
                                    245 	.globl _GPIO_IE
                                    246 	.globl _IP_EX
                                    247 	.globl _IE_EX
                                    248 	.globl _IP
                                    249 	.globl _IE
                                    250 	.globl _WDOG_COUNT
                                    251 	.globl _RESET_KEEP
                                    252 	.globl _WAKE_CTRL
                                    253 	.globl _CLOCK_CFG
                                    254 	.globl _PCON
                                    255 	.globl _GLOBAL_CFG
                                    256 	.globl _SAFE_MOD
                                    257 	.globl _DPH
                                    258 	.globl _DPL
                                    259 	.globl _SP
                                    260 	.globl _B
                                    261 	.globl _ACC
                                    262 	.globl _PSW
                                    263 	.globl _eeprom_write_byte_PARM_2
                                    264 ;--------------------------------------------------------
                                    265 ; special function registers
                                    266 ;--------------------------------------------------------
                                    267 	.area RSEG    (ABS,DATA)
      000000                        268 	.org 0x0000
                           0000D0   269 _PSW	=	0x00d0
                           0000E0   270 _ACC	=	0x00e0
                           0000F0   271 _B	=	0x00f0
                           000081   272 _SP	=	0x0081
                           000082   273 _DPL	=	0x0082
                           000083   274 _DPH	=	0x0083
                           0000A1   275 _SAFE_MOD	=	0x00a1
                           0000B1   276 _GLOBAL_CFG	=	0x00b1
                           000087   277 _PCON	=	0x0087
                           0000B9   278 _CLOCK_CFG	=	0x00b9
                           0000A9   279 _WAKE_CTRL	=	0x00a9
                           0000FE   280 _RESET_KEEP	=	0x00fe
                           0000FF   281 _WDOG_COUNT	=	0x00ff
                           0000A8   282 _IE	=	0x00a8
                           0000B8   283 _IP	=	0x00b8
                           0000E8   284 _IE_EX	=	0x00e8
                           0000E9   285 _IP_EX	=	0x00e9
                           0000C7   286 _GPIO_IE	=	0x00c7
                           008584   287 _ROM_ADDR	=	0x8584
                           000084   288 _ROM_ADDR_L	=	0x0084
                           000085   289 _ROM_ADDR_H	=	0x0085
                           008F8E   290 _ROM_DATA	=	0x8f8e
                           00008E   291 _ROM_DATA_L	=	0x008e
                           00008F   292 _ROM_DATA_H	=	0x008f
                           000086   293 _ROM_CTRL	=	0x0086
                           000090   294 _P1	=	0x0090
                           000092   295 _P1_MOD_OC	=	0x0092
                           000093   296 _P1_DIR_PU	=	0x0093
                           0000A0   297 _P2	=	0x00a0
                           0000B0   298 _P3	=	0x00b0
                           000096   299 _P3_MOD_OC	=	0x0096
                           000097   300 _P3_DIR_PU	=	0x0097
                           0000C6   301 _PIN_FUNC	=	0x00c6
                           0000A2   302 _XBUS_AUX	=	0x00a2
                           000088   303 _TCON	=	0x0088
                           000089   304 _TMOD	=	0x0089
                           00008A   305 _TL0	=	0x008a
                           00008B   306 _TL1	=	0x008b
                           00008C   307 _TH0	=	0x008c
                           00008D   308 _TH1	=	0x008d
                           000098   309 _SCON	=	0x0098
                           000099   310 _SBUF	=	0x0099
                           0000C8   311 _T2CON	=	0x00c8
                           0000C9   312 _T2MOD	=	0x00c9
                           00CBCA   313 _RCAP2	=	0xcbca
                           0000CA   314 _RCAP2L	=	0x00ca
                           0000CB   315 _RCAP2H	=	0x00cb
                           00CDCC   316 _T2COUNT	=	0xcdcc
                           0000CC   317 _TL2	=	0x00cc
                           0000CD   318 _TH2	=	0x00cd
                           00CFCE   319 _T2CAP1	=	0xcfce
                           0000CE   320 _T2CAP1L	=	0x00ce
                           0000CF   321 _T2CAP1H	=	0x00cf
                           00009B   322 _PWM_DATA2	=	0x009b
                           00009C   323 _PWM_DATA1	=	0x009c
                           00009D   324 _PWM_CTRL	=	0x009d
                           00009E   325 _PWM_CK_SE	=	0x009e
                           0000F8   326 _SPI0_STAT	=	0x00f8
                           0000F9   327 _SPI0_DATA	=	0x00f9
                           0000FA   328 _SPI0_CTRL	=	0x00fa
                           0000FB   329 _SPI0_CK_SE	=	0x00fb
                           0000FC   330 _SPI0_SETUP	=	0x00fc
                           0000C0   331 _SCON1	=	0x00c0
                           0000C1   332 _SBUF1	=	0x00c1
                           0000C2   333 _SBAUD1	=	0x00c2
                           000080   334 _ADC_CTRL	=	0x0080
                           00009A   335 _ADC_CFG	=	0x009a
                           00009F   336 _ADC_DATA	=	0x009f
                           0000C3   337 _TKEY_CTRL	=	0x00c3
                           00C5C4   338 _TKEY_DAT	=	0xc5c4
                           0000C4   339 _TKEY_DATL	=	0x00c4
                           0000C5   340 _TKEY_DATH	=	0x00c5
                           000091   341 _USB_C_CTRL	=	0x0091
                           0000D1   342 _UDEV_CTRL	=	0x00d1
                           0000D2   343 _UEP1_CTRL	=	0x00d2
                           0000D3   344 _UEP1_T_LEN	=	0x00d3
                           0000D4   345 _UEP2_CTRL	=	0x00d4
                           0000D5   346 _UEP2_T_LEN	=	0x00d5
                           0000D6   347 _UEP3_CTRL	=	0x00d6
                           0000D7   348 _UEP3_T_LEN	=	0x00d7
                           0000D8   349 _USB_INT_FG	=	0x00d8
                           0000D9   350 _USB_INT_ST	=	0x00d9
                           0000DA   351 _USB_MIS_ST	=	0x00da
                           0000DB   352 _USB_RX_LEN	=	0x00db
                           0000DC   353 _UEP0_CTRL	=	0x00dc
                           0000DD   354 _UEP0_T_LEN	=	0x00dd
                           0000DE   355 _UEP4_CTRL	=	0x00de
                           0000DF   356 _UEP4_T_LEN	=	0x00df
                           0000E1   357 _USB_INT_EN	=	0x00e1
                           0000E2   358 _USB_CTRL	=	0x00e2
                           0000E3   359 _USB_DEV_AD	=	0x00e3
                           00E5E4   360 _UEP2_DMA	=	0xe5e4
                           0000E4   361 _UEP2_DMA_L	=	0x00e4
                           0000E5   362 _UEP2_DMA_H	=	0x00e5
                           00E7E6   363 _UEP3_DMA	=	0xe7e6
                           0000E6   364 _UEP3_DMA_L	=	0x00e6
                           0000E7   365 _UEP3_DMA_H	=	0x00e7
                           0000EA   366 _UEP4_1_MOD	=	0x00ea
                           0000EB   367 _UEP2_3_MOD	=	0x00eb
                           00EDEC   368 _UEP0_DMA	=	0xedec
                           0000EC   369 _UEP0_DMA_L	=	0x00ec
                           0000ED   370 _UEP0_DMA_H	=	0x00ed
                           00EFEE   371 _UEP1_DMA	=	0xefee
                           0000EE   372 _UEP1_DMA_L	=	0x00ee
                           0000EF   373 _UEP1_DMA_H	=	0x00ef
                                    374 ;--------------------------------------------------------
                                    375 ; special function bits
                                    376 ;--------------------------------------------------------
                                    377 	.area RSEG    (ABS,DATA)
      000000                        378 	.org 0x0000
                           0000D7   379 _CY	=	0x00d7
                           0000D6   380 _AC	=	0x00d6
                           0000D5   381 _F0	=	0x00d5
                           0000D4   382 _RS1	=	0x00d4
                           0000D3   383 _RS0	=	0x00d3
                           0000D2   384 _OV	=	0x00d2
                           0000D1   385 _F1	=	0x00d1
                           0000D0   386 _P	=	0x00d0
                           0000AF   387 _EA	=	0x00af
                           0000AE   388 _E_DIS	=	0x00ae
                           0000AD   389 _ET2	=	0x00ad
                           0000AC   390 _ES	=	0x00ac
                           0000AB   391 _ET1	=	0x00ab
                           0000AA   392 _EX1	=	0x00aa
                           0000A9   393 _ET0	=	0x00a9
                           0000A8   394 _EX0	=	0x00a8
                           0000BF   395 _PH_FLAG	=	0x00bf
                           0000BE   396 _PL_FLAG	=	0x00be
                           0000BD   397 _PT2	=	0x00bd
                           0000BC   398 _PS	=	0x00bc
                           0000BB   399 _PT1	=	0x00bb
                           0000BA   400 _PX1	=	0x00ba
                           0000B9   401 _PT0	=	0x00b9
                           0000B8   402 _PX0	=	0x00b8
                           0000EF   403 _IE_WDOG	=	0x00ef
                           0000EE   404 _IE_GPIO	=	0x00ee
                           0000ED   405 _IE_PWMX	=	0x00ed
                           0000EC   406 _IE_UART1	=	0x00ec
                           0000EB   407 _IE_ADC	=	0x00eb
                           0000EA   408 _IE_USB	=	0x00ea
                           0000E9   409 _IE_TKEY	=	0x00e9
                           0000E8   410 _IE_SPI0	=	0x00e8
                           000097   411 _SCK	=	0x0097
                           000097   412 _TXD1	=	0x0097
                           000097   413 _TIN5	=	0x0097
                           000096   414 _MISO	=	0x0096
                           000096   415 _RXD1	=	0x0096
                           000096   416 _TIN4	=	0x0096
                           000095   417 _MOSI	=	0x0095
                           000095   418 _PWM1	=	0x0095
                           000095   419 _TIN3	=	0x0095
                           000095   420 _UCC2	=	0x0095
                           000095   421 _AIN2	=	0x0095
                           000094   422 _T2_	=	0x0094
                           000094   423 _CAP1_	=	0x0094
                           000094   424 _SCS	=	0x0094
                           000094   425 _TIN2	=	0x0094
                           000094   426 _UCC1	=	0x0094
                           000094   427 _AIN1	=	0x0094
                           000093   428 _TXD_	=	0x0093
                           000092   429 _RXD_	=	0x0092
                           000091   430 _T2EX	=	0x0091
                           000091   431 _CAP2	=	0x0091
                           000091   432 _TIN1	=	0x0091
                           000091   433 _VBUS2	=	0x0091
                           000091   434 _AIN0	=	0x0091
                           000090   435 _T2	=	0x0090
                           000090   436 _CAP1	=	0x0090
                           000090   437 _TIN0	=	0x0090
                           000097   438 _P1_7	=	0x0097
                           000096   439 _P1_6	=	0x0096
                           000095   440 _P1_5	=	0x0095
                           000094   441 _P1_4	=	0x0094
                           000093   442 _P1_3	=	0x0093
                           000092   443 _P1_2	=	0x0092
                           000091   444 _P1_1	=	0x0091
                           000090   445 _P1_0	=	0x0090
                           0000B7   446 _UDM	=	0x00b7
                           0000B6   447 _UDP	=	0x00b6
                           0000B5   448 _T1	=	0x00b5
                           0000B4   449 _PWM2	=	0x00b4
                           0000B4   450 _RXD1_	=	0x00b4
                           0000B4   451 _T0	=	0x00b4
                           0000B3   452 _INT1	=	0x00b3
                           0000B2   453 _TXD1_	=	0x00b2
                           0000B2   454 _INT0	=	0x00b2
                           0000B2   455 _VBUS1	=	0x00b2
                           0000B2   456 _AIN3	=	0x00b2
                           0000B1   457 _PWM2_	=	0x00b1
                           0000B1   458 _TXD	=	0x00b1
                           0000B0   459 _PWM1_	=	0x00b0
                           0000B0   460 _RXD	=	0x00b0
                           0000B7   461 _P3_7	=	0x00b7
                           0000B6   462 _P3_6	=	0x00b6
                           0000B5   463 _P3_5	=	0x00b5
                           0000B4   464 _P3_4	=	0x00b4
                           0000B3   465 _P3_3	=	0x00b3
                           0000B2   466 _P3_2	=	0x00b2
                           0000B1   467 _P3_1	=	0x00b1
                           0000B0   468 _P3_0	=	0x00b0
                           00008F   469 _TF1	=	0x008f
                           00008E   470 _TR1	=	0x008e
                           00008D   471 _TF0	=	0x008d
                           00008C   472 _TR0	=	0x008c
                           00008B   473 _IE1	=	0x008b
                           00008A   474 _IT1	=	0x008a
                           000089   475 _IE0	=	0x0089
                           000088   476 _IT0	=	0x0088
                           00009F   477 _SM0	=	0x009f
                           00009E   478 _SM1	=	0x009e
                           00009D   479 _SM2	=	0x009d
                           00009C   480 _REN	=	0x009c
                           00009B   481 _TB8	=	0x009b
                           00009A   482 _RB8	=	0x009a
                           000099   483 _TI	=	0x0099
                           000098   484 _RI	=	0x0098
                           0000CF   485 _TF2	=	0x00cf
                           0000CF   486 _CAP1F	=	0x00cf
                           0000CE   487 _EXF2	=	0x00ce
                           0000CD   488 _RCLK	=	0x00cd
                           0000CC   489 _TCLK	=	0x00cc
                           0000CB   490 _EXEN2	=	0x00cb
                           0000CA   491 _TR2	=	0x00ca
                           0000C9   492 _C_T2	=	0x00c9
                           0000C8   493 _CP_RL2	=	0x00c8
                           0000FF   494 _S0_FST_ACT	=	0x00ff
                           0000FE   495 _S0_IF_OV	=	0x00fe
                           0000FD   496 _S0_IF_FIRST	=	0x00fd
                           0000FC   497 _S0_IF_BYTE	=	0x00fc
                           0000FB   498 _S0_FREE	=	0x00fb
                           0000FA   499 _S0_T_FIFO	=	0x00fa
                           0000F8   500 _S0_R_FIFO	=	0x00f8
                           0000C7   501 _U1SM0	=	0x00c7
                           0000C5   502 _U1SMOD	=	0x00c5
                           0000C4   503 _U1REN	=	0x00c4
                           0000C3   504 _U1TB8	=	0x00c3
                           0000C2   505 _U1RB8	=	0x00c2
                           0000C1   506 _U1TI	=	0x00c1
                           0000C0   507 _U1RI	=	0x00c0
                           000087   508 _CMPO	=	0x0087
                           000086   509 _CMP_IF	=	0x0086
                           000085   510 _ADC_IF	=	0x0085
                           000084   511 _ADC_START	=	0x0084
                           000083   512 _CMP_CHAN	=	0x0083
                           000081   513 _ADC_CHAN1	=	0x0081
                           000080   514 _ADC_CHAN0	=	0x0080
                           0000DF   515 _U_IS_NAK	=	0x00df
                           0000DE   516 _U_TOG_OK	=	0x00de
                           0000DD   517 _U_SIE_FREE	=	0x00dd
                           0000DC   518 _UIF_FIFO_OV	=	0x00dc
                           0000DB   519 _UIF_HST_SOF	=	0x00db
                           0000DA   520 _UIF_SUSPEND	=	0x00da
                           0000D9   521 _UIF_TRANSFER	=	0x00d9
                           0000D8   522 _UIF_DETECT	=	0x00d8
                           0000D8   523 _UIF_BUS_RST	=	0x00d8
                                    524 ;--------------------------------------------------------
                                    525 ; overlayable register banks
                                    526 ;--------------------------------------------------------
                                    527 	.area REG_BANK_0	(REL,OVR,DATA)
      000000                        528 	.ds 8
                                    529 ;--------------------------------------------------------
                                    530 ; internal ram data
                                    531 ;--------------------------------------------------------
                                    532 	.area DSEG    (DATA)
                                    533 ;--------------------------------------------------------
                                    534 ; overlayable items in internal ram
                                    535 ;--------------------------------------------------------
                                    536 	.area	OSEG    (OVR,DATA)
                                    537 	.area	OSEG    (OVR,DATA)
                                    538 ;--------------------------------------------------------
                                    539 ; indirectly addressable internal ram data
                                    540 ;--------------------------------------------------------
                                    541 	.area ISEG    (DATA)
                                    542 ;--------------------------------------------------------
                                    543 ; absolute internal ram data
                                    544 ;--------------------------------------------------------
                                    545 	.area IABS    (ABS,DATA)
                                    546 	.area IABS    (ABS,DATA)
                                    547 ;--------------------------------------------------------
                                    548 ; bit data
                                    549 ;--------------------------------------------------------
                                    550 	.area BSEG    (BIT)
                                    551 ;--------------------------------------------------------
                                    552 ; paged external ram data
                                    553 ;--------------------------------------------------------
                                    554 	.area PSEG    (PAG,XDATA)
                                    555 ;--------------------------------------------------------
                                    556 ; uninitialized external ram data
                                    557 ;--------------------------------------------------------
                                    558 	.area XSEG    (XDATA)
      000000                        559 _eeprom_write_byte_PARM_2:
      000000                        560 	.ds 1
                                    561 ;--------------------------------------------------------
                                    562 ; absolute external ram data
                                    563 ;--------------------------------------------------------
                                    564 	.area XABS    (ABS,XDATA)
                                    565 ;--------------------------------------------------------
                                    566 ; initialized external ram data
                                    567 ;--------------------------------------------------------
                                    568 	.area XISEG   (XDATA)
                                    569 	.area HOME    (CODE)
                                    570 	.area GSINIT0 (CODE)
                                    571 	.area GSINIT1 (CODE)
                                    572 	.area GSINIT2 (CODE)
                                    573 	.area GSINIT3 (CODE)
                                    574 	.area GSINIT4 (CODE)
                                    575 	.area GSINIT5 (CODE)
                                    576 	.area GSINIT  (CODE)
                                    577 	.area GSFINAL (CODE)
                                    578 	.area CSEG    (CODE)
                                    579 ;--------------------------------------------------------
                                    580 ; global & static initialisations
                                    581 ;--------------------------------------------------------
                                    582 	.area HOME    (CODE)
                                    583 	.area GSINIT  (CODE)
                                    584 	.area GSFINAL (CODE)
                                    585 	.area GSINIT  (CODE)
                                    586 ;--------------------------------------------------------
                                    587 ; Home
                                    588 ;--------------------------------------------------------
                                    589 	.area HOME    (CODE)
                                    590 	.area HOME    (CODE)
                                    591 ;--------------------------------------------------------
                                    592 ; code
                                    593 ;--------------------------------------------------------
                                    594 	.area CSEG    (CODE)
                                    595 ;------------------------------------------------------------
                                    596 ;Allocation info for local variables in function 'eeprom_write_byte'
                                    597 ;------------------------------------------------------------
                                    598 ;val                       Allocated with name '_eeprom_write_byte_PARM_2'
                                    599 ;addr                      Allocated to registers r7 
                                    600 ;------------------------------------------------------------
                                    601 ;	C:\Users\tonyp\AppData\Local\Arduino15\packages\CH55xDuino\hardware\mcs51\0.0.23\cores\ch55xduino\eeprom.c:11: void eeprom_write_byte(__data uint8_t addr, __xdata uint8_t val) {
                                    602 ;	-----------------------------------------
                                    603 ;	 function eeprom_write_byte
                                    604 ;	-----------------------------------------
      000000                        605 _eeprom_write_byte:
                           000007   606 	ar7 = 0x07
                           000006   607 	ar6 = 0x06
                           000005   608 	ar5 = 0x05
                           000004   609 	ar4 = 0x04
                           000003   610 	ar3 = 0x03
                           000002   611 	ar2 = 0x02
                           000001   612 	ar1 = 0x01
                           000000   613 	ar0 = 0x00
      000000 AF 82            [24]  614 	mov	r7,dpl
                                    615 ;	C:\Users\tonyp\AppData\Local\Arduino15\packages\CH55xDuino\hardware\mcs51\0.0.23\cores\ch55xduino\eeprom.c:15: if (addr >= 128) {
      000002 BF 80 00         [24]  616 	cjne	r7,#0x80,00115$
      000005                        617 00115$:
      000005 40 01            [24]  618 	jc	00102$
                                    619 ;	C:\Users\tonyp\AppData\Local\Arduino15\packages\CH55xDuino\hardware\mcs51\0.0.23\cores\ch55xduino\eeprom.c:16: return;
      000007 22               [24]  620 	ret
      000008                        621 00102$:
                                    622 ;	C:\Users\tonyp\AppData\Local\Arduino15\packages\CH55xDuino\hardware\mcs51\0.0.23\cores\ch55xduino\eeprom.c:19: SAFE_MOD = 0x55;
      000008 75 A1 55         [24]  623 	mov	_SAFE_MOD,#0x55
                                    624 ;	C:\Users\tonyp\AppData\Local\Arduino15\packages\CH55xDuino\hardware\mcs51\0.0.23\cores\ch55xduino\eeprom.c:20: SAFE_MOD = 0xAA;        // Enter Safe mode
      00000B 75 A1 AA         [24]  625 	mov	_SAFE_MOD,#0xaa
                                    626 ;	C:\Users\tonyp\AppData\Local\Arduino15\packages\CH55xDuino\hardware\mcs51\0.0.23\cores\ch55xduino\eeprom.c:21: GLOBAL_CFG |= bDATA_WE; // Enable DataFlash write
      00000E 43 B1 04         [24]  627 	orl	_GLOBAL_CFG,#0x04
                                    628 ;	C:\Users\tonyp\AppData\Local\Arduino15\packages\CH55xDuino\hardware\mcs51\0.0.23\cores\ch55xduino\eeprom.c:22: SAFE_MOD = 0;           // Exit Safe mode
      000011 75 A1 00         [24]  629 	mov	_SAFE_MOD,#0x00
                                    630 ;	C:\Users\tonyp\AppData\Local\Arduino15\packages\CH55xDuino\hardware\mcs51\0.0.23\cores\ch55xduino\eeprom.c:23: ROM_ADDR_H = DATA_FLASH_ADDR >> 8;
      000014 75 85 C0         [24]  631 	mov	_ROM_ADDR_H,#0xc0
                                    632 ;	C:\Users\tonyp\AppData\Local\Arduino15\packages\CH55xDuino\hardware\mcs51\0.0.23\cores\ch55xduino\eeprom.c:24: ROM_ADDR_L = addr << 1;
      000017 EF               [12]  633 	mov	a,r7
      000018 2F               [12]  634 	add	a,r7
      000019 F5 84            [12]  635 	mov	_ROM_ADDR_L,a
                                    636 ;	C:\Users\tonyp\AppData\Local\Arduino15\packages\CH55xDuino\hardware\mcs51\0.0.23\cores\ch55xduino\eeprom.c:25: ROM_DATA_L = val;
      00001B 90r00r00         [24]  637 	mov	dptr,#_eeprom_write_byte_PARM_2
      00001E E0               [24]  638 	movx	a,@dptr
      00001F F5 8E            [12]  639 	mov	_ROM_DATA_L,a
                                    640 ;	C:\Users\tonyp\AppData\Local\Arduino15\packages\CH55xDuino\hardware\mcs51\0.0.23\cores\ch55xduino\eeprom.c:26: if (ROM_STATUS & bROM_ADDR_OK) { // Valid access Address
      000021 E5 86            [12]  641 	mov	a,_ROM_CTRL
      000023 30 E6 03         [24]  642 	jnb	acc.6,00104$
                                    643 ;	C:\Users\tonyp\AppData\Local\Arduino15\packages\CH55xDuino\hardware\mcs51\0.0.23\cores\ch55xduino\eeprom.c:27: ROM_CTRL = ROM_CMD_WRITE;      // Write
      000026 75 86 9A         [24]  644 	mov	_ROM_CTRL,#0x9a
      000029                        645 00104$:
                                    646 ;	C:\Users\tonyp\AppData\Local\Arduino15\packages\CH55xDuino\hardware\mcs51\0.0.23\cores\ch55xduino\eeprom.c:29: SAFE_MOD = 0x55;
      000029 75 A1 55         [24]  647 	mov	_SAFE_MOD,#0x55
                                    648 ;	C:\Users\tonyp\AppData\Local\Arduino15\packages\CH55xDuino\hardware\mcs51\0.0.23\cores\ch55xduino\eeprom.c:30: SAFE_MOD = 0xAA;         // Enter Safe mode
      00002C 75 A1 AA         [24]  649 	mov	_SAFE_MOD,#0xaa
                                    650 ;	C:\Users\tonyp\AppData\Local\Arduino15\packages\CH55xDuino\hardware\mcs51\0.0.23\cores\ch55xduino\eeprom.c:31: GLOBAL_CFG &= ~bDATA_WE; // Disable DataFlash write
      00002F 53 B1 FB         [24]  651 	anl	_GLOBAL_CFG,#0xfb
                                    652 ;	C:\Users\tonyp\AppData\Local\Arduino15\packages\CH55xDuino\hardware\mcs51\0.0.23\cores\ch55xduino\eeprom.c:32: SAFE_MOD = 0;            // Exit Safe mode
      000032 75 A1 00         [24]  653 	mov	_SAFE_MOD,#0x00
                                    654 ;	C:\Users\tonyp\AppData\Local\Arduino15\packages\CH55xDuino\hardware\mcs51\0.0.23\cores\ch55xduino\eeprom.c:39: }
      000035 22               [24]  655 	ret
                                    656 ;------------------------------------------------------------
                                    657 ;Allocation info for local variables in function 'eeprom_read_byte'
                                    658 ;------------------------------------------------------------
                                    659 ;addr                      Allocated to registers r7 
                                    660 ;------------------------------------------------------------
                                    661 ;	C:\Users\tonyp\AppData\Local\Arduino15\packages\CH55xDuino\hardware\mcs51\0.0.23\cores\ch55xduino\eeprom.c:41: uint8_t eeprom_read_byte(__data uint8_t addr) {
                                    662 ;	-----------------------------------------
                                    663 ;	 function eeprom_read_byte
                                    664 ;	-----------------------------------------
      000036                        665 _eeprom_read_byte:
      000036 AF 82            [24]  666 	mov	r7,dpl
                                    667 ;	C:\Users\tonyp\AppData\Local\Arduino15\packages\CH55xDuino\hardware\mcs51\0.0.23\cores\ch55xduino\eeprom.c:44: ROM_ADDR_H = DATA_FLASH_ADDR >> 8;
      000038 75 85 C0         [24]  668 	mov	_ROM_ADDR_H,#0xc0
                                    669 ;	C:\Users\tonyp\AppData\Local\Arduino15\packages\CH55xDuino\hardware\mcs51\0.0.23\cores\ch55xduino\eeprom.c:45: ROM_ADDR_L = addr << 1; // Addr must be even
      00003B EF               [12]  670 	mov	a,r7
      00003C 2F               [12]  671 	add	a,r7
      00003D F5 84            [12]  672 	mov	_ROM_ADDR_L,a
                                    673 ;	C:\Users\tonyp\AppData\Local\Arduino15\packages\CH55xDuino\hardware\mcs51\0.0.23\cores\ch55xduino\eeprom.c:46: ROM_CTRL = ROM_CMD_READ;
      00003F 75 86 8E         [24]  674 	mov	_ROM_CTRL,#0x8e
                                    675 ;	C:\Users\tonyp\AppData\Local\Arduino15\packages\CH55xDuino\hardware\mcs51\0.0.23\cores\ch55xduino\eeprom.c:47: return ROM_DATA_L;
      000042 85 8E 82         [24]  676 	mov	dpl,_ROM_DATA_L
                                    677 ;	C:\Users\tonyp\AppData\Local\Arduino15\packages\CH55xDuino\hardware\mcs51\0.0.23\cores\ch55xduino\eeprom.c:52: }
      000045 22               [24]  678 	ret
                                    679 	.area CSEG    (CODE)
                                    680 	.area CONST   (CODE)
                                    681 	.area XINIT   (CODE)
                                    682 	.area CABS    (ABS,CODE)
