                                      1 ;--------------------------------------------------------
                                      2 ; File Created by SDCC : free open source ISO C Compiler 
                                      3 ; Version 4.2.2 #13407 (MINGW32)
                                      4 ;--------------------------------------------------------
                                      5 	.module HardwareSerial1ISR
                                      6 	.optsdcc -mmcs51 --model-large
                                      7 	
                                      8 ;--------------------------------------------------------
                                      9 ; Public variables in this module
                                     10 ;--------------------------------------------------------
                                     11 	.globl _UIF_BUS_RST
                                     12 	.globl _UIF_DETECT
                                     13 	.globl _UIF_TRANSFER
                                     14 	.globl _UIF_SUSPEND
                                     15 	.globl _UIF_HST_SOF
                                     16 	.globl _UIF_FIFO_OV
                                     17 	.globl _U_SIE_FREE
                                     18 	.globl _U_TOG_OK
                                     19 	.globl _U_IS_NAK
                                     20 	.globl _ADC_CHAN0
                                     21 	.globl _ADC_CHAN1
                                     22 	.globl _CMP_CHAN
                                     23 	.globl _ADC_START
                                     24 	.globl _ADC_IF
                                     25 	.globl _CMP_IF
                                     26 	.globl _CMPO
                                     27 	.globl _U1RI
                                     28 	.globl _U1TI
                                     29 	.globl _U1RB8
                                     30 	.globl _U1TB8
                                     31 	.globl _U1REN
                                     32 	.globl _U1SMOD
                                     33 	.globl _U1SM0
                                     34 	.globl _S0_R_FIFO
                                     35 	.globl _S0_T_FIFO
                                     36 	.globl _S0_FREE
                                     37 	.globl _S0_IF_BYTE
                                     38 	.globl _S0_IF_FIRST
                                     39 	.globl _S0_IF_OV
                                     40 	.globl _S0_FST_ACT
                                     41 	.globl _CP_RL2
                                     42 	.globl _C_T2
                                     43 	.globl _TR2
                                     44 	.globl _EXEN2
                                     45 	.globl _TCLK
                                     46 	.globl _RCLK
                                     47 	.globl _EXF2
                                     48 	.globl _CAP1F
                                     49 	.globl _TF2
                                     50 	.globl _RI
                                     51 	.globl _TI
                                     52 	.globl _RB8
                                     53 	.globl _TB8
                                     54 	.globl _REN
                                     55 	.globl _SM2
                                     56 	.globl _SM1
                                     57 	.globl _SM0
                                     58 	.globl _IT0
                                     59 	.globl _IE0
                                     60 	.globl _IT1
                                     61 	.globl _IE1
                                     62 	.globl _TR0
                                     63 	.globl _TF0
                                     64 	.globl _TR1
                                     65 	.globl _TF1
                                     66 	.globl _P3_0
                                     67 	.globl _P3_1
                                     68 	.globl _P3_2
                                     69 	.globl _P3_3
                                     70 	.globl _P3_4
                                     71 	.globl _P3_5
                                     72 	.globl _P3_6
                                     73 	.globl _P3_7
                                     74 	.globl _RXD
                                     75 	.globl _PWM1_
                                     76 	.globl _TXD
                                     77 	.globl _PWM2_
                                     78 	.globl _AIN3
                                     79 	.globl _VBUS1
                                     80 	.globl _INT0
                                     81 	.globl _TXD1_
                                     82 	.globl _INT1
                                     83 	.globl _T0
                                     84 	.globl _RXD1_
                                     85 	.globl _PWM2
                                     86 	.globl _T1
                                     87 	.globl _UDP
                                     88 	.globl _UDM
                                     89 	.globl _P1_0
                                     90 	.globl _P1_1
                                     91 	.globl _P1_2
                                     92 	.globl _P1_3
                                     93 	.globl _P1_4
                                     94 	.globl _P1_5
                                     95 	.globl _P1_6
                                     96 	.globl _P1_7
                                     97 	.globl _TIN0
                                     98 	.globl _CAP1
                                     99 	.globl _T2
                                    100 	.globl _AIN0
                                    101 	.globl _VBUS2
                                    102 	.globl _TIN1
                                    103 	.globl _CAP2
                                    104 	.globl _T2EX
                                    105 	.globl _RXD_
                                    106 	.globl _TXD_
                                    107 	.globl _AIN1
                                    108 	.globl _UCC1
                                    109 	.globl _TIN2
                                    110 	.globl _SCS
                                    111 	.globl _CAP1_
                                    112 	.globl _T2_
                                    113 	.globl _AIN2
                                    114 	.globl _UCC2
                                    115 	.globl _TIN3
                                    116 	.globl _PWM1
                                    117 	.globl _MOSI
                                    118 	.globl _TIN4
                                    119 	.globl _RXD1
                                    120 	.globl _MISO
                                    121 	.globl _TIN5
                                    122 	.globl _TXD1
                                    123 	.globl _SCK
                                    124 	.globl _IE_SPI0
                                    125 	.globl _IE_TKEY
                                    126 	.globl _IE_USB
                                    127 	.globl _IE_ADC
                                    128 	.globl _IE_UART1
                                    129 	.globl _IE_PWMX
                                    130 	.globl _IE_GPIO
                                    131 	.globl _IE_WDOG
                                    132 	.globl _PX0
                                    133 	.globl _PT0
                                    134 	.globl _PX1
                                    135 	.globl _PT1
                                    136 	.globl _PS
                                    137 	.globl _PT2
                                    138 	.globl _PL_FLAG
                                    139 	.globl _PH_FLAG
                                    140 	.globl _EX0
                                    141 	.globl _ET0
                                    142 	.globl _EX1
                                    143 	.globl _ET1
                                    144 	.globl _ES
                                    145 	.globl _ET2
                                    146 	.globl _E_DIS
                                    147 	.globl _EA
                                    148 	.globl _P
                                    149 	.globl _F1
                                    150 	.globl _OV
                                    151 	.globl _RS0
                                    152 	.globl _RS1
                                    153 	.globl _F0
                                    154 	.globl _AC
                                    155 	.globl _CY
                                    156 	.globl _UEP1_DMA_H
                                    157 	.globl _UEP1_DMA_L
                                    158 	.globl _UEP1_DMA
                                    159 	.globl _UEP0_DMA_H
                                    160 	.globl _UEP0_DMA_L
                                    161 	.globl _UEP0_DMA
                                    162 	.globl _UEP2_3_MOD
                                    163 	.globl _UEP4_1_MOD
                                    164 	.globl _UEP3_DMA_H
                                    165 	.globl _UEP3_DMA_L
                                    166 	.globl _UEP3_DMA
                                    167 	.globl _UEP2_DMA_H
                                    168 	.globl _UEP2_DMA_L
                                    169 	.globl _UEP2_DMA
                                    170 	.globl _USB_DEV_AD
                                    171 	.globl _USB_CTRL
                                    172 	.globl _USB_INT_EN
                                    173 	.globl _UEP4_T_LEN
                                    174 	.globl _UEP4_CTRL
                                    175 	.globl _UEP0_T_LEN
                                    176 	.globl _UEP0_CTRL
                                    177 	.globl _USB_RX_LEN
                                    178 	.globl _USB_MIS_ST
                                    179 	.globl _USB_INT_ST
                                    180 	.globl _USB_INT_FG
                                    181 	.globl _UEP3_T_LEN
                                    182 	.globl _UEP3_CTRL
                                    183 	.globl _UEP2_T_LEN
                                    184 	.globl _UEP2_CTRL
                                    185 	.globl _UEP1_T_LEN
                                    186 	.globl _UEP1_CTRL
                                    187 	.globl _UDEV_CTRL
                                    188 	.globl _USB_C_CTRL
                                    189 	.globl _TKEY_DATH
                                    190 	.globl _TKEY_DATL
                                    191 	.globl _TKEY_DAT
                                    192 	.globl _TKEY_CTRL
                                    193 	.globl _ADC_DATA
                                    194 	.globl _ADC_CFG
                                    195 	.globl _ADC_CTRL
                                    196 	.globl _SBAUD1
                                    197 	.globl _SBUF1
                                    198 	.globl _SCON1
                                    199 	.globl _SPI0_SETUP
                                    200 	.globl _SPI0_CK_SE
                                    201 	.globl _SPI0_CTRL
                                    202 	.globl _SPI0_DATA
                                    203 	.globl _SPI0_STAT
                                    204 	.globl _PWM_CK_SE
                                    205 	.globl _PWM_CTRL
                                    206 	.globl _PWM_DATA1
                                    207 	.globl _PWM_DATA2
                                    208 	.globl _T2CAP1H
                                    209 	.globl _T2CAP1L
                                    210 	.globl _T2CAP1
                                    211 	.globl _TH2
                                    212 	.globl _TL2
                                    213 	.globl _T2COUNT
                                    214 	.globl _RCAP2H
                                    215 	.globl _RCAP2L
                                    216 	.globl _RCAP2
                                    217 	.globl _T2MOD
                                    218 	.globl _T2CON
                                    219 	.globl _SBUF
                                    220 	.globl _SCON
                                    221 	.globl _TH1
                                    222 	.globl _TH0
                                    223 	.globl _TL1
                                    224 	.globl _TL0
                                    225 	.globl _TMOD
                                    226 	.globl _TCON
                                    227 	.globl _XBUS_AUX
                                    228 	.globl _PIN_FUNC
                                    229 	.globl _P3_DIR_PU
                                    230 	.globl _P3_MOD_OC
                                    231 	.globl _P3
                                    232 	.globl _P2
                                    233 	.globl _P1_DIR_PU
                                    234 	.globl _P1_MOD_OC
                                    235 	.globl _P1
                                    236 	.globl _ROM_CTRL
                                    237 	.globl _ROM_DATA_H
                                    238 	.globl _ROM_DATA_L
                                    239 	.globl _ROM_DATA
                                    240 	.globl _ROM_ADDR_H
                                    241 	.globl _ROM_ADDR_L
                                    242 	.globl _ROM_ADDR
                                    243 	.globl _GPIO_IE
                                    244 	.globl _IP_EX
                                    245 	.globl _IE_EX
                                    246 	.globl _IP
                                    247 	.globl _IE
                                    248 	.globl _WDOG_COUNT
                                    249 	.globl _RESET_KEEP
                                    250 	.globl _WAKE_CTRL
                                    251 	.globl _CLOCK_CFG
                                    252 	.globl _PCON
                                    253 	.globl _GLOBAL_CFG
                                    254 	.globl _SAFE_MOD
                                    255 	.globl _DPH
                                    256 	.globl _DPL
                                    257 	.globl _SP
                                    258 	.globl _B
                                    259 	.globl _ACC
                                    260 	.globl _PSW
                                    261 	.globl _uart1_tx_buffer_tail
                                    262 	.globl _uart1_tx_buffer_head
                                    263 	.globl _uart1_rx_buffer_tail
                                    264 	.globl _uart1_rx_buffer_head
                                    265 	.globl _Transmit_Uart1_Buf
                                    266 	.globl _Receive_Uart1_Buf
                                    267 	.globl _uart1_flag_sending
                                    268 	.globl _uart1IntRxHandler
                                    269 	.globl _uart1IntTxHandler
                                    270 ;--------------------------------------------------------
                                    271 ; special function registers
                                    272 ;--------------------------------------------------------
                                    273 	.area RSEG    (ABS,DATA)
      000000                        274 	.org 0x0000
                           0000D0   275 _PSW	=	0x00d0
                           0000E0   276 _ACC	=	0x00e0
                           0000F0   277 _B	=	0x00f0
                           000081   278 _SP	=	0x0081
                           000082   279 _DPL	=	0x0082
                           000083   280 _DPH	=	0x0083
                           0000A1   281 _SAFE_MOD	=	0x00a1
                           0000B1   282 _GLOBAL_CFG	=	0x00b1
                           000087   283 _PCON	=	0x0087
                           0000B9   284 _CLOCK_CFG	=	0x00b9
                           0000A9   285 _WAKE_CTRL	=	0x00a9
                           0000FE   286 _RESET_KEEP	=	0x00fe
                           0000FF   287 _WDOG_COUNT	=	0x00ff
                           0000A8   288 _IE	=	0x00a8
                           0000B8   289 _IP	=	0x00b8
                           0000E8   290 _IE_EX	=	0x00e8
                           0000E9   291 _IP_EX	=	0x00e9
                           0000C7   292 _GPIO_IE	=	0x00c7
                           008584   293 _ROM_ADDR	=	0x8584
                           000084   294 _ROM_ADDR_L	=	0x0084
                           000085   295 _ROM_ADDR_H	=	0x0085
                           008F8E   296 _ROM_DATA	=	0x8f8e
                           00008E   297 _ROM_DATA_L	=	0x008e
                           00008F   298 _ROM_DATA_H	=	0x008f
                           000086   299 _ROM_CTRL	=	0x0086
                           000090   300 _P1	=	0x0090
                           000092   301 _P1_MOD_OC	=	0x0092
                           000093   302 _P1_DIR_PU	=	0x0093
                           0000A0   303 _P2	=	0x00a0
                           0000B0   304 _P3	=	0x00b0
                           000096   305 _P3_MOD_OC	=	0x0096
                           000097   306 _P3_DIR_PU	=	0x0097
                           0000C6   307 _PIN_FUNC	=	0x00c6
                           0000A2   308 _XBUS_AUX	=	0x00a2
                           000088   309 _TCON	=	0x0088
                           000089   310 _TMOD	=	0x0089
                           00008A   311 _TL0	=	0x008a
                           00008B   312 _TL1	=	0x008b
                           00008C   313 _TH0	=	0x008c
                           00008D   314 _TH1	=	0x008d
                           000098   315 _SCON	=	0x0098
                           000099   316 _SBUF	=	0x0099
                           0000C8   317 _T2CON	=	0x00c8
                           0000C9   318 _T2MOD	=	0x00c9
                           00CBCA   319 _RCAP2	=	0xcbca
                           0000CA   320 _RCAP2L	=	0x00ca
                           0000CB   321 _RCAP2H	=	0x00cb
                           00CDCC   322 _T2COUNT	=	0xcdcc
                           0000CC   323 _TL2	=	0x00cc
                           0000CD   324 _TH2	=	0x00cd
                           00CFCE   325 _T2CAP1	=	0xcfce
                           0000CE   326 _T2CAP1L	=	0x00ce
                           0000CF   327 _T2CAP1H	=	0x00cf
                           00009B   328 _PWM_DATA2	=	0x009b
                           00009C   329 _PWM_DATA1	=	0x009c
                           00009D   330 _PWM_CTRL	=	0x009d
                           00009E   331 _PWM_CK_SE	=	0x009e
                           0000F8   332 _SPI0_STAT	=	0x00f8
                           0000F9   333 _SPI0_DATA	=	0x00f9
                           0000FA   334 _SPI0_CTRL	=	0x00fa
                           0000FB   335 _SPI0_CK_SE	=	0x00fb
                           0000FC   336 _SPI0_SETUP	=	0x00fc
                           0000C0   337 _SCON1	=	0x00c0
                           0000C1   338 _SBUF1	=	0x00c1
                           0000C2   339 _SBAUD1	=	0x00c2
                           000080   340 _ADC_CTRL	=	0x0080
                           00009A   341 _ADC_CFG	=	0x009a
                           00009F   342 _ADC_DATA	=	0x009f
                           0000C3   343 _TKEY_CTRL	=	0x00c3
                           00C5C4   344 _TKEY_DAT	=	0xc5c4
                           0000C4   345 _TKEY_DATL	=	0x00c4
                           0000C5   346 _TKEY_DATH	=	0x00c5
                           000091   347 _USB_C_CTRL	=	0x0091
                           0000D1   348 _UDEV_CTRL	=	0x00d1
                           0000D2   349 _UEP1_CTRL	=	0x00d2
                           0000D3   350 _UEP1_T_LEN	=	0x00d3
                           0000D4   351 _UEP2_CTRL	=	0x00d4
                           0000D5   352 _UEP2_T_LEN	=	0x00d5
                           0000D6   353 _UEP3_CTRL	=	0x00d6
                           0000D7   354 _UEP3_T_LEN	=	0x00d7
                           0000D8   355 _USB_INT_FG	=	0x00d8
                           0000D9   356 _USB_INT_ST	=	0x00d9
                           0000DA   357 _USB_MIS_ST	=	0x00da
                           0000DB   358 _USB_RX_LEN	=	0x00db
                           0000DC   359 _UEP0_CTRL	=	0x00dc
                           0000DD   360 _UEP0_T_LEN	=	0x00dd
                           0000DE   361 _UEP4_CTRL	=	0x00de
                           0000DF   362 _UEP4_T_LEN	=	0x00df
                           0000E1   363 _USB_INT_EN	=	0x00e1
                           0000E2   364 _USB_CTRL	=	0x00e2
                           0000E3   365 _USB_DEV_AD	=	0x00e3
                           00E5E4   366 _UEP2_DMA	=	0xe5e4
                           0000E4   367 _UEP2_DMA_L	=	0x00e4
                           0000E5   368 _UEP2_DMA_H	=	0x00e5
                           00E7E6   369 _UEP3_DMA	=	0xe7e6
                           0000E6   370 _UEP3_DMA_L	=	0x00e6
                           0000E7   371 _UEP3_DMA_H	=	0x00e7
                           0000EA   372 _UEP4_1_MOD	=	0x00ea
                           0000EB   373 _UEP2_3_MOD	=	0x00eb
                           00EDEC   374 _UEP0_DMA	=	0xedec
                           0000EC   375 _UEP0_DMA_L	=	0x00ec
                           0000ED   376 _UEP0_DMA_H	=	0x00ed
                           00EFEE   377 _UEP1_DMA	=	0xefee
                           0000EE   378 _UEP1_DMA_L	=	0x00ee
                           0000EF   379 _UEP1_DMA_H	=	0x00ef
                                    380 ;--------------------------------------------------------
                                    381 ; special function bits
                                    382 ;--------------------------------------------------------
                                    383 	.area RSEG    (ABS,DATA)
      000000                        384 	.org 0x0000
                           0000D7   385 _CY	=	0x00d7
                           0000D6   386 _AC	=	0x00d6
                           0000D5   387 _F0	=	0x00d5
                           0000D4   388 _RS1	=	0x00d4
                           0000D3   389 _RS0	=	0x00d3
                           0000D2   390 _OV	=	0x00d2
                           0000D1   391 _F1	=	0x00d1
                           0000D0   392 _P	=	0x00d0
                           0000AF   393 _EA	=	0x00af
                           0000AE   394 _E_DIS	=	0x00ae
                           0000AD   395 _ET2	=	0x00ad
                           0000AC   396 _ES	=	0x00ac
                           0000AB   397 _ET1	=	0x00ab
                           0000AA   398 _EX1	=	0x00aa
                           0000A9   399 _ET0	=	0x00a9
                           0000A8   400 _EX0	=	0x00a8
                           0000BF   401 _PH_FLAG	=	0x00bf
                           0000BE   402 _PL_FLAG	=	0x00be
                           0000BD   403 _PT2	=	0x00bd
                           0000BC   404 _PS	=	0x00bc
                           0000BB   405 _PT1	=	0x00bb
                           0000BA   406 _PX1	=	0x00ba
                           0000B9   407 _PT0	=	0x00b9
                           0000B8   408 _PX0	=	0x00b8
                           0000EF   409 _IE_WDOG	=	0x00ef
                           0000EE   410 _IE_GPIO	=	0x00ee
                           0000ED   411 _IE_PWMX	=	0x00ed
                           0000EC   412 _IE_UART1	=	0x00ec
                           0000EB   413 _IE_ADC	=	0x00eb
                           0000EA   414 _IE_USB	=	0x00ea
                           0000E9   415 _IE_TKEY	=	0x00e9
                           0000E8   416 _IE_SPI0	=	0x00e8
                           000097   417 _SCK	=	0x0097
                           000097   418 _TXD1	=	0x0097
                           000097   419 _TIN5	=	0x0097
                           000096   420 _MISO	=	0x0096
                           000096   421 _RXD1	=	0x0096
                           000096   422 _TIN4	=	0x0096
                           000095   423 _MOSI	=	0x0095
                           000095   424 _PWM1	=	0x0095
                           000095   425 _TIN3	=	0x0095
                           000095   426 _UCC2	=	0x0095
                           000095   427 _AIN2	=	0x0095
                           000094   428 _T2_	=	0x0094
                           000094   429 _CAP1_	=	0x0094
                           000094   430 _SCS	=	0x0094
                           000094   431 _TIN2	=	0x0094
                           000094   432 _UCC1	=	0x0094
                           000094   433 _AIN1	=	0x0094
                           000093   434 _TXD_	=	0x0093
                           000092   435 _RXD_	=	0x0092
                           000091   436 _T2EX	=	0x0091
                           000091   437 _CAP2	=	0x0091
                           000091   438 _TIN1	=	0x0091
                           000091   439 _VBUS2	=	0x0091
                           000091   440 _AIN0	=	0x0091
                           000090   441 _T2	=	0x0090
                           000090   442 _CAP1	=	0x0090
                           000090   443 _TIN0	=	0x0090
                           000097   444 _P1_7	=	0x0097
                           000096   445 _P1_6	=	0x0096
                           000095   446 _P1_5	=	0x0095
                           000094   447 _P1_4	=	0x0094
                           000093   448 _P1_3	=	0x0093
                           000092   449 _P1_2	=	0x0092
                           000091   450 _P1_1	=	0x0091
                           000090   451 _P1_0	=	0x0090
                           0000B7   452 _UDM	=	0x00b7
                           0000B6   453 _UDP	=	0x00b6
                           0000B5   454 _T1	=	0x00b5
                           0000B4   455 _PWM2	=	0x00b4
                           0000B4   456 _RXD1_	=	0x00b4
                           0000B4   457 _T0	=	0x00b4
                           0000B3   458 _INT1	=	0x00b3
                           0000B2   459 _TXD1_	=	0x00b2
                           0000B2   460 _INT0	=	0x00b2
                           0000B2   461 _VBUS1	=	0x00b2
                           0000B2   462 _AIN3	=	0x00b2
                           0000B1   463 _PWM2_	=	0x00b1
                           0000B1   464 _TXD	=	0x00b1
                           0000B0   465 _PWM1_	=	0x00b0
                           0000B0   466 _RXD	=	0x00b0
                           0000B7   467 _P3_7	=	0x00b7
                           0000B6   468 _P3_6	=	0x00b6
                           0000B5   469 _P3_5	=	0x00b5
                           0000B4   470 _P3_4	=	0x00b4
                           0000B3   471 _P3_3	=	0x00b3
                           0000B2   472 _P3_2	=	0x00b2
                           0000B1   473 _P3_1	=	0x00b1
                           0000B0   474 _P3_0	=	0x00b0
                           00008F   475 _TF1	=	0x008f
                           00008E   476 _TR1	=	0x008e
                           00008D   477 _TF0	=	0x008d
                           00008C   478 _TR0	=	0x008c
                           00008B   479 _IE1	=	0x008b
                           00008A   480 _IT1	=	0x008a
                           000089   481 _IE0	=	0x0089
                           000088   482 _IT0	=	0x0088
                           00009F   483 _SM0	=	0x009f
                           00009E   484 _SM1	=	0x009e
                           00009D   485 _SM2	=	0x009d
                           00009C   486 _REN	=	0x009c
                           00009B   487 _TB8	=	0x009b
                           00009A   488 _RB8	=	0x009a
                           000099   489 _TI	=	0x0099
                           000098   490 _RI	=	0x0098
                           0000CF   491 _TF2	=	0x00cf
                           0000CF   492 _CAP1F	=	0x00cf
                           0000CE   493 _EXF2	=	0x00ce
                           0000CD   494 _RCLK	=	0x00cd
                           0000CC   495 _TCLK	=	0x00cc
                           0000CB   496 _EXEN2	=	0x00cb
                           0000CA   497 _TR2	=	0x00ca
                           0000C9   498 _C_T2	=	0x00c9
                           0000C8   499 _CP_RL2	=	0x00c8
                           0000FF   500 _S0_FST_ACT	=	0x00ff
                           0000FE   501 _S0_IF_OV	=	0x00fe
                           0000FD   502 _S0_IF_FIRST	=	0x00fd
                           0000FC   503 _S0_IF_BYTE	=	0x00fc
                           0000FB   504 _S0_FREE	=	0x00fb
                           0000FA   505 _S0_T_FIFO	=	0x00fa
                           0000F8   506 _S0_R_FIFO	=	0x00f8
                           0000C7   507 _U1SM0	=	0x00c7
                           0000C5   508 _U1SMOD	=	0x00c5
                           0000C4   509 _U1REN	=	0x00c4
                           0000C3   510 _U1TB8	=	0x00c3
                           0000C2   511 _U1RB8	=	0x00c2
                           0000C1   512 _U1TI	=	0x00c1
                           0000C0   513 _U1RI	=	0x00c0
                           000087   514 _CMPO	=	0x0087
                           000086   515 _CMP_IF	=	0x0086
                           000085   516 _ADC_IF	=	0x0085
                           000084   517 _ADC_START	=	0x0084
                           000083   518 _CMP_CHAN	=	0x0083
                           000081   519 _ADC_CHAN1	=	0x0081
                           000080   520 _ADC_CHAN0	=	0x0080
                           0000DF   521 _U_IS_NAK	=	0x00df
                           0000DE   522 _U_TOG_OK	=	0x00de
                           0000DD   523 _U_SIE_FREE	=	0x00dd
                           0000DC   524 _UIF_FIFO_OV	=	0x00dc
                           0000DB   525 _UIF_HST_SOF	=	0x00db
                           0000DA   526 _UIF_SUSPEND	=	0x00da
                           0000D9   527 _UIF_TRANSFER	=	0x00d9
                           0000D8   528 _UIF_DETECT	=	0x00d8
                           0000D8   529 _UIF_BUS_RST	=	0x00d8
                                    530 ;--------------------------------------------------------
                                    531 ; overlayable register banks
                                    532 ;--------------------------------------------------------
                                    533 	.area REG_BANK_0	(REL,OVR,DATA)
      000000                        534 	.ds 8
                                    535 ;--------------------------------------------------------
                                    536 ; internal ram data
                                    537 ;--------------------------------------------------------
                                    538 	.area DSEG    (DATA)
                                    539 ;--------------------------------------------------------
                                    540 ; overlayable items in internal ram
                                    541 ;--------------------------------------------------------
                                    542 ;--------------------------------------------------------
                                    543 ; indirectly addressable internal ram data
                                    544 ;--------------------------------------------------------
                                    545 	.area ISEG    (DATA)
                                    546 ;--------------------------------------------------------
                                    547 ; absolute internal ram data
                                    548 ;--------------------------------------------------------
                                    549 	.area IABS    (ABS,DATA)
                                    550 	.area IABS    (ABS,DATA)
                                    551 ;--------------------------------------------------------
                                    552 ; bit data
                                    553 ;--------------------------------------------------------
                                    554 	.area BSEG    (BIT)
      000000                        555 _uart1_flag_sending::
      000000                        556 	.ds 1
                                    557 ;--------------------------------------------------------
                                    558 ; paged external ram data
                                    559 ;--------------------------------------------------------
                                    560 	.area PSEG    (PAG,XDATA)
                                    561 ;--------------------------------------------------------
                                    562 ; uninitialized external ram data
                                    563 ;--------------------------------------------------------
                                    564 	.area XSEG    (XDATA)
      000000                        565 _Receive_Uart1_Buf::
      000000                        566 	.ds 16
      000010                        567 _Transmit_Uart1_Buf::
      000010                        568 	.ds 16
                                    569 ;--------------------------------------------------------
                                    570 ; absolute external ram data
                                    571 ;--------------------------------------------------------
                                    572 	.area XABS    (ABS,XDATA)
                                    573 ;--------------------------------------------------------
                                    574 ; initialized external ram data
                                    575 ;--------------------------------------------------------
                                    576 	.area XISEG   (XDATA)
      000000                        577 _uart1_rx_buffer_head::
      000000                        578 	.ds 1
      000001                        579 _uart1_rx_buffer_tail::
      000001                        580 	.ds 1
      000002                        581 _uart1_tx_buffer_head::
      000002                        582 	.ds 1
      000003                        583 _uart1_tx_buffer_tail::
      000003                        584 	.ds 1
                                    585 	.area HOME    (CODE)
                                    586 	.area GSINIT0 (CODE)
                                    587 	.area GSINIT1 (CODE)
                                    588 	.area GSINIT2 (CODE)
                                    589 	.area GSINIT3 (CODE)
                                    590 	.area GSINIT4 (CODE)
                                    591 	.area GSINIT5 (CODE)
                                    592 	.area GSINIT  (CODE)
                                    593 	.area GSFINAL (CODE)
                                    594 	.area CSEG    (CODE)
                                    595 ;--------------------------------------------------------
                                    596 ; global & static initialisations
                                    597 ;--------------------------------------------------------
                                    598 	.area HOME    (CODE)
                                    599 	.area GSINIT  (CODE)
                                    600 	.area GSFINAL (CODE)
                                    601 	.area GSINIT  (CODE)
                                    602 ;	C:\Users\tonyp\AppData\Local\Arduino15\packages\CH55xDuino\hardware\mcs51\0.0.23\cores\ch55xduino\HardwareSerial1ISR.c:11: volatile __bit uart1_flag_sending = 0;
                                    603 ;	assignBit
      000000 C2*00            [12]  604 	clr	_uart1_flag_sending
                                    605 ;--------------------------------------------------------
                                    606 ; Home
                                    607 ;--------------------------------------------------------
                                    608 	.area HOME    (CODE)
                                    609 	.area HOME    (CODE)
                                    610 ;--------------------------------------------------------
                                    611 ; code
                                    612 ;--------------------------------------------------------
                                    613 	.area CSEG    (CODE)
                                    614 ;------------------------------------------------------------
                                    615 ;Allocation info for local variables in function 'uart1IntRxHandler'
                                    616 ;------------------------------------------------------------
                                    617 ;nextHead                  Allocated to registers r6 
                                    618 ;------------------------------------------------------------
                                    619 ;	C:\Users\tonyp\AppData\Local\Arduino15\packages\CH55xDuino\hardware\mcs51\0.0.23\cores\ch55xduino\HardwareSerial1ISR.c:13: void uart1IntRxHandler() {
                                    620 ;	-----------------------------------------
                                    621 ;	 function uart1IntRxHandler
                                    622 ;	-----------------------------------------
      000000                        623 _uart1IntRxHandler:
                           000007   624 	ar7 = 0x07
                           000006   625 	ar6 = 0x06
                           000005   626 	ar5 = 0x05
                           000004   627 	ar4 = 0x04
                           000003   628 	ar3 = 0x03
                           000002   629 	ar2 = 0x02
                           000001   630 	ar1 = 0x01
                           000000   631 	ar0 = 0x00
                                    632 ;	C:\Users\tonyp\AppData\Local\Arduino15\packages\CH55xDuino\hardware\mcs51\0.0.23\cores\ch55xduino\HardwareSerial1ISR.c:14: __data uint8_t nextHead = (uart1_rx_buffer_head + 1) % SERIAL1_RX_BUFFER_SIZE;
      000000 90r00r00         [24]  633 	mov	dptr,#_uart1_rx_buffer_head
      000003 E0               [24]  634 	movx	a,@dptr
      000004 FF               [12]  635 	mov	r7,a
      000005 7E 00            [12]  636 	mov	r6,#0x00
      000007 0F               [12]  637 	inc	r7
      000008 BF 00 01         [24]  638 	cjne	r7,#0x00,00109$
      00000B 0E               [12]  639 	inc	r6
      00000C                        640 00109$:
      00000C 74 10            [12]  641 	mov	a,#0x10
      00000E C0 E0            [24]  642 	push	acc
      000010 E4               [12]  643 	clr	a
      000011 C0 E0            [24]  644 	push	acc
      000013 8F 82            [24]  645 	mov	dpl,r7
      000015 8E 83            [24]  646 	mov	dph,r6
      000017 12r00r00         [24]  647 	lcall	__modsint
      00001A AE 82            [24]  648 	mov	r6,dpl
      00001C 15 81            [12]  649 	dec	sp
      00001E 15 81            [12]  650 	dec	sp
                                    651 ;	C:\Users\tonyp\AppData\Local\Arduino15\packages\CH55xDuino\hardware\mcs51\0.0.23\cores\ch55xduino\HardwareSerial1ISR.c:16: if (nextHead != uart1_rx_buffer_tail) {
      000020 90r00r01         [24]  652 	mov	dptr,#_uart1_rx_buffer_tail
      000023 E0               [24]  653 	movx	a,@dptr
      000024 FF               [12]  654 	mov	r7,a
      000025 EE               [12]  655 	mov	a,r6
      000026 B5 07 01         [24]  656 	cjne	a,ar7,00110$
      000029 22               [24]  657 	ret
      00002A                        658 00110$:
                                    659 ;	C:\Users\tonyp\AppData\Local\Arduino15\packages\CH55xDuino\hardware\mcs51\0.0.23\cores\ch55xduino\HardwareSerial1ISR.c:18: Receive_Uart1_Buf[uart1_rx_buffer_head] = SBUF1;
      00002A 90r00r00         [24]  660 	mov	dptr,#_uart1_rx_buffer_head
      00002D E0               [24]  661 	movx	a,@dptr
      00002E 24r00            [12]  662 	add	a,#_Receive_Uart1_Buf
      000030 F5 82            [12]  663 	mov	dpl,a
      000032 E4               [12]  664 	clr	a
      000033 34s00            [12]  665 	addc	a,#(_Receive_Uart1_Buf >> 8)
      000035 F5 83            [12]  666 	mov	dph,a
      000037 E5 C1            [12]  667 	mov	a,_SBUF1
      000039 F0               [24]  668 	movx	@dptr,a
                                    669 ;	C:\Users\tonyp\AppData\Local\Arduino15\packages\CH55xDuino\hardware\mcs51\0.0.23\cores\ch55xduino\HardwareSerial1ISR.c:24: uart1_rx_buffer_head = nextHead;
      00003A 90r00r00         [24]  670 	mov	dptr,#_uart1_rx_buffer_head
      00003D EE               [12]  671 	mov	a,r6
      00003E F0               [24]  672 	movx	@dptr,a
                                    673 ;	C:\Users\tonyp\AppData\Local\Arduino15\packages\CH55xDuino\hardware\mcs51\0.0.23\cores\ch55xduino\HardwareSerial1ISR.c:26: }
      00003F 22               [24]  674 	ret
                                    675 ;------------------------------------------------------------
                                    676 ;Allocation info for local variables in function 'uart1IntTxHandler'
                                    677 ;------------------------------------------------------------
                                    678 ;	C:\Users\tonyp\AppData\Local\Arduino15\packages\CH55xDuino\hardware\mcs51\0.0.23\cores\ch55xduino\HardwareSerial1ISR.c:28: void uart1IntTxHandler() {
                                    679 ;	-----------------------------------------
                                    680 ;	 function uart1IntTxHandler
                                    681 ;	-----------------------------------------
      000040                        682 _uart1IntTxHandler:
                                    683 ;	C:\Users\tonyp\AppData\Local\Arduino15\packages\CH55xDuino\hardware\mcs51\0.0.23\cores\ch55xduino\HardwareSerial1ISR.c:29: if (uart1_flag_sending) {
      000040 30*00 4A         [24]  684 	jnb	_uart1_flag_sending,00106$
                                    685 ;	C:\Users\tonyp\AppData\Local\Arduino15\packages\CH55xDuino\hardware\mcs51\0.0.23\cores\ch55xduino\HardwareSerial1ISR.c:30: if (uart1_tx_buffer_head == uart1_tx_buffer_tail) {
      000043 90r00r02         [24]  686 	mov	dptr,#_uart1_tx_buffer_head
      000046 E0               [24]  687 	movx	a,@dptr
      000047 FF               [12]  688 	mov	r7,a
      000048 90r00r03         [24]  689 	mov	dptr,#_uart1_tx_buffer_tail
      00004B E0               [24]  690 	movx	a,@dptr
      00004C FE               [12]  691 	mov	r6,a
      00004D EF               [12]  692 	mov	a,r7
      00004E B5 06 05         [24]  693 	cjne	a,ar6,00102$
                                    694 ;	C:\Users\tonyp\AppData\Local\Arduino15\packages\CH55xDuino\hardware\mcs51\0.0.23\cores\ch55xduino\HardwareSerial1ISR.c:32: uart1_flag_sending &= 0;
      000051 A2*00            [12]  695 	mov	c,_uart1_flag_sending
                                    696 ;	assignBit
      000053 C2*00            [12]  697 	clr	_uart1_flag_sending
      000055 22               [24]  698 	ret
      000056                        699 00102$:
                                    700 ;	C:\Users\tonyp\AppData\Local\Arduino15\packages\CH55xDuino\hardware\mcs51\0.0.23\cores\ch55xduino\HardwareSerial1ISR.c:35: SBUF1 = Transmit_Uart1_Buf[uart1_tx_buffer_tail];
      000056 90r00r03         [24]  701 	mov	dptr,#_uart1_tx_buffer_tail
      000059 E0               [24]  702 	movx	a,@dptr
      00005A 24r10            [12]  703 	add	a,#_Transmit_Uart1_Buf
      00005C F5 82            [12]  704 	mov	dpl,a
      00005E E4               [12]  705 	clr	a
      00005F 34s00            [12]  706 	addc	a,#(_Transmit_Uart1_Buf >> 8)
      000061 F5 83            [12]  707 	mov	dph,a
      000063 E0               [24]  708 	movx	a,@dptr
      000064 F5 C1            [12]  709 	mov	_SBUF1,a
                                    710 ;	C:\Users\tonyp\AppData\Local\Arduino15\packages\CH55xDuino\hardware\mcs51\0.0.23\cores\ch55xduino\HardwareSerial1ISR.c:42: (uart1_tx_buffer_tail + 1) % SERIAL1_TX_BUFFER_SIZE;
      000066 90r00r03         [24]  711 	mov	dptr,#_uart1_tx_buffer_tail
      000069 E0               [24]  712 	movx	a,@dptr
      00006A FF               [12]  713 	mov	r7,a
      00006B 7E 00            [12]  714 	mov	r6,#0x00
      00006D 0F               [12]  715 	inc	r7
      00006E BF 00 01         [24]  716 	cjne	r7,#0x00,00119$
      000071 0E               [12]  717 	inc	r6
      000072                        718 00119$:
      000072 74 10            [12]  719 	mov	a,#0x10
      000074 C0 E0            [24]  720 	push	acc
      000076 E4               [12]  721 	clr	a
      000077 C0 E0            [24]  722 	push	acc
      000079 8F 82            [24]  723 	mov	dpl,r7
      00007B 8E 83            [24]  724 	mov	dph,r6
      00007D 12r00r00         [24]  725 	lcall	__modsint
      000080 AE 82            [24]  726 	mov	r6,dpl
      000082 AF 83            [24]  727 	mov	r7,dph
      000084 15 81            [12]  728 	dec	sp
      000086 15 81            [12]  729 	dec	sp
      000088 90r00r03         [24]  730 	mov	dptr,#_uart1_tx_buffer_tail
      00008B EE               [12]  731 	mov	a,r6
      00008C F0               [24]  732 	movx	@dptr,a
      00008D                        733 00106$:
                                    734 ;	C:\Users\tonyp\AppData\Local\Arduino15\packages\CH55xDuino\hardware\mcs51\0.0.23\cores\ch55xduino\HardwareSerial1ISR.c:45: }
      00008D 22               [24]  735 	ret
                                    736 	.area CSEG    (CODE)
                                    737 	.area CONST   (CODE)
                                    738 	.area XINIT   (CODE)
      000000                        739 __xinit__uart1_rx_buffer_head:
      000000 00                     740 	.db #0x00	; 0
      000001                        741 __xinit__uart1_rx_buffer_tail:
      000001 00                     742 	.db #0x00	; 0
      000002                        743 __xinit__uart1_tx_buffer_head:
      000002 00                     744 	.db #0x00	; 0
      000003                        745 __xinit__uart1_tx_buffer_tail:
      000003 00                     746 	.db #0x00	; 0
                                    747 	.area CABS    (ABS,CODE)
