                                      1 ;--------------------------------------------------------
                                      2 ; File Created by SDCC : free open source ISO C Compiler 
                                      3 ; Version 4.2.2 #13407 (MINGW32)
                                      4 ;--------------------------------------------------------
                                      5 	.module main
                                      6 	.optsdcc -mmcs51 --model-large
                                      7 	
                                      8 ;--------------------------------------------------------
                                      9 ; Public variables in this module
                                     10 ;--------------------------------------------------------
                                     11 	.globl ___sdcc_external_startup
                                     12 	.globl _main
                                     13 	.globl _TOUCHKEY_ISR
                                     14 	.globl _INT1_ISR
                                     15 	.globl _INT0_ISR
                                     16 	.globl _Uart1_ISR
                                     17 	.globl _Uart0_ISR
                                     18 	.globl _DeviceUSBInterrupt
                                     19 	.globl _USBInterrupt
                                     20 	.globl _USBSerial_flush
                                     21 	.globl _uart1IntTxHandler
                                     22 	.globl _uart1IntRxHandler
                                     23 	.globl _uart0IntTxHandler
                                     24 	.globl _uart0IntRxHandler
                                     25 	.globl _loop
                                     26 	.globl _setup
                                     27 	.globl _init
                                     28 	.globl _UIF_BUS_RST
                                     29 	.globl _UIF_DETECT
                                     30 	.globl _UIF_TRANSFER
                                     31 	.globl _UIF_SUSPEND
                                     32 	.globl _UIF_HST_SOF
                                     33 	.globl _UIF_FIFO_OV
                                     34 	.globl _U_SIE_FREE
                                     35 	.globl _U_TOG_OK
                                     36 	.globl _U_IS_NAK
                                     37 	.globl _ADC_CHAN0
                                     38 	.globl _ADC_CHAN1
                                     39 	.globl _CMP_CHAN
                                     40 	.globl _ADC_START
                                     41 	.globl _ADC_IF
                                     42 	.globl _CMP_IF
                                     43 	.globl _CMPO
                                     44 	.globl _U1RI
                                     45 	.globl _U1TI
                                     46 	.globl _U1RB8
                                     47 	.globl _U1TB8
                                     48 	.globl _U1REN
                                     49 	.globl _U1SMOD
                                     50 	.globl _U1SM0
                                     51 	.globl _S0_R_FIFO
                                     52 	.globl _S0_T_FIFO
                                     53 	.globl _S0_FREE
                                     54 	.globl _S0_IF_BYTE
                                     55 	.globl _S0_IF_FIRST
                                     56 	.globl _S0_IF_OV
                                     57 	.globl _S0_FST_ACT
                                     58 	.globl _CP_RL2
                                     59 	.globl _C_T2
                                     60 	.globl _TR2
                                     61 	.globl _EXEN2
                                     62 	.globl _TCLK
                                     63 	.globl _RCLK
                                     64 	.globl _EXF2
                                     65 	.globl _CAP1F
                                     66 	.globl _TF2
                                     67 	.globl _RI
                                     68 	.globl _TI
                                     69 	.globl _RB8
                                     70 	.globl _TB8
                                     71 	.globl _REN
                                     72 	.globl _SM2
                                     73 	.globl _SM1
                                     74 	.globl _SM0
                                     75 	.globl _IT0
                                     76 	.globl _IE0
                                     77 	.globl _IT1
                                     78 	.globl _IE1
                                     79 	.globl _TR0
                                     80 	.globl _TF0
                                     81 	.globl _TR1
                                     82 	.globl _TF1
                                     83 	.globl _P3_0
                                     84 	.globl _P3_1
                                     85 	.globl _P3_2
                                     86 	.globl _P3_3
                                     87 	.globl _P3_4
                                     88 	.globl _P3_5
                                     89 	.globl _P3_6
                                     90 	.globl _P3_7
                                     91 	.globl _RXD
                                     92 	.globl _PWM1_
                                     93 	.globl _TXD
                                     94 	.globl _PWM2_
                                     95 	.globl _AIN3
                                     96 	.globl _VBUS1
                                     97 	.globl _INT0
                                     98 	.globl _TXD1_
                                     99 	.globl _INT1
                                    100 	.globl _T0
                                    101 	.globl _RXD1_
                                    102 	.globl _PWM2
                                    103 	.globl _T1
                                    104 	.globl _UDP
                                    105 	.globl _UDM
                                    106 	.globl _P1_0
                                    107 	.globl _P1_1
                                    108 	.globl _P1_2
                                    109 	.globl _P1_3
                                    110 	.globl _P1_4
                                    111 	.globl _P1_5
                                    112 	.globl _P1_6
                                    113 	.globl _P1_7
                                    114 	.globl _TIN0
                                    115 	.globl _CAP1
                                    116 	.globl _T2
                                    117 	.globl _AIN0
                                    118 	.globl _VBUS2
                                    119 	.globl _TIN1
                                    120 	.globl _CAP2
                                    121 	.globl _T2EX
                                    122 	.globl _RXD_
                                    123 	.globl _TXD_
                                    124 	.globl _AIN1
                                    125 	.globl _UCC1
                                    126 	.globl _TIN2
                                    127 	.globl _SCS
                                    128 	.globl _CAP1_
                                    129 	.globl _T2_
                                    130 	.globl _AIN2
                                    131 	.globl _UCC2
                                    132 	.globl _TIN3
                                    133 	.globl _PWM1
                                    134 	.globl _MOSI
                                    135 	.globl _TIN4
                                    136 	.globl _RXD1
                                    137 	.globl _MISO
                                    138 	.globl _TIN5
                                    139 	.globl _TXD1
                                    140 	.globl _SCK
                                    141 	.globl _IE_SPI0
                                    142 	.globl _IE_TKEY
                                    143 	.globl _IE_USB
                                    144 	.globl _IE_ADC
                                    145 	.globl _IE_UART1
                                    146 	.globl _IE_PWMX
                                    147 	.globl _IE_GPIO
                                    148 	.globl _IE_WDOG
                                    149 	.globl _PX0
                                    150 	.globl _PT0
                                    151 	.globl _PX1
                                    152 	.globl _PT1
                                    153 	.globl _PS
                                    154 	.globl _PT2
                                    155 	.globl _PL_FLAG
                                    156 	.globl _PH_FLAG
                                    157 	.globl _EX0
                                    158 	.globl _ET0
                                    159 	.globl _EX1
                                    160 	.globl _ET1
                                    161 	.globl _ES
                                    162 	.globl _ET2
                                    163 	.globl _E_DIS
                                    164 	.globl _EA
                                    165 	.globl _P
                                    166 	.globl _F1
                                    167 	.globl _OV
                                    168 	.globl _RS0
                                    169 	.globl _RS1
                                    170 	.globl _F0
                                    171 	.globl _AC
                                    172 	.globl _CY
                                    173 	.globl _UEP1_DMA_H
                                    174 	.globl _UEP1_DMA_L
                                    175 	.globl _UEP1_DMA
                                    176 	.globl _UEP0_DMA_H
                                    177 	.globl _UEP0_DMA_L
                                    178 	.globl _UEP0_DMA
                                    179 	.globl _UEP2_3_MOD
                                    180 	.globl _UEP4_1_MOD
                                    181 	.globl _UEP3_DMA_H
                                    182 	.globl _UEP3_DMA_L
                                    183 	.globl _UEP3_DMA
                                    184 	.globl _UEP2_DMA_H
                                    185 	.globl _UEP2_DMA_L
                                    186 	.globl _UEP2_DMA
                                    187 	.globl _USB_DEV_AD
                                    188 	.globl _USB_CTRL
                                    189 	.globl _USB_INT_EN
                                    190 	.globl _UEP4_T_LEN
                                    191 	.globl _UEP4_CTRL
                                    192 	.globl _UEP0_T_LEN
                                    193 	.globl _UEP0_CTRL
                                    194 	.globl _USB_RX_LEN
                                    195 	.globl _USB_MIS_ST
                                    196 	.globl _USB_INT_ST
                                    197 	.globl _USB_INT_FG
                                    198 	.globl _UEP3_T_LEN
                                    199 	.globl _UEP3_CTRL
                                    200 	.globl _UEP2_T_LEN
                                    201 	.globl _UEP2_CTRL
                                    202 	.globl _UEP1_T_LEN
                                    203 	.globl _UEP1_CTRL
                                    204 	.globl _UDEV_CTRL
                                    205 	.globl _USB_C_CTRL
                                    206 	.globl _TKEY_DATH
                                    207 	.globl _TKEY_DATL
                                    208 	.globl _TKEY_DAT
                                    209 	.globl _TKEY_CTRL
                                    210 	.globl _ADC_DATA
                                    211 	.globl _ADC_CFG
                                    212 	.globl _ADC_CTRL
                                    213 	.globl _SBAUD1
                                    214 	.globl _SBUF1
                                    215 	.globl _SCON1
                                    216 	.globl _SPI0_SETUP
                                    217 	.globl _SPI0_CK_SE
                                    218 	.globl _SPI0_CTRL
                                    219 	.globl _SPI0_DATA
                                    220 	.globl _SPI0_STAT
                                    221 	.globl _PWM_CK_SE
                                    222 	.globl _PWM_CTRL
                                    223 	.globl _PWM_DATA1
                                    224 	.globl _PWM_DATA2
                                    225 	.globl _T2CAP1H
                                    226 	.globl _T2CAP1L
                                    227 	.globl _T2CAP1
                                    228 	.globl _TH2
                                    229 	.globl _TL2
                                    230 	.globl _T2COUNT
                                    231 	.globl _RCAP2H
                                    232 	.globl _RCAP2L
                                    233 	.globl _RCAP2
                                    234 	.globl _T2MOD
                                    235 	.globl _T2CON
                                    236 	.globl _SBUF
                                    237 	.globl _SCON
                                    238 	.globl _TH1
                                    239 	.globl _TH0
                                    240 	.globl _TL1
                                    241 	.globl _TL0
                                    242 	.globl _TMOD
                                    243 	.globl _TCON
                                    244 	.globl _XBUS_AUX
                                    245 	.globl _PIN_FUNC
                                    246 	.globl _P3_DIR_PU
                                    247 	.globl _P3_MOD_OC
                                    248 	.globl _P3
                                    249 	.globl _P2
                                    250 	.globl _P1_DIR_PU
                                    251 	.globl _P1_MOD_OC
                                    252 	.globl _P1
                                    253 	.globl _ROM_CTRL
                                    254 	.globl _ROM_DATA_H
                                    255 	.globl _ROM_DATA_L
                                    256 	.globl _ROM_DATA
                                    257 	.globl _ROM_ADDR_H
                                    258 	.globl _ROM_ADDR_L
                                    259 	.globl _ROM_ADDR
                                    260 	.globl _GPIO_IE
                                    261 	.globl _IP_EX
                                    262 	.globl _IE_EX
                                    263 	.globl _IP
                                    264 	.globl _IE
                                    265 	.globl _WDOG_COUNT
                                    266 	.globl _RESET_KEEP
                                    267 	.globl _WAKE_CTRL
                                    268 	.globl _CLOCK_CFG
                                    269 	.globl _PCON
                                    270 	.globl _GLOBAL_CFG
                                    271 	.globl _SAFE_MOD
                                    272 	.globl _DPH
                                    273 	.globl _DPL
                                    274 	.globl _SP
                                    275 	.globl _B
                                    276 	.globl _ACC
                                    277 	.globl _PSW
                                    278 	.globl _touchKeyHandler
                                    279 	.globl _timer0_overflow_count_5th_byte
                                    280 	.globl _timer0_overflow_count
                                    281 ;--------------------------------------------------------
                                    282 ; special function registers
                                    283 ;--------------------------------------------------------
                                    284 	.area RSEG    (ABS,DATA)
      000000                        285 	.org 0x0000
                           0000D0   286 _PSW	=	0x00d0
                           0000E0   287 _ACC	=	0x00e0
                           0000F0   288 _B	=	0x00f0
                           000081   289 _SP	=	0x0081
                           000082   290 _DPL	=	0x0082
                           000083   291 _DPH	=	0x0083
                           0000A1   292 _SAFE_MOD	=	0x00a1
                           0000B1   293 _GLOBAL_CFG	=	0x00b1
                           000087   294 _PCON	=	0x0087
                           0000B9   295 _CLOCK_CFG	=	0x00b9
                           0000A9   296 _WAKE_CTRL	=	0x00a9
                           0000FE   297 _RESET_KEEP	=	0x00fe
                           0000FF   298 _WDOG_COUNT	=	0x00ff
                           0000A8   299 _IE	=	0x00a8
                           0000B8   300 _IP	=	0x00b8
                           0000E8   301 _IE_EX	=	0x00e8
                           0000E9   302 _IP_EX	=	0x00e9
                           0000C7   303 _GPIO_IE	=	0x00c7
                           008584   304 _ROM_ADDR	=	0x8584
                           000084   305 _ROM_ADDR_L	=	0x0084
                           000085   306 _ROM_ADDR_H	=	0x0085
                           008F8E   307 _ROM_DATA	=	0x8f8e
                           00008E   308 _ROM_DATA_L	=	0x008e
                           00008F   309 _ROM_DATA_H	=	0x008f
                           000086   310 _ROM_CTRL	=	0x0086
                           000090   311 _P1	=	0x0090
                           000092   312 _P1_MOD_OC	=	0x0092
                           000093   313 _P1_DIR_PU	=	0x0093
                           0000A0   314 _P2	=	0x00a0
                           0000B0   315 _P3	=	0x00b0
                           000096   316 _P3_MOD_OC	=	0x0096
                           000097   317 _P3_DIR_PU	=	0x0097
                           0000C6   318 _PIN_FUNC	=	0x00c6
                           0000A2   319 _XBUS_AUX	=	0x00a2
                           000088   320 _TCON	=	0x0088
                           000089   321 _TMOD	=	0x0089
                           00008A   322 _TL0	=	0x008a
                           00008B   323 _TL1	=	0x008b
                           00008C   324 _TH0	=	0x008c
                           00008D   325 _TH1	=	0x008d
                           000098   326 _SCON	=	0x0098
                           000099   327 _SBUF	=	0x0099
                           0000C8   328 _T2CON	=	0x00c8
                           0000C9   329 _T2MOD	=	0x00c9
                           00CBCA   330 _RCAP2	=	0xcbca
                           0000CA   331 _RCAP2L	=	0x00ca
                           0000CB   332 _RCAP2H	=	0x00cb
                           00CDCC   333 _T2COUNT	=	0xcdcc
                           0000CC   334 _TL2	=	0x00cc
                           0000CD   335 _TH2	=	0x00cd
                           00CFCE   336 _T2CAP1	=	0xcfce
                           0000CE   337 _T2CAP1L	=	0x00ce
                           0000CF   338 _T2CAP1H	=	0x00cf
                           00009B   339 _PWM_DATA2	=	0x009b
                           00009C   340 _PWM_DATA1	=	0x009c
                           00009D   341 _PWM_CTRL	=	0x009d
                           00009E   342 _PWM_CK_SE	=	0x009e
                           0000F8   343 _SPI0_STAT	=	0x00f8
                           0000F9   344 _SPI0_DATA	=	0x00f9
                           0000FA   345 _SPI0_CTRL	=	0x00fa
                           0000FB   346 _SPI0_CK_SE	=	0x00fb
                           0000FC   347 _SPI0_SETUP	=	0x00fc
                           0000C0   348 _SCON1	=	0x00c0
                           0000C1   349 _SBUF1	=	0x00c1
                           0000C2   350 _SBAUD1	=	0x00c2
                           000080   351 _ADC_CTRL	=	0x0080
                           00009A   352 _ADC_CFG	=	0x009a
                           00009F   353 _ADC_DATA	=	0x009f
                           0000C3   354 _TKEY_CTRL	=	0x00c3
                           00C5C4   355 _TKEY_DAT	=	0xc5c4
                           0000C4   356 _TKEY_DATL	=	0x00c4
                           0000C5   357 _TKEY_DATH	=	0x00c5
                           000091   358 _USB_C_CTRL	=	0x0091
                           0000D1   359 _UDEV_CTRL	=	0x00d1
                           0000D2   360 _UEP1_CTRL	=	0x00d2
                           0000D3   361 _UEP1_T_LEN	=	0x00d3
                           0000D4   362 _UEP2_CTRL	=	0x00d4
                           0000D5   363 _UEP2_T_LEN	=	0x00d5
                           0000D6   364 _UEP3_CTRL	=	0x00d6
                           0000D7   365 _UEP3_T_LEN	=	0x00d7
                           0000D8   366 _USB_INT_FG	=	0x00d8
                           0000D9   367 _USB_INT_ST	=	0x00d9
                           0000DA   368 _USB_MIS_ST	=	0x00da
                           0000DB   369 _USB_RX_LEN	=	0x00db
                           0000DC   370 _UEP0_CTRL	=	0x00dc
                           0000DD   371 _UEP0_T_LEN	=	0x00dd
                           0000DE   372 _UEP4_CTRL	=	0x00de
                           0000DF   373 _UEP4_T_LEN	=	0x00df
                           0000E1   374 _USB_INT_EN	=	0x00e1
                           0000E2   375 _USB_CTRL	=	0x00e2
                           0000E3   376 _USB_DEV_AD	=	0x00e3
                           00E5E4   377 _UEP2_DMA	=	0xe5e4
                           0000E4   378 _UEP2_DMA_L	=	0x00e4
                           0000E5   379 _UEP2_DMA_H	=	0x00e5
                           00E7E6   380 _UEP3_DMA	=	0xe7e6
                           0000E6   381 _UEP3_DMA_L	=	0x00e6
                           0000E7   382 _UEP3_DMA_H	=	0x00e7
                           0000EA   383 _UEP4_1_MOD	=	0x00ea
                           0000EB   384 _UEP2_3_MOD	=	0x00eb
                           00EDEC   385 _UEP0_DMA	=	0xedec
                           0000EC   386 _UEP0_DMA_L	=	0x00ec
                           0000ED   387 _UEP0_DMA_H	=	0x00ed
                           00EFEE   388 _UEP1_DMA	=	0xefee
                           0000EE   389 _UEP1_DMA_L	=	0x00ee
                           0000EF   390 _UEP1_DMA_H	=	0x00ef
                                    391 ;--------------------------------------------------------
                                    392 ; special function bits
                                    393 ;--------------------------------------------------------
                                    394 	.area RSEG    (ABS,DATA)
      000000                        395 	.org 0x0000
                           0000D7   396 _CY	=	0x00d7
                           0000D6   397 _AC	=	0x00d6
                           0000D5   398 _F0	=	0x00d5
                           0000D4   399 _RS1	=	0x00d4
                           0000D3   400 _RS0	=	0x00d3
                           0000D2   401 _OV	=	0x00d2
                           0000D1   402 _F1	=	0x00d1
                           0000D0   403 _P	=	0x00d0
                           0000AF   404 _EA	=	0x00af
                           0000AE   405 _E_DIS	=	0x00ae
                           0000AD   406 _ET2	=	0x00ad
                           0000AC   407 _ES	=	0x00ac
                           0000AB   408 _ET1	=	0x00ab
                           0000AA   409 _EX1	=	0x00aa
                           0000A9   410 _ET0	=	0x00a9
                           0000A8   411 _EX0	=	0x00a8
                           0000BF   412 _PH_FLAG	=	0x00bf
                           0000BE   413 _PL_FLAG	=	0x00be
                           0000BD   414 _PT2	=	0x00bd
                           0000BC   415 _PS	=	0x00bc
                           0000BB   416 _PT1	=	0x00bb
                           0000BA   417 _PX1	=	0x00ba
                           0000B9   418 _PT0	=	0x00b9
                           0000B8   419 _PX0	=	0x00b8
                           0000EF   420 _IE_WDOG	=	0x00ef
                           0000EE   421 _IE_GPIO	=	0x00ee
                           0000ED   422 _IE_PWMX	=	0x00ed
                           0000EC   423 _IE_UART1	=	0x00ec
                           0000EB   424 _IE_ADC	=	0x00eb
                           0000EA   425 _IE_USB	=	0x00ea
                           0000E9   426 _IE_TKEY	=	0x00e9
                           0000E8   427 _IE_SPI0	=	0x00e8
                           000097   428 _SCK	=	0x0097
                           000097   429 _TXD1	=	0x0097
                           000097   430 _TIN5	=	0x0097
                           000096   431 _MISO	=	0x0096
                           000096   432 _RXD1	=	0x0096
                           000096   433 _TIN4	=	0x0096
                           000095   434 _MOSI	=	0x0095
                           000095   435 _PWM1	=	0x0095
                           000095   436 _TIN3	=	0x0095
                           000095   437 _UCC2	=	0x0095
                           000095   438 _AIN2	=	0x0095
                           000094   439 _T2_	=	0x0094
                           000094   440 _CAP1_	=	0x0094
                           000094   441 _SCS	=	0x0094
                           000094   442 _TIN2	=	0x0094
                           000094   443 _UCC1	=	0x0094
                           000094   444 _AIN1	=	0x0094
                           000093   445 _TXD_	=	0x0093
                           000092   446 _RXD_	=	0x0092
                           000091   447 _T2EX	=	0x0091
                           000091   448 _CAP2	=	0x0091
                           000091   449 _TIN1	=	0x0091
                           000091   450 _VBUS2	=	0x0091
                           000091   451 _AIN0	=	0x0091
                           000090   452 _T2	=	0x0090
                           000090   453 _CAP1	=	0x0090
                           000090   454 _TIN0	=	0x0090
                           000097   455 _P1_7	=	0x0097
                           000096   456 _P1_6	=	0x0096
                           000095   457 _P1_5	=	0x0095
                           000094   458 _P1_4	=	0x0094
                           000093   459 _P1_3	=	0x0093
                           000092   460 _P1_2	=	0x0092
                           000091   461 _P1_1	=	0x0091
                           000090   462 _P1_0	=	0x0090
                           0000B7   463 _UDM	=	0x00b7
                           0000B6   464 _UDP	=	0x00b6
                           0000B5   465 _T1	=	0x00b5
                           0000B4   466 _PWM2	=	0x00b4
                           0000B4   467 _RXD1_	=	0x00b4
                           0000B4   468 _T0	=	0x00b4
                           0000B3   469 _INT1	=	0x00b3
                           0000B2   470 _TXD1_	=	0x00b2
                           0000B2   471 _INT0	=	0x00b2
                           0000B2   472 _VBUS1	=	0x00b2
                           0000B2   473 _AIN3	=	0x00b2
                           0000B1   474 _PWM2_	=	0x00b1
                           0000B1   475 _TXD	=	0x00b1
                           0000B0   476 _PWM1_	=	0x00b0
                           0000B0   477 _RXD	=	0x00b0
                           0000B7   478 _P3_7	=	0x00b7
                           0000B6   479 _P3_6	=	0x00b6
                           0000B5   480 _P3_5	=	0x00b5
                           0000B4   481 _P3_4	=	0x00b4
                           0000B3   482 _P3_3	=	0x00b3
                           0000B2   483 _P3_2	=	0x00b2
                           0000B1   484 _P3_1	=	0x00b1
                           0000B0   485 _P3_0	=	0x00b0
                           00008F   486 _TF1	=	0x008f
                           00008E   487 _TR1	=	0x008e
                           00008D   488 _TF0	=	0x008d
                           00008C   489 _TR0	=	0x008c
                           00008B   490 _IE1	=	0x008b
                           00008A   491 _IT1	=	0x008a
                           000089   492 _IE0	=	0x0089
                           000088   493 _IT0	=	0x0088
                           00009F   494 _SM0	=	0x009f
                           00009E   495 _SM1	=	0x009e
                           00009D   496 _SM2	=	0x009d
                           00009C   497 _REN	=	0x009c
                           00009B   498 _TB8	=	0x009b
                           00009A   499 _RB8	=	0x009a
                           000099   500 _TI	=	0x0099
                           000098   501 _RI	=	0x0098
                           0000CF   502 _TF2	=	0x00cf
                           0000CF   503 _CAP1F	=	0x00cf
                           0000CE   504 _EXF2	=	0x00ce
                           0000CD   505 _RCLK	=	0x00cd
                           0000CC   506 _TCLK	=	0x00cc
                           0000CB   507 _EXEN2	=	0x00cb
                           0000CA   508 _TR2	=	0x00ca
                           0000C9   509 _C_T2	=	0x00c9
                           0000C8   510 _CP_RL2	=	0x00c8
                           0000FF   511 _S0_FST_ACT	=	0x00ff
                           0000FE   512 _S0_IF_OV	=	0x00fe
                           0000FD   513 _S0_IF_FIRST	=	0x00fd
                           0000FC   514 _S0_IF_BYTE	=	0x00fc
                           0000FB   515 _S0_FREE	=	0x00fb
                           0000FA   516 _S0_T_FIFO	=	0x00fa
                           0000F8   517 _S0_R_FIFO	=	0x00f8
                           0000C7   518 _U1SM0	=	0x00c7
                           0000C5   519 _U1SMOD	=	0x00c5
                           0000C4   520 _U1REN	=	0x00c4
                           0000C3   521 _U1TB8	=	0x00c3
                           0000C2   522 _U1RB8	=	0x00c2
                           0000C1   523 _U1TI	=	0x00c1
                           0000C0   524 _U1RI	=	0x00c0
                           000087   525 _CMPO	=	0x0087
                           000086   526 _CMP_IF	=	0x0086
                           000085   527 _ADC_IF	=	0x0085
                           000084   528 _ADC_START	=	0x0084
                           000083   529 _CMP_CHAN	=	0x0083
                           000081   530 _ADC_CHAN1	=	0x0081
                           000080   531 _ADC_CHAN0	=	0x0080
                           0000DF   532 _U_IS_NAK	=	0x00df
                           0000DE   533 _U_TOG_OK	=	0x00de
                           0000DD   534 _U_SIE_FREE	=	0x00dd
                           0000DC   535 _UIF_FIFO_OV	=	0x00dc
                           0000DB   536 _UIF_HST_SOF	=	0x00db
                           0000DA   537 _UIF_SUSPEND	=	0x00da
                           0000D9   538 _UIF_TRANSFER	=	0x00d9
                           0000D8   539 _UIF_DETECT	=	0x00d8
                           0000D8   540 _UIF_BUS_RST	=	0x00d8
                                    541 ;--------------------------------------------------------
                                    542 ; overlayable register banks
                                    543 ;--------------------------------------------------------
                                    544 	.area REG_BANK_0	(REL,OVR,DATA)
      000000                        545 	.ds 8
                                    546 ;--------------------------------------------------------
                                    547 ; overlayable bit register bank
                                    548 ;--------------------------------------------------------
                                    549 	.area BIT_BANK	(REL,OVR,DATA)
      000000                        550 bits:
      000000                        551 	.ds 1
                           008000   552 	b0 = bits[0]
                           008100   553 	b1 = bits[1]
                           008200   554 	b2 = bits[2]
                           008300   555 	b3 = bits[3]
                           008400   556 	b4 = bits[4]
                           008500   557 	b5 = bits[5]
                           008600   558 	b6 = bits[6]
                           008700   559 	b7 = bits[7]
                                    560 ;--------------------------------------------------------
                                    561 ; internal ram data
                                    562 ;--------------------------------------------------------
                                    563 	.area DSEG    (DATA)
                                    564 ;--------------------------------------------------------
                                    565 ; overlayable items in internal ram
                                    566 ;--------------------------------------------------------
                                    567 ;--------------------------------------------------------
                                    568 ; Stack segment in internal ram
                                    569 ;--------------------------------------------------------
                                    570 	.area	SSEG
      000000                        571 __start__stack:
      000000                        572 	.ds	1
                                    573 
                                    574 ;--------------------------------------------------------
                                    575 ; indirectly addressable internal ram data
                                    576 ;--------------------------------------------------------
                                    577 	.area ISEG    (DATA)
                                    578 ;--------------------------------------------------------
                                    579 ; absolute internal ram data
                                    580 ;--------------------------------------------------------
                                    581 	.area IABS    (ABS,DATA)
                                    582 	.area IABS    (ABS,DATA)
      000008                        583 	.org 0x0008
      000008                        584 _timer0_overflow_count::
      000008                        585 	.ds 4
      00000C                        586 	.org 0x000C
      00000C                        587 _timer0_overflow_count_5th_byte::
      00000C                        588 	.ds 1
                                    589 ;--------------------------------------------------------
                                    590 ; bit data
                                    591 ;--------------------------------------------------------
                                    592 	.area BSEG    (BIT)
                                    593 ;--------------------------------------------------------
                                    594 ; paged external ram data
                                    595 ;--------------------------------------------------------
                                    596 	.area PSEG    (PAG,XDATA)
                                    597 ;--------------------------------------------------------
                                    598 ; uninitialized external ram data
                                    599 ;--------------------------------------------------------
                                    600 	.area XSEG    (XDATA)
                                    601 ;--------------------------------------------------------
                                    602 ; absolute external ram data
                                    603 ;--------------------------------------------------------
                                    604 	.area XABS    (ABS,XDATA)
                                    605 ;--------------------------------------------------------
                                    606 ; initialized external ram data
                                    607 ;--------------------------------------------------------
                                    608 	.area XISEG   (XDATA)
      000000                        609 _touchKeyHandler::
      000000                        610 	.ds 2
                                    611 	.area HOME    (CODE)
                                    612 	.area GSINIT0 (CODE)
                                    613 	.area GSINIT1 (CODE)
                                    614 	.area GSINIT2 (CODE)
                                    615 	.area GSINIT3 (CODE)
                                    616 	.area GSINIT4 (CODE)
                                    617 	.area GSINIT5 (CODE)
                                    618 	.area GSINIT  (CODE)
                                    619 	.area GSFINAL (CODE)
                                    620 	.area CSEG    (CODE)
                                    621 ;--------------------------------------------------------
                                    622 ; interrupt vector
                                    623 ;--------------------------------------------------------
                                    624 	.area HOME    (CODE)
      000000                        625 __interrupt_vect:
      000000 02r00r00         [24]  626 	ljmp	__sdcc_gsinit_startup
      000003 02r00rD7         [24]  627 	ljmp	_INT0_ISR
      000006                        628 	.ds	5
      00000B 02r00r00         [24]  629 	ljmp	_Timer0Interrupt
      00000E                        630 	.ds	5
      000013 02r01r2A         [24]  631 	ljmp	_INT1_ISR
      000016                        632 	.ds	5
      00001B 32               [24]  633 	reti
      00001C                        634 	.ds	7
      000023 02r00r3F         [24]  635 	ljmp	_Uart0_ISR
      000026                        636 	.ds	5
      00002B 02r00r00         [24]  637 	ljmp	_Timer2Interrupt
      00002E                        638 	.ds	5
      000033 32               [24]  639 	reti
      000034                        640 	.ds	7
      00003B 02r01r7D         [24]  641 	ljmp	_TOUCHKEY_ISR
      00003E                        642 	.ds	5
      000043 02r00r00         [24]  643 	ljmp	_DeviceUSBInterrupt
      000046                        644 	.ds	5
      00004B 32               [24]  645 	reti
      00004C                        646 	.ds	7
      000053 02r00r8B         [24]  647 	ljmp	_Uart1_ISR
      000056                        648 	.ds	5
      00005B 32               [24]  649 	reti
      00005C                        650 	.ds	7
      000063 02r00r00         [24]  651 	ljmp	_GPIOInterrupt
                                    652 ;--------------------------------------------------------
                                    653 ; global & static initialisations
                                    654 ;--------------------------------------------------------
                                    655 	.area HOME    (CODE)
                                    656 	.area GSINIT  (CODE)
                                    657 	.area GSFINAL (CODE)
                                    658 	.area GSINIT  (CODE)
                                    659 	.globl __sdcc_gsinit_startup
                                    660 	.globl __sdcc_program_startup
                                    661 	.globl __start__stack
                                    662 	.globl __mcs51_genXINIT
                                    663 	.globl __mcs51_genXRAMCLEAR
                                    664 	.globl __mcs51_genRAMCLEAR
                                    665 ;	C:\Users\tonyp\AppData\Local\Arduino15\packages\CH55xDuino\hardware\mcs51\0.0.23\cores\ch55xduino\main.c:38: __idata __at (0x08) volatile uint32_t timer0_overflow_count = 0;
      000000 78r08            [12]  666 	mov	r0,#_timer0_overflow_count
      000002 E4               [12]  667 	clr	a
      000003 F6               [12]  668 	mov	@r0,a
      000004 08               [12]  669 	inc	r0
      000005 F6               [12]  670 	mov	@r0,a
      000006 08               [12]  671 	inc	r0
      000007 F6               [12]  672 	mov	@r0,a
      000008 08               [12]  673 	inc	r0
      000009 F6               [12]  674 	mov	@r0,a
                                    675 ;	C:\Users\tonyp\AppData\Local\Arduino15\packages\CH55xDuino\hardware\mcs51\0.0.23\cores\ch55xduino\main.c:39: __idata __at (0x0C) volatile uint8_t timer0_overflow_count_5th_byte = 0;
      00000A 78r0C            [12]  676 	mov	r0,#_timer0_overflow_count_5th_byte
      00000C 76 00            [12]  677 	mov	@r0,#0x00
                                    678 	.area GSFINAL (CODE)
      000000 02r00r66         [24]  679 	ljmp	__sdcc_program_startup
                                    680 ;--------------------------------------------------------
                                    681 ; Home
                                    682 ;--------------------------------------------------------
                                    683 	.area HOME    (CODE)
                                    684 	.area HOME    (CODE)
      000066                        685 __sdcc_program_startup:
      000066 02r01rD1         [24]  686 	ljmp	_main
                                    687 ;	return from main will return to caller
                                    688 ;--------------------------------------------------------
                                    689 ; code
                                    690 ;--------------------------------------------------------
                                    691 	.area CSEG    (CODE)
                                    692 ;------------------------------------------------------------
                                    693 ;Allocation info for local variables in function 'DeviceUSBInterrupt'
                                    694 ;------------------------------------------------------------
                                    695 ;	C:\Users\tonyp\AppData\Local\Arduino15\packages\CH55xDuino\hardware\mcs51\0.0.23\cores\ch55xduino\main.c:31: void DeviceUSBInterrupt(void) __interrupt(INT_NO_USB) {
                                    696 ;	-----------------------------------------
                                    697 ;	 function DeviceUSBInterrupt
                                    698 ;	-----------------------------------------
      000000                        699 _DeviceUSBInterrupt:
                           000007   700 	ar7 = 0x07
                           000006   701 	ar6 = 0x06
                           000005   702 	ar5 = 0x05
                           000004   703 	ar4 = 0x04
                           000003   704 	ar3 = 0x03
                           000002   705 	ar2 = 0x02
                           000001   706 	ar1 = 0x01
                           000000   707 	ar0 = 0x00
      000000 C0*00            [24]  708 	push	bits
      000002 C0 E0            [24]  709 	push	acc
      000004 C0 F0            [24]  710 	push	b
      000006 C0 82            [24]  711 	push	dpl
      000008 C0 83            [24]  712 	push	dph
      00000A C0 07            [24]  713 	push	(0+7)
      00000C C0 06            [24]  714 	push	(0+6)
      00000E C0 05            [24]  715 	push	(0+5)
      000010 C0 04            [24]  716 	push	(0+4)
      000012 C0 03            [24]  717 	push	(0+3)
      000014 C0 02            [24]  718 	push	(0+2)
      000016 C0 01            [24]  719 	push	(0+1)
      000018 C0 00            [24]  720 	push	(0+0)
      00001A C0 D0            [24]  721 	push	psw
      00001C 75 D0 00         [24]  722 	mov	psw,#0x00
                                    723 ;	C:\Users\tonyp\AppData\Local\Arduino15\packages\CH55xDuino\hardware\mcs51\0.0.23\cores\ch55xduino\main.c:33: USBInterrupt();
      00001F 12r00r00         [24]  724 	lcall	_USBInterrupt
                                    725 ;	C:\Users\tonyp\AppData\Local\Arduino15\packages\CH55xDuino\hardware\mcs51\0.0.23\cores\ch55xduino\main.c:34: }
      000022 D0 D0            [24]  726 	pop	psw
      000024 D0 00            [24]  727 	pop	(0+0)
      000026 D0 01            [24]  728 	pop	(0+1)
      000028 D0 02            [24]  729 	pop	(0+2)
      00002A D0 03            [24]  730 	pop	(0+3)
      00002C D0 04            [24]  731 	pop	(0+4)
      00002E D0 05            [24]  732 	pop	(0+5)
      000030 D0 06            [24]  733 	pop	(0+6)
      000032 D0 07            [24]  734 	pop	(0+7)
      000034 D0 83            [24]  735 	pop	dph
      000036 D0 82            [24]  736 	pop	dpl
      000038 D0 F0            [24]  737 	pop	b
      00003A D0 E0            [24]  738 	pop	acc
      00003C D0*00            [24]  739 	pop	bits
      00003E 32               [24]  740 	reti
                                    741 ;------------------------------------------------------------
                                    742 ;Allocation info for local variables in function 'Uart0_ISR'
                                    743 ;------------------------------------------------------------
                                    744 ;	C:\Users\tonyp\AppData\Local\Arduino15\packages\CH55xDuino\hardware\mcs51\0.0.23\cores\ch55xduino\main.c:45: void Uart0_ISR(void) __interrupt(INT_NO_UART0) {
                                    745 ;	-----------------------------------------
                                    746 ;	 function Uart0_ISR
                                    747 ;	-----------------------------------------
      00003F                        748 _Uart0_ISR:
      00003F C0*00            [24]  749 	push	bits
      000041 C0 E0            [24]  750 	push	acc
      000043 C0 F0            [24]  751 	push	b
      000045 C0 82            [24]  752 	push	dpl
      000047 C0 83            [24]  753 	push	dph
      000049 C0 07            [24]  754 	push	(0+7)
      00004B C0 06            [24]  755 	push	(0+6)
      00004D C0 05            [24]  756 	push	(0+5)
      00004F C0 04            [24]  757 	push	(0+4)
      000051 C0 03            [24]  758 	push	(0+3)
      000053 C0 02            [24]  759 	push	(0+2)
      000055 C0 01            [24]  760 	push	(0+1)
      000057 C0 00            [24]  761 	push	(0+0)
      000059 C0 D0            [24]  762 	push	psw
      00005B 75 D0 00         [24]  763 	mov	psw,#0x00
                                    764 ;	C:\Users\tonyp\AppData\Local\Arduino15\packages\CH55xDuino\hardware\mcs51\0.0.23\cores\ch55xduino\main.c:46: if (RI) {
      00005E 30 98 05         [24]  765 	jnb	_RI,00102$
                                    766 ;	C:\Users\tonyp\AppData\Local\Arduino15\packages\CH55xDuino\hardware\mcs51\0.0.23\cores\ch55xduino\main.c:47: uart0IntRxHandler();
      000061 12r00r00         [24]  767 	lcall	_uart0IntRxHandler
                                    768 ;	C:\Users\tonyp\AppData\Local\Arduino15\packages\CH55xDuino\hardware\mcs51\0.0.23\cores\ch55xduino\main.c:48: RI = 0;
                                    769 ;	assignBit
      000064 C2 98            [12]  770 	clr	_RI
      000066                        771 00102$:
                                    772 ;	C:\Users\tonyp\AppData\Local\Arduino15\packages\CH55xDuino\hardware\mcs51\0.0.23\cores\ch55xduino\main.c:50: if (TI) {
      000066 30 99 05         [24]  773 	jnb	_TI,00105$
                                    774 ;	C:\Users\tonyp\AppData\Local\Arduino15\packages\CH55xDuino\hardware\mcs51\0.0.23\cores\ch55xduino\main.c:51: uart0IntTxHandler();
      000069 12r00r00         [24]  775 	lcall	_uart0IntTxHandler
                                    776 ;	C:\Users\tonyp\AppData\Local\Arduino15\packages\CH55xDuino\hardware\mcs51\0.0.23\cores\ch55xduino\main.c:52: TI = 0;
                                    777 ;	assignBit
      00006C C2 99            [12]  778 	clr	_TI
      00006E                        779 00105$:
                                    780 ;	C:\Users\tonyp\AppData\Local\Arduino15\packages\CH55xDuino\hardware\mcs51\0.0.23\cores\ch55xduino\main.c:54: }
      00006E D0 D0            [24]  781 	pop	psw
      000070 D0 00            [24]  782 	pop	(0+0)
      000072 D0 01            [24]  783 	pop	(0+1)
      000074 D0 02            [24]  784 	pop	(0+2)
      000076 D0 03            [24]  785 	pop	(0+3)
      000078 D0 04            [24]  786 	pop	(0+4)
      00007A D0 05            [24]  787 	pop	(0+5)
      00007C D0 06            [24]  788 	pop	(0+6)
      00007E D0 07            [24]  789 	pop	(0+7)
      000080 D0 83            [24]  790 	pop	dph
      000082 D0 82            [24]  791 	pop	dpl
      000084 D0 F0            [24]  792 	pop	b
      000086 D0 E0            [24]  793 	pop	acc
      000088 D0*00            [24]  794 	pop	bits
      00008A 32               [24]  795 	reti
                                    796 ;------------------------------------------------------------
                                    797 ;Allocation info for local variables in function 'Uart1_ISR'
                                    798 ;------------------------------------------------------------
                                    799 ;	C:\Users\tonyp\AppData\Local\Arduino15\packages\CH55xDuino\hardware\mcs51\0.0.23\cores\ch55xduino\main.c:56: void Uart1_ISR(void) __interrupt(INT_NO_UART1) {
                                    800 ;	-----------------------------------------
                                    801 ;	 function Uart1_ISR
                                    802 ;	-----------------------------------------
      00008B                        803 _Uart1_ISR:
      00008B C0*00            [24]  804 	push	bits
      00008D C0 E0            [24]  805 	push	acc
      00008F C0 F0            [24]  806 	push	b
      000091 C0 82            [24]  807 	push	dpl
      000093 C0 83            [24]  808 	push	dph
      000095 C0 07            [24]  809 	push	(0+7)
      000097 C0 06            [24]  810 	push	(0+6)
      000099 C0 05            [24]  811 	push	(0+5)
      00009B C0 04            [24]  812 	push	(0+4)
      00009D C0 03            [24]  813 	push	(0+3)
      00009F C0 02            [24]  814 	push	(0+2)
      0000A1 C0 01            [24]  815 	push	(0+1)
      0000A3 C0 00            [24]  816 	push	(0+0)
      0000A5 C0 D0            [24]  817 	push	psw
      0000A7 75 D0 00         [24]  818 	mov	psw,#0x00
                                    819 ;	C:\Users\tonyp\AppData\Local\Arduino15\packages\CH55xDuino\hardware\mcs51\0.0.23\cores\ch55xduino\main.c:58: if (U1RI) {
      0000AA 30 C0 05         [24]  820 	jnb	_U1RI,00102$
                                    821 ;	C:\Users\tonyp\AppData\Local\Arduino15\packages\CH55xDuino\hardware\mcs51\0.0.23\cores\ch55xduino\main.c:59: uart1IntRxHandler();
      0000AD 12r00r00         [24]  822 	lcall	_uart1IntRxHandler
                                    823 ;	C:\Users\tonyp\AppData\Local\Arduino15\packages\CH55xDuino\hardware\mcs51\0.0.23\cores\ch55xduino\main.c:60: U1RI = 0;
                                    824 ;	assignBit
      0000B0 C2 C0            [12]  825 	clr	_U1RI
      0000B2                        826 00102$:
                                    827 ;	C:\Users\tonyp\AppData\Local\Arduino15\packages\CH55xDuino\hardware\mcs51\0.0.23\cores\ch55xduino\main.c:62: if (U1TI) {
      0000B2 30 C1 05         [24]  828 	jnb	_U1TI,00105$
                                    829 ;	C:\Users\tonyp\AppData\Local\Arduino15\packages\CH55xDuino\hardware\mcs51\0.0.23\cores\ch55xduino\main.c:63: uart1IntTxHandler();
      0000B5 12r00r00         [24]  830 	lcall	_uart1IntTxHandler
                                    831 ;	C:\Users\tonyp\AppData\Local\Arduino15\packages\CH55xDuino\hardware\mcs51\0.0.23\cores\ch55xduino\main.c:64: U1TI = 0;
                                    832 ;	assignBit
      0000B8 C2 C1            [12]  833 	clr	_U1TI
      0000BA                        834 00105$:
                                    835 ;	C:\Users\tonyp\AppData\Local\Arduino15\packages\CH55xDuino\hardware\mcs51\0.0.23\cores\ch55xduino\main.c:86: }
      0000BA D0 D0            [24]  836 	pop	psw
      0000BC D0 00            [24]  837 	pop	(0+0)
      0000BE D0 01            [24]  838 	pop	(0+1)
      0000C0 D0 02            [24]  839 	pop	(0+2)
      0000C2 D0 03            [24]  840 	pop	(0+3)
      0000C4 D0 04            [24]  841 	pop	(0+4)
      0000C6 D0 05            [24]  842 	pop	(0+5)
      0000C8 D0 06            [24]  843 	pop	(0+6)
      0000CA D0 07            [24]  844 	pop	(0+7)
      0000CC D0 83            [24]  845 	pop	dph
      0000CE D0 82            [24]  846 	pop	dpl
      0000D0 D0 F0            [24]  847 	pop	b
      0000D2 D0 E0            [24]  848 	pop	acc
      0000D4 D0*00            [24]  849 	pop	bits
      0000D6 32               [24]  850 	reti
                                    851 ;------------------------------------------------------------
                                    852 ;Allocation info for local variables in function 'INT0_ISR'
                                    853 ;------------------------------------------------------------
                                    854 ;	C:\Users\tonyp\AppData\Local\Arduino15\packages\CH55xDuino\hardware\mcs51\0.0.23\cores\ch55xduino\main.c:90: void INT0_ISR(void) __interrupt(INT_NO_INT0) { intFunc[0](); }
                                    855 ;	-----------------------------------------
                                    856 ;	 function INT0_ISR
                                    857 ;	-----------------------------------------
      0000D7                        858 _INT0_ISR:
      0000D7 C0*00            [24]  859 	push	bits
      0000D9 C0 E0            [24]  860 	push	acc
      0000DB C0 F0            [24]  861 	push	b
      0000DD C0 82            [24]  862 	push	dpl
      0000DF C0 83            [24]  863 	push	dph
      0000E1 C0 07            [24]  864 	push	(0+7)
      0000E3 C0 06            [24]  865 	push	(0+6)
      0000E5 C0 05            [24]  866 	push	(0+5)
      0000E7 C0 04            [24]  867 	push	(0+4)
      0000E9 C0 03            [24]  868 	push	(0+3)
      0000EB C0 02            [24]  869 	push	(0+2)
      0000ED C0 01            [24]  870 	push	(0+1)
      0000EF C0 00            [24]  871 	push	(0+0)
      0000F1 C0 D0            [24]  872 	push	psw
      0000F3 75 D0 00         [24]  873 	mov	psw,#0x00
      0000F6 90r00r00         [24]  874 	mov	dptr,#_intFunc
      0000F9 E0               [24]  875 	movx	a,@dptr
      0000FA FE               [12]  876 	mov	r6,a
      0000FB A3               [24]  877 	inc	dptr
      0000FC E0               [24]  878 	movx	a,@dptr
      0000FD FF               [12]  879 	mov	r7,a
      0000FE C0 07            [24]  880 	push	ar7
      000100 C0 06            [24]  881 	push	ar6
      000102 8E 82            [24]  882 	mov	dpl,r6
      000104 8F 83            [24]  883 	mov	dph,r7
      000106 12r00r00         [24]  884 	lcall	__sdcc_call_dptr
      000109 D0 06            [24]  885 	pop	ar6
      00010B D0 07            [24]  886 	pop	ar7
      00010D D0 D0            [24]  887 	pop	psw
      00010F D0 00            [24]  888 	pop	(0+0)
      000111 D0 01            [24]  889 	pop	(0+1)
      000113 D0 02            [24]  890 	pop	(0+2)
      000115 D0 03            [24]  891 	pop	(0+3)
      000117 D0 04            [24]  892 	pop	(0+4)
      000119 D0 05            [24]  893 	pop	(0+5)
      00011B D0 06            [24]  894 	pop	(0+6)
      00011D D0 07            [24]  895 	pop	(0+7)
      00011F D0 83            [24]  896 	pop	dph
      000121 D0 82            [24]  897 	pop	dpl
      000123 D0 F0            [24]  898 	pop	b
      000125 D0 E0            [24]  899 	pop	acc
      000127 D0*00            [24]  900 	pop	bits
      000129 32               [24]  901 	reti
                                    902 ;------------------------------------------------------------
                                    903 ;Allocation info for local variables in function 'INT1_ISR'
                                    904 ;------------------------------------------------------------
                                    905 ;	C:\Users\tonyp\AppData\Local\Arduino15\packages\CH55xDuino\hardware\mcs51\0.0.23\cores\ch55xduino\main.c:91: void INT1_ISR(void) __interrupt(INT_NO_INT1) { intFunc[1](); }
                                    906 ;	-----------------------------------------
                                    907 ;	 function INT1_ISR
                                    908 ;	-----------------------------------------
      00012A                        909 _INT1_ISR:
      00012A C0*00            [24]  910 	push	bits
      00012C C0 E0            [24]  911 	push	acc
      00012E C0 F0            [24]  912 	push	b
      000130 C0 82            [24]  913 	push	dpl
      000132 C0 83            [24]  914 	push	dph
      000134 C0 07            [24]  915 	push	(0+7)
      000136 C0 06            [24]  916 	push	(0+6)
      000138 C0 05            [24]  917 	push	(0+5)
      00013A C0 04            [24]  918 	push	(0+4)
      00013C C0 03            [24]  919 	push	(0+3)
      00013E C0 02            [24]  920 	push	(0+2)
      000140 C0 01            [24]  921 	push	(0+1)
      000142 C0 00            [24]  922 	push	(0+0)
      000144 C0 D0            [24]  923 	push	psw
      000146 75 D0 00         [24]  924 	mov	psw,#0x00
      000149 90r00r02         [24]  925 	mov	dptr,#(_intFunc + 0x0002)
      00014C E0               [24]  926 	movx	a,@dptr
      00014D FE               [12]  927 	mov	r6,a
      00014E A3               [24]  928 	inc	dptr
      00014F E0               [24]  929 	movx	a,@dptr
      000150 FF               [12]  930 	mov	r7,a
      000151 C0 07            [24]  931 	push	ar7
      000153 C0 06            [24]  932 	push	ar6
      000155 8E 82            [24]  933 	mov	dpl,r6
      000157 8F 83            [24]  934 	mov	dph,r7
      000159 12r00r00         [24]  935 	lcall	__sdcc_call_dptr
      00015C D0 06            [24]  936 	pop	ar6
      00015E D0 07            [24]  937 	pop	ar7
      000160 D0 D0            [24]  938 	pop	psw
      000162 D0 00            [24]  939 	pop	(0+0)
      000164 D0 01            [24]  940 	pop	(0+1)
      000166 D0 02            [24]  941 	pop	(0+2)
      000168 D0 03            [24]  942 	pop	(0+3)
      00016A D0 04            [24]  943 	pop	(0+4)
      00016C D0 05            [24]  944 	pop	(0+5)
      00016E D0 06            [24]  945 	pop	(0+6)
      000170 D0 07            [24]  946 	pop	(0+7)
      000172 D0 83            [24]  947 	pop	dph
      000174 D0 82            [24]  948 	pop	dpl
      000176 D0 F0            [24]  949 	pop	b
      000178 D0 E0            [24]  950 	pop	acc
      00017A D0*00            [24]  951 	pop	bits
      00017C 32               [24]  952 	reti
                                    953 ;------------------------------------------------------------
                                    954 ;Allocation info for local variables in function 'TOUCHKEY_ISR'
                                    955 ;------------------------------------------------------------
                                    956 ;	C:\Users\tonyp\AppData\Local\Arduino15\packages\CH55xDuino\hardware\mcs51\0.0.23\cores\ch55xduino\main.c:95: void TOUCHKEY_ISR(void) __interrupt(INT_NO_TKEY) {
                                    957 ;	-----------------------------------------
                                    958 ;	 function TOUCHKEY_ISR
                                    959 ;	-----------------------------------------
      00017D                        960 _TOUCHKEY_ISR:
      00017D C0*00            [24]  961 	push	bits
      00017F C0 E0            [24]  962 	push	acc
      000181 C0 F0            [24]  963 	push	b
      000183 C0 82            [24]  964 	push	dpl
      000185 C0 83            [24]  965 	push	dph
      000187 C0 07            [24]  966 	push	(0+7)
      000189 C0 06            [24]  967 	push	(0+6)
      00018B C0 05            [24]  968 	push	(0+5)
      00018D C0 04            [24]  969 	push	(0+4)
      00018F C0 03            [24]  970 	push	(0+3)
      000191 C0 02            [24]  971 	push	(0+2)
      000193 C0 01            [24]  972 	push	(0+1)
      000195 C0 00            [24]  973 	push	(0+0)
      000197 C0 D0            [24]  974 	push	psw
      000199 75 D0 00         [24]  975 	mov	psw,#0x00
                                    976 ;	C:\Users\tonyp\AppData\Local\Arduino15\packages\CH55xDuino\hardware\mcs51\0.0.23\cores\ch55xduino\main.c:96: if (touchKeyHandler != NULL) {
      00019C 90r00r00         [24]  977 	mov	dptr,#_touchKeyHandler
      00019F E0               [24]  978 	movx	a,@dptr
      0001A0 FE               [12]  979 	mov	r6,a
      0001A1 A3               [24]  980 	inc	dptr
      0001A2 E0               [24]  981 	movx	a,@dptr
      0001A3 4E               [12]  982 	orl	a,r6
      0001A4 60 0E            [24]  983 	jz	00103$
                                    984 ;	C:\Users\tonyp\AppData\Local\Arduino15\packages\CH55xDuino\hardware\mcs51\0.0.23\cores\ch55xduino\main.c:97: touchKeyHandler();
      0001A6 90r00r00         [24]  985 	mov	dptr,#_touchKeyHandler
      0001A9 E0               [24]  986 	movx	a,@dptr
      0001AA F8               [12]  987 	mov	r0,a
      0001AB A3               [24]  988 	inc	dptr
      0001AC E0               [24]  989 	movx	a,@dptr
      0001AD F5 83            [12]  990 	mov	dph,a
      0001AF 88 82            [24]  991 	mov	dpl,r0
      0001B1 12r00r00         [24]  992 	lcall	__sdcc_call_dptr
      0001B4                        993 00103$:
                                    994 ;	C:\Users\tonyp\AppData\Local\Arduino15\packages\CH55xDuino\hardware\mcs51\0.0.23\cores\ch55xduino\main.c:99: }
      0001B4 D0 D0            [24]  995 	pop	psw
      0001B6 D0 00            [24]  996 	pop	(0+0)
      0001B8 D0 01            [24]  997 	pop	(0+1)
      0001BA D0 02            [24]  998 	pop	(0+2)
      0001BC D0 03            [24]  999 	pop	(0+3)
      0001BE D0 04            [24] 1000 	pop	(0+4)
      0001C0 D0 05            [24] 1001 	pop	(0+5)
      0001C2 D0 06            [24] 1002 	pop	(0+6)
      0001C4 D0 07            [24] 1003 	pop	(0+7)
      0001C6 D0 83            [24] 1004 	pop	dph
      0001C8 D0 82            [24] 1005 	pop	dpl
      0001CA D0 F0            [24] 1006 	pop	b
      0001CC D0 E0            [24] 1007 	pop	acc
      0001CE D0*00            [24] 1008 	pop	bits
      0001D0 32               [24] 1009 	reti
                                   1010 ;------------------------------------------------------------
                                   1011 ;Allocation info for local variables in function 'main'
                                   1012 ;------------------------------------------------------------
                                   1013 ;	C:\Users\tonyp\AppData\Local\Arduino15\packages\CH55xDuino\hardware\mcs51\0.0.23\cores\ch55xduino\main.c:102: void main(void) {
                                   1014 ;	-----------------------------------------
                                   1015 ;	 function main
                                   1016 ;	-----------------------------------------
      0001D1                       1017 _main:
                                   1018 ;	C:\Users\tonyp\AppData\Local\Arduino15\packages\CH55xDuino\hardware\mcs51\0.0.23\cores\ch55xduino\main.c:103: init();
      0001D1 12r00r00         [24] 1019 	lcall	_init
                                   1020 ;	C:\Users\tonyp\AppData\Local\Arduino15\packages\CH55xDuino\hardware\mcs51\0.0.23\cores\ch55xduino\main.c:107: setup();
      0001D4 12r00r00         [24] 1021 	lcall	_setup
      0001D7                       1022 00104$:
                                   1023 ;	C:\Users\tonyp\AppData\Local\Arduino15\packages\CH55xDuino\hardware\mcs51\0.0.23\cores\ch55xduino\main.c:110: loop();
      0001D7 12r00r00         [24] 1024 	lcall	_loop
                                   1025 ;	C:\Users\tonyp\AppData\Local\Arduino15\packages\CH55xDuino\hardware\mcs51\0.0.23\cores\ch55xduino\main.c:113: USBSerial_flush();
      0001DA 12r00r00         [24] 1026 	lcall	_USBSerial_flush
                                   1027 ;	C:\Users\tonyp\AppData\Local\Arduino15\packages\CH55xDuino\hardware\mcs51\0.0.23\cores\ch55xduino\main.c:120: }
      0001DD 80 F8            [24] 1028 	sjmp	00104$
                                   1029 ;------------------------------------------------------------
                                   1030 ;Allocation info for local variables in function '__sdcc_external_startup'
                                   1031 ;------------------------------------------------------------
                                   1032 ;	C:\Users\tonyp\AppData\Local\Arduino15\packages\CH55xDuino\hardware\mcs51\0.0.23\cores\ch55xduino\main.c:122: unsigned char __sdcc_external_startup(void) __nonbanked { return 0; }
                                   1033 ;	-----------------------------------------
                                   1034 ;	 function __sdcc_external_startup
                                   1035 ;	-----------------------------------------
      0001DF                       1036 ___sdcc_external_startup:
      0001DF 75 82 00         [24] 1037 	mov	dpl,#0x00
      0001E2 22               [24] 1038 	ret
                                   1039 	.area CSEG    (CODE)
                                   1040 	.area CONST   (CODE)
                                   1041 	.area XINIT   (CODE)
      000000                       1042 __xinit__touchKeyHandler:
      000000 00 00                 1043 	.byte #0x00,#0x00
                                   1044 	.area CABS    (ABS,CODE)
