                                      1 ;--------------------------------------------------------
                                      2 ; File Created by SDCC : free open source ISO C Compiler 
                                      3 ; Version 4.2.2 #13407 (MINGW32)
                                      4 ;--------------------------------------------------------
                                      5 	.module Print_float
                                      6 	.optsdcc -mmcs51 --model-large
                                      7 	
                                      8 ;--------------------------------------------------------
                                      9 ; Public variables in this module
                                     10 ;--------------------------------------------------------
                                     11 	.globl _Print_print_ub
                                     12 	.globl _Print_print_s
                                     13 	.globl _isinf
                                     14 	.globl _isnan
                                     15 	.globl _UIF_BUS_RST
                                     16 	.globl _UIF_DETECT
                                     17 	.globl _UIF_TRANSFER
                                     18 	.globl _UIF_SUSPEND
                                     19 	.globl _UIF_HST_SOF
                                     20 	.globl _UIF_FIFO_OV
                                     21 	.globl _U_SIE_FREE
                                     22 	.globl _U_TOG_OK
                                     23 	.globl _U_IS_NAK
                                     24 	.globl _ADC_CHAN0
                                     25 	.globl _ADC_CHAN1
                                     26 	.globl _CMP_CHAN
                                     27 	.globl _ADC_START
                                     28 	.globl _ADC_IF
                                     29 	.globl _CMP_IF
                                     30 	.globl _CMPO
                                     31 	.globl _U1RI
                                     32 	.globl _U1TI
                                     33 	.globl _U1RB8
                                     34 	.globl _U1TB8
                                     35 	.globl _U1REN
                                     36 	.globl _U1SMOD
                                     37 	.globl _U1SM0
                                     38 	.globl _S0_R_FIFO
                                     39 	.globl _S0_T_FIFO
                                     40 	.globl _S0_FREE
                                     41 	.globl _S0_IF_BYTE
                                     42 	.globl _S0_IF_FIRST
                                     43 	.globl _S0_IF_OV
                                     44 	.globl _S0_FST_ACT
                                     45 	.globl _CP_RL2
                                     46 	.globl _C_T2
                                     47 	.globl _TR2
                                     48 	.globl _EXEN2
                                     49 	.globl _TCLK
                                     50 	.globl _RCLK
                                     51 	.globl _EXF2
                                     52 	.globl _CAP1F
                                     53 	.globl _TF2
                                     54 	.globl _RI
                                     55 	.globl _TI
                                     56 	.globl _RB8
                                     57 	.globl _TB8
                                     58 	.globl _REN
                                     59 	.globl _SM2
                                     60 	.globl _SM1
                                     61 	.globl _SM0
                                     62 	.globl _IT0
                                     63 	.globl _IE0
                                     64 	.globl _IT1
                                     65 	.globl _IE1
                                     66 	.globl _TR0
                                     67 	.globl _TF0
                                     68 	.globl _TR1
                                     69 	.globl _TF1
                                     70 	.globl _P3_0
                                     71 	.globl _P3_1
                                     72 	.globl _P3_2
                                     73 	.globl _P3_3
                                     74 	.globl _P3_4
                                     75 	.globl _P3_5
                                     76 	.globl _P3_6
                                     77 	.globl _P3_7
                                     78 	.globl _RXD
                                     79 	.globl _PWM1_
                                     80 	.globl _TXD
                                     81 	.globl _PWM2_
                                     82 	.globl _AIN3
                                     83 	.globl _VBUS1
                                     84 	.globl _INT0
                                     85 	.globl _TXD1_
                                     86 	.globl _INT1
                                     87 	.globl _T0
                                     88 	.globl _RXD1_
                                     89 	.globl _PWM2
                                     90 	.globl _T1
                                     91 	.globl _UDP
                                     92 	.globl _UDM
                                     93 	.globl _P1_0
                                     94 	.globl _P1_1
                                     95 	.globl _P1_2
                                     96 	.globl _P1_3
                                     97 	.globl _P1_4
                                     98 	.globl _P1_5
                                     99 	.globl _P1_6
                                    100 	.globl _P1_7
                                    101 	.globl _TIN0
                                    102 	.globl _CAP1
                                    103 	.globl _T2
                                    104 	.globl _AIN0
                                    105 	.globl _VBUS2
                                    106 	.globl _TIN1
                                    107 	.globl _CAP2
                                    108 	.globl _T2EX
                                    109 	.globl _RXD_
                                    110 	.globl _TXD_
                                    111 	.globl _AIN1
                                    112 	.globl _UCC1
                                    113 	.globl _TIN2
                                    114 	.globl _SCS
                                    115 	.globl _CAP1_
                                    116 	.globl _T2_
                                    117 	.globl _AIN2
                                    118 	.globl _UCC2
                                    119 	.globl _TIN3
                                    120 	.globl _PWM1
                                    121 	.globl _MOSI
                                    122 	.globl _TIN4
                                    123 	.globl _RXD1
                                    124 	.globl _MISO
                                    125 	.globl _TIN5
                                    126 	.globl _TXD1
                                    127 	.globl _SCK
                                    128 	.globl _IE_SPI0
                                    129 	.globl _IE_TKEY
                                    130 	.globl _IE_USB
                                    131 	.globl _IE_ADC
                                    132 	.globl _IE_UART1
                                    133 	.globl _IE_PWMX
                                    134 	.globl _IE_GPIO
                                    135 	.globl _IE_WDOG
                                    136 	.globl _PX0
                                    137 	.globl _PT0
                                    138 	.globl _PX1
                                    139 	.globl _PT1
                                    140 	.globl _PS
                                    141 	.globl _PT2
                                    142 	.globl _PL_FLAG
                                    143 	.globl _PH_FLAG
                                    144 	.globl _EX0
                                    145 	.globl _ET0
                                    146 	.globl _EX1
                                    147 	.globl _ET1
                                    148 	.globl _ES
                                    149 	.globl _ET2
                                    150 	.globl _E_DIS
                                    151 	.globl _EA
                                    152 	.globl _P
                                    153 	.globl _F1
                                    154 	.globl _OV
                                    155 	.globl _RS0
                                    156 	.globl _RS1
                                    157 	.globl _F0
                                    158 	.globl _AC
                                    159 	.globl _CY
                                    160 	.globl _UEP1_DMA_H
                                    161 	.globl _UEP1_DMA_L
                                    162 	.globl _UEP1_DMA
                                    163 	.globl _UEP0_DMA_H
                                    164 	.globl _UEP0_DMA_L
                                    165 	.globl _UEP0_DMA
                                    166 	.globl _UEP2_3_MOD
                                    167 	.globl _UEP4_1_MOD
                                    168 	.globl _UEP3_DMA_H
                                    169 	.globl _UEP3_DMA_L
                                    170 	.globl _UEP3_DMA
                                    171 	.globl _UEP2_DMA_H
                                    172 	.globl _UEP2_DMA_L
                                    173 	.globl _UEP2_DMA
                                    174 	.globl _USB_DEV_AD
                                    175 	.globl _USB_CTRL
                                    176 	.globl _USB_INT_EN
                                    177 	.globl _UEP4_T_LEN
                                    178 	.globl _UEP4_CTRL
                                    179 	.globl _UEP0_T_LEN
                                    180 	.globl _UEP0_CTRL
                                    181 	.globl _USB_RX_LEN
                                    182 	.globl _USB_MIS_ST
                                    183 	.globl _USB_INT_ST
                                    184 	.globl _USB_INT_FG
                                    185 	.globl _UEP3_T_LEN
                                    186 	.globl _UEP3_CTRL
                                    187 	.globl _UEP2_T_LEN
                                    188 	.globl _UEP2_CTRL
                                    189 	.globl _UEP1_T_LEN
                                    190 	.globl _UEP1_CTRL
                                    191 	.globl _UDEV_CTRL
                                    192 	.globl _USB_C_CTRL
                                    193 	.globl _TKEY_DATH
                                    194 	.globl _TKEY_DATL
                                    195 	.globl _TKEY_DAT
                                    196 	.globl _TKEY_CTRL
                                    197 	.globl _ADC_DATA
                                    198 	.globl _ADC_CFG
                                    199 	.globl _ADC_CTRL
                                    200 	.globl _SBAUD1
                                    201 	.globl _SBUF1
                                    202 	.globl _SCON1
                                    203 	.globl _SPI0_SETUP
                                    204 	.globl _SPI0_CK_SE
                                    205 	.globl _SPI0_CTRL
                                    206 	.globl _SPI0_DATA
                                    207 	.globl _SPI0_STAT
                                    208 	.globl _PWM_CK_SE
                                    209 	.globl _PWM_CTRL
                                    210 	.globl _PWM_DATA1
                                    211 	.globl _PWM_DATA2
                                    212 	.globl _T2CAP1H
                                    213 	.globl _T2CAP1L
                                    214 	.globl _T2CAP1
                                    215 	.globl _TH2
                                    216 	.globl _TL2
                                    217 	.globl _T2COUNT
                                    218 	.globl _RCAP2H
                                    219 	.globl _RCAP2L
                                    220 	.globl _RCAP2
                                    221 	.globl _T2MOD
                                    222 	.globl _T2CON
                                    223 	.globl _SBUF
                                    224 	.globl _SCON
                                    225 	.globl _TH1
                                    226 	.globl _TH0
                                    227 	.globl _TL1
                                    228 	.globl _TL0
                                    229 	.globl _TMOD
                                    230 	.globl _TCON
                                    231 	.globl _XBUS_AUX
                                    232 	.globl _PIN_FUNC
                                    233 	.globl _P3_DIR_PU
                                    234 	.globl _P3_MOD_OC
                                    235 	.globl _P3
                                    236 	.globl _P2
                                    237 	.globl _P1_DIR_PU
                                    238 	.globl _P1_MOD_OC
                                    239 	.globl _P1
                                    240 	.globl _ROM_CTRL
                                    241 	.globl _ROM_DATA_H
                                    242 	.globl _ROM_DATA_L
                                    243 	.globl _ROM_DATA
                                    244 	.globl _ROM_ADDR_H
                                    245 	.globl _ROM_ADDR_L
                                    246 	.globl _ROM_ADDR
                                    247 	.globl _GPIO_IE
                                    248 	.globl _IP_EX
                                    249 	.globl _IE_EX
                                    250 	.globl _IP
                                    251 	.globl _IE
                                    252 	.globl _WDOG_COUNT
                                    253 	.globl _RESET_KEEP
                                    254 	.globl _WAKE_CTRL
                                    255 	.globl _CLOCK_CFG
                                    256 	.globl _PCON
                                    257 	.globl _GLOBAL_CFG
                                    258 	.globl _SAFE_MOD
                                    259 	.globl _DPH
                                    260 	.globl _DPL
                                    261 	.globl _SP
                                    262 	.globl _B
                                    263 	.globl _ACC
                                    264 	.globl _PSW
                                    265 	.globl _Print_print_fd_PARM_3
                                    266 	.globl _Print_print_fd_PARM_2
                                    267 	.globl _Print_print_fd
                                    268 ;--------------------------------------------------------
                                    269 ; special function registers
                                    270 ;--------------------------------------------------------
                                    271 	.area RSEG    (ABS,DATA)
      000000                        272 	.org 0x0000
                           0000D0   273 _PSW	=	0x00d0
                           0000E0   274 _ACC	=	0x00e0
                           0000F0   275 _B	=	0x00f0
                           000081   276 _SP	=	0x0081
                           000082   277 _DPL	=	0x0082
                           000083   278 _DPH	=	0x0083
                           0000A1   279 _SAFE_MOD	=	0x00a1
                           0000B1   280 _GLOBAL_CFG	=	0x00b1
                           000087   281 _PCON	=	0x0087
                           0000B9   282 _CLOCK_CFG	=	0x00b9
                           0000A9   283 _WAKE_CTRL	=	0x00a9
                           0000FE   284 _RESET_KEEP	=	0x00fe
                           0000FF   285 _WDOG_COUNT	=	0x00ff
                           0000A8   286 _IE	=	0x00a8
                           0000B8   287 _IP	=	0x00b8
                           0000E8   288 _IE_EX	=	0x00e8
                           0000E9   289 _IP_EX	=	0x00e9
                           0000C7   290 _GPIO_IE	=	0x00c7
                           008584   291 _ROM_ADDR	=	0x8584
                           000084   292 _ROM_ADDR_L	=	0x0084
                           000085   293 _ROM_ADDR_H	=	0x0085
                           008F8E   294 _ROM_DATA	=	0x8f8e
                           00008E   295 _ROM_DATA_L	=	0x008e
                           00008F   296 _ROM_DATA_H	=	0x008f
                           000086   297 _ROM_CTRL	=	0x0086
                           000090   298 _P1	=	0x0090
                           000092   299 _P1_MOD_OC	=	0x0092
                           000093   300 _P1_DIR_PU	=	0x0093
                           0000A0   301 _P2	=	0x00a0
                           0000B0   302 _P3	=	0x00b0
                           000096   303 _P3_MOD_OC	=	0x0096
                           000097   304 _P3_DIR_PU	=	0x0097
                           0000C6   305 _PIN_FUNC	=	0x00c6
                           0000A2   306 _XBUS_AUX	=	0x00a2
                           000088   307 _TCON	=	0x0088
                           000089   308 _TMOD	=	0x0089
                           00008A   309 _TL0	=	0x008a
                           00008B   310 _TL1	=	0x008b
                           00008C   311 _TH0	=	0x008c
                           00008D   312 _TH1	=	0x008d
                           000098   313 _SCON	=	0x0098
                           000099   314 _SBUF	=	0x0099
                           0000C8   315 _T2CON	=	0x00c8
                           0000C9   316 _T2MOD	=	0x00c9
                           00CBCA   317 _RCAP2	=	0xcbca
                           0000CA   318 _RCAP2L	=	0x00ca
                           0000CB   319 _RCAP2H	=	0x00cb
                           00CDCC   320 _T2COUNT	=	0xcdcc
                           0000CC   321 _TL2	=	0x00cc
                           0000CD   322 _TH2	=	0x00cd
                           00CFCE   323 _T2CAP1	=	0xcfce
                           0000CE   324 _T2CAP1L	=	0x00ce
                           0000CF   325 _T2CAP1H	=	0x00cf
                           00009B   326 _PWM_DATA2	=	0x009b
                           00009C   327 _PWM_DATA1	=	0x009c
                           00009D   328 _PWM_CTRL	=	0x009d
                           00009E   329 _PWM_CK_SE	=	0x009e
                           0000F8   330 _SPI0_STAT	=	0x00f8
                           0000F9   331 _SPI0_DATA	=	0x00f9
                           0000FA   332 _SPI0_CTRL	=	0x00fa
                           0000FB   333 _SPI0_CK_SE	=	0x00fb
                           0000FC   334 _SPI0_SETUP	=	0x00fc
                           0000C0   335 _SCON1	=	0x00c0
                           0000C1   336 _SBUF1	=	0x00c1
                           0000C2   337 _SBAUD1	=	0x00c2
                           000080   338 _ADC_CTRL	=	0x0080
                           00009A   339 _ADC_CFG	=	0x009a
                           00009F   340 _ADC_DATA	=	0x009f
                           0000C3   341 _TKEY_CTRL	=	0x00c3
                           00C5C4   342 _TKEY_DAT	=	0xc5c4
                           0000C4   343 _TKEY_DATL	=	0x00c4
                           0000C5   344 _TKEY_DATH	=	0x00c5
                           000091   345 _USB_C_CTRL	=	0x0091
                           0000D1   346 _UDEV_CTRL	=	0x00d1
                           0000D2   347 _UEP1_CTRL	=	0x00d2
                           0000D3   348 _UEP1_T_LEN	=	0x00d3
                           0000D4   349 _UEP2_CTRL	=	0x00d4
                           0000D5   350 _UEP2_T_LEN	=	0x00d5
                           0000D6   351 _UEP3_CTRL	=	0x00d6
                           0000D7   352 _UEP3_T_LEN	=	0x00d7
                           0000D8   353 _USB_INT_FG	=	0x00d8
                           0000D9   354 _USB_INT_ST	=	0x00d9
                           0000DA   355 _USB_MIS_ST	=	0x00da
                           0000DB   356 _USB_RX_LEN	=	0x00db
                           0000DC   357 _UEP0_CTRL	=	0x00dc
                           0000DD   358 _UEP0_T_LEN	=	0x00dd
                           0000DE   359 _UEP4_CTRL	=	0x00de
                           0000DF   360 _UEP4_T_LEN	=	0x00df
                           0000E1   361 _USB_INT_EN	=	0x00e1
                           0000E2   362 _USB_CTRL	=	0x00e2
                           0000E3   363 _USB_DEV_AD	=	0x00e3
                           00E5E4   364 _UEP2_DMA	=	0xe5e4
                           0000E4   365 _UEP2_DMA_L	=	0x00e4
                           0000E5   366 _UEP2_DMA_H	=	0x00e5
                           00E7E6   367 _UEP3_DMA	=	0xe7e6
                           0000E6   368 _UEP3_DMA_L	=	0x00e6
                           0000E7   369 _UEP3_DMA_H	=	0x00e7
                           0000EA   370 _UEP4_1_MOD	=	0x00ea
                           0000EB   371 _UEP2_3_MOD	=	0x00eb
                           00EDEC   372 _UEP0_DMA	=	0xedec
                           0000EC   373 _UEP0_DMA_L	=	0x00ec
                           0000ED   374 _UEP0_DMA_H	=	0x00ed
                           00EFEE   375 _UEP1_DMA	=	0xefee
                           0000EE   376 _UEP1_DMA_L	=	0x00ee
                           0000EF   377 _UEP1_DMA_H	=	0x00ef
                                    378 ;--------------------------------------------------------
                                    379 ; special function bits
                                    380 ;--------------------------------------------------------
                                    381 	.area RSEG    (ABS,DATA)
      000000                        382 	.org 0x0000
                           0000D7   383 _CY	=	0x00d7
                           0000D6   384 _AC	=	0x00d6
                           0000D5   385 _F0	=	0x00d5
                           0000D4   386 _RS1	=	0x00d4
                           0000D3   387 _RS0	=	0x00d3
                           0000D2   388 _OV	=	0x00d2
                           0000D1   389 _F1	=	0x00d1
                           0000D0   390 _P	=	0x00d0
                           0000AF   391 _EA	=	0x00af
                           0000AE   392 _E_DIS	=	0x00ae
                           0000AD   393 _ET2	=	0x00ad
                           0000AC   394 _ES	=	0x00ac
                           0000AB   395 _ET1	=	0x00ab
                           0000AA   396 _EX1	=	0x00aa
                           0000A9   397 _ET0	=	0x00a9
                           0000A8   398 _EX0	=	0x00a8
                           0000BF   399 _PH_FLAG	=	0x00bf
                           0000BE   400 _PL_FLAG	=	0x00be
                           0000BD   401 _PT2	=	0x00bd
                           0000BC   402 _PS	=	0x00bc
                           0000BB   403 _PT1	=	0x00bb
                           0000BA   404 _PX1	=	0x00ba
                           0000B9   405 _PT0	=	0x00b9
                           0000B8   406 _PX0	=	0x00b8
                           0000EF   407 _IE_WDOG	=	0x00ef
                           0000EE   408 _IE_GPIO	=	0x00ee
                           0000ED   409 _IE_PWMX	=	0x00ed
                           0000EC   410 _IE_UART1	=	0x00ec
                           0000EB   411 _IE_ADC	=	0x00eb
                           0000EA   412 _IE_USB	=	0x00ea
                           0000E9   413 _IE_TKEY	=	0x00e9
                           0000E8   414 _IE_SPI0	=	0x00e8
                           000097   415 _SCK	=	0x0097
                           000097   416 _TXD1	=	0x0097
                           000097   417 _TIN5	=	0x0097
                           000096   418 _MISO	=	0x0096
                           000096   419 _RXD1	=	0x0096
                           000096   420 _TIN4	=	0x0096
                           000095   421 _MOSI	=	0x0095
                           000095   422 _PWM1	=	0x0095
                           000095   423 _TIN3	=	0x0095
                           000095   424 _UCC2	=	0x0095
                           000095   425 _AIN2	=	0x0095
                           000094   426 _T2_	=	0x0094
                           000094   427 _CAP1_	=	0x0094
                           000094   428 _SCS	=	0x0094
                           000094   429 _TIN2	=	0x0094
                           000094   430 _UCC1	=	0x0094
                           000094   431 _AIN1	=	0x0094
                           000093   432 _TXD_	=	0x0093
                           000092   433 _RXD_	=	0x0092
                           000091   434 _T2EX	=	0x0091
                           000091   435 _CAP2	=	0x0091
                           000091   436 _TIN1	=	0x0091
                           000091   437 _VBUS2	=	0x0091
                           000091   438 _AIN0	=	0x0091
                           000090   439 _T2	=	0x0090
                           000090   440 _CAP1	=	0x0090
                           000090   441 _TIN0	=	0x0090
                           000097   442 _P1_7	=	0x0097
                           000096   443 _P1_6	=	0x0096
                           000095   444 _P1_5	=	0x0095
                           000094   445 _P1_4	=	0x0094
                           000093   446 _P1_3	=	0x0093
                           000092   447 _P1_2	=	0x0092
                           000091   448 _P1_1	=	0x0091
                           000090   449 _P1_0	=	0x0090
                           0000B7   450 _UDM	=	0x00b7
                           0000B6   451 _UDP	=	0x00b6
                           0000B5   452 _T1	=	0x00b5
                           0000B4   453 _PWM2	=	0x00b4
                           0000B4   454 _RXD1_	=	0x00b4
                           0000B4   455 _T0	=	0x00b4
                           0000B3   456 _INT1	=	0x00b3
                           0000B2   457 _TXD1_	=	0x00b2
                           0000B2   458 _INT0	=	0x00b2
                           0000B2   459 _VBUS1	=	0x00b2
                           0000B2   460 _AIN3	=	0x00b2
                           0000B1   461 _PWM2_	=	0x00b1
                           0000B1   462 _TXD	=	0x00b1
                           0000B0   463 _PWM1_	=	0x00b0
                           0000B0   464 _RXD	=	0x00b0
                           0000B7   465 _P3_7	=	0x00b7
                           0000B6   466 _P3_6	=	0x00b6
                           0000B5   467 _P3_5	=	0x00b5
                           0000B4   468 _P3_4	=	0x00b4
                           0000B3   469 _P3_3	=	0x00b3
                           0000B2   470 _P3_2	=	0x00b2
                           0000B1   471 _P3_1	=	0x00b1
                           0000B0   472 _P3_0	=	0x00b0
                           00008F   473 _TF1	=	0x008f
                           00008E   474 _TR1	=	0x008e
                           00008D   475 _TF0	=	0x008d
                           00008C   476 _TR0	=	0x008c
                           00008B   477 _IE1	=	0x008b
                           00008A   478 _IT1	=	0x008a
                           000089   479 _IE0	=	0x0089
                           000088   480 _IT0	=	0x0088
                           00009F   481 _SM0	=	0x009f
                           00009E   482 _SM1	=	0x009e
                           00009D   483 _SM2	=	0x009d
                           00009C   484 _REN	=	0x009c
                           00009B   485 _TB8	=	0x009b
                           00009A   486 _RB8	=	0x009a
                           000099   487 _TI	=	0x0099
                           000098   488 _RI	=	0x0098
                           0000CF   489 _TF2	=	0x00cf
                           0000CF   490 _CAP1F	=	0x00cf
                           0000CE   491 _EXF2	=	0x00ce
                           0000CD   492 _RCLK	=	0x00cd
                           0000CC   493 _TCLK	=	0x00cc
                           0000CB   494 _EXEN2	=	0x00cb
                           0000CA   495 _TR2	=	0x00ca
                           0000C9   496 _C_T2	=	0x00c9
                           0000C8   497 _CP_RL2	=	0x00c8
                           0000FF   498 _S0_FST_ACT	=	0x00ff
                           0000FE   499 _S0_IF_OV	=	0x00fe
                           0000FD   500 _S0_IF_FIRST	=	0x00fd
                           0000FC   501 _S0_IF_BYTE	=	0x00fc
                           0000FB   502 _S0_FREE	=	0x00fb
                           0000FA   503 _S0_T_FIFO	=	0x00fa
                           0000F8   504 _S0_R_FIFO	=	0x00f8
                           0000C7   505 _U1SM0	=	0x00c7
                           0000C5   506 _U1SMOD	=	0x00c5
                           0000C4   507 _U1REN	=	0x00c4
                           0000C3   508 _U1TB8	=	0x00c3
                           0000C2   509 _U1RB8	=	0x00c2
                           0000C1   510 _U1TI	=	0x00c1
                           0000C0   511 _U1RI	=	0x00c0
                           000087   512 _CMPO	=	0x0087
                           000086   513 _CMP_IF	=	0x0086
                           000085   514 _ADC_IF	=	0x0085
                           000084   515 _ADC_START	=	0x0084
                           000083   516 _CMP_CHAN	=	0x0083
                           000081   517 _ADC_CHAN1	=	0x0081
                           000080   518 _ADC_CHAN0	=	0x0080
                           0000DF   519 _U_IS_NAK	=	0x00df
                           0000DE   520 _U_TOG_OK	=	0x00de
                           0000DD   521 _U_SIE_FREE	=	0x00dd
                           0000DC   522 _UIF_FIFO_OV	=	0x00dc
                           0000DB   523 _UIF_HST_SOF	=	0x00db
                           0000DA   524 _UIF_SUSPEND	=	0x00da
                           0000D9   525 _UIF_TRANSFER	=	0x00d9
                           0000D8   526 _UIF_DETECT	=	0x00d8
                           0000D8   527 _UIF_BUS_RST	=	0x00d8
                                    528 ;--------------------------------------------------------
                                    529 ; overlayable register banks
                                    530 ;--------------------------------------------------------
                                    531 	.area REG_BANK_0	(REL,OVR,DATA)
      000000                        532 	.ds 8
                                    533 ;--------------------------------------------------------
                                    534 ; internal ram data
                                    535 ;--------------------------------------------------------
                                    536 	.area DSEG    (DATA)
      000000                        537 _Print_print_fd_writefunc_65536_169:
      000000                        538 	.ds 2
      000002                        539 _Print_print_fd_sloc0_1_0:
      000002                        540 	.ds 4
      000006                        541 _Print_print_fd_sloc1_1_0:
      000006                        542 	.ds 4
                                    543 ;--------------------------------------------------------
                                    544 ; overlayable items in internal ram
                                    545 ;--------------------------------------------------------
                                    546 ;--------------------------------------------------------
                                    547 ; indirectly addressable internal ram data
                                    548 ;--------------------------------------------------------
                                    549 	.area ISEG    (DATA)
                                    550 ;--------------------------------------------------------
                                    551 ; absolute internal ram data
                                    552 ;--------------------------------------------------------
                                    553 	.area IABS    (ABS,DATA)
                                    554 	.area IABS    (ABS,DATA)
                                    555 ;--------------------------------------------------------
                                    556 ; bit data
                                    557 ;--------------------------------------------------------
                                    558 	.area BSEG    (BIT)
                                    559 ;--------------------------------------------------------
                                    560 ; paged external ram data
                                    561 ;--------------------------------------------------------
                                    562 	.area PSEG    (PAG,XDATA)
                                    563 ;--------------------------------------------------------
                                    564 ; uninitialized external ram data
                                    565 ;--------------------------------------------------------
                                    566 	.area XSEG    (XDATA)
      000000                        567 _Print_print_fd_PARM_2:
      000000                        568 	.ds 4
      000004                        569 _Print_print_fd_PARM_3:
      000004                        570 	.ds 1
      000005                        571 _Print_print_fd_n_65536_170:
      000005                        572 	.ds 1
      000006                        573 _Print_print_fd_remainder_65536_170:
      000006                        574 	.ds 4
      00000A                        575 _Print_print_fd_rounding_65536_170:
      00000A                        576 	.ds 4
                                    577 ;--------------------------------------------------------
                                    578 ; absolute external ram data
                                    579 ;--------------------------------------------------------
                                    580 	.area XABS    (ABS,XDATA)
                                    581 ;--------------------------------------------------------
                                    582 ; initialized external ram data
                                    583 ;--------------------------------------------------------
                                    584 	.area XISEG   (XDATA)
                                    585 	.area HOME    (CODE)
                                    586 	.area GSINIT0 (CODE)
                                    587 	.area GSINIT1 (CODE)
                                    588 	.area GSINIT2 (CODE)
                                    589 	.area GSINIT3 (CODE)
                                    590 	.area GSINIT4 (CODE)
                                    591 	.area GSINIT5 (CODE)
                                    592 	.area GSINIT  (CODE)
                                    593 	.area GSFINAL (CODE)
                                    594 	.area CSEG    (CODE)
                                    595 ;--------------------------------------------------------
                                    596 ; global & static initialisations
                                    597 ;--------------------------------------------------------
                                    598 	.area HOME    (CODE)
                                    599 	.area GSINIT  (CODE)
                                    600 	.area GSFINAL (CODE)
                                    601 	.area GSINIT  (CODE)
                                    602 ;--------------------------------------------------------
                                    603 ; Home
                                    604 ;--------------------------------------------------------
                                    605 	.area HOME    (CODE)
                                    606 	.area HOME    (CODE)
                                    607 ;--------------------------------------------------------
                                    608 ; code
                                    609 ;--------------------------------------------------------
                                    610 	.area CSEG    (CODE)
                                    611 ;------------------------------------------------------------
                                    612 ;Allocation info for local variables in function 'Print_print_fd'
                                    613 ;------------------------------------------------------------
                                    614 ;writefunc                 Allocated with name '_Print_print_fd_writefunc_65536_169'
                                    615 ;sloc0                     Allocated with name '_Print_print_fd_sloc0_1_0'
                                    616 ;sloc1                     Allocated with name '_Print_print_fd_sloc1_1_0'
                                    617 ;number                    Allocated with name '_Print_print_fd_PARM_2'
                                    618 ;digits                    Allocated with name '_Print_print_fd_PARM_3'
                                    619 ;n                         Allocated with name '_Print_print_fd_n_65536_170'
                                    620 ;i                         Allocated with name '_Print_print_fd_i_65536_170'
                                    621 ;int_part                  Allocated with name '_Print_print_fd_int_part_65536_170'
                                    622 ;remainder                 Allocated with name '_Print_print_fd_remainder_65536_170'
                                    623 ;rounding                  Allocated with name '_Print_print_fd_rounding_65536_170'
                                    624 ;toPrint                   Allocated with name '_Print_print_fd_toPrint_65536_170'
                                    625 ;------------------------------------------------------------
                                    626 ;	C:\Users\tonyp\AppData\Local\Arduino15\packages\CH55xDuino\hardware\mcs51\0.0.23\cores\ch55xduino\Print-float.c:38: uint8_t Print_print_fd(__data writefunc_p writefunc, __xdata double number,
                                    627 ;	-----------------------------------------
                                    628 ;	 function Print_print_fd
                                    629 ;	-----------------------------------------
      000000                        630 _Print_print_fd:
                           000007   631 	ar7 = 0x07
                           000006   632 	ar6 = 0x06
                           000005   633 	ar5 = 0x05
                           000004   634 	ar4 = 0x04
                           000003   635 	ar3 = 0x03
                           000002   636 	ar2 = 0x02
                           000001   637 	ar1 = 0x01
                           000000   638 	ar0 = 0x00
      000000 85 82*00         [24]  639 	mov	_Print_print_fd_writefunc_65536_169,dpl
      000003 85 83*01         [24]  640 	mov	(_Print_print_fd_writefunc_65536_169 + 1),dph
                                    641 ;	C:\Users\tonyp\AppData\Local\Arduino15\packages\CH55xDuino\hardware\mcs51\0.0.23\cores\ch55xduino\Print-float.c:40: __xdata uint8_t n = 0;
      000006 90r00r05         [24]  642 	mov	dptr,#_Print_print_fd_n_65536_170
      000009 E4               [12]  643 	clr	a
      00000A F0               [24]  644 	movx	@dptr,a
                                    645 ;	C:\Users\tonyp\AppData\Local\Arduino15\packages\CH55xDuino\hardware\mcs51\0.0.23\cores\ch55xduino\Print-float.c:46: if (isnan(number))
      00000B 90r00r00         [24]  646 	mov	dptr,#_Print_print_fd_PARM_2
      00000E E0               [24]  647 	movx	a,@dptr
      00000F FA               [12]  648 	mov	r2,a
      000010 A3               [24]  649 	inc	dptr
      000011 E0               [24]  650 	movx	a,@dptr
      000012 FB               [12]  651 	mov	r3,a
      000013 A3               [24]  652 	inc	dptr
      000014 E0               [24]  653 	movx	a,@dptr
      000015 FC               [12]  654 	mov	r4,a
      000016 A3               [24]  655 	inc	dptr
      000017 E0               [24]  656 	movx	a,@dptr
      000018 FD               [12]  657 	mov	r5,a
      000019 8A 82            [24]  658 	mov	dpl,r2
      00001B 8B 83            [24]  659 	mov	dph,r3
      00001D 8C F0            [24]  660 	mov	b,r4
      00001F C0 05            [24]  661 	push	ar5
      000021 C0 04            [24]  662 	push	ar4
      000023 C0 03            [24]  663 	push	ar3
      000025 C0 02            [24]  664 	push	ar2
      000027 12r00r00         [24]  665 	lcall	_isnan
      00002A E5 82            [12]  666 	mov	a,dpl
      00002C 85 83 F0         [24]  667 	mov	b,dph
      00002F D0 02            [24]  668 	pop	ar2
      000031 D0 03            [24]  669 	pop	ar3
      000033 D0 04            [24]  670 	pop	ar4
      000035 D0 05            [24]  671 	pop	ar5
      000037 45 F0            [12]  672 	orl	a,b
      000039 60 17            [24]  673 	jz	00102$
                                    674 ;	C:\Users\tonyp\AppData\Local\Arduino15\packages\CH55xDuino\hardware\mcs51\0.0.23\cores\ch55xduino\Print-float.c:47: return printStr(writefunc, "nan");
      00003B 90r00r00         [24]  675 	mov	dptr,#_Print_print_s_PARM_2
      00003E 74r00            [12]  676 	mov	a,#___str_0
      000040 F0               [24]  677 	movx	@dptr,a
      000041 74s00            [12]  678 	mov	a,#(___str_0 >> 8)
      000043 A3               [24]  679 	inc	dptr
      000044 F0               [24]  680 	movx	@dptr,a
      000045 74 80            [12]  681 	mov	a,#0x80
      000047 A3               [24]  682 	inc	dptr
      000048 F0               [24]  683 	movx	@dptr,a
      000049 85*00 82         [24]  684 	mov	dpl,_Print_print_fd_writefunc_65536_169
      00004C 85*01 83         [24]  685 	mov	dph,(_Print_print_fd_writefunc_65536_169 + 1)
      00004F 02r00r00         [24]  686 	ljmp	_Print_print_s
      000052                        687 00102$:
                                    688 ;	C:\Users\tonyp\AppData\Local\Arduino15\packages\CH55xDuino\hardware\mcs51\0.0.23\cores\ch55xduino\Print-float.c:48: if (isinf(number))
      000052 8A 82            [24]  689 	mov	dpl,r2
      000054 8B 83            [24]  690 	mov	dph,r3
      000056 8C F0            [24]  691 	mov	b,r4
      000058 ED               [12]  692 	mov	a,r5
      000059 C0 05            [24]  693 	push	ar5
      00005B C0 04            [24]  694 	push	ar4
      00005D C0 03            [24]  695 	push	ar3
      00005F C0 02            [24]  696 	push	ar2
      000061 12r00r00         [24]  697 	lcall	_isinf
      000064 E5 82            [12]  698 	mov	a,dpl
      000066 85 83 F0         [24]  699 	mov	b,dph
      000069 D0 02            [24]  700 	pop	ar2
      00006B D0 03            [24]  701 	pop	ar3
      00006D D0 04            [24]  702 	pop	ar4
      00006F D0 05            [24]  703 	pop	ar5
      000071 45 F0            [12]  704 	orl	a,b
      000073 60 17            [24]  705 	jz	00104$
                                    706 ;	C:\Users\tonyp\AppData\Local\Arduino15\packages\CH55xDuino\hardware\mcs51\0.0.23\cores\ch55xduino\Print-float.c:49: return printStr(writefunc, "inf");
      000075 90r00r00         [24]  707 	mov	dptr,#_Print_print_s_PARM_2
      000078 74r04            [12]  708 	mov	a,#___str_1
      00007A F0               [24]  709 	movx	@dptr,a
      00007B 74s00            [12]  710 	mov	a,#(___str_1 >> 8)
      00007D A3               [24]  711 	inc	dptr
      00007E F0               [24]  712 	movx	@dptr,a
      00007F 74 80            [12]  713 	mov	a,#0x80
      000081 A3               [24]  714 	inc	dptr
      000082 F0               [24]  715 	movx	@dptr,a
      000083 85*00 82         [24]  716 	mov	dpl,_Print_print_fd_writefunc_65536_169
      000086 85*01 83         [24]  717 	mov	dph,(_Print_print_fd_writefunc_65536_169 + 1)
      000089 02r00r00         [24]  718 	ljmp	_Print_print_s
      00008C                        719 00104$:
                                    720 ;	C:\Users\tonyp\AppData\Local\Arduino15\packages\CH55xDuino\hardware\mcs51\0.0.23\cores\ch55xduino\Print-float.c:50: if (number > 4294967040.0)
      00008C C0 05            [24]  721 	push	ar5
      00008E C0 04            [24]  722 	push	ar4
      000090 C0 03            [24]  723 	push	ar3
      000092 C0 02            [24]  724 	push	ar2
      000094 C0 02            [24]  725 	push	ar2
      000096 C0 03            [24]  726 	push	ar3
      000098 C0 04            [24]  727 	push	ar4
      00009A C0 05            [24]  728 	push	ar5
      00009C 90 FF FF         [24]  729 	mov	dptr,#0xffff
      00009F 75 F0 7F         [24]  730 	mov	b,#0x7f
      0000A2 74 4F            [12]  731 	mov	a,#0x4f
      0000A4 12r00r00         [24]  732 	lcall	___fslt
      0000A7 A9 82            [24]  733 	mov	r1,dpl
      0000A9 E5 81            [12]  734 	mov	a,sp
      0000AB 24 FC            [12]  735 	add	a,#0xfc
      0000AD F5 81            [12]  736 	mov	sp,a
      0000AF D0 02            [24]  737 	pop	ar2
      0000B1 D0 03            [24]  738 	pop	ar3
      0000B3 D0 04            [24]  739 	pop	ar4
      0000B5 D0 05            [24]  740 	pop	ar5
      0000B7 E9               [12]  741 	mov	a,r1
      0000B8 60 17            [24]  742 	jz	00106$
                                    743 ;	C:\Users\tonyp\AppData\Local\Arduino15\packages\CH55xDuino\hardware\mcs51\0.0.23\cores\ch55xduino\Print-float.c:51: return printStr(writefunc, "ovf"); // constant determined empirically
      0000BA 90r00r00         [24]  744 	mov	dptr,#_Print_print_s_PARM_2
      0000BD 74r08            [12]  745 	mov	a,#___str_2
      0000BF F0               [24]  746 	movx	@dptr,a
      0000C0 74s00            [12]  747 	mov	a,#(___str_2 >> 8)
      0000C2 A3               [24]  748 	inc	dptr
      0000C3 F0               [24]  749 	movx	@dptr,a
      0000C4 74 80            [12]  750 	mov	a,#0x80
      0000C6 A3               [24]  751 	inc	dptr
      0000C7 F0               [24]  752 	movx	@dptr,a
      0000C8 85*00 82         [24]  753 	mov	dpl,_Print_print_fd_writefunc_65536_169
      0000CB 85*01 83         [24]  754 	mov	dph,(_Print_print_fd_writefunc_65536_169 + 1)
      0000CE 02r00r00         [24]  755 	ljmp	_Print_print_s
      0000D1                        756 00106$:
                                    757 ;	C:\Users\tonyp\AppData\Local\Arduino15\packages\CH55xDuino\hardware\mcs51\0.0.23\cores\ch55xduino\Print-float.c:52: if (number < -4294967040.0)
      0000D1 C0 05            [24]  758 	push	ar5
      0000D3 C0 04            [24]  759 	push	ar4
      0000D5 C0 03            [24]  760 	push	ar3
      0000D7 C0 02            [24]  761 	push	ar2
      0000D9 74 FF            [12]  762 	mov	a,#0xff
      0000DB C0 E0            [24]  763 	push	acc
      0000DD C0 E0            [24]  764 	push	acc
      0000DF 74 7F            [12]  765 	mov	a,#0x7f
      0000E1 C0 E0            [24]  766 	push	acc
      0000E3 74 CF            [12]  767 	mov	a,#0xcf
      0000E5 C0 E0            [24]  768 	push	acc
      0000E7 8A 82            [24]  769 	mov	dpl,r2
      0000E9 8B 83            [24]  770 	mov	dph,r3
      0000EB 8C F0            [24]  771 	mov	b,r4
      0000ED ED               [12]  772 	mov	a,r5
      0000EE 12r00r00         [24]  773 	lcall	___fslt
      0000F1 A9 82            [24]  774 	mov	r1,dpl
      0000F3 E5 81            [12]  775 	mov	a,sp
      0000F5 24 FC            [12]  776 	add	a,#0xfc
      0000F7 F5 81            [12]  777 	mov	sp,a
      0000F9 D0 02            [24]  778 	pop	ar2
      0000FB D0 03            [24]  779 	pop	ar3
      0000FD D0 04            [24]  780 	pop	ar4
      0000FF D0 05            [24]  781 	pop	ar5
      000101 E9               [12]  782 	mov	a,r1
      000102 60 17            [24]  783 	jz	00108$
                                    784 ;	C:\Users\tonyp\AppData\Local\Arduino15\packages\CH55xDuino\hardware\mcs51\0.0.23\cores\ch55xduino\Print-float.c:53: return printStr(writefunc, "ovf"); // constant determined empirically
      000104 90r00r00         [24]  785 	mov	dptr,#_Print_print_s_PARM_2
      000107 74r08            [12]  786 	mov	a,#___str_2
      000109 F0               [24]  787 	movx	@dptr,a
      00010A 74s00            [12]  788 	mov	a,#(___str_2 >> 8)
      00010C A3               [24]  789 	inc	dptr
      00010D F0               [24]  790 	movx	@dptr,a
      00010E 74 80            [12]  791 	mov	a,#0x80
      000110 A3               [24]  792 	inc	dptr
      000111 F0               [24]  793 	movx	@dptr,a
      000112 85*00 82         [24]  794 	mov	dpl,_Print_print_fd_writefunc_65536_169
      000115 85*01 83         [24]  795 	mov	dph,(_Print_print_fd_writefunc_65536_169 + 1)
      000118 02r00r00         [24]  796 	ljmp	_Print_print_s
      00011B                        797 00108$:
                                    798 ;	C:\Users\tonyp\AppData\Local\Arduino15\packages\CH55xDuino\hardware\mcs51\0.0.23\cores\ch55xduino\Print-float.c:56: if (number < 0.0) {
      00011B C0 05            [24]  799 	push	ar5
      00011D C0 04            [24]  800 	push	ar4
      00011F C0 03            [24]  801 	push	ar3
      000121 C0 02            [24]  802 	push	ar2
      000123 E4               [12]  803 	clr	a
      000124 C0 E0            [24]  804 	push	acc
      000126 C0 E0            [24]  805 	push	acc
      000128 C0 E0            [24]  806 	push	acc
      00012A C0 E0            [24]  807 	push	acc
      00012C 8A 82            [24]  808 	mov	dpl,r2
      00012E 8B 83            [24]  809 	mov	dph,r3
      000130 8C F0            [24]  810 	mov	b,r4
      000132 ED               [12]  811 	mov	a,r5
      000133 12r00r00         [24]  812 	lcall	___fslt
      000136 A9 82            [24]  813 	mov	r1,dpl
      000138 E5 81            [12]  814 	mov	a,sp
      00013A 24 FC            [12]  815 	add	a,#0xfc
      00013C F5 81            [12]  816 	mov	sp,a
      00013E D0 02            [24]  817 	pop	ar2
      000140 D0 03            [24]  818 	pop	ar3
      000142 D0 04            [24]  819 	pop	ar4
      000144 D0 05            [24]  820 	pop	ar5
      000146 E9               [12]  821 	mov	a,r1
      000147 60 34            [24]  822 	jz	00110$
                                    823 ;	C:\Users\tonyp\AppData\Local\Arduino15\packages\CH55xDuino\hardware\mcs51\0.0.23\cores\ch55xduino\Print-float.c:57: n += writefunc('-');
      000149 C0 05            [24]  824 	push	ar5
      00014B C0 04            [24]  825 	push	ar4
      00014D C0 03            [24]  826 	push	ar3
      00014F C0 02            [24]  827 	push	ar2
      000151 12r01r56         [24]  828 	lcall	00169$
      000154 80 08            [24]  829 	sjmp	00170$
      000156                        830 00169$:
      000156 C0*00            [24]  831 	push	_Print_print_fd_writefunc_65536_169
      000158 C0*01            [24]  832 	push	(_Print_print_fd_writefunc_65536_169 + 1)
      00015A 75 82 2D         [24]  833 	mov	dpl,#0x2d
      00015D 22               [24]  834 	ret
      00015E                        835 00170$:
      00015E A9 82            [24]  836 	mov	r1,dpl
      000160 D0 02            [24]  837 	pop	ar2
      000162 D0 03            [24]  838 	pop	ar3
      000164 D0 04            [24]  839 	pop	ar4
      000166 D0 05            [24]  840 	pop	ar5
      000168 90r00r05         [24]  841 	mov	dptr,#_Print_print_fd_n_65536_170
      00016B E9               [12]  842 	mov	a,r1
      00016C F0               [24]  843 	movx	@dptr,a
                                    844 ;	C:\Users\tonyp\AppData\Local\Arduino15\packages\CH55xDuino\hardware\mcs51\0.0.23\cores\ch55xduino\Print-float.c:58: number = -number;
      00016D 90r00r00         [24]  845 	mov	dptr,#_Print_print_fd_PARM_2
      000170 EA               [12]  846 	mov	a,r2
      000171 F0               [24]  847 	movx	@dptr,a
      000172 EB               [12]  848 	mov	a,r3
      000173 A3               [24]  849 	inc	dptr
      000174 F0               [24]  850 	movx	@dptr,a
      000175 EC               [12]  851 	mov	a,r4
      000176 A3               [24]  852 	inc	dptr
      000177 F0               [24]  853 	movx	@dptr,a
      000178 ED               [12]  854 	mov	a,r5
      000179 B2 E7            [12]  855 	cpl	acc.7
      00017B A3               [24]  856 	inc	dptr
      00017C F0               [24]  857 	movx	@dptr,a
      00017D                        858 00110$:
                                    859 ;	C:\Users\tonyp\AppData\Local\Arduino15\packages\CH55xDuino\hardware\mcs51\0.0.23\cores\ch55xduino\Print-float.c:62: rounding = 0.5;
      00017D 90r00r0A         [24]  860 	mov	dptr,#_Print_print_fd_rounding_65536_170
      000180 E4               [12]  861 	clr	a
      000181 F0               [24]  862 	movx	@dptr,a
      000182 A3               [24]  863 	inc	dptr
      000183 F0               [24]  864 	movx	@dptr,a
      000184 A3               [24]  865 	inc	dptr
      000185 F0               [24]  866 	movx	@dptr,a
      000186 74 3F            [12]  867 	mov	a,#0x3f
      000188 A3               [24]  868 	inc	dptr
      000189 F0               [24]  869 	movx	@dptr,a
                                    870 ;	C:\Users\tonyp\AppData\Local\Arduino15\packages\CH55xDuino\hardware\mcs51\0.0.23\cores\ch55xduino\Print-float.c:63: for (i = 0; i < digits; ++i)
      00018A 90r00r04         [24]  871 	mov	dptr,#_Print_print_fd_PARM_3
      00018D E0               [24]  872 	movx	a,@dptr
      00018E FD               [12]  873 	mov	r5,a
      00018F 7C 00            [12]  874 	mov	r4,#0x00
      000191                        875 00118$:
      000191 C3               [12]  876 	clr	c
      000192 EC               [12]  877 	mov	a,r4
      000193 9D               [12]  878 	subb	a,r5
      000194 50 4B            [24]  879 	jnc	00111$
                                    880 ;	C:\Users\tonyp\AppData\Local\Arduino15\packages\CH55xDuino\hardware\mcs51\0.0.23\cores\ch55xduino\Print-float.c:64: rounding /= 10.0;
      000196 90r00r0A         [24]  881 	mov	dptr,#_Print_print_fd_rounding_65536_170
      000199 E0               [24]  882 	movx	a,@dptr
      00019A F8               [12]  883 	mov	r0,a
      00019B A3               [24]  884 	inc	dptr
      00019C E0               [24]  885 	movx	a,@dptr
      00019D F9               [12]  886 	mov	r1,a
      00019E A3               [24]  887 	inc	dptr
      00019F E0               [24]  888 	movx	a,@dptr
      0001A0 FA               [12]  889 	mov	r2,a
      0001A1 A3               [24]  890 	inc	dptr
      0001A2 E0               [24]  891 	movx	a,@dptr
      0001A3 FB               [12]  892 	mov	r3,a
      0001A4 C0 05            [24]  893 	push	ar5
      0001A6 C0 04            [24]  894 	push	ar4
      0001A8 E4               [12]  895 	clr	a
      0001A9 C0 E0            [24]  896 	push	acc
      0001AB C0 E0            [24]  897 	push	acc
      0001AD 74 20            [12]  898 	mov	a,#0x20
      0001AF C0 E0            [24]  899 	push	acc
      0001B1 74 41            [12]  900 	mov	a,#0x41
      0001B3 C0 E0            [24]  901 	push	acc
      0001B5 88 82            [24]  902 	mov	dpl,r0
      0001B7 89 83            [24]  903 	mov	dph,r1
      0001B9 8A F0            [24]  904 	mov	b,r2
      0001BB EB               [12]  905 	mov	a,r3
      0001BC 12r00r00         [24]  906 	lcall	___fsdiv
      0001BF A8 82            [24]  907 	mov	r0,dpl
      0001C1 A9 83            [24]  908 	mov	r1,dph
      0001C3 AA F0            [24]  909 	mov	r2,b
      0001C5 FB               [12]  910 	mov	r3,a
      0001C6 E5 81            [12]  911 	mov	a,sp
      0001C8 24 FC            [12]  912 	add	a,#0xfc
      0001CA F5 81            [12]  913 	mov	sp,a
      0001CC D0 04            [24]  914 	pop	ar4
      0001CE D0 05            [24]  915 	pop	ar5
      0001D0 90r00r0A         [24]  916 	mov	dptr,#_Print_print_fd_rounding_65536_170
      0001D3 E8               [12]  917 	mov	a,r0
      0001D4 F0               [24]  918 	movx	@dptr,a
      0001D5 E9               [12]  919 	mov	a,r1
      0001D6 A3               [24]  920 	inc	dptr
      0001D7 F0               [24]  921 	movx	@dptr,a
      0001D8 EA               [12]  922 	mov	a,r2
      0001D9 A3               [24]  923 	inc	dptr
      0001DA F0               [24]  924 	movx	@dptr,a
      0001DB EB               [12]  925 	mov	a,r3
      0001DC A3               [24]  926 	inc	dptr
      0001DD F0               [24]  927 	movx	@dptr,a
                                    928 ;	C:\Users\tonyp\AppData\Local\Arduino15\packages\CH55xDuino\hardware\mcs51\0.0.23\cores\ch55xduino\Print-float.c:63: for (i = 0; i < digits; ++i)
      0001DE 0C               [12]  929 	inc	r4
      0001DF 80 B0            [24]  930 	sjmp	00118$
      0001E1                        931 00111$:
                                    932 ;	C:\Users\tonyp\AppData\Local\Arduino15\packages\CH55xDuino\hardware\mcs51\0.0.23\cores\ch55xduino\Print-float.c:66: number += rounding;
      0001E1 90r00r00         [24]  933 	mov	dptr,#_Print_print_fd_PARM_2
      0001E4 E0               [24]  934 	movx	a,@dptr
      0001E5 F9               [12]  935 	mov	r1,a
      0001E6 A3               [24]  936 	inc	dptr
      0001E7 E0               [24]  937 	movx	a,@dptr
      0001E8 FA               [12]  938 	mov	r2,a
      0001E9 A3               [24]  939 	inc	dptr
      0001EA E0               [24]  940 	movx	a,@dptr
      0001EB FB               [12]  941 	mov	r3,a
      0001EC A3               [24]  942 	inc	dptr
      0001ED E0               [24]  943 	movx	a,@dptr
      0001EE FC               [12]  944 	mov	r4,a
      0001EF C0 05            [24]  945 	push	ar5
      0001F1 90r00r0A         [24]  946 	mov	dptr,#_Print_print_fd_rounding_65536_170
      0001F4 E0               [24]  947 	movx	a,@dptr
      0001F5 C0 E0            [24]  948 	push	acc
      0001F7 A3               [24]  949 	inc	dptr
      0001F8 E0               [24]  950 	movx	a,@dptr
      0001F9 C0 E0            [24]  951 	push	acc
      0001FB A3               [24]  952 	inc	dptr
      0001FC E0               [24]  953 	movx	a,@dptr
      0001FD C0 E0            [24]  954 	push	acc
      0001FF A3               [24]  955 	inc	dptr
      000200 E0               [24]  956 	movx	a,@dptr
      000201 C0 E0            [24]  957 	push	acc
      000203 89 82            [24]  958 	mov	dpl,r1
      000205 8A 83            [24]  959 	mov	dph,r2
      000207 8B F0            [24]  960 	mov	b,r3
      000209 EC               [12]  961 	mov	a,r4
      00020A 12r00r00         [24]  962 	lcall	___fsadd
      00020D A9 82            [24]  963 	mov	r1,dpl
      00020F AA 83            [24]  964 	mov	r2,dph
      000211 AB F0            [24]  965 	mov	r3,b
      000213 FC               [12]  966 	mov	r4,a
      000214 E5 81            [12]  967 	mov	a,sp
      000216 24 FC            [12]  968 	add	a,#0xfc
      000218 F5 81            [12]  969 	mov	sp,a
      00021A 90r00r00         [24]  970 	mov	dptr,#_Print_print_fd_PARM_2
      00021D E9               [12]  971 	mov	a,r1
      00021E F0               [24]  972 	movx	@dptr,a
      00021F EA               [12]  973 	mov	a,r2
      000220 A3               [24]  974 	inc	dptr
      000221 F0               [24]  975 	movx	@dptr,a
      000222 EB               [12]  976 	mov	a,r3
      000223 A3               [24]  977 	inc	dptr
      000224 F0               [24]  978 	movx	@dptr,a
      000225 EC               [12]  979 	mov	a,r4
      000226 A3               [24]  980 	inc	dptr
      000227 F0               [24]  981 	movx	@dptr,a
                                    982 ;	C:\Users\tonyp\AppData\Local\Arduino15\packages\CH55xDuino\hardware\mcs51\0.0.23\cores\ch55xduino\Print-float.c:69: int_part = (unsigned long)number;
      000228 90r00r00         [24]  983 	mov	dptr,#_Print_print_fd_PARM_2
      00022B E0               [24]  984 	movx	a,@dptr
      00022C F5*02            [12]  985 	mov	_Print_print_fd_sloc0_1_0,a
      00022E A3               [24]  986 	inc	dptr
      00022F E0               [24]  987 	movx	a,@dptr
      000230 F5*03            [12]  988 	mov	(_Print_print_fd_sloc0_1_0 + 1),a
      000232 A3               [24]  989 	inc	dptr
      000233 E0               [24]  990 	movx	a,@dptr
      000234 F5*04            [12]  991 	mov	(_Print_print_fd_sloc0_1_0 + 2),a
      000236 A3               [24]  992 	inc	dptr
      000237 E0               [24]  993 	movx	a,@dptr
      000238 F5*05            [12]  994 	mov	(_Print_print_fd_sloc0_1_0 + 3),a
      00023A 85*02 82         [24]  995 	mov	dpl,_Print_print_fd_sloc0_1_0
      00023D 85*03 83         [24]  996 	mov	dph,(_Print_print_fd_sloc0_1_0 + 1)
      000240 85*04 F0         [24]  997 	mov	b,(_Print_print_fd_sloc0_1_0 + 2)
      000243 12r00r00         [24]  998 	lcall	___fs2ulong
                                    999 ;	C:\Users\tonyp\AppData\Local\Arduino15\packages\CH55xDuino\hardware\mcs51\0.0.23\cores\ch55xduino\Print-float.c:70: remainder = number - (double)int_part;
      000246 85 82*06         [24] 1000 	mov	_Print_print_fd_sloc1_1_0,dpl
      000249 85 83*07         [24] 1001 	mov	(_Print_print_fd_sloc1_1_0 + 1),dph
      00024C 85 F0*08         [24] 1002 	mov	(_Print_print_fd_sloc1_1_0 + 2),b
      00024F F5*09            [12] 1003 	mov	(_Print_print_fd_sloc1_1_0 + 3),a
      000251 12r00r00         [24] 1004 	lcall	___ulong2fs
      000254 A9 82            [24] 1005 	mov	r1,dpl
      000256 AA 83            [24] 1006 	mov	r2,dph
      000258 AB F0            [24] 1007 	mov	r3,b
      00025A FF               [12] 1008 	mov	r7,a
      00025B C0 01            [24] 1009 	push	ar1
      00025D C0 02            [24] 1010 	push	ar2
      00025F C0 03            [24] 1011 	push	ar3
      000261 C0 07            [24] 1012 	push	ar7
      000263 85*02 82         [24] 1013 	mov	dpl,_Print_print_fd_sloc0_1_0
      000266 85*03 83         [24] 1014 	mov	dph,(_Print_print_fd_sloc0_1_0 + 1)
      000269 85*04 F0         [24] 1015 	mov	b,(_Print_print_fd_sloc0_1_0 + 2)
      00026C E5*05            [12] 1016 	mov	a,(_Print_print_fd_sloc0_1_0 + 3)
      00026E 12r00r00         [24] 1017 	lcall	___fssub
      000271 AB 82            [24] 1018 	mov	r3,dpl
      000273 AC 83            [24] 1019 	mov	r4,dph
      000275 AE F0            [24] 1020 	mov	r6,b
      000277 FF               [12] 1021 	mov	r7,a
      000278 E5 81            [12] 1022 	mov	a,sp
      00027A 24 FC            [12] 1023 	add	a,#0xfc
      00027C F5 81            [12] 1024 	mov	sp,a
      00027E 90r00r06         [24] 1025 	mov	dptr,#_Print_print_fd_remainder_65536_170
      000281 EB               [12] 1026 	mov	a,r3
      000282 F0               [24] 1027 	movx	@dptr,a
      000283 EC               [12] 1028 	mov	a,r4
      000284 A3               [24] 1029 	inc	dptr
      000285 F0               [24] 1030 	movx	@dptr,a
      000286 EE               [12] 1031 	mov	a,r6
      000287 A3               [24] 1032 	inc	dptr
      000288 F0               [24] 1033 	movx	@dptr,a
      000289 EF               [12] 1034 	mov	a,r7
      00028A A3               [24] 1035 	inc	dptr
      00028B F0               [24] 1036 	movx	@dptr,a
                                   1037 ;	C:\Users\tonyp\AppData\Local\Arduino15\packages\CH55xDuino\hardware\mcs51\0.0.23\cores\ch55xduino\Print-float.c:71: n += printNumber(writefunc, int_part, 10);
      00028C 90r00r00         [24] 1038 	mov	dptr,#_Print_print_ub_PARM_2
      00028F E5*06            [12] 1039 	mov	a,_Print_print_fd_sloc1_1_0
      000291 F0               [24] 1040 	movx	@dptr,a
      000292 E5*07            [12] 1041 	mov	a,(_Print_print_fd_sloc1_1_0 + 1)
      000294 A3               [24] 1042 	inc	dptr
      000295 F0               [24] 1043 	movx	@dptr,a
      000296 E5*08            [12] 1044 	mov	a,(_Print_print_fd_sloc1_1_0 + 2)
      000298 A3               [24] 1045 	inc	dptr
      000299 F0               [24] 1046 	movx	@dptr,a
      00029A E5*09            [12] 1047 	mov	a,(_Print_print_fd_sloc1_1_0 + 3)
      00029C A3               [24] 1048 	inc	dptr
      00029D F0               [24] 1049 	movx	@dptr,a
      00029E 90r00r00         [24] 1050 	mov	dptr,#_Print_print_ub_PARM_3
      0002A1 74 0A            [12] 1051 	mov	a,#0x0a
      0002A3 F0               [24] 1052 	movx	@dptr,a
      0002A4 85*00 82         [24] 1053 	mov	dpl,_Print_print_fd_writefunc_65536_169
      0002A7 85*01 83         [24] 1054 	mov	dph,(_Print_print_fd_writefunc_65536_169 + 1)
      0002AA 12r00r00         [24] 1055 	lcall	_Print_print_ub
      0002AD AF 82            [24] 1056 	mov	r7,dpl
      0002AF D0 05            [24] 1057 	pop	ar5
      0002B1 90r00r05         [24] 1058 	mov	dptr,#_Print_print_fd_n_65536_170
      0002B4 E0               [24] 1059 	movx	a,@dptr
      0002B5 2F               [12] 1060 	add	a,r7
      0002B6 F0               [24] 1061 	movx	@dptr,a
                                   1062 ;	C:\Users\tonyp\AppData\Local\Arduino15\packages\CH55xDuino\hardware\mcs51\0.0.23\cores\ch55xduino\Print-float.c:74: if (digits > 0) {
      0002B7 ED               [12] 1063 	mov	a,r5
      0002B8 60 19            [24] 1064 	jz	00131$
                                   1065 ;	C:\Users\tonyp\AppData\Local\Arduino15\packages\CH55xDuino\hardware\mcs51\0.0.23\cores\ch55xduino\Print-float.c:75: n += writefunc('.');
      0002BA C0 05            [24] 1066 	push	ar5
      0002BC 12r02rC1         [24] 1067 	lcall	00173$
      0002BF 80 08            [24] 1068 	sjmp	00174$
      0002C1                       1069 00173$:
      0002C1 C0*00            [24] 1070 	push	_Print_print_fd_writefunc_65536_169
      0002C3 C0*01            [24] 1071 	push	(_Print_print_fd_writefunc_65536_169 + 1)
      0002C5 75 82 2E         [24] 1072 	mov	dpl,#0x2e
      0002C8 22               [24] 1073 	ret
      0002C9                       1074 00174$:
      0002C9 AF 82            [24] 1075 	mov	r7,dpl
      0002CB D0 05            [24] 1076 	pop	ar5
      0002CD 90r00r05         [24] 1077 	mov	dptr,#_Print_print_fd_n_65536_170
      0002D0 E0               [24] 1078 	movx	a,@dptr
      0002D1 2F               [12] 1079 	add	a,r7
      0002D2 F0               [24] 1080 	movx	@dptr,a
                                   1081 ;	C:\Users\tonyp\AppData\Local\Arduino15\packages\CH55xDuino\hardware\mcs51\0.0.23\cores\ch55xduino\Print-float.c:79: while (digits-- > 0) {
      0002D3                       1082 00131$:
      0002D3 8D 07            [24] 1083 	mov	ar7,r5
      0002D5                       1084 00114$:
      0002D5 8F 06            [24] 1085 	mov	ar6,r7
      0002D7 1F               [12] 1086 	dec	r7
      0002D8 EE               [12] 1087 	mov	a,r6
      0002D9 70 03            [24] 1088 	jnz	00175$
      0002DB 02r03rC3         [24] 1089 	ljmp	00116$
      0002DE                       1090 00175$:
                                   1091 ;	C:\Users\tonyp\AppData\Local\Arduino15\packages\CH55xDuino\hardware\mcs51\0.0.23\cores\ch55xduino\Print-float.c:80: remainder *= 10.0;
      0002DE C0 07            [24] 1092 	push	ar7
      0002E0 C0 07            [24] 1093 	push	ar7
      0002E2 90r00r06         [24] 1094 	mov	dptr,#_Print_print_fd_remainder_65536_170
      0002E5 E0               [24] 1095 	movx	a,@dptr
      0002E6 C0 E0            [24] 1096 	push	acc
      0002E8 A3               [24] 1097 	inc	dptr
      0002E9 E0               [24] 1098 	movx	a,@dptr
      0002EA C0 E0            [24] 1099 	push	acc
      0002EC A3               [24] 1100 	inc	dptr
      0002ED E0               [24] 1101 	movx	a,@dptr
      0002EE C0 E0            [24] 1102 	push	acc
      0002F0 A3               [24] 1103 	inc	dptr
      0002F1 E0               [24] 1104 	movx	a,@dptr
      0002F2 C0 E0            [24] 1105 	push	acc
      0002F4 90 00 00         [24] 1106 	mov	dptr,#0x0000
      0002F7 75 F0 20         [24] 1107 	mov	b,#0x20
      0002FA 74 41            [12] 1108 	mov	a,#0x41
      0002FC 12r00r00         [24] 1109 	lcall	___fsmul
      0002FF AB 82            [24] 1110 	mov	r3,dpl
      000301 AC 83            [24] 1111 	mov	r4,dph
      000303 AD F0            [24] 1112 	mov	r5,b
      000305 FE               [12] 1113 	mov	r6,a
      000306 E5 81            [12] 1114 	mov	a,sp
      000308 24 FC            [12] 1115 	add	a,#0xfc
      00030A F5 81            [12] 1116 	mov	sp,a
      00030C 90r00r06         [24] 1117 	mov	dptr,#_Print_print_fd_remainder_65536_170
      00030F EB               [12] 1118 	mov	a,r3
      000310 F0               [24] 1119 	movx	@dptr,a
      000311 EC               [12] 1120 	mov	a,r4
      000312 A3               [24] 1121 	inc	dptr
      000313 F0               [24] 1122 	movx	@dptr,a
      000314 ED               [12] 1123 	mov	a,r5
      000315 A3               [24] 1124 	inc	dptr
      000316 F0               [24] 1125 	movx	@dptr,a
      000317 EE               [12] 1126 	mov	a,r6
      000318 A3               [24] 1127 	inc	dptr
      000319 F0               [24] 1128 	movx	@dptr,a
                                   1129 ;	C:\Users\tonyp\AppData\Local\Arduino15\packages\CH55xDuino\hardware\mcs51\0.0.23\cores\ch55xduino\Print-float.c:81: toPrint = (unsigned int)(remainder);
      00031A 90r00r06         [24] 1130 	mov	dptr,#_Print_print_fd_remainder_65536_170
      00031D E0               [24] 1131 	movx	a,@dptr
      00031E FB               [12] 1132 	mov	r3,a
      00031F A3               [24] 1133 	inc	dptr
      000320 E0               [24] 1134 	movx	a,@dptr
      000321 FC               [12] 1135 	mov	r4,a
      000322 A3               [24] 1136 	inc	dptr
      000323 E0               [24] 1137 	movx	a,@dptr
      000324 FD               [12] 1138 	mov	r5,a
      000325 A3               [24] 1139 	inc	dptr
      000326 E0               [24] 1140 	movx	a,@dptr
      000327 FE               [12] 1141 	mov	r6,a
      000328 8B 82            [24] 1142 	mov	dpl,r3
      00032A 8C 83            [24] 1143 	mov	dph,r4
      00032C 8D F0            [24] 1144 	mov	b,r5
      00032E C0 06            [24] 1145 	push	ar6
      000330 C0 05            [24] 1146 	push	ar5
      000332 C0 04            [24] 1147 	push	ar4
      000334 C0 03            [24] 1148 	push	ar3
      000336 12r00r00         [24] 1149 	lcall	___fs2uint
      000339 A9 82            [24] 1150 	mov	r1,dpl
      00033B AA 83            [24] 1151 	mov	r2,dph
                                   1152 ;	C:\Users\tonyp\AppData\Local\Arduino15\packages\CH55xDuino\hardware\mcs51\0.0.23\cores\ch55xduino\Print-float.c:82: n += printNumber(writefunc, toPrint, 10);
      00033D 90r00r00         [24] 1153 	mov	dptr,#_Print_print_ub_PARM_2
      000340 E9               [12] 1154 	mov	a,r1
      000341 F0               [24] 1155 	movx	@dptr,a
      000342 EA               [12] 1156 	mov	a,r2
      000343 A3               [24] 1157 	inc	dptr
      000344 F0               [24] 1158 	movx	@dptr,a
      000345 E4               [12] 1159 	clr	a
      000346 A3               [24] 1160 	inc	dptr
      000347 F0               [24] 1161 	movx	@dptr,a
      000348 A3               [24] 1162 	inc	dptr
      000349 F0               [24] 1163 	movx	@dptr,a
      00034A 90r00r00         [24] 1164 	mov	dptr,#_Print_print_ub_PARM_3
      00034D 74 0A            [12] 1165 	mov	a,#0x0a
      00034F F0               [24] 1166 	movx	@dptr,a
      000350 85*00 82         [24] 1167 	mov	dpl,_Print_print_fd_writefunc_65536_169
      000353 85*01 83         [24] 1168 	mov	dph,(_Print_print_fd_writefunc_65536_169 + 1)
      000356 C0 02            [24] 1169 	push	ar2
      000358 C0 01            [24] 1170 	push	ar1
      00035A 12r00r00         [24] 1171 	lcall	_Print_print_ub
      00035D A8 82            [24] 1172 	mov	r0,dpl
      00035F D0 01            [24] 1173 	pop	ar1
      000361 D0 02            [24] 1174 	pop	ar2
      000363 D0 03            [24] 1175 	pop	ar3
      000365 D0 04            [24] 1176 	pop	ar4
      000367 D0 05            [24] 1177 	pop	ar5
      000369 D0 06            [24] 1178 	pop	ar6
      00036B D0 07            [24] 1179 	pop	ar7
      00036D 90r00r05         [24] 1180 	mov	dptr,#_Print_print_fd_n_65536_170
      000370 E0               [24] 1181 	movx	a,@dptr
      000371 28               [12] 1182 	add	a,r0
      000372 F0               [24] 1183 	movx	@dptr,a
                                   1184 ;	C:\Users\tonyp\AppData\Local\Arduino15\packages\CH55xDuino\hardware\mcs51\0.0.23\cores\ch55xduino\Print-float.c:83: remainder -= toPrint;
      000373 89 82            [24] 1185 	mov	dpl,r1
      000375 8A 83            [24] 1186 	mov	dph,r2
      000377 C0 06            [24] 1187 	push	ar6
      000379 C0 05            [24] 1188 	push	ar5
      00037B C0 04            [24] 1189 	push	ar4
      00037D C0 03            [24] 1190 	push	ar3
      00037F 12r00r00         [24] 1191 	lcall	___uint2fs
      000382 A8 82            [24] 1192 	mov	r0,dpl
      000384 A9 83            [24] 1193 	mov	r1,dph
      000386 AA F0            [24] 1194 	mov	r2,b
      000388 FF               [12] 1195 	mov	r7,a
      000389 D0 03            [24] 1196 	pop	ar3
      00038B D0 04            [24] 1197 	pop	ar4
      00038D D0 05            [24] 1198 	pop	ar5
      00038F D0 06            [24] 1199 	pop	ar6
      000391 C0 00            [24] 1200 	push	ar0
      000393 C0 01            [24] 1201 	push	ar1
      000395 C0 02            [24] 1202 	push	ar2
      000397 C0 07            [24] 1203 	push	ar7
      000399 8B 82            [24] 1204 	mov	dpl,r3
      00039B 8C 83            [24] 1205 	mov	dph,r4
      00039D 8D F0            [24] 1206 	mov	b,r5
      00039F EE               [12] 1207 	mov	a,r6
      0003A0 12r00r00         [24] 1208 	lcall	___fssub
      0003A3 AC 82            [24] 1209 	mov	r4,dpl
      0003A5 AD 83            [24] 1210 	mov	r5,dph
      0003A7 AE F0            [24] 1211 	mov	r6,b
      0003A9 FF               [12] 1212 	mov	r7,a
      0003AA E5 81            [12] 1213 	mov	a,sp
      0003AC 24 FC            [12] 1214 	add	a,#0xfc
      0003AE F5 81            [12] 1215 	mov	sp,a
      0003B0 90r00r06         [24] 1216 	mov	dptr,#_Print_print_fd_remainder_65536_170
      0003B3 EC               [12] 1217 	mov	a,r4
      0003B4 F0               [24] 1218 	movx	@dptr,a
      0003B5 ED               [12] 1219 	mov	a,r5
      0003B6 A3               [24] 1220 	inc	dptr
      0003B7 F0               [24] 1221 	movx	@dptr,a
      0003B8 EE               [12] 1222 	mov	a,r6
      0003B9 A3               [24] 1223 	inc	dptr
      0003BA F0               [24] 1224 	movx	@dptr,a
      0003BB EF               [12] 1225 	mov	a,r7
      0003BC A3               [24] 1226 	inc	dptr
      0003BD F0               [24] 1227 	movx	@dptr,a
      0003BE D0 07            [24] 1228 	pop	ar7
      0003C0 02r02rD5         [24] 1229 	ljmp	00114$
      0003C3                       1230 00116$:
                                   1231 ;	C:\Users\tonyp\AppData\Local\Arduino15\packages\CH55xDuino\hardware\mcs51\0.0.23\cores\ch55xduino\Print-float.c:86: return n;
      0003C3 90r00r05         [24] 1232 	mov	dptr,#_Print_print_fd_n_65536_170
      0003C6 E0               [24] 1233 	movx	a,@dptr
                                   1234 ;	C:\Users\tonyp\AppData\Local\Arduino15\packages\CH55xDuino\hardware\mcs51\0.0.23\cores\ch55xduino\Print-float.c:87: }
      0003C7 F5 82            [12] 1235 	mov	dpl,a
      0003C9 22               [24] 1236 	ret
                                   1237 	.area CSEG    (CODE)
                                   1238 	.area CONST   (CODE)
                                   1239 	.area CONST   (CODE)
      000000                       1240 ___str_0:
      000000 6E 61 6E              1241 	.ascii "nan"
      000003 00                    1242 	.db 0x00
                                   1243 	.area CSEG    (CODE)
                                   1244 	.area CONST   (CODE)
      000004                       1245 ___str_1:
      000004 69 6E 66              1246 	.ascii "inf"
      000007 00                    1247 	.db 0x00
                                   1248 	.area CSEG    (CODE)
                                   1249 	.area CONST   (CODE)
      000008                       1250 ___str_2:
      000008 6F 76 66              1251 	.ascii "ovf"
      00000B 00                    1252 	.db 0x00
                                   1253 	.area CSEG    (CODE)
                                   1254 	.area XINIT   (CODE)
                                   1255 	.area CABS    (ABS,CODE)
