                                      1 ;--------------------------------------------------------
                                      2 ; File Created by SDCC : free open source ISO C Compiler 
                                      3 ; Version 4.2.2 #13407 (MINGW32)
                                      4 ;--------------------------------------------------------
                                      5 	.module Print
                                      6 	.optsdcc -mmcs51 --model-large
                                      7 	
                                      8 ;--------------------------------------------------------
                                      9 ; Public variables in this module
                                     10 ;--------------------------------------------------------
                                     11 	.globl _UIF_BUS_RST
                                     12 	.globl _UIF_DETECT
                                     13 	.globl _UIF_TRANSFER
                                     14 	.globl _UIF_SUSPEND
                                     15 	.globl _UIF_HST_SOF
                                     16 	.globl _UIF_FIFO_OV
                                     17 	.globl _U_SIE_FREE
                                     18 	.globl _U_TOG_OK
                                     19 	.globl _U_IS_NAK
                                     20 	.globl _ADC_CHAN0
                                     21 	.globl _ADC_CHAN1
                                     22 	.globl _CMP_CHAN
                                     23 	.globl _ADC_START
                                     24 	.globl _ADC_IF
                                     25 	.globl _CMP_IF
                                     26 	.globl _CMPO
                                     27 	.globl _U1RI
                                     28 	.globl _U1TI
                                     29 	.globl _U1RB8
                                     30 	.globl _U1TB8
                                     31 	.globl _U1REN
                                     32 	.globl _U1SMOD
                                     33 	.globl _U1SM0
                                     34 	.globl _S0_R_FIFO
                                     35 	.globl _S0_T_FIFO
                                     36 	.globl _S0_FREE
                                     37 	.globl _S0_IF_BYTE
                                     38 	.globl _S0_IF_FIRST
                                     39 	.globl _S0_IF_OV
                                     40 	.globl _S0_FST_ACT
                                     41 	.globl _CP_RL2
                                     42 	.globl _C_T2
                                     43 	.globl _TR2
                                     44 	.globl _EXEN2
                                     45 	.globl _TCLK
                                     46 	.globl _RCLK
                                     47 	.globl _EXF2
                                     48 	.globl _CAP1F
                                     49 	.globl _TF2
                                     50 	.globl _RI
                                     51 	.globl _TI
                                     52 	.globl _RB8
                                     53 	.globl _TB8
                                     54 	.globl _REN
                                     55 	.globl _SM2
                                     56 	.globl _SM1
                                     57 	.globl _SM0
                                     58 	.globl _IT0
                                     59 	.globl _IE0
                                     60 	.globl _IT1
                                     61 	.globl _IE1
                                     62 	.globl _TR0
                                     63 	.globl _TF0
                                     64 	.globl _TR1
                                     65 	.globl _TF1
                                     66 	.globl _P3_0
                                     67 	.globl _P3_1
                                     68 	.globl _P3_2
                                     69 	.globl _P3_3
                                     70 	.globl _P3_4
                                     71 	.globl _P3_5
                                     72 	.globl _P3_6
                                     73 	.globl _P3_7
                                     74 	.globl _RXD
                                     75 	.globl _PWM1_
                                     76 	.globl _TXD
                                     77 	.globl _PWM2_
                                     78 	.globl _AIN3
                                     79 	.globl _VBUS1
                                     80 	.globl _INT0
                                     81 	.globl _TXD1_
                                     82 	.globl _INT1
                                     83 	.globl _T0
                                     84 	.globl _RXD1_
                                     85 	.globl _PWM2
                                     86 	.globl _T1
                                     87 	.globl _UDP
                                     88 	.globl _UDM
                                     89 	.globl _P1_0
                                     90 	.globl _P1_1
                                     91 	.globl _P1_2
                                     92 	.globl _P1_3
                                     93 	.globl _P1_4
                                     94 	.globl _P1_5
                                     95 	.globl _P1_6
                                     96 	.globl _P1_7
                                     97 	.globl _TIN0
                                     98 	.globl _CAP1
                                     99 	.globl _T2
                                    100 	.globl _AIN0
                                    101 	.globl _VBUS2
                                    102 	.globl _TIN1
                                    103 	.globl _CAP2
                                    104 	.globl _T2EX
                                    105 	.globl _RXD_
                                    106 	.globl _TXD_
                                    107 	.globl _AIN1
                                    108 	.globl _UCC1
                                    109 	.globl _TIN2
                                    110 	.globl _SCS
                                    111 	.globl _CAP1_
                                    112 	.globl _T2_
                                    113 	.globl _AIN2
                                    114 	.globl _UCC2
                                    115 	.globl _TIN3
                                    116 	.globl _PWM1
                                    117 	.globl _MOSI
                                    118 	.globl _TIN4
                                    119 	.globl _RXD1
                                    120 	.globl _MISO
                                    121 	.globl _TIN5
                                    122 	.globl _TXD1
                                    123 	.globl _SCK
                                    124 	.globl _IE_SPI0
                                    125 	.globl _IE_TKEY
                                    126 	.globl _IE_USB
                                    127 	.globl _IE_ADC
                                    128 	.globl _IE_UART1
                                    129 	.globl _IE_PWMX
                                    130 	.globl _IE_GPIO
                                    131 	.globl _IE_WDOG
                                    132 	.globl _PX0
                                    133 	.globl _PT0
                                    134 	.globl _PX1
                                    135 	.globl _PT1
                                    136 	.globl _PS
                                    137 	.globl _PT2
                                    138 	.globl _PL_FLAG
                                    139 	.globl _PH_FLAG
                                    140 	.globl _EX0
                                    141 	.globl _ET0
                                    142 	.globl _EX1
                                    143 	.globl _ET1
                                    144 	.globl _ES
                                    145 	.globl _ET2
                                    146 	.globl _E_DIS
                                    147 	.globl _EA
                                    148 	.globl _P
                                    149 	.globl _F1
                                    150 	.globl _OV
                                    151 	.globl _RS0
                                    152 	.globl _RS1
                                    153 	.globl _F0
                                    154 	.globl _AC
                                    155 	.globl _CY
                                    156 	.globl _UEP1_DMA_H
                                    157 	.globl _UEP1_DMA_L
                                    158 	.globl _UEP1_DMA
                                    159 	.globl _UEP0_DMA_H
                                    160 	.globl _UEP0_DMA_L
                                    161 	.globl _UEP0_DMA
                                    162 	.globl _UEP2_3_MOD
                                    163 	.globl _UEP4_1_MOD
                                    164 	.globl _UEP3_DMA_H
                                    165 	.globl _UEP3_DMA_L
                                    166 	.globl _UEP3_DMA
                                    167 	.globl _UEP2_DMA_H
                                    168 	.globl _UEP2_DMA_L
                                    169 	.globl _UEP2_DMA
                                    170 	.globl _USB_DEV_AD
                                    171 	.globl _USB_CTRL
                                    172 	.globl _USB_INT_EN
                                    173 	.globl _UEP4_T_LEN
                                    174 	.globl _UEP4_CTRL
                                    175 	.globl _UEP0_T_LEN
                                    176 	.globl _UEP0_CTRL
                                    177 	.globl _USB_RX_LEN
                                    178 	.globl _USB_MIS_ST
                                    179 	.globl _USB_INT_ST
                                    180 	.globl _USB_INT_FG
                                    181 	.globl _UEP3_T_LEN
                                    182 	.globl _UEP3_CTRL
                                    183 	.globl _UEP2_T_LEN
                                    184 	.globl _UEP2_CTRL
                                    185 	.globl _UEP1_T_LEN
                                    186 	.globl _UEP1_CTRL
                                    187 	.globl _UDEV_CTRL
                                    188 	.globl _USB_C_CTRL
                                    189 	.globl _TKEY_DATH
                                    190 	.globl _TKEY_DATL
                                    191 	.globl _TKEY_DAT
                                    192 	.globl _TKEY_CTRL
                                    193 	.globl _ADC_DATA
                                    194 	.globl _ADC_CFG
                                    195 	.globl _ADC_CTRL
                                    196 	.globl _SBAUD1
                                    197 	.globl _SBUF1
                                    198 	.globl _SCON1
                                    199 	.globl _SPI0_SETUP
                                    200 	.globl _SPI0_CK_SE
                                    201 	.globl _SPI0_CTRL
                                    202 	.globl _SPI0_DATA
                                    203 	.globl _SPI0_STAT
                                    204 	.globl _PWM_CK_SE
                                    205 	.globl _PWM_CTRL
                                    206 	.globl _PWM_DATA1
                                    207 	.globl _PWM_DATA2
                                    208 	.globl _T2CAP1H
                                    209 	.globl _T2CAP1L
                                    210 	.globl _T2CAP1
                                    211 	.globl _TH2
                                    212 	.globl _TL2
                                    213 	.globl _T2COUNT
                                    214 	.globl _RCAP2H
                                    215 	.globl _RCAP2L
                                    216 	.globl _RCAP2
                                    217 	.globl _T2MOD
                                    218 	.globl _T2CON
                                    219 	.globl _SBUF
                                    220 	.globl _SCON
                                    221 	.globl _TH1
                                    222 	.globl _TH0
                                    223 	.globl _TL1
                                    224 	.globl _TL0
                                    225 	.globl _TMOD
                                    226 	.globl _TCON
                                    227 	.globl _XBUS_AUX
                                    228 	.globl _PIN_FUNC
                                    229 	.globl _P3_DIR_PU
                                    230 	.globl _P3_MOD_OC
                                    231 	.globl _P3
                                    232 	.globl _P2
                                    233 	.globl _P1_DIR_PU
                                    234 	.globl _P1_MOD_OC
                                    235 	.globl _P1
                                    236 	.globl _ROM_CTRL
                                    237 	.globl _ROM_DATA_H
                                    238 	.globl _ROM_DATA_L
                                    239 	.globl _ROM_DATA
                                    240 	.globl _ROM_ADDR_H
                                    241 	.globl _ROM_ADDR_L
                                    242 	.globl _ROM_ADDR
                                    243 	.globl _GPIO_IE
                                    244 	.globl _IP_EX
                                    245 	.globl _IE_EX
                                    246 	.globl _IP
                                    247 	.globl _IE
                                    248 	.globl _WDOG_COUNT
                                    249 	.globl _RESET_KEEP
                                    250 	.globl _WAKE_CTRL
                                    251 	.globl _CLOCK_CFG
                                    252 	.globl _PCON
                                    253 	.globl _GLOBAL_CFG
                                    254 	.globl _SAFE_MOD
                                    255 	.globl _DPH
                                    256 	.globl _DPL
                                    257 	.globl _SP
                                    258 	.globl _B
                                    259 	.globl _ACC
                                    260 	.globl _PSW
                                    261 	.globl _Print_print_ib_PARM_3
                                    262 	.globl _Print_print_ib_PARM_2
                                    263 	.globl _Print_print_ub_PARM_3
                                    264 	.globl _Print_print_ub_PARM_2
                                    265 	.globl _Print_print_i_PARM_2
                                    266 	.globl _Print_print_u_PARM_2
                                    267 	.globl _Print_print_s_PARM_2
                                    268 	.globl _Print_print_sn_PARM_3
                                    269 	.globl _Print_print_sn_PARM_2
                                    270 	.globl _Print_print_sn
                                    271 	.globl _Print_print_s
                                    272 	.globl _Print_print_u
                                    273 	.globl _Print_print_i
                                    274 	.globl _Print_println
                                    275 	.globl _Print_print_ub
                                    276 	.globl _Print_print_ib
                                    277 ;--------------------------------------------------------
                                    278 ; special function registers
                                    279 ;--------------------------------------------------------
                                    280 	.area RSEG    (ABS,DATA)
      000000                        281 	.org 0x0000
                           0000D0   282 _PSW	=	0x00d0
                           0000E0   283 _ACC	=	0x00e0
                           0000F0   284 _B	=	0x00f0
                           000081   285 _SP	=	0x0081
                           000082   286 _DPL	=	0x0082
                           000083   287 _DPH	=	0x0083
                           0000A1   288 _SAFE_MOD	=	0x00a1
                           0000B1   289 _GLOBAL_CFG	=	0x00b1
                           000087   290 _PCON	=	0x0087
                           0000B9   291 _CLOCK_CFG	=	0x00b9
                           0000A9   292 _WAKE_CTRL	=	0x00a9
                           0000FE   293 _RESET_KEEP	=	0x00fe
                           0000FF   294 _WDOG_COUNT	=	0x00ff
                           0000A8   295 _IE	=	0x00a8
                           0000B8   296 _IP	=	0x00b8
                           0000E8   297 _IE_EX	=	0x00e8
                           0000E9   298 _IP_EX	=	0x00e9
                           0000C7   299 _GPIO_IE	=	0x00c7
                           008584   300 _ROM_ADDR	=	0x8584
                           000084   301 _ROM_ADDR_L	=	0x0084
                           000085   302 _ROM_ADDR_H	=	0x0085
                           008F8E   303 _ROM_DATA	=	0x8f8e
                           00008E   304 _ROM_DATA_L	=	0x008e
                           00008F   305 _ROM_DATA_H	=	0x008f
                           000086   306 _ROM_CTRL	=	0x0086
                           000090   307 _P1	=	0x0090
                           000092   308 _P1_MOD_OC	=	0x0092
                           000093   309 _P1_DIR_PU	=	0x0093
                           0000A0   310 _P2	=	0x00a0
                           0000B0   311 _P3	=	0x00b0
                           000096   312 _P3_MOD_OC	=	0x0096
                           000097   313 _P3_DIR_PU	=	0x0097
                           0000C6   314 _PIN_FUNC	=	0x00c6
                           0000A2   315 _XBUS_AUX	=	0x00a2
                           000088   316 _TCON	=	0x0088
                           000089   317 _TMOD	=	0x0089
                           00008A   318 _TL0	=	0x008a
                           00008B   319 _TL1	=	0x008b
                           00008C   320 _TH0	=	0x008c
                           00008D   321 _TH1	=	0x008d
                           000098   322 _SCON	=	0x0098
                           000099   323 _SBUF	=	0x0099
                           0000C8   324 _T2CON	=	0x00c8
                           0000C9   325 _T2MOD	=	0x00c9
                           00CBCA   326 _RCAP2	=	0xcbca
                           0000CA   327 _RCAP2L	=	0x00ca
                           0000CB   328 _RCAP2H	=	0x00cb
                           00CDCC   329 _T2COUNT	=	0xcdcc
                           0000CC   330 _TL2	=	0x00cc
                           0000CD   331 _TH2	=	0x00cd
                           00CFCE   332 _T2CAP1	=	0xcfce
                           0000CE   333 _T2CAP1L	=	0x00ce
                           0000CF   334 _T2CAP1H	=	0x00cf
                           00009B   335 _PWM_DATA2	=	0x009b
                           00009C   336 _PWM_DATA1	=	0x009c
                           00009D   337 _PWM_CTRL	=	0x009d
                           00009E   338 _PWM_CK_SE	=	0x009e
                           0000F8   339 _SPI0_STAT	=	0x00f8
                           0000F9   340 _SPI0_DATA	=	0x00f9
                           0000FA   341 _SPI0_CTRL	=	0x00fa
                           0000FB   342 _SPI0_CK_SE	=	0x00fb
                           0000FC   343 _SPI0_SETUP	=	0x00fc
                           0000C0   344 _SCON1	=	0x00c0
                           0000C1   345 _SBUF1	=	0x00c1
                           0000C2   346 _SBAUD1	=	0x00c2
                           000080   347 _ADC_CTRL	=	0x0080
                           00009A   348 _ADC_CFG	=	0x009a
                           00009F   349 _ADC_DATA	=	0x009f
                           0000C3   350 _TKEY_CTRL	=	0x00c3
                           00C5C4   351 _TKEY_DAT	=	0xc5c4
                           0000C4   352 _TKEY_DATL	=	0x00c4
                           0000C5   353 _TKEY_DATH	=	0x00c5
                           000091   354 _USB_C_CTRL	=	0x0091
                           0000D1   355 _UDEV_CTRL	=	0x00d1
                           0000D2   356 _UEP1_CTRL	=	0x00d2
                           0000D3   357 _UEP1_T_LEN	=	0x00d3
                           0000D4   358 _UEP2_CTRL	=	0x00d4
                           0000D5   359 _UEP2_T_LEN	=	0x00d5
                           0000D6   360 _UEP3_CTRL	=	0x00d6
                           0000D7   361 _UEP3_T_LEN	=	0x00d7
                           0000D8   362 _USB_INT_FG	=	0x00d8
                           0000D9   363 _USB_INT_ST	=	0x00d9
                           0000DA   364 _USB_MIS_ST	=	0x00da
                           0000DB   365 _USB_RX_LEN	=	0x00db
                           0000DC   366 _UEP0_CTRL	=	0x00dc
                           0000DD   367 _UEP0_T_LEN	=	0x00dd
                           0000DE   368 _UEP4_CTRL	=	0x00de
                           0000DF   369 _UEP4_T_LEN	=	0x00df
                           0000E1   370 _USB_INT_EN	=	0x00e1
                           0000E2   371 _USB_CTRL	=	0x00e2
                           0000E3   372 _USB_DEV_AD	=	0x00e3
                           00E5E4   373 _UEP2_DMA	=	0xe5e4
                           0000E4   374 _UEP2_DMA_L	=	0x00e4
                           0000E5   375 _UEP2_DMA_H	=	0x00e5
                           00E7E6   376 _UEP3_DMA	=	0xe7e6
                           0000E6   377 _UEP3_DMA_L	=	0x00e6
                           0000E7   378 _UEP3_DMA_H	=	0x00e7
                           0000EA   379 _UEP4_1_MOD	=	0x00ea
                           0000EB   380 _UEP2_3_MOD	=	0x00eb
                           00EDEC   381 _UEP0_DMA	=	0xedec
                           0000EC   382 _UEP0_DMA_L	=	0x00ec
                           0000ED   383 _UEP0_DMA_H	=	0x00ed
                           00EFEE   384 _UEP1_DMA	=	0xefee
                           0000EE   385 _UEP1_DMA_L	=	0x00ee
                           0000EF   386 _UEP1_DMA_H	=	0x00ef
                                    387 ;--------------------------------------------------------
                                    388 ; special function bits
                                    389 ;--------------------------------------------------------
                                    390 	.area RSEG    (ABS,DATA)
      000000                        391 	.org 0x0000
                           0000D7   392 _CY	=	0x00d7
                           0000D6   393 _AC	=	0x00d6
                           0000D5   394 _F0	=	0x00d5
                           0000D4   395 _RS1	=	0x00d4
                           0000D3   396 _RS0	=	0x00d3
                           0000D2   397 _OV	=	0x00d2
                           0000D1   398 _F1	=	0x00d1
                           0000D0   399 _P	=	0x00d0
                           0000AF   400 _EA	=	0x00af
                           0000AE   401 _E_DIS	=	0x00ae
                           0000AD   402 _ET2	=	0x00ad
                           0000AC   403 _ES	=	0x00ac
                           0000AB   404 _ET1	=	0x00ab
                           0000AA   405 _EX1	=	0x00aa
                           0000A9   406 _ET0	=	0x00a9
                           0000A8   407 _EX0	=	0x00a8
                           0000BF   408 _PH_FLAG	=	0x00bf
                           0000BE   409 _PL_FLAG	=	0x00be
                           0000BD   410 _PT2	=	0x00bd
                           0000BC   411 _PS	=	0x00bc
                           0000BB   412 _PT1	=	0x00bb
                           0000BA   413 _PX1	=	0x00ba
                           0000B9   414 _PT0	=	0x00b9
                           0000B8   415 _PX0	=	0x00b8
                           0000EF   416 _IE_WDOG	=	0x00ef
                           0000EE   417 _IE_GPIO	=	0x00ee
                           0000ED   418 _IE_PWMX	=	0x00ed
                           0000EC   419 _IE_UART1	=	0x00ec
                           0000EB   420 _IE_ADC	=	0x00eb
                           0000EA   421 _IE_USB	=	0x00ea
                           0000E9   422 _IE_TKEY	=	0x00e9
                           0000E8   423 _IE_SPI0	=	0x00e8
                           000097   424 _SCK	=	0x0097
                           000097   425 _TXD1	=	0x0097
                           000097   426 _TIN5	=	0x0097
                           000096   427 _MISO	=	0x0096
                           000096   428 _RXD1	=	0x0096
                           000096   429 _TIN4	=	0x0096
                           000095   430 _MOSI	=	0x0095
                           000095   431 _PWM1	=	0x0095
                           000095   432 _TIN3	=	0x0095
                           000095   433 _UCC2	=	0x0095
                           000095   434 _AIN2	=	0x0095
                           000094   435 _T2_	=	0x0094
                           000094   436 _CAP1_	=	0x0094
                           000094   437 _SCS	=	0x0094
                           000094   438 _TIN2	=	0x0094
                           000094   439 _UCC1	=	0x0094
                           000094   440 _AIN1	=	0x0094
                           000093   441 _TXD_	=	0x0093
                           000092   442 _RXD_	=	0x0092
                           000091   443 _T2EX	=	0x0091
                           000091   444 _CAP2	=	0x0091
                           000091   445 _TIN1	=	0x0091
                           000091   446 _VBUS2	=	0x0091
                           000091   447 _AIN0	=	0x0091
                           000090   448 _T2	=	0x0090
                           000090   449 _CAP1	=	0x0090
                           000090   450 _TIN0	=	0x0090
                           000097   451 _P1_7	=	0x0097
                           000096   452 _P1_6	=	0x0096
                           000095   453 _P1_5	=	0x0095
                           000094   454 _P1_4	=	0x0094
                           000093   455 _P1_3	=	0x0093
                           000092   456 _P1_2	=	0x0092
                           000091   457 _P1_1	=	0x0091
                           000090   458 _P1_0	=	0x0090
                           0000B7   459 _UDM	=	0x00b7
                           0000B6   460 _UDP	=	0x00b6
                           0000B5   461 _T1	=	0x00b5
                           0000B4   462 _PWM2	=	0x00b4
                           0000B4   463 _RXD1_	=	0x00b4
                           0000B4   464 _T0	=	0x00b4
                           0000B3   465 _INT1	=	0x00b3
                           0000B2   466 _TXD1_	=	0x00b2
                           0000B2   467 _INT0	=	0x00b2
                           0000B2   468 _VBUS1	=	0x00b2
                           0000B2   469 _AIN3	=	0x00b2
                           0000B1   470 _PWM2_	=	0x00b1
                           0000B1   471 _TXD	=	0x00b1
                           0000B0   472 _PWM1_	=	0x00b0
                           0000B0   473 _RXD	=	0x00b0
                           0000B7   474 _P3_7	=	0x00b7
                           0000B6   475 _P3_6	=	0x00b6
                           0000B5   476 _P3_5	=	0x00b5
                           0000B4   477 _P3_4	=	0x00b4
                           0000B3   478 _P3_3	=	0x00b3
                           0000B2   479 _P3_2	=	0x00b2
                           0000B1   480 _P3_1	=	0x00b1
                           0000B0   481 _P3_0	=	0x00b0
                           00008F   482 _TF1	=	0x008f
                           00008E   483 _TR1	=	0x008e
                           00008D   484 _TF0	=	0x008d
                           00008C   485 _TR0	=	0x008c
                           00008B   486 _IE1	=	0x008b
                           00008A   487 _IT1	=	0x008a
                           000089   488 _IE0	=	0x0089
                           000088   489 _IT0	=	0x0088
                           00009F   490 _SM0	=	0x009f
                           00009E   491 _SM1	=	0x009e
                           00009D   492 _SM2	=	0x009d
                           00009C   493 _REN	=	0x009c
                           00009B   494 _TB8	=	0x009b
                           00009A   495 _RB8	=	0x009a
                           000099   496 _TI	=	0x0099
                           000098   497 _RI	=	0x0098
                           0000CF   498 _TF2	=	0x00cf
                           0000CF   499 _CAP1F	=	0x00cf
                           0000CE   500 _EXF2	=	0x00ce
                           0000CD   501 _RCLK	=	0x00cd
                           0000CC   502 _TCLK	=	0x00cc
                           0000CB   503 _EXEN2	=	0x00cb
                           0000CA   504 _TR2	=	0x00ca
                           0000C9   505 _C_T2	=	0x00c9
                           0000C8   506 _CP_RL2	=	0x00c8
                           0000FF   507 _S0_FST_ACT	=	0x00ff
                           0000FE   508 _S0_IF_OV	=	0x00fe
                           0000FD   509 _S0_IF_FIRST	=	0x00fd
                           0000FC   510 _S0_IF_BYTE	=	0x00fc
                           0000FB   511 _S0_FREE	=	0x00fb
                           0000FA   512 _S0_T_FIFO	=	0x00fa
                           0000F8   513 _S0_R_FIFO	=	0x00f8
                           0000C7   514 _U1SM0	=	0x00c7
                           0000C5   515 _U1SMOD	=	0x00c5
                           0000C4   516 _U1REN	=	0x00c4
                           0000C3   517 _U1TB8	=	0x00c3
                           0000C2   518 _U1RB8	=	0x00c2
                           0000C1   519 _U1TI	=	0x00c1
                           0000C0   520 _U1RI	=	0x00c0
                           000087   521 _CMPO	=	0x0087
                           000086   522 _CMP_IF	=	0x0086
                           000085   523 _ADC_IF	=	0x0085
                           000084   524 _ADC_START	=	0x0084
                           000083   525 _CMP_CHAN	=	0x0083
                           000081   526 _ADC_CHAN1	=	0x0081
                           000080   527 _ADC_CHAN0	=	0x0080
                           0000DF   528 _U_IS_NAK	=	0x00df
                           0000DE   529 _U_TOG_OK	=	0x00de
                           0000DD   530 _U_SIE_FREE	=	0x00dd
                           0000DC   531 _UIF_FIFO_OV	=	0x00dc
                           0000DB   532 _UIF_HST_SOF	=	0x00db
                           0000DA   533 _UIF_SUSPEND	=	0x00da
                           0000D9   534 _UIF_TRANSFER	=	0x00d9
                           0000D8   535 _UIF_DETECT	=	0x00d8
                           0000D8   536 _UIF_BUS_RST	=	0x00d8
                                    537 ;--------------------------------------------------------
                                    538 ; overlayable register banks
                                    539 ;--------------------------------------------------------
                                    540 	.area REG_BANK_0	(REL,OVR,DATA)
      000000                        541 	.ds 8
                                    542 ;--------------------------------------------------------
                                    543 ; internal ram data
                                    544 ;--------------------------------------------------------
                                    545 	.area DSEG    (DATA)
      000000                        546 _Print_print_ub_writefunc_65536_182:
      000000                        547 	.ds 2
      000002                        548 _Print_print_ub_sloc0_1_0:
      000002                        549 	.ds 1
      000003                        550 _Print_print_ub_sloc1_1_0:
      000003                        551 	.ds 4
      000007                        552 _Print_print_ub_sloc2_1_0:
      000007                        553 	.ds 4
      00000B                        554 _Print_print_ib_writefunc_65536_185:
      00000B                        555 	.ds 2
      00000D                        556 _Print_print_ib_sloc0_1_0:
      00000D                        557 	.ds 1
      00000E                        558 _Print_print_ib_sloc1_1_0:
      00000E                        559 	.ds 4
                                    560 ;--------------------------------------------------------
                                    561 ; overlayable items in internal ram
                                    562 ;--------------------------------------------------------
                                    563 ;--------------------------------------------------------
                                    564 ; indirectly addressable internal ram data
                                    565 ;--------------------------------------------------------
                                    566 	.area ISEG    (DATA)
                                    567 ;--------------------------------------------------------
                                    568 ; absolute internal ram data
                                    569 ;--------------------------------------------------------
                                    570 	.area IABS    (ABS,DATA)
                                    571 	.area IABS    (ABS,DATA)
                                    572 ;--------------------------------------------------------
                                    573 ; bit data
                                    574 ;--------------------------------------------------------
                                    575 	.area BSEG    (BIT)
                                    576 ;--------------------------------------------------------
                                    577 ; paged external ram data
                                    578 ;--------------------------------------------------------
                                    579 	.area PSEG    (PAG,XDATA)
                                    580 ;--------------------------------------------------------
                                    581 ; uninitialized external ram data
                                    582 ;--------------------------------------------------------
                                    583 	.area XSEG    (XDATA)
      000000                        584 _Print_print_sn_PARM_2:
      000000                        585 	.ds 3
      000003                        586 _Print_print_sn_PARM_3:
      000003                        587 	.ds 1
      000004                        588 _Print_print_s_PARM_2:
      000004                        589 	.ds 3
      000007                        590 _Print_print_u_PARM_2:
      000007                        591 	.ds 4
      00000B                        592 _Print_print_i_PARM_2:
      00000B                        593 	.ds 4
      00000F                        594 _Print_print_ub_PARM_2:
      00000F                        595 	.ds 4
      000013                        596 _Print_print_ub_PARM_3:
      000013                        597 	.ds 1
      000014                        598 _Print_print_ub_buf_65536_183:
      000014                        599 	.ds 33
      000035                        600 _Print_print_ib_PARM_2:
      000035                        601 	.ds 4
      000039                        602 _Print_print_ib_PARM_3:
      000039                        603 	.ds 1
                                    604 ;--------------------------------------------------------
                                    605 ; absolute external ram data
                                    606 ;--------------------------------------------------------
                                    607 	.area XABS    (ABS,XDATA)
                                    608 ;--------------------------------------------------------
                                    609 ; initialized external ram data
                                    610 ;--------------------------------------------------------
                                    611 	.area XISEG   (XDATA)
                                    612 	.area HOME    (CODE)
                                    613 	.area GSINIT0 (CODE)
                                    614 	.area GSINIT1 (CODE)
                                    615 	.area GSINIT2 (CODE)
                                    616 	.area GSINIT3 (CODE)
                                    617 	.area GSINIT4 (CODE)
                                    618 	.area GSINIT5 (CODE)
                                    619 	.area GSINIT  (CODE)
                                    620 	.area GSFINAL (CODE)
                                    621 	.area CSEG    (CODE)
                                    622 ;--------------------------------------------------------
                                    623 ; global & static initialisations
                                    624 ;--------------------------------------------------------
                                    625 	.area HOME    (CODE)
                                    626 	.area GSINIT  (CODE)
                                    627 	.area GSFINAL (CODE)
                                    628 	.area GSINIT  (CODE)
                                    629 ;--------------------------------------------------------
                                    630 ; Home
                                    631 ;--------------------------------------------------------
                                    632 	.area HOME    (CODE)
                                    633 	.area HOME    (CODE)
                                    634 ;--------------------------------------------------------
                                    635 ; code
                                    636 ;--------------------------------------------------------
                                    637 	.area CSEG    (CODE)
                                    638 ;------------------------------------------------------------
                                    639 ;Allocation info for local variables in function 'Print_print_sn'
                                    640 ;------------------------------------------------------------
                                    641 ;writefunc                 Allocated to registers r6 r7 
                                    642 ;n                         Allocated to registers r2 
                                    643 ;buffer                    Allocated with name '_Print_print_sn_PARM_2'
                                    644 ;size                      Allocated with name '_Print_print_sn_PARM_3'
                                    645 ;------------------------------------------------------------
                                    646 ;	C:\Users\tonyp\AppData\Local\Arduino15\packages\CH55xDuino\hardware\mcs51\0.0.23\cores\ch55xduino\Print.c:39: uint8_t Print_print_sn(__data writefunc_p writefunc, uint8_t *__xdata buffer,
                                    647 ;	-----------------------------------------
                                    648 ;	 function Print_print_sn
                                    649 ;	-----------------------------------------
      000000                        650 _Print_print_sn:
                           000007   651 	ar7 = 0x07
                           000006   652 	ar6 = 0x06
                           000005   653 	ar5 = 0x05
                           000004   654 	ar4 = 0x04
                           000003   655 	ar3 = 0x03
                           000002   656 	ar2 = 0x02
                           000001   657 	ar1 = 0x01
                           000000   658 	ar0 = 0x00
      000000 AE 82            [24]  659 	mov	r6,dpl
      000002 AF 83            [24]  660 	mov	r7,dph
                                    661 ;	C:\Users\tonyp\AppData\Local\Arduino15\packages\CH55xDuino\hardware\mcs51\0.0.23\cores\ch55xduino\Print.c:42: while (size--) {
      000004 90r00r00         [24]  662 	mov	dptr,#_Print_print_sn_PARM_2
      000007 E0               [24]  663 	movx	a,@dptr
      000008 FB               [12]  664 	mov	r3,a
      000009 A3               [24]  665 	inc	dptr
      00000A E0               [24]  666 	movx	a,@dptr
      00000B FC               [12]  667 	mov	r4,a
      00000C A3               [24]  668 	inc	dptr
      00000D E0               [24]  669 	movx	a,@dptr
      00000E FD               [12]  670 	mov	r5,a
      00000F 7A 00            [12]  671 	mov	r2,#0x00
      000011 90r00r03         [24]  672 	mov	dptr,#_Print_print_sn_PARM_3
      000014 E0               [24]  673 	movx	a,@dptr
      000015 F9               [12]  674 	mov	r1,a
      000016                        675 00104$:
      000016 89 00            [24]  676 	mov	ar0,r1
      000018 19               [12]  677 	dec	r1
      000019 E8               [12]  678 	mov	a,r0
      00001A 60 3F            [24]  679 	jz	00106$
                                    680 ;	C:\Users\tonyp\AppData\Local\Arduino15\packages\CH55xDuino\hardware\mcs51\0.0.23\cores\ch55xduino\Print.c:43: if (writefunc(*buffer++))
      00001C 8B 82            [24]  681 	mov	dpl,r3
      00001E 8C 83            [24]  682 	mov	dph,r4
      000020 8D F0            [24]  683 	mov	b,r5
      000022 12r00r00         [24]  684 	lcall	__gptrget
      000025 F8               [12]  685 	mov	r0,a
      000026 A3               [24]  686 	inc	dptr
      000027 AB 82            [24]  687 	mov	r3,dpl
      000029 AC 83            [24]  688 	mov	r4,dph
      00002B C0 07            [24]  689 	push	ar7
      00002D C0 06            [24]  690 	push	ar6
      00002F C0 05            [24]  691 	push	ar5
      000031 C0 04            [24]  692 	push	ar4
      000033 C0 03            [24]  693 	push	ar3
      000035 C0 02            [24]  694 	push	ar2
      000037 C0 01            [24]  695 	push	ar1
      000039 12r00r3E         [24]  696 	lcall	00123$
      00003C 80 07            [24]  697 	sjmp	00124$
      00003E                        698 00123$:
      00003E C0 06            [24]  699 	push	ar6
      000040 C0 07            [24]  700 	push	ar7
      000042 88 82            [24]  701 	mov	dpl,r0
      000044 22               [24]  702 	ret
      000045                        703 00124$:
      000045 A8 82            [24]  704 	mov	r0,dpl
      000047 D0 01            [24]  705 	pop	ar1
      000049 D0 02            [24]  706 	pop	ar2
      00004B D0 03            [24]  707 	pop	ar3
      00004D D0 04            [24]  708 	pop	ar4
      00004F D0 05            [24]  709 	pop	ar5
      000051 D0 06            [24]  710 	pop	ar6
      000053 D0 07            [24]  711 	pop	ar7
      000055 E8               [12]  712 	mov	a,r0
      000056 60 03            [24]  713 	jz	00106$
                                    714 ;	C:\Users\tonyp\AppData\Local\Arduino15\packages\CH55xDuino\hardware\mcs51\0.0.23\cores\ch55xduino\Print.c:44: n++;
      000058 0A               [12]  715 	inc	r2
                                    716 ;	C:\Users\tonyp\AppData\Local\Arduino15\packages\CH55xDuino\hardware\mcs51\0.0.23\cores\ch55xduino\Print.c:46: break;
      000059 80 BB            [24]  717 	sjmp	00104$
      00005B                        718 00106$:
                                    719 ;	C:\Users\tonyp\AppData\Local\Arduino15\packages\CH55xDuino\hardware\mcs51\0.0.23\cores\ch55xduino\Print.c:48: return n;
      00005B 8A 82            [24]  720 	mov	dpl,r2
                                    721 ;	C:\Users\tonyp\AppData\Local\Arduino15\packages\CH55xDuino\hardware\mcs51\0.0.23\cores\ch55xduino\Print.c:49: }
      00005D 22               [24]  722 	ret
                                    723 ;------------------------------------------------------------
                                    724 ;Allocation info for local variables in function 'Print_print_s'
                                    725 ;------------------------------------------------------------
                                    726 ;writefunc                 Allocated to registers r6 r7 
                                    727 ;n                         Allocated to registers r2 
                                    728 ;c                         Allocated to registers r0 
                                    729 ;str                       Allocated with name '_Print_print_s_PARM_2'
                                    730 ;------------------------------------------------------------
                                    731 ;	C:\Users\tonyp\AppData\Local\Arduino15\packages\CH55xDuino\hardware\mcs51\0.0.23\cores\ch55xduino\Print.c:51: uint8_t Print_print_s(__data writefunc_p writefunc, char *__xdata str) {
                                    732 ;	-----------------------------------------
                                    733 ;	 function Print_print_s
                                    734 ;	-----------------------------------------
      00005E                        735 _Print_print_s:
      00005E AE 82            [24]  736 	mov	r6,dpl
      000060 AF 83            [24]  737 	mov	r7,dph
                                    738 ;	C:\Users\tonyp\AppData\Local\Arduino15\packages\CH55xDuino\hardware\mcs51\0.0.23\cores\ch55xduino\Print.c:55: if (!str)
      000062 90r00r04         [24]  739 	mov	dptr,#_Print_print_s_PARM_2
      000065 E0               [24]  740 	movx	a,@dptr
      000066 FB               [12]  741 	mov	r3,a
      000067 A3               [24]  742 	inc	dptr
      000068 E0               [24]  743 	movx	a,@dptr
      000069 FC               [12]  744 	mov	r4,a
      00006A A3               [24]  745 	inc	dptr
      00006B E0               [24]  746 	movx	a,@dptr
      00006C FD               [12]  747 	mov	r5,a
      00006D 90r00r04         [24]  748 	mov	dptr,#_Print_print_s_PARM_2
      000070 E0               [24]  749 	movx	a,@dptr
      000071 F5 F0            [12]  750 	mov	b,a
      000073 A3               [24]  751 	inc	dptr
      000074 E0               [24]  752 	movx	a,@dptr
      000075 45 F0            [12]  753 	orl	a,b
                                    754 ;	C:\Users\tonyp\AppData\Local\Arduino15\packages\CH55xDuino\hardware\mcs51\0.0.23\cores\ch55xduino\Print.c:56: return 0;
      000077 70 03            [24]  755 	jnz	00114$
      000079 F5 82            [12]  756 	mov	dpl,a
                                    757 ;	C:\Users\tonyp\AppData\Local\Arduino15\packages\CH55xDuino\hardware\mcs51\0.0.23\cores\ch55xduino\Print.c:58: while (c = *str++) { // assignment intented
      00007B 22               [24]  758 	ret
      00007C                        759 00114$:
      00007C 7A 00            [12]  760 	mov	r2,#0x00
      00007E                        761 00106$:
      00007E 8B 82            [24]  762 	mov	dpl,r3
      000080 8C 83            [24]  763 	mov	dph,r4
      000082 8D F0            [24]  764 	mov	b,r5
      000084 12r00r00         [24]  765 	lcall	__gptrget
      000087 F9               [12]  766 	mov	r1,a
      000088 A3               [24]  767 	inc	dptr
      000089 AB 82            [24]  768 	mov	r3,dpl
      00008B AC 83            [24]  769 	mov	r4,dph
      00008D E9               [12]  770 	mov	a,r1
      00008E F8               [12]  771 	mov	r0,a
      00008F 60 2C            [24]  772 	jz	00108$
                                    773 ;	C:\Users\tonyp\AppData\Local\Arduino15\packages\CH55xDuino\hardware\mcs51\0.0.23\cores\ch55xduino\Print.c:59: if (writefunc(c))
      000091 C0 07            [24]  774 	push	ar7
      000093 C0 06            [24]  775 	push	ar6
      000095 C0 05            [24]  776 	push	ar5
      000097 C0 04            [24]  777 	push	ar4
      000099 C0 03            [24]  778 	push	ar3
      00009B C0 02            [24]  779 	push	ar2
      00009D 12r00rA2         [24]  780 	lcall	00130$
      0000A0 80 07            [24]  781 	sjmp	00131$
      0000A2                        782 00130$:
      0000A2 C0 06            [24]  783 	push	ar6
      0000A4 C0 07            [24]  784 	push	ar7
      0000A6 88 82            [24]  785 	mov	dpl,r0
      0000A8 22               [24]  786 	ret
      0000A9                        787 00131$:
      0000A9 A9 82            [24]  788 	mov	r1,dpl
      0000AB D0 02            [24]  789 	pop	ar2
      0000AD D0 03            [24]  790 	pop	ar3
      0000AF D0 04            [24]  791 	pop	ar4
      0000B1 D0 05            [24]  792 	pop	ar5
      0000B3 D0 06            [24]  793 	pop	ar6
      0000B5 D0 07            [24]  794 	pop	ar7
      0000B7 E9               [12]  795 	mov	a,r1
      0000B8 60 03            [24]  796 	jz	00108$
                                    797 ;	C:\Users\tonyp\AppData\Local\Arduino15\packages\CH55xDuino\hardware\mcs51\0.0.23\cores\ch55xduino\Print.c:60: n++;
      0000BA 0A               [12]  798 	inc	r2
                                    799 ;	C:\Users\tonyp\AppData\Local\Arduino15\packages\CH55xDuino\hardware\mcs51\0.0.23\cores\ch55xduino\Print.c:62: break;
      0000BB 80 C1            [24]  800 	sjmp	00106$
      0000BD                        801 00108$:
                                    802 ;	C:\Users\tonyp\AppData\Local\Arduino15\packages\CH55xDuino\hardware\mcs51\0.0.23\cores\ch55xduino\Print.c:64: return n;
      0000BD 8A 82            [24]  803 	mov	dpl,r2
                                    804 ;	C:\Users\tonyp\AppData\Local\Arduino15\packages\CH55xDuino\hardware\mcs51\0.0.23\cores\ch55xduino\Print.c:65: }
      0000BF 22               [24]  805 	ret
                                    806 ;------------------------------------------------------------
                                    807 ;Allocation info for local variables in function 'Print_print_u'
                                    808 ;------------------------------------------------------------
                                    809 ;writefunc                 Allocated to registers r6 r7 
                                    810 ;n                         Allocated with name '_Print_print_u_PARM_2'
                                    811 ;------------------------------------------------------------
                                    812 ;	C:\Users\tonyp\AppData\Local\Arduino15\packages\CH55xDuino\hardware\mcs51\0.0.23\cores\ch55xduino\Print.c:67: uint8_t Print_print_u(__data writefunc_p writefunc, __xdata unsigned long n) {
                                    813 ;	-----------------------------------------
                                    814 ;	 function Print_print_u
                                    815 ;	-----------------------------------------
      0000C0                        816 _Print_print_u:
      0000C0 AE 82            [24]  817 	mov	r6,dpl
      0000C2 AF 83            [24]  818 	mov	r7,dph
                                    819 ;	C:\Users\tonyp\AppData\Local\Arduino15\packages\CH55xDuino\hardware\mcs51\0.0.23\cores\ch55xduino\Print.c:68: return printNumber(writefunc, n, 10);
      0000C4 90r00r07         [24]  820 	mov	dptr,#_Print_print_u_PARM_2
      0000C7 E0               [24]  821 	movx	a,@dptr
      0000C8 FA               [12]  822 	mov	r2,a
      0000C9 A3               [24]  823 	inc	dptr
      0000CA E0               [24]  824 	movx	a,@dptr
      0000CB FB               [12]  825 	mov	r3,a
      0000CC A3               [24]  826 	inc	dptr
      0000CD E0               [24]  827 	movx	a,@dptr
      0000CE FC               [12]  828 	mov	r4,a
      0000CF A3               [24]  829 	inc	dptr
      0000D0 E0               [24]  830 	movx	a,@dptr
      0000D1 FD               [12]  831 	mov	r5,a
      0000D2 90r00r0F         [24]  832 	mov	dptr,#_Print_print_ub_PARM_2
      0000D5 EA               [12]  833 	mov	a,r2
      0000D6 F0               [24]  834 	movx	@dptr,a
      0000D7 EB               [12]  835 	mov	a,r3
      0000D8 A3               [24]  836 	inc	dptr
      0000D9 F0               [24]  837 	movx	@dptr,a
      0000DA EC               [12]  838 	mov	a,r4
      0000DB A3               [24]  839 	inc	dptr
      0000DC F0               [24]  840 	movx	@dptr,a
      0000DD ED               [12]  841 	mov	a,r5
      0000DE A3               [24]  842 	inc	dptr
      0000DF F0               [24]  843 	movx	@dptr,a
      0000E0 90r00r13         [24]  844 	mov	dptr,#_Print_print_ub_PARM_3
      0000E3 74 0A            [12]  845 	mov	a,#0x0a
      0000E5 F0               [24]  846 	movx	@dptr,a
      0000E6 8E 82            [24]  847 	mov	dpl,r6
      0000E8 8F 83            [24]  848 	mov	dph,r7
                                    849 ;	C:\Users\tonyp\AppData\Local\Arduino15\packages\CH55xDuino\hardware\mcs51\0.0.23\cores\ch55xduino\Print.c:69: }
      0000EA 02r01r51         [24]  850 	ljmp	_Print_print_ub
                                    851 ;------------------------------------------------------------
                                    852 ;Allocation info for local variables in function 'Print_print_i'
                                    853 ;------------------------------------------------------------
                                    854 ;writefunc                 Allocated to registers r6 r7 
                                    855 ;n                         Allocated with name '_Print_print_i_PARM_2'
                                    856 ;------------------------------------------------------------
                                    857 ;	C:\Users\tonyp\AppData\Local\Arduino15\packages\CH55xDuino\hardware\mcs51\0.0.23\cores\ch55xduino\Print.c:71: uint8_t Print_print_i(__data writefunc_p writefunc, __xdata long n) {
                                    858 ;	-----------------------------------------
                                    859 ;	 function Print_print_i
                                    860 ;	-----------------------------------------
      0000ED                        861 _Print_print_i:
      0000ED AE 82            [24]  862 	mov	r6,dpl
      0000EF AF 83            [24]  863 	mov	r7,dph
                                    864 ;	C:\Users\tonyp\AppData\Local\Arduino15\packages\CH55xDuino\hardware\mcs51\0.0.23\cores\ch55xduino\Print.c:72: return printInt(writefunc, n, 10);
      0000F1 90r00r0B         [24]  865 	mov	dptr,#_Print_print_i_PARM_2
      0000F4 E0               [24]  866 	movx	a,@dptr
      0000F5 FA               [12]  867 	mov	r2,a
      0000F6 A3               [24]  868 	inc	dptr
      0000F7 E0               [24]  869 	movx	a,@dptr
      0000F8 FB               [12]  870 	mov	r3,a
      0000F9 A3               [24]  871 	inc	dptr
      0000FA E0               [24]  872 	movx	a,@dptr
      0000FB FC               [12]  873 	mov	r4,a
      0000FC A3               [24]  874 	inc	dptr
      0000FD E0               [24]  875 	movx	a,@dptr
      0000FE FD               [12]  876 	mov	r5,a
      0000FF 90r00r35         [24]  877 	mov	dptr,#_Print_print_ib_PARM_2
      000102 EA               [12]  878 	mov	a,r2
      000103 F0               [24]  879 	movx	@dptr,a
      000104 EB               [12]  880 	mov	a,r3
      000105 A3               [24]  881 	inc	dptr
      000106 F0               [24]  882 	movx	@dptr,a
      000107 EC               [12]  883 	mov	a,r4
      000108 A3               [24]  884 	inc	dptr
      000109 F0               [24]  885 	movx	@dptr,a
      00010A ED               [12]  886 	mov	a,r5
      00010B A3               [24]  887 	inc	dptr
      00010C F0               [24]  888 	movx	@dptr,a
      00010D 90r00r39         [24]  889 	mov	dptr,#_Print_print_ib_PARM_3
      000110 74 0A            [12]  890 	mov	a,#0x0a
      000112 F0               [24]  891 	movx	@dptr,a
      000113 8E 82            [24]  892 	mov	dpl,r6
      000115 8F 83            [24]  893 	mov	dph,r7
                                    894 ;	C:\Users\tonyp\AppData\Local\Arduino15\packages\CH55xDuino\hardware\mcs51\0.0.23\cores\ch55xduino\Print.c:73: }
      000117 02r02r3A         [24]  895 	ljmp	_Print_print_ib
                                    896 ;------------------------------------------------------------
                                    897 ;Allocation info for local variables in function 'Print_println'
                                    898 ;------------------------------------------------------------
                                    899 ;writefunc                 Allocated to registers r6 r7 
                                    900 ;n                         Allocated to registers r6 
                                    901 ;------------------------------------------------------------
                                    902 ;	C:\Users\tonyp\AppData\Local\Arduino15\packages\CH55xDuino\hardware\mcs51\0.0.23\cores\ch55xduino\Print.c:78: uint8_t Print_println(__data writefunc_p writefunc) {
                                    903 ;	-----------------------------------------
                                    904 ;	 function Print_println
                                    905 ;	-----------------------------------------
      00011A                        906 _Print_println:
      00011A AE 82            [24]  907 	mov	r6,dpl
      00011C AF 83            [24]  908 	mov	r7,dph
                                    909 ;	C:\Users\tonyp\AppData\Local\Arduino15\packages\CH55xDuino\hardware\mcs51\0.0.23\cores\ch55xduino\Print.c:81: n = writefunc(13);
      00011E C0 07            [24]  910 	push	ar7
      000120 C0 06            [24]  911 	push	ar6
      000122 12r01r27         [24]  912 	lcall	00103$
      000125 80 08            [24]  913 	sjmp	00104$
      000127                        914 00103$:
      000127 C0 06            [24]  915 	push	ar6
      000129 C0 07            [24]  916 	push	ar7
      00012B 75 82 0D         [24]  917 	mov	dpl,#0x0d
      00012E 22               [24]  918 	ret
      00012F                        919 00104$:
      00012F AD 82            [24]  920 	mov	r5,dpl
      000131 D0 06            [24]  921 	pop	ar6
      000133 D0 07            [24]  922 	pop	ar7
                                    923 ;	C:\Users\tonyp\AppData\Local\Arduino15\packages\CH55xDuino\hardware\mcs51\0.0.23\cores\ch55xduino\Print.c:82: n += writefunc(10);
      000135 C0 07            [24]  924 	push	ar7
      000137 C0 05            [24]  925 	push	ar5
      000139 12r01r3E         [24]  926 	lcall	00105$
      00013C 80 08            [24]  927 	sjmp	00106$
      00013E                        928 00105$:
      00013E C0 06            [24]  929 	push	ar6
      000140 C0 07            [24]  930 	push	ar7
      000142 75 82 0A         [24]  931 	mov	dpl,#0x0a
      000145 22               [24]  932 	ret
      000146                        933 00106$:
      000146 AE 82            [24]  934 	mov	r6,dpl
      000148 D0 05            [24]  935 	pop	ar5
      00014A D0 07            [24]  936 	pop	ar7
      00014C EE               [12]  937 	mov	a,r6
      00014D 2D               [12]  938 	add	a,r5
                                    939 ;	C:\Users\tonyp\AppData\Local\Arduino15\packages\CH55xDuino\hardware\mcs51\0.0.23\cores\ch55xduino\Print.c:83: return n;
                                    940 ;	C:\Users\tonyp\AppData\Local\Arduino15\packages\CH55xDuino\hardware\mcs51\0.0.23\cores\ch55xduino\Print.c:84: }
      00014E F5 82            [12]  941 	mov	dpl,a
      000150 22               [24]  942 	ret
                                    943 ;------------------------------------------------------------
                                    944 ;Allocation info for local variables in function 'Print_print_ub'
                                    945 ;------------------------------------------------------------
                                    946 ;writefunc                 Allocated with name '_Print_print_ub_writefunc_65536_182'
                                    947 ;c                         Allocated to registers r0 
                                    948 ;sloc0                     Allocated with name '_Print_print_ub_sloc0_1_0'
                                    949 ;sloc1                     Allocated with name '_Print_print_ub_sloc1_1_0'
                                    950 ;sloc2                     Allocated with name '_Print_print_ub_sloc2_1_0'
                                    951 ;n                         Allocated with name '_Print_print_ub_PARM_2'
                                    952 ;base                      Allocated with name '_Print_print_ub_PARM_3'
                                    953 ;buf                       Allocated with name '_Print_print_ub_buf_65536_183'
                                    954 ;str                       Allocated with name '_Print_print_ub_str_65536_183'
                                    955 ;------------------------------------------------------------
                                    956 ;	C:\Users\tonyp\AppData\Local\Arduino15\packages\CH55xDuino\hardware\mcs51\0.0.23\cores\ch55xduino\Print.c:86: uint8_t Print_print_ub(__data writefunc_p writefunc, __xdata unsigned long n,
                                    957 ;	-----------------------------------------
                                    958 ;	 function Print_print_ub
                                    959 ;	-----------------------------------------
      000151                        960 _Print_print_ub:
      000151 85 82*00         [24]  961 	mov	_Print_print_ub_writefunc_65536_182,dpl
      000154 85 83*01         [24]  962 	mov	(_Print_print_ub_writefunc_65536_182 + 1),dph
                                    963 ;	C:\Users\tonyp\AppData\Local\Arduino15\packages\CH55xDuino\hardware\mcs51\0.0.23\cores\ch55xduino\Print.c:89: __xdata char *str = &buf[sizeof(buf) - 1];
                                    964 ;	C:\Users\tonyp\AppData\Local\Arduino15\packages\CH55xDuino\hardware\mcs51\0.0.23\cores\ch55xduino\Print.c:91: *str = '\0';
      000157 90r00r34         [24]  965 	mov	dptr,#(_Print_print_ub_buf_65536_183 + 0x0020)
      00015A E4               [12]  966 	clr	a
      00015B F0               [24]  967 	movx	@dptr,a
                                    968 ;	C:\Users\tonyp\AppData\Local\Arduino15\packages\CH55xDuino\hardware\mcs51\0.0.23\cores\ch55xduino\Print.c:94: if (base < 2)
      00015C 90r00r13         [24]  969 	mov	dptr,#_Print_print_ub_PARM_3
      00015F E0               [24]  970 	movx	a,@dptr
      000160 FD               [12]  971 	mov	r5,a
      000161 BD 02 00         [24]  972 	cjne	r5,#0x02,00127$
      000164                        973 00127$:
      000164 50 06            [24]  974 	jnc	00112$
                                    975 ;	C:\Users\tonyp\AppData\Local\Arduino15\packages\CH55xDuino\hardware\mcs51\0.0.23\cores\ch55xduino\Print.c:95: base = 10;
      000166 90r00r13         [24]  976 	mov	dptr,#_Print_print_ub_PARM_3
      000169 74 0A            [12]  977 	mov	a,#0x0a
      00016B F0               [24]  978 	movx	@dptr,a
                                    979 ;	C:\Users\tonyp\AppData\Local\Arduino15\packages\CH55xDuino\hardware\mcs51\0.0.23\cores\ch55xduino\Print.c:97: do {
      00016C                        980 00112$:
      00016C 90r00r13         [24]  981 	mov	dptr,#_Print_print_ub_PARM_3
      00016F E0               [24]  982 	movx	a,@dptr
      000170 F5*02            [12]  983 	mov	_Print_print_ub_sloc0_1_0,a
      000172 7Br34            [12]  984 	mov	r3,#(_Print_print_ub_buf_65536_183 + 0x0020)
      000174 7Cs00            [12]  985 	mov	r4,#((_Print_print_ub_buf_65536_183 + 0x0020) >> 8)
      000176                        986 00103$:
                                    987 ;	C:\Users\tonyp\AppData\Local\Arduino15\packages\CH55xDuino\hardware\mcs51\0.0.23\cores\ch55xduino\Print.c:98: __data char c = n % base;
      000176 90r00r0F         [24]  988 	mov	dptr,#_Print_print_ub_PARM_2
      000179 E0               [24]  989 	movx	a,@dptr
      00017A F5*03            [12]  990 	mov	_Print_print_ub_sloc1_1_0,a
      00017C A3               [24]  991 	inc	dptr
      00017D E0               [24]  992 	movx	a,@dptr
      00017E F5*04            [12]  993 	mov	(_Print_print_ub_sloc1_1_0 + 1),a
      000180 A3               [24]  994 	inc	dptr
      000181 E0               [24]  995 	movx	a,@dptr
      000182 F5*05            [12]  996 	mov	(_Print_print_ub_sloc1_1_0 + 2),a
      000184 A3               [24]  997 	inc	dptr
      000185 E0               [24]  998 	movx	a,@dptr
      000186 F5*06            [12]  999 	mov	(_Print_print_ub_sloc1_1_0 + 3),a
      000188 85*02*07         [24] 1000 	mov	_Print_print_ub_sloc2_1_0,_Print_print_ub_sloc0_1_0
      00018B 75*08 00         [24] 1001 	mov	(_Print_print_ub_sloc2_1_0 + 1),#0x00
      00018E 75*09 00         [24] 1002 	mov	(_Print_print_ub_sloc2_1_0 + 2),#0x00
      000191 75*0A 00         [24] 1003 	mov	(_Print_print_ub_sloc2_1_0 + 3),#0x00
      000194 C0 04            [24] 1004 	push	ar4
      000196 C0 03            [24] 1005 	push	ar3
      000198 C0*07            [24] 1006 	push	_Print_print_ub_sloc2_1_0
      00019A C0*08            [24] 1007 	push	(_Print_print_ub_sloc2_1_0 + 1)
      00019C C0*09            [24] 1008 	push	(_Print_print_ub_sloc2_1_0 + 2)
      00019E C0*0A            [24] 1009 	push	(_Print_print_ub_sloc2_1_0 + 3)
      0001A0 85*03 82         [24] 1010 	mov	dpl,_Print_print_ub_sloc1_1_0
      0001A3 85*04 83         [24] 1011 	mov	dph,(_Print_print_ub_sloc1_1_0 + 1)
      0001A6 85*05 F0         [24] 1012 	mov	b,(_Print_print_ub_sloc1_1_0 + 2)
      0001A9 E5*06            [12] 1013 	mov	a,(_Print_print_ub_sloc1_1_0 + 3)
      0001AB 12r00r00         [24] 1014 	lcall	__modulong
      0001AE A8 82            [24] 1015 	mov	r0,dpl
      0001B0 E5 81            [12] 1016 	mov	a,sp
      0001B2 24 FC            [12] 1017 	add	a,#0xfc
      0001B4 F5 81            [12] 1018 	mov	sp,a
                                   1019 ;	C:\Users\tonyp\AppData\Local\Arduino15\packages\CH55xDuino\hardware\mcs51\0.0.23\cores\ch55xduino\Print.c:99: n /= base;
      0001B6 C0 00            [24] 1020 	push	ar0
      0001B8 C0*07            [24] 1021 	push	_Print_print_ub_sloc2_1_0
      0001BA C0*08            [24] 1022 	push	(_Print_print_ub_sloc2_1_0 + 1)
      0001BC C0*09            [24] 1023 	push	(_Print_print_ub_sloc2_1_0 + 2)
      0001BE C0*0A            [24] 1024 	push	(_Print_print_ub_sloc2_1_0 + 3)
      0001C0 85*03 82         [24] 1025 	mov	dpl,_Print_print_ub_sloc1_1_0
      0001C3 85*04 83         [24] 1026 	mov	dph,(_Print_print_ub_sloc1_1_0 + 1)
      0001C6 85*05 F0         [24] 1027 	mov	b,(_Print_print_ub_sloc1_1_0 + 2)
      0001C9 E5*06            [12] 1028 	mov	a,(_Print_print_ub_sloc1_1_0 + 3)
      0001CB 12r00r00         [24] 1029 	lcall	__divulong
      0001CE AA 82            [24] 1030 	mov	r2,dpl
      0001D0 AD 83            [24] 1031 	mov	r5,dph
      0001D2 AE F0            [24] 1032 	mov	r6,b
      0001D4 FF               [12] 1033 	mov	r7,a
      0001D5 E5 81            [12] 1034 	mov	a,sp
      0001D7 24 FC            [12] 1035 	add	a,#0xfc
      0001D9 F5 81            [12] 1036 	mov	sp,a
      0001DB D0 00            [24] 1037 	pop	ar0
      0001DD D0 03            [24] 1038 	pop	ar3
      0001DF D0 04            [24] 1039 	pop	ar4
      0001E1 90r00r0F         [24] 1040 	mov	dptr,#_Print_print_ub_PARM_2
      0001E4 EA               [12] 1041 	mov	a,r2
      0001E5 F0               [24] 1042 	movx	@dptr,a
      0001E6 ED               [12] 1043 	mov	a,r5
      0001E7 A3               [24] 1044 	inc	dptr
      0001E8 F0               [24] 1045 	movx	@dptr,a
      0001E9 EE               [12] 1046 	mov	a,r6
      0001EA A3               [24] 1047 	inc	dptr
      0001EB F0               [24] 1048 	movx	@dptr,a
      0001EC EF               [12] 1049 	mov	a,r7
      0001ED A3               [24] 1050 	inc	dptr
      0001EE F0               [24] 1051 	movx	@dptr,a
                                   1052 ;	C:\Users\tonyp\AppData\Local\Arduino15\packages\CH55xDuino\hardware\mcs51\0.0.23\cores\ch55xduino\Print.c:101: *--str = c < 10 ? c + '0' : c + 'A' - 10;
      0001EF 1B               [12] 1053 	dec	r3
      0001F0 BB FF 01         [24] 1054 	cjne	r3,#0xff,00129$
      0001F3 1C               [12] 1055 	dec	r4
      0001F4                       1056 00129$:
      0001F4 8B 06            [24] 1057 	mov	ar6,r3
      0001F6 8C 07            [24] 1058 	mov	ar7,r4
      0001F8 B8 0A 00         [24] 1059 	cjne	r0,#0x0a,00130$
      0001FB                       1060 00130$:
      0001FB 50 08            [24] 1061 	jnc	00108$
      0001FD 88 05            [24] 1062 	mov	ar5,r0
      0001FF 74 30            [12] 1063 	mov	a,#0x30
      000201 2D               [12] 1064 	add	a,r5
      000202 FD               [12] 1065 	mov	r5,a
      000203 80 04            [24] 1066 	sjmp	00109$
      000205                       1067 00108$:
      000205 74 37            [12] 1068 	mov	a,#0x37
      000207 28               [12] 1069 	add	a,r0
      000208 FD               [12] 1070 	mov	r5,a
      000209                       1071 00109$:
      000209 8E 82            [24] 1072 	mov	dpl,r6
      00020B 8F 83            [24] 1073 	mov	dph,r7
      00020D ED               [12] 1074 	mov	a,r5
      00020E F0               [24] 1075 	movx	@dptr,a
                                   1076 ;	C:\Users\tonyp\AppData\Local\Arduino15\packages\CH55xDuino\hardware\mcs51\0.0.23\cores\ch55xduino\Print.c:102: } while (n);
      00020F 90r00r0F         [24] 1077 	mov	dptr,#_Print_print_ub_PARM_2
      000212 E0               [24] 1078 	movx	a,@dptr
      000213 F5 F0            [12] 1079 	mov	b,a
      000215 A3               [24] 1080 	inc	dptr
      000216 E0               [24] 1081 	movx	a,@dptr
      000217 42 F0            [12] 1082 	orl	b,a
      000219 A3               [24] 1083 	inc	dptr
      00021A E0               [24] 1084 	movx	a,@dptr
      00021B 42 F0            [12] 1085 	orl	b,a
      00021D A3               [24] 1086 	inc	dptr
      00021E E0               [24] 1087 	movx	a,@dptr
      00021F 45 F0            [12] 1088 	orl	a,b
      000221 60 03            [24] 1089 	jz	00132$
      000223 02r01r76         [24] 1090 	ljmp	00103$
      000226                       1091 00132$:
                                   1092 ;	C:\Users\tonyp\AppData\Local\Arduino15\packages\CH55xDuino\hardware\mcs51\0.0.23\cores\ch55xduino\Print.c:104: return Print_print_s(writefunc, str);
      000226 90r00r04         [24] 1093 	mov	dptr,#_Print_print_s_PARM_2
      000229 EB               [12] 1094 	mov	a,r3
      00022A F0               [24] 1095 	movx	@dptr,a
      00022B EC               [12] 1096 	mov	a,r4
      00022C A3               [24] 1097 	inc	dptr
      00022D F0               [24] 1098 	movx	@dptr,a
      00022E E4               [12] 1099 	clr	a
      00022F A3               [24] 1100 	inc	dptr
      000230 F0               [24] 1101 	movx	@dptr,a
      000231 85*00 82         [24] 1102 	mov	dpl,_Print_print_ub_writefunc_65536_182
      000234 85*01 83         [24] 1103 	mov	dph,(_Print_print_ub_writefunc_65536_182 + 1)
                                   1104 ;	C:\Users\tonyp\AppData\Local\Arduino15\packages\CH55xDuino\hardware\mcs51\0.0.23\cores\ch55xduino\Print.c:105: }
      000237 02r00r5E         [24] 1105 	ljmp	_Print_print_s
                                   1106 ;------------------------------------------------------------
                                   1107 ;Allocation info for local variables in function 'Print_print_ib'
                                   1108 ;------------------------------------------------------------
                                   1109 ;writefunc                 Allocated with name '_Print_print_ib_writefunc_65536_185'
                                   1110 ;t                         Allocated to registers 
                                   1111 ;sloc0                     Allocated with name '_Print_print_ib_sloc0_1_0'
                                   1112 ;sloc1                     Allocated with name '_Print_print_ib_sloc1_1_0'
                                   1113 ;n                         Allocated with name '_Print_print_ib_PARM_2'
                                   1114 ;base                      Allocated with name '_Print_print_ib_PARM_3'
                                   1115 ;------------------------------------------------------------
                                   1116 ;	C:\Users\tonyp\AppData\Local\Arduino15\packages\CH55xDuino\hardware\mcs51\0.0.23\cores\ch55xduino\Print.c:107: uint8_t Print_print_ib(__data writefunc_p writefunc, __xdata long n,
                                   1117 ;	-----------------------------------------
                                   1118 ;	 function Print_print_ib
                                   1119 ;	-----------------------------------------
      00023A                       1120 _Print_print_ib:
      00023A 85 82*0B         [24] 1121 	mov	_Print_print_ib_writefunc_65536_185,dpl
      00023D 85 83*0C         [24] 1122 	mov	(_Print_print_ib_writefunc_65536_185 + 1),dph
                                   1123 ;	C:\Users\tonyp\AppData\Local\Arduino15\packages\CH55xDuino\hardware\mcs51\0.0.23\cores\ch55xduino\Print.c:109: if (base == 0) {
      000240 90r00r39         [24] 1124 	mov	dptr,#_Print_print_ib_PARM_3
      000243 E0               [24] 1125 	movx	a,@dptr
      000244 FD               [12] 1126 	mov	r5,a
      000245 70 1B            [24] 1127 	jnz	00107$
                                   1128 ;	C:\Users\tonyp\AppData\Local\Arduino15\packages\CH55xDuino\hardware\mcs51\0.0.23\cores\ch55xduino\Print.c:110: return writefunc((unsigned char)n);
      000247 90r00r35         [24] 1129 	mov	dptr,#_Print_print_ib_PARM_2
      00024A E0               [24] 1130 	movx	a,@dptr
      00024B F9               [12] 1131 	mov	r1,a
      00024C A3               [24] 1132 	inc	dptr
      00024D E0               [24] 1133 	movx	a,@dptr
      00024E FA               [12] 1134 	mov	r2,a
      00024F A3               [24] 1135 	inc	dptr
      000250 E0               [24] 1136 	movx	a,@dptr
      000251 FB               [12] 1137 	mov	r3,a
      000252 A3               [24] 1138 	inc	dptr
      000253 E0               [24] 1139 	movx	a,@dptr
      000254 FC               [12] 1140 	mov	r4,a
      000255 12r02r5A         [24] 1141 	lcall	00124$
      000258 80 07            [24] 1142 	sjmp	00125$
      00025A                       1143 00124$:
      00025A C0*0B            [24] 1144 	push	_Print_print_ib_writefunc_65536_185
      00025C C0*0C            [24] 1145 	push	(_Print_print_ib_writefunc_65536_185 + 1)
      00025E 89 82            [24] 1146 	mov	dpl,r1
      000260 22               [24] 1147 	ret
      000261                       1148 00125$:
      000261 22               [24] 1149 	ret
      000262                       1150 00107$:
                                   1151 ;	C:\Users\tonyp\AppData\Local\Arduino15\packages\CH55xDuino\hardware\mcs51\0.0.23\cores\ch55xduino\Print.c:111: } else if (base == 10) {
      000262 BD 0A 02         [24] 1152 	cjne	r5,#0x0a,00126$
      000265 80 03            [24] 1153 	sjmp	00127$
      000267                       1154 00126$:
      000267 02r03r07         [24] 1155 	ljmp	00104$
      00026A                       1156 00127$:
                                   1157 ;	C:\Users\tonyp\AppData\Local\Arduino15\packages\CH55xDuino\hardware\mcs51\0.0.23\cores\ch55xduino\Print.c:112: if (n < 0) {
      00026A 90r00r35         [24] 1158 	mov	dptr,#_Print_print_ib_PARM_2
      00026D E0               [24] 1159 	movx	a,@dptr
      00026E F9               [12] 1160 	mov	r1,a
      00026F A3               [24] 1161 	inc	dptr
      000270 E0               [24] 1162 	movx	a,@dptr
      000271 FA               [12] 1163 	mov	r2,a
      000272 A3               [24] 1164 	inc	dptr
      000273 E0               [24] 1165 	movx	a,@dptr
      000274 FB               [12] 1166 	mov	r3,a
      000275 A3               [24] 1167 	inc	dptr
      000276 E0               [24] 1168 	movx	a,@dptr
      000277 FC               [12] 1169 	mov	r4,a
      000278 30 E7 6F         [24] 1170 	jnb	acc.7,00102$
                                   1171 ;	C:\Users\tonyp\AppData\Local\Arduino15\packages\CH55xDuino\hardware\mcs51\0.0.23\cores\ch55xduino\Print.c:113: __data int t = writefunc('-');
      00027B C0 04            [24] 1172 	push	ar4
      00027D C0 03            [24] 1173 	push	ar3
      00027F C0 02            [24] 1174 	push	ar2
      000281 C0 01            [24] 1175 	push	ar1
      000283 12r02r88         [24] 1176 	lcall	00129$
      000286 80 08            [24] 1177 	sjmp	00130$
      000288                       1178 00129$:
      000288 C0*0B            [24] 1179 	push	_Print_print_ib_writefunc_65536_185
      00028A C0*0C            [24] 1180 	push	(_Print_print_ib_writefunc_65536_185 + 1)
      00028C 75 82 2D         [24] 1181 	mov	dpl,#0x2d
      00028F 22               [24] 1182 	ret
      000290                       1183 00130$:
      000290 A8 82            [24] 1184 	mov	r0,dpl
      000292 D0 01            [24] 1185 	pop	ar1
      000294 D0 02            [24] 1186 	pop	ar2
      000296 D0 03            [24] 1187 	pop	ar3
      000298 D0 04            [24] 1188 	pop	ar4
      00029A 88*0D            [24] 1189 	mov	_Print_print_ib_sloc0_1_0,r0
                                   1190 ;	C:\Users\tonyp\AppData\Local\Arduino15\packages\CH55xDuino\hardware\mcs51\0.0.23\cores\ch55xduino\Print.c:114: n = -n;
      00029C 90r00r35         [24] 1191 	mov	dptr,#_Print_print_ib_PARM_2
      00029F C3               [12] 1192 	clr	c
      0002A0 E4               [12] 1193 	clr	a
      0002A1 99               [12] 1194 	subb	a,r1
      0002A2 F0               [24] 1195 	movx	@dptr,a
      0002A3 E4               [12] 1196 	clr	a
      0002A4 9A               [12] 1197 	subb	a,r2
      0002A5 A3               [24] 1198 	inc	dptr
      0002A6 F0               [24] 1199 	movx	@dptr,a
      0002A7 E4               [12] 1200 	clr	a
      0002A8 9B               [12] 1201 	subb	a,r3
      0002A9 A3               [24] 1202 	inc	dptr
      0002AA F0               [24] 1203 	movx	@dptr,a
      0002AB E4               [12] 1204 	clr	a
      0002AC 9C               [12] 1205 	subb	a,r4
      0002AD A3               [24] 1206 	inc	dptr
      0002AE F0               [24] 1207 	movx	@dptr,a
                                   1208 ;	C:\Users\tonyp\AppData\Local\Arduino15\packages\CH55xDuino\hardware\mcs51\0.0.23\cores\ch55xduino\Print.c:115: return printNumber(writefunc, n, 10) + t;
      0002AF 90r00r35         [24] 1209 	mov	dptr,#_Print_print_ib_PARM_2
      0002B2 E0               [24] 1210 	movx	a,@dptr
      0002B3 F5*0E            [12] 1211 	mov	_Print_print_ib_sloc1_1_0,a
      0002B5 A3               [24] 1212 	inc	dptr
      0002B6 E0               [24] 1213 	movx	a,@dptr
      0002B7 F5*0F            [12] 1214 	mov	(_Print_print_ib_sloc1_1_0 + 1),a
      0002B9 A3               [24] 1215 	inc	dptr
      0002BA E0               [24] 1216 	movx	a,@dptr
      0002BB F5*10            [12] 1217 	mov	(_Print_print_ib_sloc1_1_0 + 2),a
      0002BD A3               [24] 1218 	inc	dptr
      0002BE E0               [24] 1219 	movx	a,@dptr
      0002BF F5*11            [12] 1220 	mov	(_Print_print_ib_sloc1_1_0 + 3),a
      0002C1 90r00r0F         [24] 1221 	mov	dptr,#_Print_print_ub_PARM_2
      0002C4 E5*0E            [12] 1222 	mov	a,_Print_print_ib_sloc1_1_0
      0002C6 F0               [24] 1223 	movx	@dptr,a
      0002C7 E5*0F            [12] 1224 	mov	a,(_Print_print_ib_sloc1_1_0 + 1)
      0002C9 A3               [24] 1225 	inc	dptr
      0002CA F0               [24] 1226 	movx	@dptr,a
      0002CB E5*10            [12] 1227 	mov	a,(_Print_print_ib_sloc1_1_0 + 2)
      0002CD A3               [24] 1228 	inc	dptr
      0002CE F0               [24] 1229 	movx	@dptr,a
      0002CF E5*11            [12] 1230 	mov	a,(_Print_print_ib_sloc1_1_0 + 3)
      0002D1 A3               [24] 1231 	inc	dptr
      0002D2 F0               [24] 1232 	movx	@dptr,a
      0002D3 90r00r13         [24] 1233 	mov	dptr,#_Print_print_ub_PARM_3
      0002D6 74 0A            [12] 1234 	mov	a,#0x0a
      0002D8 F0               [24] 1235 	movx	@dptr,a
      0002D9 85*0B 82         [24] 1236 	mov	dpl,_Print_print_ib_writefunc_65536_185
      0002DC 85*0C 83         [24] 1237 	mov	dph,(_Print_print_ib_writefunc_65536_185 + 1)
      0002DF 12r01r51         [24] 1238 	lcall	_Print_print_ub
      0002E2 AF 82            [24] 1239 	mov	r7,dpl
      0002E4 E5*0D            [12] 1240 	mov	a,_Print_print_ib_sloc0_1_0
      0002E6 2F               [12] 1241 	add	a,r7
      0002E7 F5 82            [12] 1242 	mov	dpl,a
      0002E9 22               [24] 1243 	ret
      0002EA                       1244 00102$:
                                   1245 ;	C:\Users\tonyp\AppData\Local\Arduino15\packages\CH55xDuino\hardware\mcs51\0.0.23\cores\ch55xduino\Print.c:117: return printNumber(writefunc, n, 10);
      0002EA 90r00r0F         [24] 1246 	mov	dptr,#_Print_print_ub_PARM_2
      0002ED E9               [12] 1247 	mov	a,r1
      0002EE F0               [24] 1248 	movx	@dptr,a
      0002EF EA               [12] 1249 	mov	a,r2
      0002F0 A3               [24] 1250 	inc	dptr
      0002F1 F0               [24] 1251 	movx	@dptr,a
      0002F2 EB               [12] 1252 	mov	a,r3
      0002F3 A3               [24] 1253 	inc	dptr
      0002F4 F0               [24] 1254 	movx	@dptr,a
      0002F5 EC               [12] 1255 	mov	a,r4
      0002F6 A3               [24] 1256 	inc	dptr
      0002F7 F0               [24] 1257 	movx	@dptr,a
      0002F8 90r00r13         [24] 1258 	mov	dptr,#_Print_print_ub_PARM_3
      0002FB 74 0A            [12] 1259 	mov	a,#0x0a
      0002FD F0               [24] 1260 	movx	@dptr,a
      0002FE 85*0B 82         [24] 1261 	mov	dpl,_Print_print_ib_writefunc_65536_185
      000301 85*0C 83         [24] 1262 	mov	dph,(_Print_print_ib_writefunc_65536_185 + 1)
      000304 02r01r51         [24] 1263 	ljmp	_Print_print_ub
      000307                       1264 00104$:
                                   1265 ;	C:\Users\tonyp\AppData\Local\Arduino15\packages\CH55xDuino\hardware\mcs51\0.0.23\cores\ch55xduino\Print.c:119: return printNumber(writefunc, n, base);
      000307 90r00r35         [24] 1266 	mov	dptr,#_Print_print_ib_PARM_2
      00030A E0               [24] 1267 	movx	a,@dptr
      00030B FB               [12] 1268 	mov	r3,a
      00030C A3               [24] 1269 	inc	dptr
      00030D E0               [24] 1270 	movx	a,@dptr
      00030E FC               [12] 1271 	mov	r4,a
      00030F A3               [24] 1272 	inc	dptr
      000310 E0               [24] 1273 	movx	a,@dptr
      000311 FE               [12] 1274 	mov	r6,a
      000312 A3               [24] 1275 	inc	dptr
      000313 E0               [24] 1276 	movx	a,@dptr
      000314 FF               [12] 1277 	mov	r7,a
      000315 90r00r0F         [24] 1278 	mov	dptr,#_Print_print_ub_PARM_2
      000318 EB               [12] 1279 	mov	a,r3
      000319 F0               [24] 1280 	movx	@dptr,a
      00031A EC               [12] 1281 	mov	a,r4
      00031B A3               [24] 1282 	inc	dptr
      00031C F0               [24] 1283 	movx	@dptr,a
      00031D EE               [12] 1284 	mov	a,r6
      00031E A3               [24] 1285 	inc	dptr
      00031F F0               [24] 1286 	movx	@dptr,a
      000320 EF               [12] 1287 	mov	a,r7
      000321 A3               [24] 1288 	inc	dptr
      000322 F0               [24] 1289 	movx	@dptr,a
      000323 90r00r13         [24] 1290 	mov	dptr,#_Print_print_ub_PARM_3
      000326 ED               [12] 1291 	mov	a,r5
      000327 F0               [24] 1292 	movx	@dptr,a
      000328 85*0B 82         [24] 1293 	mov	dpl,_Print_print_ib_writefunc_65536_185
      00032B 85*0C 83         [24] 1294 	mov	dph,(_Print_print_ib_writefunc_65536_185 + 1)
                                   1295 ;	C:\Users\tonyp\AppData\Local\Arduino15\packages\CH55xDuino\hardware\mcs51\0.0.23\cores\ch55xduino\Print.c:121: }
      00032E 02r01r51         [24] 1296 	ljmp	_Print_print_ub
                                   1297 	.area CSEG    (CODE)
                                   1298 	.area CONST   (CODE)
                                   1299 	.area XINIT   (CODE)
                                   1300 	.area CABS    (ABS,CODE)
