                                      1 ;--------------------------------------------------------
                                      2 ; File Created by SDCC : free open source ISO C Compiler 
                                      3 ; Version 4.2.2 #13407 (MINGW32)
                                      4 ;--------------------------------------------------------
                                      5 	.module USBCDC
                                      6 	.optsdcc -mmcs51 --model-large
                                      7 	
                                      8 ;--------------------------------------------------------
                                      9 ; Public variables in this module
                                     10 ;--------------------------------------------------------
                                     11 	.globl _USB_EP2_OUT
                                     12 	.globl _USB_EP2_IN
                                     13 	.globl _USBSerial_read
                                     14 	.globl _USBSerial_available
                                     15 	.globl _USBSerial_print_n
                                     16 	.globl _USBSerial_write
                                     17 	.globl _USBSerial_flush
                                     18 	.globl _USBSerial
                                     19 	.globl _USBSerial_wait_UpPoint2BusyFlag_clear
                                     20 	.globl _setControlLineStateHandler
                                     21 	.globl _getLineCodingHandler
                                     22 	.globl _setLineCodingHandler
                                     23 	.globl _resetCDCParameters
                                     24 	.globl _delayMicroseconds
                                     25 	.globl _UIF_BUS_RST
                                     26 	.globl _UIF_DETECT
                                     27 	.globl _UIF_TRANSFER
                                     28 	.globl _UIF_SUSPEND
                                     29 	.globl _UIF_HST_SOF
                                     30 	.globl _UIF_FIFO_OV
                                     31 	.globl _U_SIE_FREE
                                     32 	.globl _U_TOG_OK
                                     33 	.globl _U_IS_NAK
                                     34 	.globl _ADC_CHAN0
                                     35 	.globl _ADC_CHAN1
                                     36 	.globl _CMP_CHAN
                                     37 	.globl _ADC_START
                                     38 	.globl _ADC_IF
                                     39 	.globl _CMP_IF
                                     40 	.globl _CMPO
                                     41 	.globl _U1RI
                                     42 	.globl _U1TI
                                     43 	.globl _U1RB8
                                     44 	.globl _U1TB8
                                     45 	.globl _U1REN
                                     46 	.globl _U1SMOD
                                     47 	.globl _U1SM0
                                     48 	.globl _S0_R_FIFO
                                     49 	.globl _S0_T_FIFO
                                     50 	.globl _S0_FREE
                                     51 	.globl _S0_IF_BYTE
                                     52 	.globl _S0_IF_FIRST
                                     53 	.globl _S0_IF_OV
                                     54 	.globl _S0_FST_ACT
                                     55 	.globl _CP_RL2
                                     56 	.globl _C_T2
                                     57 	.globl _TR2
                                     58 	.globl _EXEN2
                                     59 	.globl _TCLK
                                     60 	.globl _RCLK
                                     61 	.globl _EXF2
                                     62 	.globl _CAP1F
                                     63 	.globl _TF2
                                     64 	.globl _RI
                                     65 	.globl _TI
                                     66 	.globl _RB8
                                     67 	.globl _TB8
                                     68 	.globl _REN
                                     69 	.globl _SM2
                                     70 	.globl _SM1
                                     71 	.globl _SM0
                                     72 	.globl _IT0
                                     73 	.globl _IE0
                                     74 	.globl _IT1
                                     75 	.globl _IE1
                                     76 	.globl _TR0
                                     77 	.globl _TF0
                                     78 	.globl _TR1
                                     79 	.globl _TF1
                                     80 	.globl _P3_0
                                     81 	.globl _P3_1
                                     82 	.globl _P3_2
                                     83 	.globl _P3_3
                                     84 	.globl _P3_4
                                     85 	.globl _P3_5
                                     86 	.globl _P3_6
                                     87 	.globl _P3_7
                                     88 	.globl _RXD
                                     89 	.globl _PWM1_
                                     90 	.globl _TXD
                                     91 	.globl _PWM2_
                                     92 	.globl _AIN3
                                     93 	.globl _VBUS1
                                     94 	.globl _INT0
                                     95 	.globl _TXD1_
                                     96 	.globl _INT1
                                     97 	.globl _T0
                                     98 	.globl _RXD1_
                                     99 	.globl _PWM2
                                    100 	.globl _T1
                                    101 	.globl _UDP
                                    102 	.globl _UDM
                                    103 	.globl _P1_0
                                    104 	.globl _P1_1
                                    105 	.globl _P1_2
                                    106 	.globl _P1_3
                                    107 	.globl _P1_4
                                    108 	.globl _P1_5
                                    109 	.globl _P1_6
                                    110 	.globl _P1_7
                                    111 	.globl _TIN0
                                    112 	.globl _CAP1
                                    113 	.globl _T2
                                    114 	.globl _AIN0
                                    115 	.globl _VBUS2
                                    116 	.globl _TIN1
                                    117 	.globl _CAP2
                                    118 	.globl _T2EX
                                    119 	.globl _RXD_
                                    120 	.globl _TXD_
                                    121 	.globl _AIN1
                                    122 	.globl _UCC1
                                    123 	.globl _TIN2
                                    124 	.globl _SCS
                                    125 	.globl _CAP1_
                                    126 	.globl _T2_
                                    127 	.globl _AIN2
                                    128 	.globl _UCC2
                                    129 	.globl _TIN3
                                    130 	.globl _PWM1
                                    131 	.globl _MOSI
                                    132 	.globl _TIN4
                                    133 	.globl _RXD1
                                    134 	.globl _MISO
                                    135 	.globl _TIN5
                                    136 	.globl _TXD1
                                    137 	.globl _SCK
                                    138 	.globl _IE_SPI0
                                    139 	.globl _IE_TKEY
                                    140 	.globl _IE_USB
                                    141 	.globl _IE_ADC
                                    142 	.globl _IE_UART1
                                    143 	.globl _IE_PWMX
                                    144 	.globl _IE_GPIO
                                    145 	.globl _IE_WDOG
                                    146 	.globl _PX0
                                    147 	.globl _PT0
                                    148 	.globl _PX1
                                    149 	.globl _PT1
                                    150 	.globl _PS
                                    151 	.globl _PT2
                                    152 	.globl _PL_FLAG
                                    153 	.globl _PH_FLAG
                                    154 	.globl _EX0
                                    155 	.globl _ET0
                                    156 	.globl _EX1
                                    157 	.globl _ET1
                                    158 	.globl _ES
                                    159 	.globl _ET2
                                    160 	.globl _E_DIS
                                    161 	.globl _EA
                                    162 	.globl _P
                                    163 	.globl _F1
                                    164 	.globl _OV
                                    165 	.globl _RS0
                                    166 	.globl _RS1
                                    167 	.globl _F0
                                    168 	.globl _AC
                                    169 	.globl _CY
                                    170 	.globl _UEP1_DMA_H
                                    171 	.globl _UEP1_DMA_L
                                    172 	.globl _UEP1_DMA
                                    173 	.globl _UEP0_DMA_H
                                    174 	.globl _UEP0_DMA_L
                                    175 	.globl _UEP0_DMA
                                    176 	.globl _UEP2_3_MOD
                                    177 	.globl _UEP4_1_MOD
                                    178 	.globl _UEP3_DMA_H
                                    179 	.globl _UEP3_DMA_L
                                    180 	.globl _UEP3_DMA
                                    181 	.globl _UEP2_DMA_H
                                    182 	.globl _UEP2_DMA_L
                                    183 	.globl _UEP2_DMA
                                    184 	.globl _USB_DEV_AD
                                    185 	.globl _USB_CTRL
                                    186 	.globl _USB_INT_EN
                                    187 	.globl _UEP4_T_LEN
                                    188 	.globl _UEP4_CTRL
                                    189 	.globl _UEP0_T_LEN
                                    190 	.globl _UEP0_CTRL
                                    191 	.globl _USB_RX_LEN
                                    192 	.globl _USB_MIS_ST
                                    193 	.globl _USB_INT_ST
                                    194 	.globl _USB_INT_FG
                                    195 	.globl _UEP3_T_LEN
                                    196 	.globl _UEP3_CTRL
                                    197 	.globl _UEP2_T_LEN
                                    198 	.globl _UEP2_CTRL
                                    199 	.globl _UEP1_T_LEN
                                    200 	.globl _UEP1_CTRL
                                    201 	.globl _UDEV_CTRL
                                    202 	.globl _USB_C_CTRL
                                    203 	.globl _TKEY_DATH
                                    204 	.globl _TKEY_DATL
                                    205 	.globl _TKEY_DAT
                                    206 	.globl _TKEY_CTRL
                                    207 	.globl _ADC_DATA
                                    208 	.globl _ADC_CFG
                                    209 	.globl _ADC_CTRL
                                    210 	.globl _SBAUD1
                                    211 	.globl _SBUF1
                                    212 	.globl _SCON1
                                    213 	.globl _SPI0_SETUP
                                    214 	.globl _SPI0_CK_SE
                                    215 	.globl _SPI0_CTRL
                                    216 	.globl _SPI0_DATA
                                    217 	.globl _SPI0_STAT
                                    218 	.globl _PWM_CK_SE
                                    219 	.globl _PWM_CTRL
                                    220 	.globl _PWM_DATA1
                                    221 	.globl _PWM_DATA2
                                    222 	.globl _T2CAP1H
                                    223 	.globl _T2CAP1L
                                    224 	.globl _T2CAP1
                                    225 	.globl _TH2
                                    226 	.globl _TL2
                                    227 	.globl _T2COUNT
                                    228 	.globl _RCAP2H
                                    229 	.globl _RCAP2L
                                    230 	.globl _RCAP2
                                    231 	.globl _T2MOD
                                    232 	.globl _T2CON
                                    233 	.globl _SBUF
                                    234 	.globl _SCON
                                    235 	.globl _TH1
                                    236 	.globl _TH0
                                    237 	.globl _TL1
                                    238 	.globl _TL0
                                    239 	.globl _TMOD
                                    240 	.globl _TCON
                                    241 	.globl _XBUS_AUX
                                    242 	.globl _PIN_FUNC
                                    243 	.globl _P3_DIR_PU
                                    244 	.globl _P3_MOD_OC
                                    245 	.globl _P3
                                    246 	.globl _P2
                                    247 	.globl _P1_DIR_PU
                                    248 	.globl _P1_MOD_OC
                                    249 	.globl _P1
                                    250 	.globl _ROM_CTRL
                                    251 	.globl _ROM_DATA_H
                                    252 	.globl _ROM_DATA_L
                                    253 	.globl _ROM_DATA
                                    254 	.globl _ROM_ADDR_H
                                    255 	.globl _ROM_ADDR_L
                                    256 	.globl _ROM_ADDR
                                    257 	.globl _GPIO_IE
                                    258 	.globl _IP_EX
                                    259 	.globl _IE_EX
                                    260 	.globl _IP
                                    261 	.globl _IE
                                    262 	.globl _WDOG_COUNT
                                    263 	.globl _RESET_KEEP
                                    264 	.globl _WAKE_CTRL
                                    265 	.globl _CLOCK_CFG
                                    266 	.globl _PCON
                                    267 	.globl _GLOBAL_CFG
                                    268 	.globl _SAFE_MOD
                                    269 	.globl _DPH
                                    270 	.globl _DPL
                                    271 	.globl _SP
                                    272 	.globl _B
                                    273 	.globl _ACC
                                    274 	.globl _PSW
                                    275 	.globl _usbWritePointer
                                    276 	.globl _controlLineState
                                    277 	.globl _USBBufOutPointEP2
                                    278 	.globl _USBByteCountEP2
                                    279 	.globl _LineCoding
                                    280 	.globl _USBSerial_print_n_PARM_2
                                    281 	.globl _UpPoint2BusyFlag
                                    282 ;--------------------------------------------------------
                                    283 ; special function registers
                                    284 ;--------------------------------------------------------
                                    285 	.area RSEG    (ABS,DATA)
      000000                        286 	.org 0x0000
                           0000D0   287 _PSW	=	0x00d0
                           0000E0   288 _ACC	=	0x00e0
                           0000F0   289 _B	=	0x00f0
                           000081   290 _SP	=	0x0081
                           000082   291 _DPL	=	0x0082
                           000083   292 _DPH	=	0x0083
                           0000A1   293 _SAFE_MOD	=	0x00a1
                           0000B1   294 _GLOBAL_CFG	=	0x00b1
                           000087   295 _PCON	=	0x0087
                           0000B9   296 _CLOCK_CFG	=	0x00b9
                           0000A9   297 _WAKE_CTRL	=	0x00a9
                           0000FE   298 _RESET_KEEP	=	0x00fe
                           0000FF   299 _WDOG_COUNT	=	0x00ff
                           0000A8   300 _IE	=	0x00a8
                           0000B8   301 _IP	=	0x00b8
                           0000E8   302 _IE_EX	=	0x00e8
                           0000E9   303 _IP_EX	=	0x00e9
                           0000C7   304 _GPIO_IE	=	0x00c7
                           008584   305 _ROM_ADDR	=	0x8584
                           000084   306 _ROM_ADDR_L	=	0x0084
                           000085   307 _ROM_ADDR_H	=	0x0085
                           008F8E   308 _ROM_DATA	=	0x8f8e
                           00008E   309 _ROM_DATA_L	=	0x008e
                           00008F   310 _ROM_DATA_H	=	0x008f
                           000086   311 _ROM_CTRL	=	0x0086
                           000090   312 _P1	=	0x0090
                           000092   313 _P1_MOD_OC	=	0x0092
                           000093   314 _P1_DIR_PU	=	0x0093
                           0000A0   315 _P2	=	0x00a0
                           0000B0   316 _P3	=	0x00b0
                           000096   317 _P3_MOD_OC	=	0x0096
                           000097   318 _P3_DIR_PU	=	0x0097
                           0000C6   319 _PIN_FUNC	=	0x00c6
                           0000A2   320 _XBUS_AUX	=	0x00a2
                           000088   321 _TCON	=	0x0088
                           000089   322 _TMOD	=	0x0089
                           00008A   323 _TL0	=	0x008a
                           00008B   324 _TL1	=	0x008b
                           00008C   325 _TH0	=	0x008c
                           00008D   326 _TH1	=	0x008d
                           000098   327 _SCON	=	0x0098
                           000099   328 _SBUF	=	0x0099
                           0000C8   329 _T2CON	=	0x00c8
                           0000C9   330 _T2MOD	=	0x00c9
                           00CBCA   331 _RCAP2	=	0xcbca
                           0000CA   332 _RCAP2L	=	0x00ca
                           0000CB   333 _RCAP2H	=	0x00cb
                           00CDCC   334 _T2COUNT	=	0xcdcc
                           0000CC   335 _TL2	=	0x00cc
                           0000CD   336 _TH2	=	0x00cd
                           00CFCE   337 _T2CAP1	=	0xcfce
                           0000CE   338 _T2CAP1L	=	0x00ce
                           0000CF   339 _T2CAP1H	=	0x00cf
                           00009B   340 _PWM_DATA2	=	0x009b
                           00009C   341 _PWM_DATA1	=	0x009c
                           00009D   342 _PWM_CTRL	=	0x009d
                           00009E   343 _PWM_CK_SE	=	0x009e
                           0000F8   344 _SPI0_STAT	=	0x00f8
                           0000F9   345 _SPI0_DATA	=	0x00f9
                           0000FA   346 _SPI0_CTRL	=	0x00fa
                           0000FB   347 _SPI0_CK_SE	=	0x00fb
                           0000FC   348 _SPI0_SETUP	=	0x00fc
                           0000C0   349 _SCON1	=	0x00c0
                           0000C1   350 _SBUF1	=	0x00c1
                           0000C2   351 _SBAUD1	=	0x00c2
                           000080   352 _ADC_CTRL	=	0x0080
                           00009A   353 _ADC_CFG	=	0x009a
                           00009F   354 _ADC_DATA	=	0x009f
                           0000C3   355 _TKEY_CTRL	=	0x00c3
                           00C5C4   356 _TKEY_DAT	=	0xc5c4
                           0000C4   357 _TKEY_DATL	=	0x00c4
                           0000C5   358 _TKEY_DATH	=	0x00c5
                           000091   359 _USB_C_CTRL	=	0x0091
                           0000D1   360 _UDEV_CTRL	=	0x00d1
                           0000D2   361 _UEP1_CTRL	=	0x00d2
                           0000D3   362 _UEP1_T_LEN	=	0x00d3
                           0000D4   363 _UEP2_CTRL	=	0x00d4
                           0000D5   364 _UEP2_T_LEN	=	0x00d5
                           0000D6   365 _UEP3_CTRL	=	0x00d6
                           0000D7   366 _UEP3_T_LEN	=	0x00d7
                           0000D8   367 _USB_INT_FG	=	0x00d8
                           0000D9   368 _USB_INT_ST	=	0x00d9
                           0000DA   369 _USB_MIS_ST	=	0x00da
                           0000DB   370 _USB_RX_LEN	=	0x00db
                           0000DC   371 _UEP0_CTRL	=	0x00dc
                           0000DD   372 _UEP0_T_LEN	=	0x00dd
                           0000DE   373 _UEP4_CTRL	=	0x00de
                           0000DF   374 _UEP4_T_LEN	=	0x00df
                           0000E1   375 _USB_INT_EN	=	0x00e1
                           0000E2   376 _USB_CTRL	=	0x00e2
                           0000E3   377 _USB_DEV_AD	=	0x00e3
                           00E5E4   378 _UEP2_DMA	=	0xe5e4
                           0000E4   379 _UEP2_DMA_L	=	0x00e4
                           0000E5   380 _UEP2_DMA_H	=	0x00e5
                           00E7E6   381 _UEP3_DMA	=	0xe7e6
                           0000E6   382 _UEP3_DMA_L	=	0x00e6
                           0000E7   383 _UEP3_DMA_H	=	0x00e7
                           0000EA   384 _UEP4_1_MOD	=	0x00ea
                           0000EB   385 _UEP2_3_MOD	=	0x00eb
                           00EDEC   386 _UEP0_DMA	=	0xedec
                           0000EC   387 _UEP0_DMA_L	=	0x00ec
                           0000ED   388 _UEP0_DMA_H	=	0x00ed
                           00EFEE   389 _UEP1_DMA	=	0xefee
                           0000EE   390 _UEP1_DMA_L	=	0x00ee
                           0000EF   391 _UEP1_DMA_H	=	0x00ef
                                    392 ;--------------------------------------------------------
                                    393 ; special function bits
                                    394 ;--------------------------------------------------------
                                    395 	.area RSEG    (ABS,DATA)
      000000                        396 	.org 0x0000
                           0000D7   397 _CY	=	0x00d7
                           0000D6   398 _AC	=	0x00d6
                           0000D5   399 _F0	=	0x00d5
                           0000D4   400 _RS1	=	0x00d4
                           0000D3   401 _RS0	=	0x00d3
                           0000D2   402 _OV	=	0x00d2
                           0000D1   403 _F1	=	0x00d1
                           0000D0   404 _P	=	0x00d0
                           0000AF   405 _EA	=	0x00af
                           0000AE   406 _E_DIS	=	0x00ae
                           0000AD   407 _ET2	=	0x00ad
                           0000AC   408 _ES	=	0x00ac
                           0000AB   409 _ET1	=	0x00ab
                           0000AA   410 _EX1	=	0x00aa
                           0000A9   411 _ET0	=	0x00a9
                           0000A8   412 _EX0	=	0x00a8
                           0000BF   413 _PH_FLAG	=	0x00bf
                           0000BE   414 _PL_FLAG	=	0x00be
                           0000BD   415 _PT2	=	0x00bd
                           0000BC   416 _PS	=	0x00bc
                           0000BB   417 _PT1	=	0x00bb
                           0000BA   418 _PX1	=	0x00ba
                           0000B9   419 _PT0	=	0x00b9
                           0000B8   420 _PX0	=	0x00b8
                           0000EF   421 _IE_WDOG	=	0x00ef
                           0000EE   422 _IE_GPIO	=	0x00ee
                           0000ED   423 _IE_PWMX	=	0x00ed
                           0000EC   424 _IE_UART1	=	0x00ec
                           0000EB   425 _IE_ADC	=	0x00eb
                           0000EA   426 _IE_USB	=	0x00ea
                           0000E9   427 _IE_TKEY	=	0x00e9
                           0000E8   428 _IE_SPI0	=	0x00e8
                           000097   429 _SCK	=	0x0097
                           000097   430 _TXD1	=	0x0097
                           000097   431 _TIN5	=	0x0097
                           000096   432 _MISO	=	0x0096
                           000096   433 _RXD1	=	0x0096
                           000096   434 _TIN4	=	0x0096
                           000095   435 _MOSI	=	0x0095
                           000095   436 _PWM1	=	0x0095
                           000095   437 _TIN3	=	0x0095
                           000095   438 _UCC2	=	0x0095
                           000095   439 _AIN2	=	0x0095
                           000094   440 _T2_	=	0x0094
                           000094   441 _CAP1_	=	0x0094
                           000094   442 _SCS	=	0x0094
                           000094   443 _TIN2	=	0x0094
                           000094   444 _UCC1	=	0x0094
                           000094   445 _AIN1	=	0x0094
                           000093   446 _TXD_	=	0x0093
                           000092   447 _RXD_	=	0x0092
                           000091   448 _T2EX	=	0x0091
                           000091   449 _CAP2	=	0x0091
                           000091   450 _TIN1	=	0x0091
                           000091   451 _VBUS2	=	0x0091
                           000091   452 _AIN0	=	0x0091
                           000090   453 _T2	=	0x0090
                           000090   454 _CAP1	=	0x0090
                           000090   455 _TIN0	=	0x0090
                           000097   456 _P1_7	=	0x0097
                           000096   457 _P1_6	=	0x0096
                           000095   458 _P1_5	=	0x0095
                           000094   459 _P1_4	=	0x0094
                           000093   460 _P1_3	=	0x0093
                           000092   461 _P1_2	=	0x0092
                           000091   462 _P1_1	=	0x0091
                           000090   463 _P1_0	=	0x0090
                           0000B7   464 _UDM	=	0x00b7
                           0000B6   465 _UDP	=	0x00b6
                           0000B5   466 _T1	=	0x00b5
                           0000B4   467 _PWM2	=	0x00b4
                           0000B4   468 _RXD1_	=	0x00b4
                           0000B4   469 _T0	=	0x00b4
                           0000B3   470 _INT1	=	0x00b3
                           0000B2   471 _TXD1_	=	0x00b2
                           0000B2   472 _INT0	=	0x00b2
                           0000B2   473 _VBUS1	=	0x00b2
                           0000B2   474 _AIN3	=	0x00b2
                           0000B1   475 _PWM2_	=	0x00b1
                           0000B1   476 _TXD	=	0x00b1
                           0000B0   477 _PWM1_	=	0x00b0
                           0000B0   478 _RXD	=	0x00b0
                           0000B7   479 _P3_7	=	0x00b7
                           0000B6   480 _P3_6	=	0x00b6
                           0000B5   481 _P3_5	=	0x00b5
                           0000B4   482 _P3_4	=	0x00b4
                           0000B3   483 _P3_3	=	0x00b3
                           0000B2   484 _P3_2	=	0x00b2
                           0000B1   485 _P3_1	=	0x00b1
                           0000B0   486 _P3_0	=	0x00b0
                           00008F   487 _TF1	=	0x008f
                           00008E   488 _TR1	=	0x008e
                           00008D   489 _TF0	=	0x008d
                           00008C   490 _TR0	=	0x008c
                           00008B   491 _IE1	=	0x008b
                           00008A   492 _IT1	=	0x008a
                           000089   493 _IE0	=	0x0089
                           000088   494 _IT0	=	0x0088
                           00009F   495 _SM0	=	0x009f
                           00009E   496 _SM1	=	0x009e
                           00009D   497 _SM2	=	0x009d
                           00009C   498 _REN	=	0x009c
                           00009B   499 _TB8	=	0x009b
                           00009A   500 _RB8	=	0x009a
                           000099   501 _TI	=	0x0099
                           000098   502 _RI	=	0x0098
                           0000CF   503 _TF2	=	0x00cf
                           0000CF   504 _CAP1F	=	0x00cf
                           0000CE   505 _EXF2	=	0x00ce
                           0000CD   506 _RCLK	=	0x00cd
                           0000CC   507 _TCLK	=	0x00cc
                           0000CB   508 _EXEN2	=	0x00cb
                           0000CA   509 _TR2	=	0x00ca
                           0000C9   510 _C_T2	=	0x00c9
                           0000C8   511 _CP_RL2	=	0x00c8
                           0000FF   512 _S0_FST_ACT	=	0x00ff
                           0000FE   513 _S0_IF_OV	=	0x00fe
                           0000FD   514 _S0_IF_FIRST	=	0x00fd
                           0000FC   515 _S0_IF_BYTE	=	0x00fc
                           0000FB   516 _S0_FREE	=	0x00fb
                           0000FA   517 _S0_T_FIFO	=	0x00fa
                           0000F8   518 _S0_R_FIFO	=	0x00f8
                           0000C7   519 _U1SM0	=	0x00c7
                           0000C5   520 _U1SMOD	=	0x00c5
                           0000C4   521 _U1REN	=	0x00c4
                           0000C3   522 _U1TB8	=	0x00c3
                           0000C2   523 _U1RB8	=	0x00c2
                           0000C1   524 _U1TI	=	0x00c1
                           0000C0   525 _U1RI	=	0x00c0
                           000087   526 _CMPO	=	0x0087
                           000086   527 _CMP_IF	=	0x0086
                           000085   528 _ADC_IF	=	0x0085
                           000084   529 _ADC_START	=	0x0084
                           000083   530 _CMP_CHAN	=	0x0083
                           000081   531 _ADC_CHAN1	=	0x0081
                           000080   532 _ADC_CHAN0	=	0x0080
                           0000DF   533 _U_IS_NAK	=	0x00df
                           0000DE   534 _U_TOG_OK	=	0x00de
                           0000DD   535 _U_SIE_FREE	=	0x00dd
                           0000DC   536 _UIF_FIFO_OV	=	0x00dc
                           0000DB   537 _UIF_HST_SOF	=	0x00db
                           0000DA   538 _UIF_SUSPEND	=	0x00da
                           0000D9   539 _UIF_TRANSFER	=	0x00d9
                           0000D8   540 _UIF_DETECT	=	0x00d8
                           0000D8   541 _UIF_BUS_RST	=	0x00d8
                                    542 ;--------------------------------------------------------
                                    543 ; overlayable register banks
                                    544 ;--------------------------------------------------------
                                    545 	.area REG_BANK_0	(REL,OVR,DATA)
      000000                        546 	.ds 8
                                    547 ;--------------------------------------------------------
                                    548 ; internal ram data
                                    549 ;--------------------------------------------------------
                                    550 	.area DSEG    (DATA)
                                    551 ;--------------------------------------------------------
                                    552 ; overlayable items in internal ram
                                    553 ;--------------------------------------------------------
                                    554 	.area	OSEG    (OVR,DATA)
                                    555 	.area	OSEG    (OVR,DATA)
                                    556 	.area	OSEG    (OVR,DATA)
      000000                        557 _USBSerial_result_65536_13:
      000000                        558 	.ds 1
                                    559 	.area	OSEG    (OVR,DATA)
                                    560 ;--------------------------------------------------------
                                    561 ; indirectly addressable internal ram data
                                    562 ;--------------------------------------------------------
                                    563 	.area ISEG    (DATA)
                                    564 ;--------------------------------------------------------
                                    565 ; absolute internal ram data
                                    566 ;--------------------------------------------------------
                                    567 	.area IABS    (ABS,DATA)
                                    568 	.area IABS    (ABS,DATA)
                                    569 ;--------------------------------------------------------
                                    570 ; bit data
                                    571 ;--------------------------------------------------------
                                    572 	.area BSEG    (BIT)
      000000                        573 _UpPoint2BusyFlag::
      000000                        574 	.ds 1
      000001                        575 _setLineCodingHandler_sloc0_1_0:
      000001                        576 	.ds 1
                                    577 ;--------------------------------------------------------
                                    578 ; paged external ram data
                                    579 ;--------------------------------------------------------
                                    580 	.area PSEG    (PAG,XDATA)
                                    581 ;--------------------------------------------------------
                                    582 ; uninitialized external ram data
                                    583 ;--------------------------------------------------------
                                    584 	.area XSEG    (XDATA)
      000000                        585 _USBSerial_print_n_PARM_2:
      000000                        586 	.ds 2
      000002                        587 _USBSerial_print_n_buf_65536_25:
      000002                        588 	.ds 3
                                    589 ;--------------------------------------------------------
                                    590 ; absolute external ram data
                                    591 ;--------------------------------------------------------
                                    592 	.area XABS    (ABS,XDATA)
                                    593 ;--------------------------------------------------------
                                    594 ; initialized external ram data
                                    595 ;--------------------------------------------------------
                                    596 	.area XISEG   (XDATA)
      000000                        597 _LineCoding::
      000000                        598 	.ds 7
      000007                        599 _USBByteCountEP2::
      000007                        600 	.ds 1
      000008                        601 _USBBufOutPointEP2::
      000008                        602 	.ds 1
      000009                        603 _controlLineState::
      000009                        604 	.ds 1
      00000A                        605 _usbWritePointer::
      00000A                        606 	.ds 1
                                    607 	.area HOME    (CODE)
                                    608 	.area GSINIT0 (CODE)
                                    609 	.area GSINIT1 (CODE)
                                    610 	.area GSINIT2 (CODE)
                                    611 	.area GSINIT3 (CODE)
                                    612 	.area GSINIT4 (CODE)
                                    613 	.area GSINIT5 (CODE)
                                    614 	.area GSINIT  (CODE)
                                    615 	.area GSFINAL (CODE)
                                    616 	.area CSEG    (CODE)
                                    617 ;--------------------------------------------------------
                                    618 ; global & static initialisations
                                    619 ;--------------------------------------------------------
                                    620 	.area HOME    (CODE)
                                    621 	.area GSINIT  (CODE)
                                    622 	.area GSFINAL (CODE)
                                    623 	.area GSINIT  (CODE)
                                    624 ;	C:\Users\tonyp\AppData\Local\Arduino15\packages\CH55xDuino\hardware\mcs51\0.0.23\cores\ch55xduino\USBCDC.c:27: volatile __bit UpPoint2BusyFlag = 0; // Flag of whether upload pointer is busy
                                    625 ;	assignBit
      000000 C2*00            [12]  626 	clr	_UpPoint2BusyFlag
                                    627 ;--------------------------------------------------------
                                    628 ; Home
                                    629 ;--------------------------------------------------------
                                    630 	.area HOME    (CODE)
                                    631 	.area HOME    (CODE)
                                    632 ;--------------------------------------------------------
                                    633 ; code
                                    634 ;--------------------------------------------------------
                                    635 	.area CSEG    (CODE)
                                    636 ;------------------------------------------------------------
                                    637 ;Allocation info for local variables in function 'resetCDCParameters'
                                    638 ;------------------------------------------------------------
                                    639 ;	C:\Users\tonyp\AppData\Local\Arduino15\packages\CH55xDuino\hardware\mcs51\0.0.23\cores\ch55xduino\USBCDC.c:34: void resetCDCParameters() {
                                    640 ;	-----------------------------------------
                                    641 ;	 function resetCDCParameters
                                    642 ;	-----------------------------------------
      000000                        643 _resetCDCParameters:
                           000007   644 	ar7 = 0x07
                           000006   645 	ar6 = 0x06
                           000005   646 	ar5 = 0x05
                           000004   647 	ar4 = 0x04
                           000003   648 	ar3 = 0x03
                           000002   649 	ar2 = 0x02
                           000001   650 	ar1 = 0x01
                           000000   651 	ar0 = 0x00
                                    652 ;	C:\Users\tonyp\AppData\Local\Arduino15\packages\CH55xDuino\hardware\mcs51\0.0.23\cores\ch55xduino\USBCDC.c:36: USBByteCountEP2 = 0; // Bytes of received data on USB endpoint
      000000 90r00r07         [24]  653 	mov	dptr,#_USBByteCountEP2
      000003 E4               [12]  654 	clr	a
      000004 F0               [24]  655 	movx	@dptr,a
                                    656 ;	C:\Users\tonyp\AppData\Local\Arduino15\packages\CH55xDuino\hardware\mcs51\0.0.23\cores\ch55xduino\USBCDC.c:37: UpPoint2BusyFlag = 0;
                                    657 ;	assignBit
      000005 C2*00            [12]  658 	clr	_UpPoint2BusyFlag
                                    659 ;	C:\Users\tonyp\AppData\Local\Arduino15\packages\CH55xDuino\hardware\mcs51\0.0.23\cores\ch55xduino\USBCDC.c:38: }
      000007 22               [24]  660 	ret
                                    661 ;------------------------------------------------------------
                                    662 ;Allocation info for local variables in function 'setLineCodingHandler'
                                    663 ;------------------------------------------------------------
                                    664 ;i                         Allocated to registers r7 
                                    665 ;------------------------------------------------------------
                                    666 ;	C:\Users\tonyp\AppData\Local\Arduino15\packages\CH55xDuino\hardware\mcs51\0.0.23\cores\ch55xduino\USBCDC.c:40: void setLineCodingHandler() {
                                    667 ;	-----------------------------------------
                                    668 ;	 function setLineCodingHandler
                                    669 ;	-----------------------------------------
      000008                        670 _setLineCodingHandler:
                                    671 ;	C:\Users\tonyp\AppData\Local\Arduino15\packages\CH55xDuino\hardware\mcs51\0.0.23\cores\ch55xduino\USBCDC.c:41: for (__data uint8_t i = 0;
      000008 7F 00            [12]  672 	mov	r7,#0x00
      00000A                        673 00103$:
                                    674 ;	C:\Users\tonyp\AppData\Local\Arduino15\packages\CH55xDuino\hardware\mcs51\0.0.23\cores\ch55xduino\USBCDC.c:42: i < ((LINE_CODEING_SIZE <= USB_RX_LEN) ? LINE_CODEING_SIZE : USB_RX_LEN);
      00000A C3               [12]  675 	clr	c
      00000B E5 DB            [12]  676 	mov	a,_USB_RX_LEN
      00000D 94 07            [12]  677 	subb	a,#0x07
      00000F 92*01            [24]  678 	mov	_setLineCodingHandler_sloc0_1_0,c
      000011 40 06            [24]  679 	jc	00107$
      000013 7D 07            [12]  680 	mov	r5,#0x07
      000015 7E 00            [12]  681 	mov	r6,#0x00
      000017 80 04            [24]  682 	sjmp	00108$
      000019                        683 00107$:
      000019 AD DB            [24]  684 	mov	r5,_USB_RX_LEN
      00001B 7E 00            [12]  685 	mov	r6,#0x00
      00001D                        686 00108$:
      00001D 8F 03            [24]  687 	mov	ar3,r7
      00001F 7C 00            [12]  688 	mov	r4,#0x00
      000021 C3               [12]  689 	clr	c
      000022 EB               [12]  690 	mov	a,r3
      000023 9D               [12]  691 	subb	a,r5
      000024 EC               [12]  692 	mov	a,r4
      000025 64 80            [12]  693 	xrl	a,#0x80
      000027 8E F0            [24]  694 	mov	b,r6
      000029 63 F0 80         [24]  695 	xrl	b,#0x80
      00002C 95 F0            [12]  696 	subb	a,b
      00002E 50 1C            [24]  697 	jnc	00105$
                                    698 ;	C:\Users\tonyp\AppData\Local\Arduino15\packages\CH55xDuino\hardware\mcs51\0.0.23\cores\ch55xduino\USBCDC.c:44: LineCoding[i] = Ep0Buffer[i];
      000030 EF               [12]  699 	mov	a,r7
      000031 24r00            [12]  700 	add	a,#_LineCoding
      000033 FD               [12]  701 	mov	r5,a
      000034 E4               [12]  702 	clr	a
      000035 34s00            [12]  703 	addc	a,#(_LineCoding >> 8)
      000037 FE               [12]  704 	mov	r6,a
      000038 EF               [12]  705 	mov	a,r7
      000039 24r00            [12]  706 	add	a,#_Ep0Buffer
      00003B F5 82            [12]  707 	mov	dpl,a
      00003D E4               [12]  708 	clr	a
      00003E 34s00            [12]  709 	addc	a,#(_Ep0Buffer >> 8)
      000040 F5 83            [12]  710 	mov	dph,a
      000042 E0               [24]  711 	movx	a,@dptr
      000043 FC               [12]  712 	mov	r4,a
      000044 8D 82            [24]  713 	mov	dpl,r5
      000046 8E 83            [24]  714 	mov	dph,r6
      000048 F0               [24]  715 	movx	@dptr,a
                                    716 ;	C:\Users\tonyp\AppData\Local\Arduino15\packages\CH55xDuino\hardware\mcs51\0.0.23\cores\ch55xduino\USBCDC.c:43: i++) {
      000049 0F               [12]  717 	inc	r7
      00004A 80 BE            [24]  718 	sjmp	00103$
      00004C                        719 00105$:
                                    720 ;	C:\Users\tonyp\AppData\Local\Arduino15\packages\CH55xDuino\hardware\mcs51\0.0.23\cores\ch55xduino\USBCDC.c:48: }
      00004C 22               [24]  721 	ret
                                    722 ;------------------------------------------------------------
                                    723 ;Allocation info for local variables in function 'getLineCodingHandler'
                                    724 ;------------------------------------------------------------
                                    725 ;returnLen                 Allocated to registers 
                                    726 ;i                         Allocated to registers r7 
                                    727 ;------------------------------------------------------------
                                    728 ;	C:\Users\tonyp\AppData\Local\Arduino15\packages\CH55xDuino\hardware\mcs51\0.0.23\cores\ch55xduino\USBCDC.c:50: uint16_t getLineCodingHandler() {
                                    729 ;	-----------------------------------------
                                    730 ;	 function getLineCodingHandler
                                    731 ;	-----------------------------------------
      00004D                        732 _getLineCodingHandler:
                                    733 ;	C:\Users\tonyp\AppData\Local\Arduino15\packages\CH55xDuino\hardware\mcs51\0.0.23\cores\ch55xduino\USBCDC.c:54: for (__data uint8_t i = 0; i < returnLen; i++) {
      00004D 7F 00            [12]  734 	mov	r7,#0x00
      00004F                        735 00103$:
      00004F 8F 05            [24]  736 	mov	ar5,r7
      000051 7E 00            [12]  737 	mov	r6,#0x00
      000053 C3               [12]  738 	clr	c
      000054 ED               [12]  739 	mov	a,r5
      000055 94 07            [12]  740 	subb	a,#0x07
      000057 EE               [12]  741 	mov	a,r6
      000058 94 00            [12]  742 	subb	a,#0x00
      00005A 50 1C            [24]  743 	jnc	00101$
                                    744 ;	C:\Users\tonyp\AppData\Local\Arduino15\packages\CH55xDuino\hardware\mcs51\0.0.23\cores\ch55xduino\USBCDC.c:55: Ep0Buffer[i] = LineCoding[i];
      00005C EF               [12]  745 	mov	a,r7
      00005D 24r00            [12]  746 	add	a,#_Ep0Buffer
      00005F FD               [12]  747 	mov	r5,a
      000060 E4               [12]  748 	clr	a
      000061 34s00            [12]  749 	addc	a,#(_Ep0Buffer >> 8)
      000063 FE               [12]  750 	mov	r6,a
      000064 EF               [12]  751 	mov	a,r7
      000065 24r00            [12]  752 	add	a,#_LineCoding
      000067 F5 82            [12]  753 	mov	dpl,a
      000069 E4               [12]  754 	clr	a
      00006A 34s00            [12]  755 	addc	a,#(_LineCoding >> 8)
      00006C F5 83            [12]  756 	mov	dph,a
      00006E E0               [24]  757 	movx	a,@dptr
      00006F FC               [12]  758 	mov	r4,a
      000070 8D 82            [24]  759 	mov	dpl,r5
      000072 8E 83            [24]  760 	mov	dph,r6
      000074 F0               [24]  761 	movx	@dptr,a
                                    762 ;	C:\Users\tonyp\AppData\Local\Arduino15\packages\CH55xDuino\hardware\mcs51\0.0.23\cores\ch55xduino\USBCDC.c:54: for (__data uint8_t i = 0; i < returnLen; i++) {
      000075 0F               [12]  763 	inc	r7
      000076 80 D7            [24]  764 	sjmp	00103$
      000078                        765 00101$:
                                    766 ;	C:\Users\tonyp\AppData\Local\Arduino15\packages\CH55xDuino\hardware\mcs51\0.0.23\cores\ch55xduino\USBCDC.c:58: return returnLen;
      000078 90 00 07         [24]  767 	mov	dptr,#0x0007
                                    768 ;	C:\Users\tonyp\AppData\Local\Arduino15\packages\CH55xDuino\hardware\mcs51\0.0.23\cores\ch55xduino\USBCDC.c:59: }
      00007B 22               [24]  769 	ret
                                    770 ;------------------------------------------------------------
                                    771 ;Allocation info for local variables in function 'setControlLineStateHandler'
                                    772 ;------------------------------------------------------------
                                    773 ;	C:\Users\tonyp\AppData\Local\Arduino15\packages\CH55xDuino\hardware\mcs51\0.0.23\cores\ch55xduino\USBCDC.c:61: void setControlLineStateHandler() {
                                    774 ;	-----------------------------------------
                                    775 ;	 function setControlLineStateHandler
                                    776 ;	-----------------------------------------
      00007C                        777 _setControlLineStateHandler:
                                    778 ;	C:\Users\tonyp\AppData\Local\Arduino15\packages\CH55xDuino\hardware\mcs51\0.0.23\cores\ch55xduino\USBCDC.c:62: controlLineState = Ep0Buffer[2];
      00007C 90r00r02         [24]  779 	mov	dptr,#(_Ep0Buffer + 0x0002)
      00007F E0               [24]  780 	movx	a,@dptr
      000080 FF               [12]  781 	mov	r7,a
      000081 90r00r09         [24]  782 	mov	dptr,#_controlLineState
      000084 F0               [24]  783 	movx	@dptr,a
                                    784 ;	C:\Users\tonyp\AppData\Local\Arduino15\packages\CH55xDuino\hardware\mcs51\0.0.23\cores\ch55xduino\USBCDC.c:65: if (((controlLineState & 0x01) == 0) &&
      000085 E0               [24]  785 	movx	a,@dptr
      000086 20 E0 33         [24]  786 	jb	acc.0,00107$
                                    787 ;	C:\Users\tonyp\AppData\Local\Arduino15\packages\CH55xDuino\hardware\mcs51\0.0.23\cores\ch55xduino\USBCDC.c:66: (*((__xdata uint32_t *)LineCoding) ==
      000089 90r00r00         [24]  788 	mov	dptr,#_LineCoding
      00008C E0               [24]  789 	movx	a,@dptr
      00008D FC               [12]  790 	mov	r4,a
      00008E A3               [24]  791 	inc	dptr
      00008F E0               [24]  792 	movx	a,@dptr
      000090 FD               [12]  793 	mov	r5,a
      000091 A3               [24]  794 	inc	dptr
      000092 E0               [24]  795 	movx	a,@dptr
      000093 FE               [12]  796 	mov	r6,a
      000094 A3               [24]  797 	inc	dptr
      000095 E0               [24]  798 	movx	a,@dptr
      000096 FF               [12]  799 	mov	r7,a
      000097 BC B0 22         [24]  800 	cjne	r4,#0xb0,00107$
      00009A BD 04 1F         [24]  801 	cjne	r5,#0x04,00107$
      00009D BE 00 1C         [24]  802 	cjne	r6,#0x00,00107$
      0000A0 BF 00 19         [24]  803 	cjne	r7,#0x00,00107$
                                    804 ;	C:\Users\tonyp\AppData\Local\Arduino15\packages\CH55xDuino\hardware\mcs51\0.0.23\cores\ch55xduino\USBCDC.c:70: USB_CTRL = 0;
      0000A3 75 E2 00         [24]  805 	mov	_USB_CTRL,#0x00
                                    806 ;	C:\Users\tonyp\AppData\Local\Arduino15\packages\CH55xDuino\hardware\mcs51\0.0.23\cores\ch55xduino\USBCDC.c:71: EA = 0; // Disabling all interrupts is required.
                                    807 ;	assignBit
      0000A6 C2 AF            [12]  808 	clr	_EA
                                    809 ;	C:\Users\tonyp\AppData\Local\Arduino15\packages\CH55xDuino\hardware\mcs51\0.0.23\cores\ch55xduino\USBCDC.c:72: TMOD = 0;
      0000A8 75 89 00         [24]  810 	mov	_TMOD,#0x00
                                    811 ;	C:\Users\tonyp\AppData\Local\Arduino15\packages\CH55xDuino\hardware\mcs51\0.0.23\cores\ch55xduino\USBCDC.c:73: delayMicroseconds(50000);
      0000AB 90 C3 50         [24]  812 	mov	dptr,#0xc350
      0000AE 12r00r00         [24]  813 	lcall	_delayMicroseconds
                                    814 ;	C:\Users\tonyp\AppData\Local\Arduino15\packages\CH55xDuino\hardware\mcs51\0.0.23\cores\ch55xduino\USBCDC.c:74: delayMicroseconds(50000);
      0000B1 90 C3 50         [24]  815 	mov	dptr,#0xc350
      0000B4 12r00r00         [24]  816 	lcall	_delayMicroseconds
                                    817 ;	C:\Users\tonyp\AppData\Local\Arduino15\packages\CH55xDuino\hardware\mcs51\0.0.23\cores\ch55xduino\USBCDC.c:76: __asm__("lcall #0x3800"); // Jump to bootloader code
      0000B7 12 38 00         [24]  818 	lcall	#0x3800
                                    819 ;	C:\Users\tonyp\AppData\Local\Arduino15\packages\CH55xDuino\hardware\mcs51\0.0.23\cores\ch55xduino\USBCDC.c:78: while (1)
      0000BA                        820 00102$:
      0000BA 80 FE            [24]  821 	sjmp	00102$
      0000BC                        822 00107$:
                                    823 ;	C:\Users\tonyp\AppData\Local\Arduino15\packages\CH55xDuino\hardware\mcs51\0.0.23\cores\ch55xduino\USBCDC.c:94: }
      0000BC 22               [24]  824 	ret
                                    825 ;------------------------------------------------------------
                                    826 ;Allocation info for local variables in function 'USBSerial_wait_UpPoint2BusyFlag_clear'
                                    827 ;------------------------------------------------------------
                                    828 ;waitWriteCount            Allocated to registers r6 r7 
                                    829 ;------------------------------------------------------------
                                    830 ;	C:\Users\tonyp\AppData\Local\Arduino15\packages\CH55xDuino\hardware\mcs51\0.0.23\cores\ch55xduino\USBCDC.c:96: uint8_t USBSerial_wait_UpPoint2BusyFlag_clear() {
                                    831 ;	-----------------------------------------
                                    832 ;	 function USBSerial_wait_UpPoint2BusyFlag_clear
                                    833 ;	-----------------------------------------
      0000BD                        834 _USBSerial_wait_UpPoint2BusyFlag_clear:
                                    835 ;	C:\Users\tonyp\AppData\Local\Arduino15\packages\CH55xDuino\hardware\mcs51\0.0.23\cores\ch55xduino\USBCDC.c:98: while (UpPoint2BusyFlag) { // wait for 250ms or give up, on my mac it takes
      0000BD 7E 00            [12]  836 	mov	r6,#0x00
      0000BF 7F 00            [12]  837 	mov	r7,#0x00
      0000C1                        838 00103$:
      0000C1 30*00 20         [24]  839 	jnb	_UpPoint2BusyFlag,00105$
                                    840 ;	C:\Users\tonyp\AppData\Local\Arduino15\packages\CH55xDuino\hardware\mcs51\0.0.23\cores\ch55xduino\USBCDC.c:100: waitWriteCount++;
      0000C4 0E               [12]  841 	inc	r6
      0000C5 BE 00 01         [24]  842 	cjne	r6,#0x00,00121$
      0000C8 0F               [12]  843 	inc	r7
      0000C9                        844 00121$:
                                    845 ;	C:\Users\tonyp\AppData\Local\Arduino15\packages\CH55xDuino\hardware\mcs51\0.0.23\cores\ch55xduino\USBCDC.c:101: delayMicroseconds(5);
      0000C9 90 00 05         [24]  846 	mov	dptr,#0x0005
      0000CC C0 07            [24]  847 	push	ar7
      0000CE C0 06            [24]  848 	push	ar6
      0000D0 12r00r00         [24]  849 	lcall	_delayMicroseconds
      0000D3 D0 06            [24]  850 	pop	ar6
      0000D5 D0 07            [24]  851 	pop	ar7
                                    852 ;	C:\Users\tonyp\AppData\Local\Arduino15\packages\CH55xDuino\hardware\mcs51\0.0.23\cores\ch55xduino\USBCDC.c:102: if (waitWriteCount >= 50000)
      0000D7 C3               [12]  853 	clr	c
      0000D8 EE               [12]  854 	mov	a,r6
      0000D9 94 50            [12]  855 	subb	a,#0x50
      0000DB EF               [12]  856 	mov	a,r7
      0000DC 94 C3            [12]  857 	subb	a,#0xc3
      0000DE 40 E1            [24]  858 	jc	00103$
                                    859 ;	C:\Users\tonyp\AppData\Local\Arduino15\packages\CH55xDuino\hardware\mcs51\0.0.23\cores\ch55xduino\USBCDC.c:103: return 0;
      0000E0 75 82 00         [24]  860 	mov	dpl,#0x00
      0000E3 22               [24]  861 	ret
      0000E4                        862 00105$:
                                    863 ;	C:\Users\tonyp\AppData\Local\Arduino15\packages\CH55xDuino\hardware\mcs51\0.0.23\cores\ch55xduino\USBCDC.c:105: return 1;
      0000E4 75 82 01         [24]  864 	mov	dpl,#0x01
                                    865 ;	C:\Users\tonyp\AppData\Local\Arduino15\packages\CH55xDuino\hardware\mcs51\0.0.23\cores\ch55xduino\USBCDC.c:106: }
      0000E7 22               [24]  866 	ret
                                    867 ;------------------------------------------------------------
                                    868 ;Allocation info for local variables in function 'USBSerial'
                                    869 ;------------------------------------------------------------
                                    870 ;result                    Allocated with name '_USBSerial_result_65536_13'
                                    871 ;------------------------------------------------------------
                                    872 ;	C:\Users\tonyp\AppData\Local\Arduino15\packages\CH55xDuino\hardware\mcs51\0.0.23\cores\ch55xduino\USBCDC.c:108: bool USBSerial() {
                                    873 ;	-----------------------------------------
                                    874 ;	 function USBSerial
                                    875 ;	-----------------------------------------
      0000E8                        876 _USBSerial:
                                    877 ;	C:\Users\tonyp\AppData\Local\Arduino15\packages\CH55xDuino\hardware\mcs51\0.0.23\cores\ch55xduino\USBCDC.c:109: __data bool result = false;
      0000E8 75*00 00         [24]  878 	mov	_USBSerial_result_65536_13,#0x00
                                    879 ;	C:\Users\tonyp\AppData\Local\Arduino15\packages\CH55xDuino\hardware\mcs51\0.0.23\cores\ch55xduino\USBCDC.c:110: if (controlLineState > 0)
      0000EB 90r00r09         [24]  880 	mov	dptr,#_controlLineState
      0000EE E0               [24]  881 	movx	a,@dptr
      0000EF 60 03            [24]  882 	jz	00102$
                                    883 ;	C:\Users\tonyp\AppData\Local\Arduino15\packages\CH55xDuino\hardware\mcs51\0.0.23\cores\ch55xduino\USBCDC.c:111: result = true;
      0000F1 75*00 01         [24]  884 	mov	_USBSerial_result_65536_13,#0x01
      0000F4                        885 00102$:
                                    886 ;	C:\Users\tonyp\AppData\Local\Arduino15\packages\CH55xDuino\hardware\mcs51\0.0.23\cores\ch55xduino\USBCDC.c:113: return result;
      0000F4 85*00 82         [24]  887 	mov	dpl,_USBSerial_result_65536_13
                                    888 ;	C:\Users\tonyp\AppData\Local\Arduino15\packages\CH55xDuino\hardware\mcs51\0.0.23\cores\ch55xduino\USBCDC.c:114: }
      0000F7 22               [24]  889 	ret
                                    890 ;------------------------------------------------------------
                                    891 ;Allocation info for local variables in function 'USBSerial_flush'
                                    892 ;------------------------------------------------------------
                                    893 ;	C:\Users\tonyp\AppData\Local\Arduino15\packages\CH55xDuino\hardware\mcs51\0.0.23\cores\ch55xduino\USBCDC.c:116: void USBSerial_flush(void) {
                                    894 ;	-----------------------------------------
                                    895 ;	 function USBSerial_flush
                                    896 ;	-----------------------------------------
      0000F8                        897 _USBSerial_flush:
                                    898 ;	C:\Users\tonyp\AppData\Local\Arduino15\packages\CH55xDuino\hardware\mcs51\0.0.23\cores\ch55xduino\USBCDC.c:117: if (!UpPoint2BusyFlag && usbWritePointer > 0) {
      0000F8 20*00 25         [24]  899 	jb	_UpPoint2BusyFlag,00108$
      0000FB 90r00r0A         [24]  900 	mov	dptr,#_usbWritePointer
      0000FE E0               [24]  901 	movx	a,@dptr
      0000FF FF               [12]  902 	mov	r7,a
      000100 60 1E            [24]  903 	jz	00108$
                                    904 ;	C:\Users\tonyp\AppData\Local\Arduino15\packages\CH55xDuino\hardware\mcs51\0.0.23\cores\ch55xduino\USBCDC.c:118: UEP2_T_LEN = usbWritePointer;
      000102 8F D5            [24]  905 	mov	_UEP2_T_LEN,r7
                                    906 ;	C:\Users\tonyp\AppData\Local\Arduino15\packages\CH55xDuino\hardware\mcs51\0.0.23\cores\ch55xduino\USBCDC.c:119: UEP2_CTRL = UEP2_CTRL & ~MASK_UEP_T_RES | UEP_T_RES_ACK; // Respond ACK
      000104 53 D4 FC         [24]  907 	anl	_UEP2_CTRL,#0xfc
                                    908 ;	C:\Users\tonyp\AppData\Local\Arduino15\packages\CH55xDuino\hardware\mcs51\0.0.23\cores\ch55xduino\USBCDC.c:120: UpPoint2BusyFlag = 1;
                                    909 ;	assignBit
      000107 D2*00            [12]  910 	setb	_UpPoint2BusyFlag
                                    911 ;	C:\Users\tonyp\AppData\Local\Arduino15\packages\CH55xDuino\hardware\mcs51\0.0.23\cores\ch55xduino\USBCDC.c:123: MAX_PACKET_SIZE) { // write empty packet for end transmission. Needed
      000109 BF 40 0F         [24]  912 	cjne	r7,#0x40,00104$
                                    913 ;	C:\Users\tonyp\AppData\Local\Arduino15\packages\CH55xDuino\hardware\mcs51\0.0.23\cores\ch55xduino\USBCDC.c:125: if (USBSerial_wait_UpPoint2BusyFlag_clear()) {
      00010C 12r00rBD         [24]  914 	lcall	_USBSerial_wait_UpPoint2BusyFlag_clear
      00010F E5 82            [12]  915 	mov	a,dpl
      000111 60 08            [24]  916 	jz	00104$
                                    917 ;	C:\Users\tonyp\AppData\Local\Arduino15\packages\CH55xDuino\hardware\mcs51\0.0.23\cores\ch55xduino\USBCDC.c:126: UEP2_T_LEN = 0;
      000113 75 D5 00         [24]  918 	mov	_UEP2_T_LEN,#0x00
                                    919 ;	C:\Users\tonyp\AppData\Local\Arduino15\packages\CH55xDuino\hardware\mcs51\0.0.23\cores\ch55xduino\USBCDC.c:127: UEP2_CTRL = UEP2_CTRL & ~MASK_UEP_T_RES | UEP_T_RES_ACK; // Respond ACK
      000116 53 D4 FC         [24]  920 	anl	_UEP2_CTRL,#0xfc
                                    921 ;	C:\Users\tonyp\AppData\Local\Arduino15\packages\CH55xDuino\hardware\mcs51\0.0.23\cores\ch55xduino\USBCDC.c:128: UpPoint2BusyFlag = 1;
                                    922 ;	assignBit
      000119 D2*00            [12]  923 	setb	_UpPoint2BusyFlag
      00011B                        924 00104$:
                                    925 ;	C:\Users\tonyp\AppData\Local\Arduino15\packages\CH55xDuino\hardware\mcs51\0.0.23\cores\ch55xduino\USBCDC.c:131: usbWritePointer = 0;
      00011B 90r00r0A         [24]  926 	mov	dptr,#_usbWritePointer
      00011E E4               [12]  927 	clr	a
      00011F F0               [24]  928 	movx	@dptr,a
      000120                        929 00108$:
                                    930 ;	C:\Users\tonyp\AppData\Local\Arduino15\packages\CH55xDuino\hardware\mcs51\0.0.23\cores\ch55xduino\USBCDC.c:133: }
      000120 22               [24]  931 	ret
                                    932 ;------------------------------------------------------------
                                    933 ;Allocation info for local variables in function 'USBSerial_write'
                                    934 ;------------------------------------------------------------
                                    935 ;c                         Allocated to registers r7 
                                    936 ;------------------------------------------------------------
                                    937 ;	C:\Users\tonyp\AppData\Local\Arduino15\packages\CH55xDuino\hardware\mcs51\0.0.23\cores\ch55xduino\USBCDC.c:135: uint8_t USBSerial_write(__data char c) { // 3 bytes generic pointer
                                    938 ;	-----------------------------------------
                                    939 ;	 function USBSerial_write
                                    940 ;	-----------------------------------------
      000121                        941 _USBSerial_write:
      000121 AF 82            [24]  942 	mov	r7,dpl
                                    943 ;	C:\Users\tonyp\AppData\Local\Arduino15\packages\CH55xDuino\hardware\mcs51\0.0.23\cores\ch55xduino\USBCDC.c:136: if (controlLineState > 0) {
      000123 90r00r09         [24]  944 	mov	dptr,#_controlLineState
      000126 E0               [24]  945 	movx	a,@dptr
      000127 60 41            [24]  946 	jz	00110$
                                    947 ;	C:\Users\tonyp\AppData\Local\Arduino15\packages\CH55xDuino\hardware\mcs51\0.0.23\cores\ch55xduino\USBCDC.c:137: while (true) {
      000129                        948 00107$:
                                    949 ;	C:\Users\tonyp\AppData\Local\Arduino15\packages\CH55xDuino\hardware\mcs51\0.0.23\cores\ch55xduino\USBCDC.c:138: if (USBSerial_wait_UpPoint2BusyFlag_clear() == 0)
      000129 C0 07            [24]  950 	push	ar7
      00012B 12r00rBD         [24]  951 	lcall	_USBSerial_wait_UpPoint2BusyFlag_clear
      00012E E5 82            [12]  952 	mov	a,dpl
      000130 D0 07            [24]  953 	pop	ar7
                                    954 ;	C:\Users\tonyp\AppData\Local\Arduino15\packages\CH55xDuino\hardware\mcs51\0.0.23\cores\ch55xduino\USBCDC.c:139: return 0;
      000132 70 03            [24]  955 	jnz	00102$
      000134 F5 82            [12]  956 	mov	dpl,a
      000136 22               [24]  957 	ret
      000137                        958 00102$:
                                    959 ;	C:\Users\tonyp\AppData\Local\Arduino15\packages\CH55xDuino\hardware\mcs51\0.0.23\cores\ch55xduino\USBCDC.c:140: if (usbWritePointer < MAX_PACKET_SIZE) {
      000137 90r00r0A         [24]  960 	mov	dptr,#_usbWritePointer
      00013A E0               [24]  961 	movx	a,@dptr
      00013B FE               [12]  962 	mov	r6,a
      00013C BE 40 00         [24]  963 	cjne	r6,#0x40,00127$
      00013F                        964 00127$:
      00013F 50 20            [24]  965 	jnc	00104$
                                    966 ;	C:\Users\tonyp\AppData\Local\Arduino15\packages\CH55xDuino\hardware\mcs51\0.0.23\cores\ch55xduino\USBCDC.c:141: Ep2Buffer[MAX_PACKET_SIZE + usbWritePointer] = c;
      000141 7D 00            [12]  967 	mov	r5,#0x00
      000143 74 40            [12]  968 	mov	a,#0x40
      000145 2E               [12]  969 	add	a,r6
      000146 FE               [12]  970 	mov	r6,a
      000147 E4               [12]  971 	clr	a
      000148 3D               [12]  972 	addc	a,r5
      000149 FD               [12]  973 	mov	r5,a
      00014A EE               [12]  974 	mov	a,r6
      00014B 24r00            [12]  975 	add	a,#_Ep2Buffer
      00014D F5 82            [12]  976 	mov	dpl,a
      00014F ED               [12]  977 	mov	a,r5
      000150 34s00            [12]  978 	addc	a,#(_Ep2Buffer >> 8)
      000152 F5 83            [12]  979 	mov	dph,a
      000154 EF               [12]  980 	mov	a,r7
      000155 F0               [24]  981 	movx	@dptr,a
                                    982 ;	C:\Users\tonyp\AppData\Local\Arduino15\packages\CH55xDuino\hardware\mcs51\0.0.23\cores\ch55xduino\USBCDC.c:142: usbWritePointer++;
      000156 90r00r0A         [24]  983 	mov	dptr,#_usbWritePointer
      000159 E0               [24]  984 	movx	a,@dptr
      00015A 24 01            [12]  985 	add	a,#0x01
      00015C F0               [24]  986 	movx	@dptr,a
                                    987 ;	C:\Users\tonyp\AppData\Local\Arduino15\packages\CH55xDuino\hardware\mcs51\0.0.23\cores\ch55xduino\USBCDC.c:143: return 1;
      00015D 75 82 01         [24]  988 	mov	dpl,#0x01
      000160 22               [24]  989 	ret
      000161                        990 00104$:
                                    991 ;	C:\Users\tonyp\AppData\Local\Arduino15\packages\CH55xDuino\hardware\mcs51\0.0.23\cores\ch55xduino\USBCDC.c:145: USBSerial_flush(); // go back to first while
      000161 C0 07            [24]  992 	push	ar7
      000163 12r00rF8         [24]  993 	lcall	_USBSerial_flush
      000166 D0 07            [24]  994 	pop	ar7
      000168 80 BF            [24]  995 	sjmp	00107$
      00016A                        996 00110$:
                                    997 ;	C:\Users\tonyp\AppData\Local\Arduino15\packages\CH55xDuino\hardware\mcs51\0.0.23\cores\ch55xduino\USBCDC.c:149: return 0;
      00016A 75 82 00         [24]  998 	mov	dpl,#0x00
                                    999 ;	C:\Users\tonyp\AppData\Local\Arduino15\packages\CH55xDuino\hardware\mcs51\0.0.23\cores\ch55xduino\USBCDC.c:150: }
      00016D 22               [24] 1000 	ret
                                   1001 ;------------------------------------------------------------
                                   1002 ;Allocation info for local variables in function 'USBSerial_print_n'
                                   1003 ;------------------------------------------------------------
                                   1004 ;len                       Allocated with name '_USBSerial_print_n_PARM_2'
                                   1005 ;buf                       Allocated with name '_USBSerial_print_n_buf_65536_25'
                                   1006 ;------------------------------------------------------------
                                   1007 ;	C:\Users\tonyp\AppData\Local\Arduino15\packages\CH55xDuino\hardware\mcs51\0.0.23\cores\ch55xduino\USBCDC.c:153: USBSerial_print_n(uint8_t *__xdata buf,
                                   1008 ;	-----------------------------------------
                                   1009 ;	 function USBSerial_print_n
                                   1010 ;	-----------------------------------------
      00016E                       1011 _USBSerial_print_n:
      00016E AF F0            [24] 1012 	mov	r7,b
      000170 AE 83            [24] 1013 	mov	r6,dph
      000172 E5 82            [12] 1014 	mov	a,dpl
      000174 90r00r02         [24] 1015 	mov	dptr,#_USBSerial_print_n_buf_65536_25
      000177 F0               [24] 1016 	movx	@dptr,a
      000178 EE               [12] 1017 	mov	a,r6
      000179 A3               [24] 1018 	inc	dptr
      00017A F0               [24] 1019 	movx	@dptr,a
      00017B EF               [12] 1020 	mov	a,r7
      00017C A3               [24] 1021 	inc	dptr
      00017D F0               [24] 1022 	movx	@dptr,a
                                   1023 ;	C:\Users\tonyp\AppData\Local\Arduino15\packages\CH55xDuino\hardware\mcs51\0.0.23\cores\ch55xduino\USBCDC.c:156: if (controlLineState > 0) {
      00017E 90r00r09         [24] 1024 	mov	dptr,#_controlLineState
      000181 E0               [24] 1025 	movx	a,@dptr
      000182 70 03            [24] 1026 	jnz	00143$
      000184 02r02r24         [24] 1027 	ljmp	00113$
      000187                       1028 00143$:
                                   1029 ;	C:\Users\tonyp\AppData\Local\Arduino15\packages\CH55xDuino\hardware\mcs51\0.0.23\cores\ch55xduino\USBCDC.c:157: while (len > 0) {
      000187                       1030 00109$:
      000187 90r00r00         [24] 1031 	mov	dptr,#_USBSerial_print_n_PARM_2
      00018A E0               [24] 1032 	movx	a,@dptr
      00018B FE               [12] 1033 	mov	r6,a
      00018C A3               [24] 1034 	inc	dptr
      00018D E0               [24] 1035 	movx	a,@dptr
      00018E FF               [12] 1036 	mov	r7,a
      00018F C3               [12] 1037 	clr	c
      000190 E4               [12] 1038 	clr	a
      000191 9E               [12] 1039 	subb	a,r6
      000192 74 80            [12] 1040 	mov	a,#(0x00 ^ 0x80)
      000194 8F F0            [24] 1041 	mov	b,r7
      000196 63 F0 80         [24] 1042 	xrl	b,#0x80
      000199 95 F0            [12] 1043 	subb	a,b
      00019B 40 03            [24] 1044 	jc	00144$
      00019D 02r02r24         [24] 1045 	ljmp	00113$
      0001A0                       1046 00144$:
                                   1047 ;	C:\Users\tonyp\AppData\Local\Arduino15\packages\CH55xDuino\hardware\mcs51\0.0.23\cores\ch55xduino\USBCDC.c:158: if (USBSerial_wait_UpPoint2BusyFlag_clear() == 0)
      0001A0 C0 07            [24] 1048 	push	ar7
      0001A2 C0 06            [24] 1049 	push	ar6
      0001A4 12r00rBD         [24] 1050 	lcall	_USBSerial_wait_UpPoint2BusyFlag_clear
      0001A7 E5 82            [12] 1051 	mov	a,dpl
      0001A9 D0 06            [24] 1052 	pop	ar6
      0001AB D0 07            [24] 1053 	pop	ar7
                                   1054 ;	C:\Users\tonyp\AppData\Local\Arduino15\packages\CH55xDuino\hardware\mcs51\0.0.23\cores\ch55xduino\USBCDC.c:159: return 0;
      0001AD 70 03            [24] 1055 	jnz	00121$
      0001AF F5 82            [12] 1056 	mov	dpl,a
                                   1057 ;	C:\Users\tonyp\AppData\Local\Arduino15\packages\CH55xDuino\hardware\mcs51\0.0.23\cores\ch55xduino\USBCDC.c:160: while (len > 0) {
      0001B1 22               [24] 1058 	ret
      0001B2                       1059 00121$:
      0001B2 90r00r02         [24] 1060 	mov	dptr,#_USBSerial_print_n_buf_65536_25
      0001B5 E0               [24] 1061 	movx	a,@dptr
      0001B6 FB               [12] 1062 	mov	r3,a
      0001B7 A3               [24] 1063 	inc	dptr
      0001B8 E0               [24] 1064 	movx	a,@dptr
      0001B9 FC               [12] 1065 	mov	r4,a
      0001BA A3               [24] 1066 	inc	dptr
      0001BB E0               [24] 1067 	movx	a,@dptr
      0001BC FD               [12] 1068 	mov	r5,a
      0001BD                       1069 00106$:
      0001BD C3               [12] 1070 	clr	c
      0001BE E4               [12] 1071 	clr	a
      0001BF 9E               [12] 1072 	subb	a,r6
      0001C0 74 80            [12] 1073 	mov	a,#(0x00 ^ 0x80)
      0001C2 8F F0            [24] 1074 	mov	b,r7
      0001C4 63 F0 80         [24] 1075 	xrl	b,#0x80
      0001C7 95 F0            [12] 1076 	subb	a,b
      0001C9 50 BC            [24] 1077 	jnc	00109$
                                   1078 ;	C:\Users\tonyp\AppData\Local\Arduino15\packages\CH55xDuino\hardware\mcs51\0.0.23\cores\ch55xduino\USBCDC.c:161: if (usbWritePointer < MAX_PACKET_SIZE) {
      0001CB 90r00r0A         [24] 1079 	mov	dptr,#_usbWritePointer
      0001CE E0               [24] 1080 	movx	a,@dptr
      0001CF FA               [12] 1081 	mov	r2,a
      0001D0 BA 40 00         [24] 1082 	cjne	r2,#0x40,00147$
      0001D3                       1083 00147$:
      0001D3 50 49            [24] 1084 	jnc	00104$
                                   1085 ;	C:\Users\tonyp\AppData\Local\Arduino15\packages\CH55xDuino\hardware\mcs51\0.0.23\cores\ch55xduino\USBCDC.c:162: Ep2Buffer[MAX_PACKET_SIZE + usbWritePointer] = *buf++;
      0001D5 8A 01            [24] 1086 	mov	ar1,r2
      0001D7 7A 00            [12] 1087 	mov	r2,#0x00
      0001D9 74 40            [12] 1088 	mov	a,#0x40
      0001DB 29               [12] 1089 	add	a,r1
      0001DC F9               [12] 1090 	mov	r1,a
      0001DD E4               [12] 1091 	clr	a
      0001DE 3A               [12] 1092 	addc	a,r2
      0001DF FA               [12] 1093 	mov	r2,a
      0001E0 E9               [12] 1094 	mov	a,r1
      0001E1 24r00            [12] 1095 	add	a,#_Ep2Buffer
      0001E3 F9               [12] 1096 	mov	r1,a
      0001E4 EA               [12] 1097 	mov	a,r2
      0001E5 34s00            [12] 1098 	addc	a,#(_Ep2Buffer >> 8)
      0001E7 FA               [12] 1099 	mov	r2,a
      0001E8 8B 82            [24] 1100 	mov	dpl,r3
      0001EA 8C 83            [24] 1101 	mov	dph,r4
      0001EC 8D F0            [24] 1102 	mov	b,r5
      0001EE 12r00r00         [24] 1103 	lcall	__gptrget
      0001F1 F8               [12] 1104 	mov	r0,a
      0001F2 A3               [24] 1105 	inc	dptr
      0001F3 AB 82            [24] 1106 	mov	r3,dpl
      0001F5 AC 83            [24] 1107 	mov	r4,dph
      0001F7 90r00r02         [24] 1108 	mov	dptr,#_USBSerial_print_n_buf_65536_25
      0001FA EB               [12] 1109 	mov	a,r3
      0001FB F0               [24] 1110 	movx	@dptr,a
      0001FC EC               [12] 1111 	mov	a,r4
      0001FD A3               [24] 1112 	inc	dptr
      0001FE F0               [24] 1113 	movx	@dptr,a
      0001FF ED               [12] 1114 	mov	a,r5
      000200 A3               [24] 1115 	inc	dptr
      000201 F0               [24] 1116 	movx	@dptr,a
      000202 89 82            [24] 1117 	mov	dpl,r1
      000204 8A 83            [24] 1118 	mov	dph,r2
      000206 E8               [12] 1119 	mov	a,r0
      000207 F0               [24] 1120 	movx	@dptr,a
                                   1121 ;	C:\Users\tonyp\AppData\Local\Arduino15\packages\CH55xDuino\hardware\mcs51\0.0.23\cores\ch55xduino\USBCDC.c:163: usbWritePointer++;
      000208 90r00r0A         [24] 1122 	mov	dptr,#_usbWritePointer
      00020B E0               [24] 1123 	movx	a,@dptr
      00020C 24 01            [12] 1124 	add	a,#0x01
      00020E F0               [24] 1125 	movx	@dptr,a
                                   1126 ;	C:\Users\tonyp\AppData\Local\Arduino15\packages\CH55xDuino\hardware\mcs51\0.0.23\cores\ch55xduino\USBCDC.c:164: len--;
      00020F 1E               [12] 1127 	dec	r6
      000210 BE FF 01         [24] 1128 	cjne	r6,#0xff,00149$
      000213 1F               [12] 1129 	dec	r7
      000214                       1130 00149$:
      000214 90r00r00         [24] 1131 	mov	dptr,#_USBSerial_print_n_PARM_2
      000217 EE               [12] 1132 	mov	a,r6
      000218 F0               [24] 1133 	movx	@dptr,a
      000219 EF               [12] 1134 	mov	a,r7
      00021A A3               [24] 1135 	inc	dptr
      00021B F0               [24] 1136 	movx	@dptr,a
      00021C 80 9F            [24] 1137 	sjmp	00106$
      00021E                       1138 00104$:
                                   1139 ;	C:\Users\tonyp\AppData\Local\Arduino15\packages\CH55xDuino\hardware\mcs51\0.0.23\cores\ch55xduino\USBCDC.c:166: USBSerial_flush(); // go back to first while
      00021E 12r00rF8         [24] 1140 	lcall	_USBSerial_flush
                                   1141 ;	C:\Users\tonyp\AppData\Local\Arduino15\packages\CH55xDuino\hardware\mcs51\0.0.23\cores\ch55xduino\USBCDC.c:167: break;
      000221 02r01r87         [24] 1142 	ljmp	00109$
      000224                       1143 00113$:
                                   1144 ;	C:\Users\tonyp\AppData\Local\Arduino15\packages\CH55xDuino\hardware\mcs51\0.0.23\cores\ch55xduino\USBCDC.c:172: return 0;
      000224 75 82 00         [24] 1145 	mov	dpl,#0x00
                                   1146 ;	C:\Users\tonyp\AppData\Local\Arduino15\packages\CH55xDuino\hardware\mcs51\0.0.23\cores\ch55xduino\USBCDC.c:173: }
      000227 22               [24] 1147 	ret
                                   1148 ;------------------------------------------------------------
                                   1149 ;Allocation info for local variables in function 'USBSerial_available'
                                   1150 ;------------------------------------------------------------
                                   1151 ;	C:\Users\tonyp\AppData\Local\Arduino15\packages\CH55xDuino\hardware\mcs51\0.0.23\cores\ch55xduino\USBCDC.c:175: uint8_t USBSerial_available() { return USBByteCountEP2; }
                                   1152 ;	-----------------------------------------
                                   1153 ;	 function USBSerial_available
                                   1154 ;	-----------------------------------------
      000228                       1155 _USBSerial_available:
      000228 90r00r07         [24] 1156 	mov	dptr,#_USBByteCountEP2
      00022B E0               [24] 1157 	movx	a,@dptr
      00022C F5 82            [12] 1158 	mov	dpl,a
      00022E 22               [24] 1159 	ret
                                   1160 ;------------------------------------------------------------
                                   1161 ;Allocation info for local variables in function 'USBSerial_read'
                                   1162 ;------------------------------------------------------------
                                   1163 ;data                      Allocated to registers r7 
                                   1164 ;------------------------------------------------------------
                                   1165 ;	C:\Users\tonyp\AppData\Local\Arduino15\packages\CH55xDuino\hardware\mcs51\0.0.23\cores\ch55xduino\USBCDC.c:177: char USBSerial_read() {
                                   1166 ;	-----------------------------------------
                                   1167 ;	 function USBSerial_read
                                   1168 ;	-----------------------------------------
      00022F                       1169 _USBSerial_read:
                                   1170 ;	C:\Users\tonyp\AppData\Local\Arduino15\packages\CH55xDuino\hardware\mcs51\0.0.23\cores\ch55xduino\USBCDC.c:178: if (USBByteCountEP2 == 0)
      00022F 90r00r07         [24] 1171 	mov	dptr,#_USBByteCountEP2
      000232 E0               [24] 1172 	movx	a,@dptr
                                   1173 ;	C:\Users\tonyp\AppData\Local\Arduino15\packages\CH55xDuino\hardware\mcs51\0.0.23\cores\ch55xduino\USBCDC.c:179: return 0;
      000233 70 03            [24] 1174 	jnz	00102$
      000235 F5 82            [12] 1175 	mov	dpl,a
      000237 22               [24] 1176 	ret
      000238                       1177 00102$:
                                   1178 ;	C:\Users\tonyp\AppData\Local\Arduino15\packages\CH55xDuino\hardware\mcs51\0.0.23\cores\ch55xduino\USBCDC.c:180: __data char data = Ep2Buffer[USBBufOutPointEP2];
      000238 90r00r08         [24] 1179 	mov	dptr,#_USBBufOutPointEP2
      00023B E0               [24] 1180 	movx	a,@dptr
      00023C 24r00            [12] 1181 	add	a,#_Ep2Buffer
      00023E F5 82            [12] 1182 	mov	dpl,a
      000240 E4               [12] 1183 	clr	a
      000241 34s00            [12] 1184 	addc	a,#(_Ep2Buffer >> 8)
      000243 F5 83            [12] 1185 	mov	dph,a
      000245 E0               [24] 1186 	movx	a,@dptr
      000246 FF               [12] 1187 	mov	r7,a
                                   1188 ;	C:\Users\tonyp\AppData\Local\Arduino15\packages\CH55xDuino\hardware\mcs51\0.0.23\cores\ch55xduino\USBCDC.c:181: USBBufOutPointEP2++;
      000247 90r00r08         [24] 1189 	mov	dptr,#_USBBufOutPointEP2
      00024A E0               [24] 1190 	movx	a,@dptr
      00024B 04               [12] 1191 	inc	a
      00024C F0               [24] 1192 	movx	@dptr,a
                                   1193 ;	C:\Users\tonyp\AppData\Local\Arduino15\packages\CH55xDuino\hardware\mcs51\0.0.23\cores\ch55xduino\USBCDC.c:182: USBByteCountEP2--;
      00024D 90r00r07         [24] 1194 	mov	dptr,#_USBByteCountEP2
      000250 E0               [24] 1195 	movx	a,@dptr
      000251 14               [12] 1196 	dec	a
      000252 F0               [24] 1197 	movx	@dptr,a
                                   1198 ;	C:\Users\tonyp\AppData\Local\Arduino15\packages\CH55xDuino\hardware\mcs51\0.0.23\cores\ch55xduino\USBCDC.c:183: if (USBByteCountEP2 == 0) {
      000253 E0               [24] 1199 	movx	a,@dptr
      000254 70 03            [24] 1200 	jnz	00104$
                                   1201 ;	C:\Users\tonyp\AppData\Local\Arduino15\packages\CH55xDuino\hardware\mcs51\0.0.23\cores\ch55xduino\USBCDC.c:184: UEP2_CTRL = UEP2_CTRL & ~MASK_UEP_R_RES | UEP_R_RES_ACK;
      000256 53 D4 F3         [24] 1202 	anl	_UEP2_CTRL,#0xf3
      000259                       1203 00104$:
                                   1204 ;	C:\Users\tonyp\AppData\Local\Arduino15\packages\CH55xDuino\hardware\mcs51\0.0.23\cores\ch55xduino\USBCDC.c:186: return data;
      000259 8F 82            [24] 1205 	mov	dpl,r7
                                   1206 ;	C:\Users\tonyp\AppData\Local\Arduino15\packages\CH55xDuino\hardware\mcs51\0.0.23\cores\ch55xduino\USBCDC.c:187: }
      00025B 22               [24] 1207 	ret
                                   1208 ;------------------------------------------------------------
                                   1209 ;Allocation info for local variables in function 'USB_EP2_IN'
                                   1210 ;------------------------------------------------------------
                                   1211 ;	C:\Users\tonyp\AppData\Local\Arduino15\packages\CH55xDuino\hardware\mcs51\0.0.23\cores\ch55xduino\USBCDC.c:189: void USB_EP2_IN() {
                                   1212 ;	-----------------------------------------
                                   1213 ;	 function USB_EP2_IN
                                   1214 ;	-----------------------------------------
      00025C                       1215 _USB_EP2_IN:
                                   1216 ;	C:\Users\tonyp\AppData\Local\Arduino15\packages\CH55xDuino\hardware\mcs51\0.0.23\cores\ch55xduino\USBCDC.c:190: UEP2_T_LEN = 0; // No data to send anymore
      00025C 75 D5 00         [24] 1217 	mov	_UEP2_T_LEN,#0x00
                                   1218 ;	C:\Users\tonyp\AppData\Local\Arduino15\packages\CH55xDuino\hardware\mcs51\0.0.23\cores\ch55xduino\USBCDC.c:192: UEP2_CTRL & ~MASK_UEP_T_RES | UEP_T_RES_NAK; // Respond NAK by default
      00025F 74 FC            [12] 1219 	mov	a,#0xfc
      000261 55 D4            [12] 1220 	anl	a,_UEP2_CTRL
      000263 44 02            [12] 1221 	orl	a,#0x02
      000265 F5 D4            [12] 1222 	mov	_UEP2_CTRL,a
                                   1223 ;	C:\Users\tonyp\AppData\Local\Arduino15\packages\CH55xDuino\hardware\mcs51\0.0.23\cores\ch55xduino\USBCDC.c:193: UpPoint2BusyFlag = 0;                            // Clear busy flag
                                   1224 ;	assignBit
      000267 C2*00            [12] 1225 	clr	_UpPoint2BusyFlag
                                   1226 ;	C:\Users\tonyp\AppData\Local\Arduino15\packages\CH55xDuino\hardware\mcs51\0.0.23\cores\ch55xduino\USBCDC.c:194: }
      000269 22               [24] 1227 	ret
                                   1228 ;------------------------------------------------------------
                                   1229 ;Allocation info for local variables in function 'USB_EP2_OUT'
                                   1230 ;------------------------------------------------------------
                                   1231 ;	C:\Users\tonyp\AppData\Local\Arduino15\packages\CH55xDuino\hardware\mcs51\0.0.23\cores\ch55xduino\USBCDC.c:196: void USB_EP2_OUT() {
                                   1232 ;	-----------------------------------------
                                   1233 ;	 function USB_EP2_OUT
                                   1234 ;	-----------------------------------------
      00026A                       1235 _USB_EP2_OUT:
                                   1236 ;	C:\Users\tonyp\AppData\Local\Arduino15\packages\CH55xDuino\hardware\mcs51\0.0.23\cores\ch55xduino\USBCDC.c:197: if (U_TOG_OK) // Discard unsynchronized packets
      00026A 30 DE 19         [24] 1237 	jnb	_U_TOG_OK,00105$
                                   1238 ;	C:\Users\tonyp\AppData\Local\Arduino15\packages\CH55xDuino\hardware\mcs51\0.0.23\cores\ch55xduino\USBCDC.c:199: USBByteCountEP2 = USB_RX_LEN;
      00026D 90r00r07         [24] 1239 	mov	dptr,#_USBByteCountEP2
      000270 E5 DB            [12] 1240 	mov	a,_USB_RX_LEN
      000272 F0               [24] 1241 	movx	@dptr,a
                                   1242 ;	C:\Users\tonyp\AppData\Local\Arduino15\packages\CH55xDuino\hardware\mcs51\0.0.23\cores\ch55xduino\USBCDC.c:200: USBBufOutPointEP2 = 0; // Reset Data pointer for fetching
      000273 90r00r08         [24] 1243 	mov	dptr,#_USBBufOutPointEP2
      000276 E4               [12] 1244 	clr	a
      000277 F0               [24] 1245 	movx	@dptr,a
                                   1246 ;	C:\Users\tonyp\AppData\Local\Arduino15\packages\CH55xDuino\hardware\mcs51\0.0.23\cores\ch55xduino\USBCDC.c:201: if (USBByteCountEP2)
      000278 90r00r07         [24] 1247 	mov	dptr,#_USBByteCountEP2
      00027B E0               [24] 1248 	movx	a,@dptr
      00027C 60 08            [24] 1249 	jz	00105$
                                   1250 ;	C:\Users\tonyp\AppData\Local\Arduino15\packages\CH55xDuino\hardware\mcs51\0.0.23\cores\ch55xduino\USBCDC.c:202: UEP2_CTRL = UEP2_CTRL & ~MASK_UEP_R_RES |
      00027E 74 F3            [12] 1251 	mov	a,#0xf3
      000280 55 D4            [12] 1252 	anl	a,_UEP2_CTRL
      000282 44 08            [12] 1253 	orl	a,#0x08
      000284 F5 D4            [12] 1254 	mov	_UEP2_CTRL,a
      000286                       1255 00105$:
                                   1256 ;	C:\Users\tonyp\AppData\Local\Arduino15\packages\CH55xDuino\hardware\mcs51\0.0.23\cores\ch55xduino\USBCDC.c:206: }
      000286 22               [24] 1257 	ret
                                   1258 	.area CSEG    (CODE)
                                   1259 	.area CONST   (CODE)
                                   1260 	.area XINIT   (CODE)
      000000                       1261 __xinit__LineCoding:
      000000 00                    1262 	.db #0x00	; 0
      000001 E1                    1263 	.db #0xe1	; 225
      000002 00                    1264 	.db #0x00	; 0
      000003 00                    1265 	.db #0x00	; 0
      000004 00                    1266 	.db #0x00	; 0
      000005 00                    1267 	.db #0x00	; 0
      000006 08                    1268 	.db #0x08	; 8
      000007                       1269 __xinit__USBByteCountEP2:
      000007 00                    1270 	.db #0x00	; 0
      000008                       1271 __xinit__USBBufOutPointEP2:
      000008 00                    1272 	.db #0x00	; 0
      000009                       1273 __xinit__controlLineState:
      000009 00                    1274 	.db #0x00	; 0
      00000A                       1275 __xinit__usbWritePointer:
      00000A 00                    1276 	.db #0x00	; 0
                                   1277 	.area CABS    (ABS,CODE)
