                                      1 ;--------------------------------------------------------
                                      2 ; File Created by SDCC : free open source ISO C Compiler 
                                      3 ; Version 4.2.2 #13407 (MINGW32)
                                      4 ;--------------------------------------------------------
                                      5 	.module wiring_pulsein
                                      6 	.optsdcc -mmcs51 --model-large
                                      7 	
                                      8 ;--------------------------------------------------------
                                      9 ; Public variables in this module
                                     10 ;--------------------------------------------------------
                                     11 	.globl _UIF_BUS_RST
                                     12 	.globl _UIF_DETECT
                                     13 	.globl _UIF_TRANSFER
                                     14 	.globl _UIF_SUSPEND
                                     15 	.globl _UIF_HST_SOF
                                     16 	.globl _UIF_FIFO_OV
                                     17 	.globl _U_SIE_FREE
                                     18 	.globl _U_TOG_OK
                                     19 	.globl _U_IS_NAK
                                     20 	.globl _ADC_CHAN0
                                     21 	.globl _ADC_CHAN1
                                     22 	.globl _CMP_CHAN
                                     23 	.globl _ADC_START
                                     24 	.globl _ADC_IF
                                     25 	.globl _CMP_IF
                                     26 	.globl _CMPO
                                     27 	.globl _U1RI
                                     28 	.globl _U1TI
                                     29 	.globl _U1RB8
                                     30 	.globl _U1TB8
                                     31 	.globl _U1REN
                                     32 	.globl _U1SMOD
                                     33 	.globl _U1SM0
                                     34 	.globl _S0_R_FIFO
                                     35 	.globl _S0_T_FIFO
                                     36 	.globl _S0_FREE
                                     37 	.globl _S0_IF_BYTE
                                     38 	.globl _S0_IF_FIRST
                                     39 	.globl _S0_IF_OV
                                     40 	.globl _S0_FST_ACT
                                     41 	.globl _CP_RL2
                                     42 	.globl _C_T2
                                     43 	.globl _TR2
                                     44 	.globl _EXEN2
                                     45 	.globl _TCLK
                                     46 	.globl _RCLK
                                     47 	.globl _EXF2
                                     48 	.globl _CAP1F
                                     49 	.globl _TF2
                                     50 	.globl _RI
                                     51 	.globl _TI
                                     52 	.globl _RB8
                                     53 	.globl _TB8
                                     54 	.globl _REN
                                     55 	.globl _SM2
                                     56 	.globl _SM1
                                     57 	.globl _SM0
                                     58 	.globl _IT0
                                     59 	.globl _IE0
                                     60 	.globl _IT1
                                     61 	.globl _IE1
                                     62 	.globl _TR0
                                     63 	.globl _TF0
                                     64 	.globl _TR1
                                     65 	.globl _TF1
                                     66 	.globl _P3_0
                                     67 	.globl _P3_1
                                     68 	.globl _P3_2
                                     69 	.globl _P3_3
                                     70 	.globl _P3_4
                                     71 	.globl _P3_5
                                     72 	.globl _P3_6
                                     73 	.globl _P3_7
                                     74 	.globl _RXD
                                     75 	.globl _PWM1_
                                     76 	.globl _TXD
                                     77 	.globl _PWM2_
                                     78 	.globl _AIN3
                                     79 	.globl _VBUS1
                                     80 	.globl _INT0
                                     81 	.globl _TXD1_
                                     82 	.globl _INT1
                                     83 	.globl _T0
                                     84 	.globl _RXD1_
                                     85 	.globl _PWM2
                                     86 	.globl _T1
                                     87 	.globl _UDP
                                     88 	.globl _UDM
                                     89 	.globl _P1_0
                                     90 	.globl _P1_1
                                     91 	.globl _P1_2
                                     92 	.globl _P1_3
                                     93 	.globl _P1_4
                                     94 	.globl _P1_5
                                     95 	.globl _P1_6
                                     96 	.globl _P1_7
                                     97 	.globl _TIN0
                                     98 	.globl _CAP1
                                     99 	.globl _T2
                                    100 	.globl _AIN0
                                    101 	.globl _VBUS2
                                    102 	.globl _TIN1
                                    103 	.globl _CAP2
                                    104 	.globl _T2EX
                                    105 	.globl _RXD_
                                    106 	.globl _TXD_
                                    107 	.globl _AIN1
                                    108 	.globl _UCC1
                                    109 	.globl _TIN2
                                    110 	.globl _SCS
                                    111 	.globl _CAP1_
                                    112 	.globl _T2_
                                    113 	.globl _AIN2
                                    114 	.globl _UCC2
                                    115 	.globl _TIN3
                                    116 	.globl _PWM1
                                    117 	.globl _MOSI
                                    118 	.globl _TIN4
                                    119 	.globl _RXD1
                                    120 	.globl _MISO
                                    121 	.globl _TIN5
                                    122 	.globl _TXD1
                                    123 	.globl _SCK
                                    124 	.globl _IE_SPI0
                                    125 	.globl _IE_TKEY
                                    126 	.globl _IE_USB
                                    127 	.globl _IE_ADC
                                    128 	.globl _IE_UART1
                                    129 	.globl _IE_PWMX
                                    130 	.globl _IE_GPIO
                                    131 	.globl _IE_WDOG
                                    132 	.globl _PX0
                                    133 	.globl _PT0
                                    134 	.globl _PX1
                                    135 	.globl _PT1
                                    136 	.globl _PS
                                    137 	.globl _PT2
                                    138 	.globl _PL_FLAG
                                    139 	.globl _PH_FLAG
                                    140 	.globl _EX0
                                    141 	.globl _ET0
                                    142 	.globl _EX1
                                    143 	.globl _ET1
                                    144 	.globl _ES
                                    145 	.globl _ET2
                                    146 	.globl _E_DIS
                                    147 	.globl _EA
                                    148 	.globl _P
                                    149 	.globl _F1
                                    150 	.globl _OV
                                    151 	.globl _RS0
                                    152 	.globl _RS1
                                    153 	.globl _F0
                                    154 	.globl _AC
                                    155 	.globl _CY
                                    156 	.globl _UEP1_DMA_H
                                    157 	.globl _UEP1_DMA_L
                                    158 	.globl _UEP1_DMA
                                    159 	.globl _UEP0_DMA_H
                                    160 	.globl _UEP0_DMA_L
                                    161 	.globl _UEP0_DMA
                                    162 	.globl _UEP2_3_MOD
                                    163 	.globl _UEP4_1_MOD
                                    164 	.globl _UEP3_DMA_H
                                    165 	.globl _UEP3_DMA_L
                                    166 	.globl _UEP3_DMA
                                    167 	.globl _UEP2_DMA_H
                                    168 	.globl _UEP2_DMA_L
                                    169 	.globl _UEP2_DMA
                                    170 	.globl _USB_DEV_AD
                                    171 	.globl _USB_CTRL
                                    172 	.globl _USB_INT_EN
                                    173 	.globl _UEP4_T_LEN
                                    174 	.globl _UEP4_CTRL
                                    175 	.globl _UEP0_T_LEN
                                    176 	.globl _UEP0_CTRL
                                    177 	.globl _USB_RX_LEN
                                    178 	.globl _USB_MIS_ST
                                    179 	.globl _USB_INT_ST
                                    180 	.globl _USB_INT_FG
                                    181 	.globl _UEP3_T_LEN
                                    182 	.globl _UEP3_CTRL
                                    183 	.globl _UEP2_T_LEN
                                    184 	.globl _UEP2_CTRL
                                    185 	.globl _UEP1_T_LEN
                                    186 	.globl _UEP1_CTRL
                                    187 	.globl _UDEV_CTRL
                                    188 	.globl _USB_C_CTRL
                                    189 	.globl _TKEY_DATH
                                    190 	.globl _TKEY_DATL
                                    191 	.globl _TKEY_DAT
                                    192 	.globl _TKEY_CTRL
                                    193 	.globl _ADC_DATA
                                    194 	.globl _ADC_CFG
                                    195 	.globl _ADC_CTRL
                                    196 	.globl _SBAUD1
                                    197 	.globl _SBUF1
                                    198 	.globl _SCON1
                                    199 	.globl _SPI0_SETUP
                                    200 	.globl _SPI0_CK_SE
                                    201 	.globl _SPI0_CTRL
                                    202 	.globl _SPI0_DATA
                                    203 	.globl _SPI0_STAT
                                    204 	.globl _PWM_CK_SE
                                    205 	.globl _PWM_CTRL
                                    206 	.globl _PWM_DATA1
                                    207 	.globl _PWM_DATA2
                                    208 	.globl _T2CAP1H
                                    209 	.globl _T2CAP1L
                                    210 	.globl _T2CAP1
                                    211 	.globl _TH2
                                    212 	.globl _TL2
                                    213 	.globl _T2COUNT
                                    214 	.globl _RCAP2H
                                    215 	.globl _RCAP2L
                                    216 	.globl _RCAP2
                                    217 	.globl _T2MOD
                                    218 	.globl _T2CON
                                    219 	.globl _SBUF
                                    220 	.globl _SCON
                                    221 	.globl _TH1
                                    222 	.globl _TH0
                                    223 	.globl _TL1
                                    224 	.globl _TL0
                                    225 	.globl _TMOD
                                    226 	.globl _TCON
                                    227 	.globl _XBUS_AUX
                                    228 	.globl _PIN_FUNC
                                    229 	.globl _P3_DIR_PU
                                    230 	.globl _P3_MOD_OC
                                    231 	.globl _P3
                                    232 	.globl _P2
                                    233 	.globl _P1_DIR_PU
                                    234 	.globl _P1_MOD_OC
                                    235 	.globl _P1
                                    236 	.globl _ROM_CTRL
                                    237 	.globl _ROM_DATA_H
                                    238 	.globl _ROM_DATA_L
                                    239 	.globl _ROM_DATA
                                    240 	.globl _ROM_ADDR_H
                                    241 	.globl _ROM_ADDR_L
                                    242 	.globl _ROM_ADDR
                                    243 	.globl _GPIO_IE
                                    244 	.globl _IP_EX
                                    245 	.globl _IE_EX
                                    246 	.globl _IP
                                    247 	.globl _IE
                                    248 	.globl _WDOG_COUNT
                                    249 	.globl _RESET_KEEP
                                    250 	.globl _WAKE_CTRL
                                    251 	.globl _CLOCK_CFG
                                    252 	.globl _PCON
                                    253 	.globl _GLOBAL_CFG
                                    254 	.globl _SAFE_MOD
                                    255 	.globl _DPH
                                    256 	.globl _DPL
                                    257 	.globl _SP
                                    258 	.globl _B
                                    259 	.globl _ACC
                                    260 	.globl _PSW
                                    261 	.globl _pulseIn_PARM_3
                                    262 	.globl _pulseIn_PARM_2
                                    263 	.globl _pulseIn
                                    264 ;--------------------------------------------------------
                                    265 ; special function registers
                                    266 ;--------------------------------------------------------
                                    267 	.area RSEG    (ABS,DATA)
      000000                        268 	.org 0x0000
                           0000D0   269 _PSW	=	0x00d0
                           0000E0   270 _ACC	=	0x00e0
                           0000F0   271 _B	=	0x00f0
                           000081   272 _SP	=	0x0081
                           000082   273 _DPL	=	0x0082
                           000083   274 _DPH	=	0x0083
                           0000A1   275 _SAFE_MOD	=	0x00a1
                           0000B1   276 _GLOBAL_CFG	=	0x00b1
                           000087   277 _PCON	=	0x0087
                           0000B9   278 _CLOCK_CFG	=	0x00b9
                           0000A9   279 _WAKE_CTRL	=	0x00a9
                           0000FE   280 _RESET_KEEP	=	0x00fe
                           0000FF   281 _WDOG_COUNT	=	0x00ff
                           0000A8   282 _IE	=	0x00a8
                           0000B8   283 _IP	=	0x00b8
                           0000E8   284 _IE_EX	=	0x00e8
                           0000E9   285 _IP_EX	=	0x00e9
                           0000C7   286 _GPIO_IE	=	0x00c7
                           008584   287 _ROM_ADDR	=	0x8584
                           000084   288 _ROM_ADDR_L	=	0x0084
                           000085   289 _ROM_ADDR_H	=	0x0085
                           008F8E   290 _ROM_DATA	=	0x8f8e
                           00008E   291 _ROM_DATA_L	=	0x008e
                           00008F   292 _ROM_DATA_H	=	0x008f
                           000086   293 _ROM_CTRL	=	0x0086
                           000090   294 _P1	=	0x0090
                           000092   295 _P1_MOD_OC	=	0x0092
                           000093   296 _P1_DIR_PU	=	0x0093
                           0000A0   297 _P2	=	0x00a0
                           0000B0   298 _P3	=	0x00b0
                           000096   299 _P3_MOD_OC	=	0x0096
                           000097   300 _P3_DIR_PU	=	0x0097
                           0000C6   301 _PIN_FUNC	=	0x00c6
                           0000A2   302 _XBUS_AUX	=	0x00a2
                           000088   303 _TCON	=	0x0088
                           000089   304 _TMOD	=	0x0089
                           00008A   305 _TL0	=	0x008a
                           00008B   306 _TL1	=	0x008b
                           00008C   307 _TH0	=	0x008c
                           00008D   308 _TH1	=	0x008d
                           000098   309 _SCON	=	0x0098
                           000099   310 _SBUF	=	0x0099
                           0000C8   311 _T2CON	=	0x00c8
                           0000C9   312 _T2MOD	=	0x00c9
                           00CBCA   313 _RCAP2	=	0xcbca
                           0000CA   314 _RCAP2L	=	0x00ca
                           0000CB   315 _RCAP2H	=	0x00cb
                           00CDCC   316 _T2COUNT	=	0xcdcc
                           0000CC   317 _TL2	=	0x00cc
                           0000CD   318 _TH2	=	0x00cd
                           00CFCE   319 _T2CAP1	=	0xcfce
                           0000CE   320 _T2CAP1L	=	0x00ce
                           0000CF   321 _T2CAP1H	=	0x00cf
                           00009B   322 _PWM_DATA2	=	0x009b
                           00009C   323 _PWM_DATA1	=	0x009c
                           00009D   324 _PWM_CTRL	=	0x009d
                           00009E   325 _PWM_CK_SE	=	0x009e
                           0000F8   326 _SPI0_STAT	=	0x00f8
                           0000F9   327 _SPI0_DATA	=	0x00f9
                           0000FA   328 _SPI0_CTRL	=	0x00fa
                           0000FB   329 _SPI0_CK_SE	=	0x00fb
                           0000FC   330 _SPI0_SETUP	=	0x00fc
                           0000C0   331 _SCON1	=	0x00c0
                           0000C1   332 _SBUF1	=	0x00c1
                           0000C2   333 _SBAUD1	=	0x00c2
                           000080   334 _ADC_CTRL	=	0x0080
                           00009A   335 _ADC_CFG	=	0x009a
                           00009F   336 _ADC_DATA	=	0x009f
                           0000C3   337 _TKEY_CTRL	=	0x00c3
                           00C5C4   338 _TKEY_DAT	=	0xc5c4
                           0000C4   339 _TKEY_DATL	=	0x00c4
                           0000C5   340 _TKEY_DATH	=	0x00c5
                           000091   341 _USB_C_CTRL	=	0x0091
                           0000D1   342 _UDEV_CTRL	=	0x00d1
                           0000D2   343 _UEP1_CTRL	=	0x00d2
                           0000D3   344 _UEP1_T_LEN	=	0x00d3
                           0000D4   345 _UEP2_CTRL	=	0x00d4
                           0000D5   346 _UEP2_T_LEN	=	0x00d5
                           0000D6   347 _UEP3_CTRL	=	0x00d6
                           0000D7   348 _UEP3_T_LEN	=	0x00d7
                           0000D8   349 _USB_INT_FG	=	0x00d8
                           0000D9   350 _USB_INT_ST	=	0x00d9
                           0000DA   351 _USB_MIS_ST	=	0x00da
                           0000DB   352 _USB_RX_LEN	=	0x00db
                           0000DC   353 _UEP0_CTRL	=	0x00dc
                           0000DD   354 _UEP0_T_LEN	=	0x00dd
                           0000DE   355 _UEP4_CTRL	=	0x00de
                           0000DF   356 _UEP4_T_LEN	=	0x00df
                           0000E1   357 _USB_INT_EN	=	0x00e1
                           0000E2   358 _USB_CTRL	=	0x00e2
                           0000E3   359 _USB_DEV_AD	=	0x00e3
                           00E5E4   360 _UEP2_DMA	=	0xe5e4
                           0000E4   361 _UEP2_DMA_L	=	0x00e4
                           0000E5   362 _UEP2_DMA_H	=	0x00e5
                           00E7E6   363 _UEP3_DMA	=	0xe7e6
                           0000E6   364 _UEP3_DMA_L	=	0x00e6
                           0000E7   365 _UEP3_DMA_H	=	0x00e7
                           0000EA   366 _UEP4_1_MOD	=	0x00ea
                           0000EB   367 _UEP2_3_MOD	=	0x00eb
                           00EDEC   368 _UEP0_DMA	=	0xedec
                           0000EC   369 _UEP0_DMA_L	=	0x00ec
                           0000ED   370 _UEP0_DMA_H	=	0x00ed
                           00EFEE   371 _UEP1_DMA	=	0xefee
                           0000EE   372 _UEP1_DMA_L	=	0x00ee
                           0000EF   373 _UEP1_DMA_H	=	0x00ef
                                    374 ;--------------------------------------------------------
                                    375 ; special function bits
                                    376 ;--------------------------------------------------------
                                    377 	.area RSEG    (ABS,DATA)
      000000                        378 	.org 0x0000
                           0000D7   379 _CY	=	0x00d7
                           0000D6   380 _AC	=	0x00d6
                           0000D5   381 _F0	=	0x00d5
                           0000D4   382 _RS1	=	0x00d4
                           0000D3   383 _RS0	=	0x00d3
                           0000D2   384 _OV	=	0x00d2
                           0000D1   385 _F1	=	0x00d1
                           0000D0   386 _P	=	0x00d0
                           0000AF   387 _EA	=	0x00af
                           0000AE   388 _E_DIS	=	0x00ae
                           0000AD   389 _ET2	=	0x00ad
                           0000AC   390 _ES	=	0x00ac
                           0000AB   391 _ET1	=	0x00ab
                           0000AA   392 _EX1	=	0x00aa
                           0000A9   393 _ET0	=	0x00a9
                           0000A8   394 _EX0	=	0x00a8
                           0000BF   395 _PH_FLAG	=	0x00bf
                           0000BE   396 _PL_FLAG	=	0x00be
                           0000BD   397 _PT2	=	0x00bd
                           0000BC   398 _PS	=	0x00bc
                           0000BB   399 _PT1	=	0x00bb
                           0000BA   400 _PX1	=	0x00ba
                           0000B9   401 _PT0	=	0x00b9
                           0000B8   402 _PX0	=	0x00b8
                           0000EF   403 _IE_WDOG	=	0x00ef
                           0000EE   404 _IE_GPIO	=	0x00ee
                           0000ED   405 _IE_PWMX	=	0x00ed
                           0000EC   406 _IE_UART1	=	0x00ec
                           0000EB   407 _IE_ADC	=	0x00eb
                           0000EA   408 _IE_USB	=	0x00ea
                           0000E9   409 _IE_TKEY	=	0x00e9
                           0000E8   410 _IE_SPI0	=	0x00e8
                           000097   411 _SCK	=	0x0097
                           000097   412 _TXD1	=	0x0097
                           000097   413 _TIN5	=	0x0097
                           000096   414 _MISO	=	0x0096
                           000096   415 _RXD1	=	0x0096
                           000096   416 _TIN4	=	0x0096
                           000095   417 _MOSI	=	0x0095
                           000095   418 _PWM1	=	0x0095
                           000095   419 _TIN3	=	0x0095
                           000095   420 _UCC2	=	0x0095
                           000095   421 _AIN2	=	0x0095
                           000094   422 _T2_	=	0x0094
                           000094   423 _CAP1_	=	0x0094
                           000094   424 _SCS	=	0x0094
                           000094   425 _TIN2	=	0x0094
                           000094   426 _UCC1	=	0x0094
                           000094   427 _AIN1	=	0x0094
                           000093   428 _TXD_	=	0x0093
                           000092   429 _RXD_	=	0x0092
                           000091   430 _T2EX	=	0x0091
                           000091   431 _CAP2	=	0x0091
                           000091   432 _TIN1	=	0x0091
                           000091   433 _VBUS2	=	0x0091
                           000091   434 _AIN0	=	0x0091
                           000090   435 _T2	=	0x0090
                           000090   436 _CAP1	=	0x0090
                           000090   437 _TIN0	=	0x0090
                           000097   438 _P1_7	=	0x0097
                           000096   439 _P1_6	=	0x0096
                           000095   440 _P1_5	=	0x0095
                           000094   441 _P1_4	=	0x0094
                           000093   442 _P1_3	=	0x0093
                           000092   443 _P1_2	=	0x0092
                           000091   444 _P1_1	=	0x0091
                           000090   445 _P1_0	=	0x0090
                           0000B7   446 _UDM	=	0x00b7
                           0000B6   447 _UDP	=	0x00b6
                           0000B5   448 _T1	=	0x00b5
                           0000B4   449 _PWM2	=	0x00b4
                           0000B4   450 _RXD1_	=	0x00b4
                           0000B4   451 _T0	=	0x00b4
                           0000B3   452 _INT1	=	0x00b3
                           0000B2   453 _TXD1_	=	0x00b2
                           0000B2   454 _INT0	=	0x00b2
                           0000B2   455 _VBUS1	=	0x00b2
                           0000B2   456 _AIN3	=	0x00b2
                           0000B1   457 _PWM2_	=	0x00b1
                           0000B1   458 _TXD	=	0x00b1
                           0000B0   459 _PWM1_	=	0x00b0
                           0000B0   460 _RXD	=	0x00b0
                           0000B7   461 _P3_7	=	0x00b7
                           0000B6   462 _P3_6	=	0x00b6
                           0000B5   463 _P3_5	=	0x00b5
                           0000B4   464 _P3_4	=	0x00b4
                           0000B3   465 _P3_3	=	0x00b3
                           0000B2   466 _P3_2	=	0x00b2
                           0000B1   467 _P3_1	=	0x00b1
                           0000B0   468 _P3_0	=	0x00b0
                           00008F   469 _TF1	=	0x008f
                           00008E   470 _TR1	=	0x008e
                           00008D   471 _TF0	=	0x008d
                           00008C   472 _TR0	=	0x008c
                           00008B   473 _IE1	=	0x008b
                           00008A   474 _IT1	=	0x008a
                           000089   475 _IE0	=	0x0089
                           000088   476 _IT0	=	0x0088
                           00009F   477 _SM0	=	0x009f
                           00009E   478 _SM1	=	0x009e
                           00009D   479 _SM2	=	0x009d
                           00009C   480 _REN	=	0x009c
                           00009B   481 _TB8	=	0x009b
                           00009A   482 _RB8	=	0x009a
                           000099   483 _TI	=	0x0099
                           000098   484 _RI	=	0x0098
                           0000CF   485 _TF2	=	0x00cf
                           0000CF   486 _CAP1F	=	0x00cf
                           0000CE   487 _EXF2	=	0x00ce
                           0000CD   488 _RCLK	=	0x00cd
                           0000CC   489 _TCLK	=	0x00cc
                           0000CB   490 _EXEN2	=	0x00cb
                           0000CA   491 _TR2	=	0x00ca
                           0000C9   492 _C_T2	=	0x00c9
                           0000C8   493 _CP_RL2	=	0x00c8
                           0000FF   494 _S0_FST_ACT	=	0x00ff
                           0000FE   495 _S0_IF_OV	=	0x00fe
                           0000FD   496 _S0_IF_FIRST	=	0x00fd
                           0000FC   497 _S0_IF_BYTE	=	0x00fc
                           0000FB   498 _S0_FREE	=	0x00fb
                           0000FA   499 _S0_T_FIFO	=	0x00fa
                           0000F8   500 _S0_R_FIFO	=	0x00f8
                           0000C7   501 _U1SM0	=	0x00c7
                           0000C5   502 _U1SMOD	=	0x00c5
                           0000C4   503 _U1REN	=	0x00c4
                           0000C3   504 _U1TB8	=	0x00c3
                           0000C2   505 _U1RB8	=	0x00c2
                           0000C1   506 _U1TI	=	0x00c1
                           0000C0   507 _U1RI	=	0x00c0
                           000087   508 _CMPO	=	0x0087
                           000086   509 _CMP_IF	=	0x0086
                           000085   510 _ADC_IF	=	0x0085
                           000084   511 _ADC_START	=	0x0084
                           000083   512 _CMP_CHAN	=	0x0083
                           000081   513 _ADC_CHAN1	=	0x0081
                           000080   514 _ADC_CHAN0	=	0x0080
                           0000DF   515 _U_IS_NAK	=	0x00df
                           0000DE   516 _U_TOG_OK	=	0x00de
                           0000DD   517 _U_SIE_FREE	=	0x00dd
                           0000DC   518 _UIF_FIFO_OV	=	0x00dc
                           0000DB   519 _UIF_HST_SOF	=	0x00db
                           0000DA   520 _UIF_SUSPEND	=	0x00da
                           0000D9   521 _UIF_TRANSFER	=	0x00d9
                           0000D8   522 _UIF_DETECT	=	0x00d8
                           0000D8   523 _UIF_BUS_RST	=	0x00d8
                                    524 ;--------------------------------------------------------
                                    525 ; overlayable register banks
                                    526 ;--------------------------------------------------------
                                    527 	.area REG_BANK_0	(REL,OVR,DATA)
      000000                        528 	.ds 8
                                    529 ;--------------------------------------------------------
                                    530 ; internal ram data
                                    531 ;--------------------------------------------------------
                                    532 	.area DSEG    (DATA)
                                    533 ;--------------------------------------------------------
                                    534 ; overlayable items in internal ram
                                    535 ;--------------------------------------------------------
                                    536 ;--------------------------------------------------------
                                    537 ; indirectly addressable internal ram data
                                    538 ;--------------------------------------------------------
                                    539 	.area ISEG    (DATA)
                                    540 ;--------------------------------------------------------
                                    541 ; absolute internal ram data
                                    542 ;--------------------------------------------------------
                                    543 	.area IABS    (ABS,DATA)
                                    544 	.area IABS    (ABS,DATA)
                                    545 ;--------------------------------------------------------
                                    546 ; bit data
                                    547 ;--------------------------------------------------------
                                    548 	.area BSEG    (BIT)
                                    549 ;--------------------------------------------------------
                                    550 ; paged external ram data
                                    551 ;--------------------------------------------------------
                                    552 	.area PSEG    (PAG,XDATA)
                                    553 ;--------------------------------------------------------
                                    554 ; uninitialized external ram data
                                    555 ;--------------------------------------------------------
                                    556 	.area XSEG    (XDATA)
      000000                        557 _pulseIn_PARM_2:
      000000                        558 	.ds 1
      000001                        559 _pulseIn_PARM_3:
      000001                        560 	.ds 2
                                    561 ;--------------------------------------------------------
                                    562 ; absolute external ram data
                                    563 ;--------------------------------------------------------
                                    564 	.area XABS    (ABS,XDATA)
                                    565 ;--------------------------------------------------------
                                    566 ; initialized external ram data
                                    567 ;--------------------------------------------------------
                                    568 	.area XISEG   (XDATA)
                                    569 	.area HOME    (CODE)
                                    570 	.area GSINIT0 (CODE)
                                    571 	.area GSINIT1 (CODE)
                                    572 	.area GSINIT2 (CODE)
                                    573 	.area GSINIT3 (CODE)
                                    574 	.area GSINIT4 (CODE)
                                    575 	.area GSINIT5 (CODE)
                                    576 	.area GSINIT  (CODE)
                                    577 	.area GSFINAL (CODE)
                                    578 	.area CSEG    (CODE)
                                    579 ;--------------------------------------------------------
                                    580 ; global & static initialisations
                                    581 ;--------------------------------------------------------
                                    582 	.area HOME    (CODE)
                                    583 	.area GSINIT  (CODE)
                                    584 	.area GSFINAL (CODE)
                                    585 	.area GSINIT  (CODE)
                                    586 ;--------------------------------------------------------
                                    587 ; Home
                                    588 ;--------------------------------------------------------
                                    589 	.area HOME    (CODE)
                                    590 	.area HOME    (CODE)
                                    591 ;--------------------------------------------------------
                                    592 ; code
                                    593 ;--------------------------------------------------------
                                    594 	.area CSEG    (CODE)
                                    595 ;------------------------------------------------------------
                                    596 ;Allocation info for local variables in function 'pulseIn'
                                    597 ;------------------------------------------------------------
                                    598 ;state                     Allocated with name '_pulseIn_PARM_2'
                                    599 ;timeout                   Allocated with name '_pulseIn_PARM_3'
                                    600 ;pin                       Allocated with name '_pulseIn_pin_65536_172'
                                    601 ;------------------------------------------------------------
                                    602 ;	C:\Users\tonyp\AppData\Local\Arduino15\packages\CH55xDuino\hardware\mcs51\0.0.23\cores\ch55xduino\wiring_pulsein.c:27: uint32_t pulseIn(uint8_t pin, __xdata uint8_t state, __xdata uint16_t timeout) {
                                    603 ;	-----------------------------------------
                                    604 ;	 function pulseIn
                                    605 ;	-----------------------------------------
      000000                        606 _pulseIn:
                           000007   607 	ar7 = 0x07
                           000006   608 	ar6 = 0x06
                           000005   609 	ar5 = 0x05
                           000004   610 	ar4 = 0x04
                           000003   611 	ar3 = 0x03
                           000002   612 	ar2 = 0x02
                           000001   613 	ar1 = 0x01
                           000000   614 	ar0 = 0x00
                                    615 ;	C:\Users\tonyp\AppData\Local\Arduino15\packages\CH55xDuino\hardware\mcs51\0.0.23\cores\ch55xduino\wiring_pulsein.c:271: );
                                    616 ;get	address of the pin read instruction     
                                    617 ;dpl	is already ready                        
      000000 12r00r00         [24]  618 	lcall	_digitalReadDirectLutAddrAndCarryReturn 
                                    619 ;	backup dptr                                
                                    620 ;put	loop limit (inc to overflow)            
                                    621 ;roughly	accurate.                           
                                    622 ;value	= 65536-(ms*F_CPU*(1E-6)*34)          
                                    623 ;that	is 16bit x 16 bit = 32bit              
                                    624 ;https://developer.arm.com/documentation/ka002453/latest/	
      000003 05 A2            [12]  625 	inc	_XBUS_AUX                            
      000005 90r00r01         [24]  626 	mov	dptr,#_pulseIn_PARM_3                
      000008 E0               [24]  627 	movx	a,@dptr                             
      000009 75 F0 30         [24]  628 	mov	b,#((24*34)&0XFF)      
      00000C A4               [48]  629 	mul	ab                                   
      00000D F9               [12]  630 	mov	r1,a                                 
      00000E AA F0            [24]  631 	mov	r2,b                                 
      000010 E0               [24]  632 	movx	a,@dptr                             
      000011 75 F0 03         [24]  633 	mov	b,#((24*34)>>8)        
      000014 A4               [48]  634 	mul	ab                                   
      000015 2A               [12]  635 	add	a,r2                                 
      000016 FA               [12]  636 	mov	r2,a                                 
      000017 74 00            [12]  637 	mov	a, #0                                
      000019 35 F0            [12]  638 	addc	a,b                                 
      00001B FB               [12]  639 	mov	r3,a                                 
      00001C A3               [24]  640 	inc	dptr                                 
      00001D E0               [24]  641 	movx	a,@dptr                             
      00001E 75 F0 30         [24]  642 	mov	b,#((24*34)&0XFF)      
      000021 A4               [48]  643 	mul	ab                                   
      000022 2A               [12]  644 	add	a,r2                                 
      000023 FA               [12]  645 	mov	r2,a                                 
      000024 EB               [12]  646 	mov	a,r3                                 
      000025 35 F0            [12]  647 	addc	a,b                                 
      000027 FB               [12]  648 	mov	r3,a                                 
      000028 74 00            [12]  649 	mov	a,#0                                 
      00002A 34 00            [12]  650 	addc	a,#0                                
      00002C FC               [12]  651 	mov	r4,a                                 
      00002D E0               [24]  652 	movx	a,@dptr                             
      00002E 75 F0 03         [24]  653 	mov	b,#((24*34)>>8)        
      000031 A4               [48]  654 	mul	ab                                   
      000032 2B               [12]  655 	add	a,r3                                 
      000033 FB               [12]  656 	mov	r3,a                                 
      000034 EC               [12]  657 	mov	a,r4                                 
      000035 35 F0            [12]  658 	addc	a,b                                 
      000037 FC               [12]  659 	mov	r4,a                                 
                                    660 ;65536-result	                             
      000038 E4               [12]  661 	clr	a                                    
      000039 99               [12]  662 	subb	a,r1                                
      00003A F8               [12]  663 	mov	r0,a                                 
      00003B E4               [12]  664 	clr	a                                    
      00003C 9A               [12]  665 	subb	a,r2                                
      00003D F9               [12]  666 	mov	r1,a                                 
      00003E E4               [12]  667 	clr	a                                    
      00003F 9B               [12]  668 	subb	a,r3                                
      000040 FA               [12]  669 	mov	r2,a                                 
      000041 E4               [12]  670 	clr	a                                    
      000042 9C               [12]  671 	subb	a,r4                                
      000043 FB               [12]  672 	mov	r3,a                                 
      000044 15 A2            [12]  673 	dec	_XBUS_AUX                            
                                    674 ;branching	if we meausure high pulse of low  
      000046 05 A2            [12]  675 	inc	_XBUS_AUX                            
      000048 90r00r00         [24]  676 	mov	dptr,#_pulseIn_PARM_2               
      00004B E0               [24]  677 	movx	a,@dptr                             
      00004C 15 A2            [12]  678 	dec	_XBUS_AUX                            
      00004E 60 69            [24]  679 	jz	lowPulseDetection$                    
                                    680 ;highPulse,	Wait for low, previous pulse end
      000050                        681 highPulseWaitPrevFinish$:
      000050 08               [12]  682 	inc	r0                                   
      000051 B8 00 0F         [24]  683 	cjne	r0,#0,highPulseWaitPrevFinish_overflow_countOver$
      000054 09               [12]  684 	inc	r1                                   
      000055 B9 00 0B         [24]  685 	cjne	r1,#0,highPulseWaitPrevFinish_overflow_countOver$
      000058 0A               [12]  686 	inc	r2                                   
      000059 BA 00 07         [24]  687 	cjne	r2,#0,highPulseWaitPrevFinish_overflow_countOver$
      00005C 0B               [12]  688 	inc	r3                                   
      00005D BB 00 03         [24]  689 	cjne	r3,#0,highPulseWaitPrevFinish_overflow_countOver$
                                    690 ;32bit	overflow if get here                  
      000060 02r01r49         [24]  691 	ljmp	failReturn0$                        
      000063                        692 highPulseWaitPrevFinish_overflow_countOver$:
      000063 12r00r00         [24]  693 	lcall	__sdcc_call_dptr                   
      000066 40 E8            [24]  694 	jc	highPulseWaitPrevFinish$              
                                    695 ;	                                           
                                    696 ;highPulse,	Wait for rise                    
      000068                        697 highPulseWaitRise$:
      000068 08               [12]  698 	inc	r0                                   
      000069 B8 00 0F         [24]  699 	cjne	r0,#0,highPulseWaitRise_overflow_countOver$
      00006C 09               [12]  700 	inc	r1                                   
      00006D B9 00 0B         [24]  701 	cjne	r1,#0,highPulseWaitRise_overflow_countOver$
      000070 0A               [12]  702 	inc	r2                                   
      000071 BA 00 07         [24]  703 	cjne	r2,#0,highPulseWaitRise_overflow_countOver$
      000074 0B               [12]  704 	inc	r3                                   
      000075 BB 00 03         [24]  705 	cjne	r3,#0,highPulseWaitRise_overflow_countOver$
                                    706 ;32bit	overflow if get here                  
      000078 02r01r49         [24]  707 	ljmp	failReturn0$                        
      00007B                        708 highPulseWaitRise_overflow_countOver$:
      00007B 12r00r00         [24]  709 	lcall	__sdcc_call_dptr                   
      00007E 50 E8            [24]  710 	jnc	highPulseWaitRise$                   
                                    711 ;highPulse,	got rising edge, record micros   
      000080 05 A2            [12]  712 	inc	_XBUS_AUX                            
      000082 C0 00            [24]  713 	push	ar0                                 
      000084 C0 01            [24]  714 	push	ar1                                 
      000086 C0 02            [24]  715 	push	ar2                                 
      000088 C0 03            [24]  716 	push	ar3                                 
      00008A 12r00r00         [24]  717 	lcall	_micros                           
      00008D D0 03            [24]  718 	pop	ar3                                  
      00008F D0 02            [24]  719 	pop	ar2                                  
      000091 D0 01            [24]  720 	pop	ar1                                  
      000093 D0 00            [24]  721 	pop	ar0                                  
      000095 AC 82            [24]  722 	mov	r4,dpl                              
      000097 AD 83            [24]  723 	mov	r5,dph                              
      000099 AE F0            [24]  724 	mov	 r6,b                                
      00009B FF               [12]  725 	mov	 r7,a                                
      00009C 15 A2            [12]  726 	dec	_XBUS_AUX                            
                                    727 ;	                                           
                                    728 ;highPulse,	Wait for fall                    
      00009E                        729 highPulseWaitFall$:
      00009E 08               [12]  730 	inc	r0                                   
      00009F B8 00 0F         [24]  731 	cjne	r0,#0,highPulseWaitFall_overflow_countOver$
      0000A2 09               [12]  732 	inc	r1                                   
      0000A3 B9 00 0B         [24]  733 	cjne	r1,#0,highPulseWaitFall_overflow_countOver$
      0000A6 0A               [12]  734 	inc	r2                                   
      0000A7 BA 00 07         [24]  735 	cjne	r2,#0,highPulseWaitFall_overflow_countOver$
      0000AA 0B               [12]  736 	inc	r3                                   
      0000AB BB 00 03         [24]  737 	cjne	r3,#0,highPulseWaitFall_overflow_countOver$
                                    738 ;32bit	overflow if get here                  
      0000AE 02r01r49         [24]  739 	ljmp	failReturn0$                        
      0000B1                        740 highPulseWaitFall_overflow_countOver$:
      0000B1 12r00r00         [24]  741 	lcall	__sdcc_call_dptr                   
      0000B4 40 E8            [24]  742 	jc	highPulseWaitFall$                    
                                    743 ;highPulse,	got falling edge, record micros  
                                    744 ;dptr	no longer needed, r0~3 no longer needed
                                    745 ;call	micros again to get the difference     
      0000B6 02r01r22         [24]  746 	ljmp	calculateMicrosDiff$                
      0000B9                        747 lowPulseDetection$:
                                    748 ;lowPulse,	Wait for high, previous pulse end
      0000B9                        749 lowPulseWaitPrevFinish$:
      0000B9 08               [12]  750 	inc	r0                                   
      0000BA B8 00 0F         [24]  751 	cjne	r0,#0,lowPulseWaitPrevFinish_overflow_countOver$
      0000BD 09               [12]  752 	inc	r1                                   
      0000BE B9 00 0B         [24]  753 	cjne	r1,#0,lowPulseWaitPrevFinish_overflow_countOver$
      0000C1 0A               [12]  754 	inc	r2                                   
      0000C2 BA 00 07         [24]  755 	cjne	r2,#0,lowPulseWaitPrevFinish_overflow_countOver$
      0000C5 0B               [12]  756 	inc	r3                                   
      0000C6 BB 00 03         [24]  757 	cjne	r3,#0,lowPulseWaitPrevFinish_overflow_countOver$
                                    758 ;32bit	overflow if get here                  
      0000C9 02r01r49         [24]  759 	ljmp	failReturn0$                        
      0000CC                        760 lowPulseWaitPrevFinish_overflow_countOver$:
      0000CC 12r00r00         [24]  761 	lcall	__sdcc_call_dptr                   
      0000CF 50 E8            [24]  762 	jnc	lowPulseWaitPrevFinish$              
                                    763 ;	                                           
                                    764 ;lowPulse,	Wait for fall                    
      0000D1                        765 lowPulseWaitFall$:
      0000D1 08               [12]  766 	inc	r0                                   
      0000D2 B8 00 0F         [24]  767 	cjne	r0,#0,lowPulseWaitFall_overflow_countOver$
      0000D5 09               [12]  768 	inc	r1                                   
      0000D6 B9 00 0B         [24]  769 	cjne	r1,#0,lowPulseWaitFall_overflow_countOver$
      0000D9 0A               [12]  770 	inc	r2                                   
      0000DA BA 00 07         [24]  771 	cjne	r2,#0,lowPulseWaitFall_overflow_countOver$
      0000DD 0B               [12]  772 	inc	r3                                   
      0000DE BB 00 03         [24]  773 	cjne	r3,#0,lowPulseWaitFall_overflow_countOver$
                                    774 ;32bit	overflow if get here                  
      0000E1 02r01r49         [24]  775 	ljmp	failReturn0$                        
      0000E4                        776 lowPulseWaitFall_overflow_countOver$:
      0000E4 12r00r00         [24]  777 	lcall	__sdcc_call_dptr                   
      0000E7 50 E8            [24]  778 	jnc	lowPulseWaitFall$                   
                                    779 ;lowPulse,	got falling edge, record micros   
      0000E9 05 A2            [12]  780 	inc	_XBUS_AUX                            
      0000EB C0 00            [24]  781 	push	ar0                                 
      0000ED C0 01            [24]  782 	push	ar1                                 
      0000EF C0 02            [24]  783 	push	ar2                                 
      0000F1 C0 03            [24]  784 	push	ar3                                 
      0000F3 12r00r00         [24]  785 	lcall	_micros                           
      0000F6 D0 03            [24]  786 	pop	ar3                                  
      0000F8 D0 02            [24]  787 	pop	ar2                                  
      0000FA D0 01            [24]  788 	pop	ar1                                  
      0000FC D0 00            [24]  789 	pop	ar0                                  
      0000FE AC 82            [24]  790 	mov	r4,dpl                              
      000100 AD 83            [24]  791 	mov	r5,dph                              
      000102 AE F0            [24]  792 	mov	 r6,b                                
      000104 FF               [12]  793 	mov	 r7,a                                
      000105 15 A2            [12]  794 	dec	_XBUS_AUX                            
                                    795 ;	                                           
                                    796 ;lowPulse,	Wait for rise                    
      000107                        797 lowPulseWaitRise$:
      000107 08               [12]  798 	inc	r0                                   
      000108 B8 00 0F         [24]  799 	cjne	r0,#0,lowPulseWaitRise_overflow_countOver$
      00010B 09               [12]  800 	inc	r1                                   
      00010C B9 00 0B         [24]  801 	cjne	r1,#0,lowPulseWaitRise_overflow_countOver$
      00010F 0A               [12]  802 	inc	r2                                   
      000110 BA 00 07         [24]  803 	cjne	r2,#0,lowPulseWaitRise_overflow_countOver$
      000113 0B               [12]  804 	inc	r3                                   
      000114 BB 00 03         [24]  805 	cjne	r3,#0,lowPulseWaitRise_overflow_countOver$
                                    806 ;32bit	overflow if get here                  
      000117 02r01r49         [24]  807 	ljmp	failReturn0$                        
      00011A                        808 lowPulseWaitRise_overflow_countOver$:
      00011A 12r00r00         [24]  809 	lcall	__sdcc_call_dptr                   
      00011D 40 E8            [24]  810 	jc	lowPulseWaitRise$                    
                                    811 ;lowPulse,	got rising edge, record micros  
                                    812 ;dptr	no longer needed, r0~3 no longer needed
                                    813 ;call	micros again to get the difference     
      00011F 02r01r22         [24]  814 	ljmp	calculateMicrosDiff$                
      000122                        815 calculateMicrosDiff$:
      000122 C0 04            [24]  816 	push	ar4                                 
      000124 C0 05            [24]  817 	push	ar5                                 
      000126 C0 06            [24]  818 	push	ar6                                 
      000128 C0 07            [24]  819 	push	ar7                                 
      00012A 12r00r00         [24]  820 	lcall	_micros                           
      00012D D0 07            [24]  821 	pop	ar7                                  
      00012F D0 06            [24]  822 	pop	ar6                                  
      000131 D0 05            [24]  823 	pop	ar5                                  
      000133 D0 04            [24]  824 	pop	ar4                                  
      000135 F8               [12]  825 	mov	r0,a                                
      000136 C3               [12]  826 	clr	c                                    
      000137 E5 82            [12]  827 	mov	a,dpl                               
      000139 9C               [12]  828 	subb	a,r4                                
      00013A F5 82            [12]  829 	mov	dpl,a                               
      00013C E5 83            [12]  830 	mov	a,dph                               
      00013E 9D               [12]  831 	subb	a,r5                                
      00013F F5 83            [12]  832 	mov	dph,a                               
      000141 E5 F0            [12]  833 	mov	a,b                                 
      000143 9E               [12]  834 	subb	a,r6                                
      000144 F5 F0            [12]  835 	mov	b,a                                 
      000146 E8               [12]  836 	mov	a,r0                                
      000147 9F               [12]  837 	subb	a,r7                                
      000148 22               [24]  838 	ret	                                     
      000149                        839 failReturn0$:
      000149 E4               [12]  840 	clr	a                                    
      00014A F5 82            [12]  841 	mov	dpl,a                                
      00014C F5 83            [12]  842 	mov	dph,a                                
      00014E F5 F0            [12]  843 	mov	b,a                                  
      000150 22               [24]  844 	ret	                                     
                                    845 ;	C:\Users\tonyp\AppData\Local\Arduino15\packages\CH55xDuino\hardware\mcs51\0.0.23\cores\ch55xduino\wiring_pulsein.c:273: }
      000151 22               [24]  846 	ret
                                    847 	.area CSEG    (CODE)
                                    848 	.area CONST   (CODE)
                                    849 	.area XINIT   (CODE)
                                    850 	.area CABS    (ABS,CODE)
