                                      1 ;--------------------------------------------------------
                                      2 ; File Created by SDCC : free open source ISO C Compiler 
                                      3 ; Version 4.2.2 #13407 (MINGW32)
                                      4 ;--------------------------------------------------------
                                      5 	.module wiring
                                      6 	.optsdcc -mmcs51 --model-large
                                      7 	
                                      8 ;--------------------------------------------------------
                                      9 ; Public variables in this module
                                     10 ;--------------------------------------------------------
                                     11 	.globl _Timer0Interrupt
                                     12 	.globl _USBDeviceEndPointCfg
                                     13 	.globl _USBDeviceIntCfg
                                     14 	.globl _USBDeviceCfg
                                     15 	.globl _UIF_BUS_RST
                                     16 	.globl _UIF_DETECT
                                     17 	.globl _UIF_TRANSFER
                                     18 	.globl _UIF_SUSPEND
                                     19 	.globl _UIF_HST_SOF
                                     20 	.globl _UIF_FIFO_OV
                                     21 	.globl _U_SIE_FREE
                                     22 	.globl _U_TOG_OK
                                     23 	.globl _U_IS_NAK
                                     24 	.globl _ADC_CHAN0
                                     25 	.globl _ADC_CHAN1
                                     26 	.globl _CMP_CHAN
                                     27 	.globl _ADC_START
                                     28 	.globl _ADC_IF
                                     29 	.globl _CMP_IF
                                     30 	.globl _CMPO
                                     31 	.globl _U1RI
                                     32 	.globl _U1TI
                                     33 	.globl _U1RB8
                                     34 	.globl _U1TB8
                                     35 	.globl _U1REN
                                     36 	.globl _U1SMOD
                                     37 	.globl _U1SM0
                                     38 	.globl _S0_R_FIFO
                                     39 	.globl _S0_T_FIFO
                                     40 	.globl _S0_FREE
                                     41 	.globl _S0_IF_BYTE
                                     42 	.globl _S0_IF_FIRST
                                     43 	.globl _S0_IF_OV
                                     44 	.globl _S0_FST_ACT
                                     45 	.globl _CP_RL2
                                     46 	.globl _C_T2
                                     47 	.globl _TR2
                                     48 	.globl _EXEN2
                                     49 	.globl _TCLK
                                     50 	.globl _RCLK
                                     51 	.globl _EXF2
                                     52 	.globl _CAP1F
                                     53 	.globl _TF2
                                     54 	.globl _RI
                                     55 	.globl _TI
                                     56 	.globl _RB8
                                     57 	.globl _TB8
                                     58 	.globl _REN
                                     59 	.globl _SM2
                                     60 	.globl _SM1
                                     61 	.globl _SM0
                                     62 	.globl _IT0
                                     63 	.globl _IE0
                                     64 	.globl _IT1
                                     65 	.globl _IE1
                                     66 	.globl _TR0
                                     67 	.globl _TF0
                                     68 	.globl _TR1
                                     69 	.globl _TF1
                                     70 	.globl _P3_0
                                     71 	.globl _P3_1
                                     72 	.globl _P3_2
                                     73 	.globl _P3_3
                                     74 	.globl _P3_4
                                     75 	.globl _P3_5
                                     76 	.globl _P3_6
                                     77 	.globl _P3_7
                                     78 	.globl _RXD
                                     79 	.globl _PWM1_
                                     80 	.globl _TXD
                                     81 	.globl _PWM2_
                                     82 	.globl _AIN3
                                     83 	.globl _VBUS1
                                     84 	.globl _INT0
                                     85 	.globl _TXD1_
                                     86 	.globl _INT1
                                     87 	.globl _T0
                                     88 	.globl _RXD1_
                                     89 	.globl _PWM2
                                     90 	.globl _T1
                                     91 	.globl _UDP
                                     92 	.globl _UDM
                                     93 	.globl _P1_0
                                     94 	.globl _P1_1
                                     95 	.globl _P1_2
                                     96 	.globl _P1_3
                                     97 	.globl _P1_4
                                     98 	.globl _P1_5
                                     99 	.globl _P1_6
                                    100 	.globl _P1_7
                                    101 	.globl _TIN0
                                    102 	.globl _CAP1
                                    103 	.globl _T2
                                    104 	.globl _AIN0
                                    105 	.globl _VBUS2
                                    106 	.globl _TIN1
                                    107 	.globl _CAP2
                                    108 	.globl _T2EX
                                    109 	.globl _RXD_
                                    110 	.globl _TXD_
                                    111 	.globl _AIN1
                                    112 	.globl _UCC1
                                    113 	.globl _TIN2
                                    114 	.globl _SCS
                                    115 	.globl _CAP1_
                                    116 	.globl _T2_
                                    117 	.globl _AIN2
                                    118 	.globl _UCC2
                                    119 	.globl _TIN3
                                    120 	.globl _PWM1
                                    121 	.globl _MOSI
                                    122 	.globl _TIN4
                                    123 	.globl _RXD1
                                    124 	.globl _MISO
                                    125 	.globl _TIN5
                                    126 	.globl _TXD1
                                    127 	.globl _SCK
                                    128 	.globl _IE_SPI0
                                    129 	.globl _IE_TKEY
                                    130 	.globl _IE_USB
                                    131 	.globl _IE_ADC
                                    132 	.globl _IE_UART1
                                    133 	.globl _IE_PWMX
                                    134 	.globl _IE_GPIO
                                    135 	.globl _IE_WDOG
                                    136 	.globl _PX0
                                    137 	.globl _PT0
                                    138 	.globl _PX1
                                    139 	.globl _PT1
                                    140 	.globl _PS
                                    141 	.globl _PT2
                                    142 	.globl _PL_FLAG
                                    143 	.globl _PH_FLAG
                                    144 	.globl _EX0
                                    145 	.globl _ET0
                                    146 	.globl _EX1
                                    147 	.globl _ET1
                                    148 	.globl _ES
                                    149 	.globl _ET2
                                    150 	.globl _E_DIS
                                    151 	.globl _EA
                                    152 	.globl _P
                                    153 	.globl _F1
                                    154 	.globl _OV
                                    155 	.globl _RS0
                                    156 	.globl _RS1
                                    157 	.globl _F0
                                    158 	.globl _AC
                                    159 	.globl _CY
                                    160 	.globl _UEP1_DMA_H
                                    161 	.globl _UEP1_DMA_L
                                    162 	.globl _UEP1_DMA
                                    163 	.globl _UEP0_DMA_H
                                    164 	.globl _UEP0_DMA_L
                                    165 	.globl _UEP0_DMA
                                    166 	.globl _UEP2_3_MOD
                                    167 	.globl _UEP4_1_MOD
                                    168 	.globl _UEP3_DMA_H
                                    169 	.globl _UEP3_DMA_L
                                    170 	.globl _UEP3_DMA
                                    171 	.globl _UEP2_DMA_H
                                    172 	.globl _UEP2_DMA_L
                                    173 	.globl _UEP2_DMA
                                    174 	.globl _USB_DEV_AD
                                    175 	.globl _USB_CTRL
                                    176 	.globl _USB_INT_EN
                                    177 	.globl _UEP4_T_LEN
                                    178 	.globl _UEP4_CTRL
                                    179 	.globl _UEP0_T_LEN
                                    180 	.globl _UEP0_CTRL
                                    181 	.globl _USB_RX_LEN
                                    182 	.globl _USB_MIS_ST
                                    183 	.globl _USB_INT_ST
                                    184 	.globl _USB_INT_FG
                                    185 	.globl _UEP3_T_LEN
                                    186 	.globl _UEP3_CTRL
                                    187 	.globl _UEP2_T_LEN
                                    188 	.globl _UEP2_CTRL
                                    189 	.globl _UEP1_T_LEN
                                    190 	.globl _UEP1_CTRL
                                    191 	.globl _UDEV_CTRL
                                    192 	.globl _USB_C_CTRL
                                    193 	.globl _TKEY_DATH
                                    194 	.globl _TKEY_DATL
                                    195 	.globl _TKEY_DAT
                                    196 	.globl _TKEY_CTRL
                                    197 	.globl _ADC_DATA
                                    198 	.globl _ADC_CFG
                                    199 	.globl _ADC_CTRL
                                    200 	.globl _SBAUD1
                                    201 	.globl _SBUF1
                                    202 	.globl _SCON1
                                    203 	.globl _SPI0_SETUP
                                    204 	.globl _SPI0_CK_SE
                                    205 	.globl _SPI0_CTRL
                                    206 	.globl _SPI0_DATA
                                    207 	.globl _SPI0_STAT
                                    208 	.globl _PWM_CK_SE
                                    209 	.globl _PWM_CTRL
                                    210 	.globl _PWM_DATA1
                                    211 	.globl _PWM_DATA2
                                    212 	.globl _T2CAP1H
                                    213 	.globl _T2CAP1L
                                    214 	.globl _T2CAP1
                                    215 	.globl _TH2
                                    216 	.globl _TL2
                                    217 	.globl _T2COUNT
                                    218 	.globl _RCAP2H
                                    219 	.globl _RCAP2L
                                    220 	.globl _RCAP2
                                    221 	.globl _T2MOD
                                    222 	.globl _T2CON
                                    223 	.globl _SBUF
                                    224 	.globl _SCON
                                    225 	.globl _TH1
                                    226 	.globl _TH0
                                    227 	.globl _TL1
                                    228 	.globl _TL0
                                    229 	.globl _TMOD
                                    230 	.globl _TCON
                                    231 	.globl _XBUS_AUX
                                    232 	.globl _PIN_FUNC
                                    233 	.globl _P3_DIR_PU
                                    234 	.globl _P3_MOD_OC
                                    235 	.globl _P3
                                    236 	.globl _P2
                                    237 	.globl _P1_DIR_PU
                                    238 	.globl _P1_MOD_OC
                                    239 	.globl _P1
                                    240 	.globl _ROM_CTRL
                                    241 	.globl _ROM_DATA_H
                                    242 	.globl _ROM_DATA_L
                                    243 	.globl _ROM_DATA
                                    244 	.globl _ROM_ADDR_H
                                    245 	.globl _ROM_ADDR_L
                                    246 	.globl _ROM_ADDR
                                    247 	.globl _GPIO_IE
                                    248 	.globl _IP_EX
                                    249 	.globl _IE_EX
                                    250 	.globl _IP
                                    251 	.globl _IE
                                    252 	.globl _WDOG_COUNT
                                    253 	.globl _RESET_KEEP
                                    254 	.globl _WAKE_CTRL
                                    255 	.globl _CLOCK_CFG
                                    256 	.globl _PCON
                                    257 	.globl _GLOBAL_CFG
                                    258 	.globl _SAFE_MOD
                                    259 	.globl _DPH
                                    260 	.globl _DPL
                                    261 	.globl _SP
                                    262 	.globl _B
                                    263 	.globl _ACC
                                    264 	.globl _PSW
                                    265 	.globl _micros
                                    266 	.globl _millis
                                    267 	.globl _delay
                                    268 	.globl _delayMicroseconds
                                    269 	.globl _init
                                    270 ;--------------------------------------------------------
                                    271 ; special function registers
                                    272 ;--------------------------------------------------------
                                    273 	.area RSEG    (ABS,DATA)
      000000                        274 	.org 0x0000
                           0000D0   275 _PSW	=	0x00d0
                           0000E0   276 _ACC	=	0x00e0
                           0000F0   277 _B	=	0x00f0
                           000081   278 _SP	=	0x0081
                           000082   279 _DPL	=	0x0082
                           000083   280 _DPH	=	0x0083
                           0000A1   281 _SAFE_MOD	=	0x00a1
                           0000B1   282 _GLOBAL_CFG	=	0x00b1
                           000087   283 _PCON	=	0x0087
                           0000B9   284 _CLOCK_CFG	=	0x00b9
                           0000A9   285 _WAKE_CTRL	=	0x00a9
                           0000FE   286 _RESET_KEEP	=	0x00fe
                           0000FF   287 _WDOG_COUNT	=	0x00ff
                           0000A8   288 _IE	=	0x00a8
                           0000B8   289 _IP	=	0x00b8
                           0000E8   290 _IE_EX	=	0x00e8
                           0000E9   291 _IP_EX	=	0x00e9
                           0000C7   292 _GPIO_IE	=	0x00c7
                           008584   293 _ROM_ADDR	=	0x8584
                           000084   294 _ROM_ADDR_L	=	0x0084
                           000085   295 _ROM_ADDR_H	=	0x0085
                           008F8E   296 _ROM_DATA	=	0x8f8e
                           00008E   297 _ROM_DATA_L	=	0x008e
                           00008F   298 _ROM_DATA_H	=	0x008f
                           000086   299 _ROM_CTRL	=	0x0086
                           000090   300 _P1	=	0x0090
                           000092   301 _P1_MOD_OC	=	0x0092
                           000093   302 _P1_DIR_PU	=	0x0093
                           0000A0   303 _P2	=	0x00a0
                           0000B0   304 _P3	=	0x00b0
                           000096   305 _P3_MOD_OC	=	0x0096
                           000097   306 _P3_DIR_PU	=	0x0097
                           0000C6   307 _PIN_FUNC	=	0x00c6
                           0000A2   308 _XBUS_AUX	=	0x00a2
                           000088   309 _TCON	=	0x0088
                           000089   310 _TMOD	=	0x0089
                           00008A   311 _TL0	=	0x008a
                           00008B   312 _TL1	=	0x008b
                           00008C   313 _TH0	=	0x008c
                           00008D   314 _TH1	=	0x008d
                           000098   315 _SCON	=	0x0098
                           000099   316 _SBUF	=	0x0099
                           0000C8   317 _T2CON	=	0x00c8
                           0000C9   318 _T2MOD	=	0x00c9
                           00CBCA   319 _RCAP2	=	0xcbca
                           0000CA   320 _RCAP2L	=	0x00ca
                           0000CB   321 _RCAP2H	=	0x00cb
                           00CDCC   322 _T2COUNT	=	0xcdcc
                           0000CC   323 _TL2	=	0x00cc
                           0000CD   324 _TH2	=	0x00cd
                           00CFCE   325 _T2CAP1	=	0xcfce
                           0000CE   326 _T2CAP1L	=	0x00ce
                           0000CF   327 _T2CAP1H	=	0x00cf
                           00009B   328 _PWM_DATA2	=	0x009b
                           00009C   329 _PWM_DATA1	=	0x009c
                           00009D   330 _PWM_CTRL	=	0x009d
                           00009E   331 _PWM_CK_SE	=	0x009e
                           0000F8   332 _SPI0_STAT	=	0x00f8
                           0000F9   333 _SPI0_DATA	=	0x00f9
                           0000FA   334 _SPI0_CTRL	=	0x00fa
                           0000FB   335 _SPI0_CK_SE	=	0x00fb
                           0000FC   336 _SPI0_SETUP	=	0x00fc
                           0000C0   337 _SCON1	=	0x00c0
                           0000C1   338 _SBUF1	=	0x00c1
                           0000C2   339 _SBAUD1	=	0x00c2
                           000080   340 _ADC_CTRL	=	0x0080
                           00009A   341 _ADC_CFG	=	0x009a
                           00009F   342 _ADC_DATA	=	0x009f
                           0000C3   343 _TKEY_CTRL	=	0x00c3
                           00C5C4   344 _TKEY_DAT	=	0xc5c4
                           0000C4   345 _TKEY_DATL	=	0x00c4
                           0000C5   346 _TKEY_DATH	=	0x00c5
                           000091   347 _USB_C_CTRL	=	0x0091
                           0000D1   348 _UDEV_CTRL	=	0x00d1
                           0000D2   349 _UEP1_CTRL	=	0x00d2
                           0000D3   350 _UEP1_T_LEN	=	0x00d3
                           0000D4   351 _UEP2_CTRL	=	0x00d4
                           0000D5   352 _UEP2_T_LEN	=	0x00d5
                           0000D6   353 _UEP3_CTRL	=	0x00d6
                           0000D7   354 _UEP3_T_LEN	=	0x00d7
                           0000D8   355 _USB_INT_FG	=	0x00d8
                           0000D9   356 _USB_INT_ST	=	0x00d9
                           0000DA   357 _USB_MIS_ST	=	0x00da
                           0000DB   358 _USB_RX_LEN	=	0x00db
                           0000DC   359 _UEP0_CTRL	=	0x00dc
                           0000DD   360 _UEP0_T_LEN	=	0x00dd
                           0000DE   361 _UEP4_CTRL	=	0x00de
                           0000DF   362 _UEP4_T_LEN	=	0x00df
                           0000E1   363 _USB_INT_EN	=	0x00e1
                           0000E2   364 _USB_CTRL	=	0x00e2
                           0000E3   365 _USB_DEV_AD	=	0x00e3
                           00E5E4   366 _UEP2_DMA	=	0xe5e4
                           0000E4   367 _UEP2_DMA_L	=	0x00e4
                           0000E5   368 _UEP2_DMA_H	=	0x00e5
                           00E7E6   369 _UEP3_DMA	=	0xe7e6
                           0000E6   370 _UEP3_DMA_L	=	0x00e6
                           0000E7   371 _UEP3_DMA_H	=	0x00e7
                           0000EA   372 _UEP4_1_MOD	=	0x00ea
                           0000EB   373 _UEP2_3_MOD	=	0x00eb
                           00EDEC   374 _UEP0_DMA	=	0xedec
                           0000EC   375 _UEP0_DMA_L	=	0x00ec
                           0000ED   376 _UEP0_DMA_H	=	0x00ed
                           00EFEE   377 _UEP1_DMA	=	0xefee
                           0000EE   378 _UEP1_DMA_L	=	0x00ee
                           0000EF   379 _UEP1_DMA_H	=	0x00ef
                                    380 ;--------------------------------------------------------
                                    381 ; special function bits
                                    382 ;--------------------------------------------------------
                                    383 	.area RSEG    (ABS,DATA)
      000000                        384 	.org 0x0000
                           0000D7   385 _CY	=	0x00d7
                           0000D6   386 _AC	=	0x00d6
                           0000D5   387 _F0	=	0x00d5
                           0000D4   388 _RS1	=	0x00d4
                           0000D3   389 _RS0	=	0x00d3
                           0000D2   390 _OV	=	0x00d2
                           0000D1   391 _F1	=	0x00d1
                           0000D0   392 _P	=	0x00d0
                           0000AF   393 _EA	=	0x00af
                           0000AE   394 _E_DIS	=	0x00ae
                           0000AD   395 _ET2	=	0x00ad
                           0000AC   396 _ES	=	0x00ac
                           0000AB   397 _ET1	=	0x00ab
                           0000AA   398 _EX1	=	0x00aa
                           0000A9   399 _ET0	=	0x00a9
                           0000A8   400 _EX0	=	0x00a8
                           0000BF   401 _PH_FLAG	=	0x00bf
                           0000BE   402 _PL_FLAG	=	0x00be
                           0000BD   403 _PT2	=	0x00bd
                           0000BC   404 _PS	=	0x00bc
                           0000BB   405 _PT1	=	0x00bb
                           0000BA   406 _PX1	=	0x00ba
                           0000B9   407 _PT0	=	0x00b9
                           0000B8   408 _PX0	=	0x00b8
                           0000EF   409 _IE_WDOG	=	0x00ef
                           0000EE   410 _IE_GPIO	=	0x00ee
                           0000ED   411 _IE_PWMX	=	0x00ed
                           0000EC   412 _IE_UART1	=	0x00ec
                           0000EB   413 _IE_ADC	=	0x00eb
                           0000EA   414 _IE_USB	=	0x00ea
                           0000E9   415 _IE_TKEY	=	0x00e9
                           0000E8   416 _IE_SPI0	=	0x00e8
                           000097   417 _SCK	=	0x0097
                           000097   418 _TXD1	=	0x0097
                           000097   419 _TIN5	=	0x0097
                           000096   420 _MISO	=	0x0096
                           000096   421 _RXD1	=	0x0096
                           000096   422 _TIN4	=	0x0096
                           000095   423 _MOSI	=	0x0095
                           000095   424 _PWM1	=	0x0095
                           000095   425 _TIN3	=	0x0095
                           000095   426 _UCC2	=	0x0095
                           000095   427 _AIN2	=	0x0095
                           000094   428 _T2_	=	0x0094
                           000094   429 _CAP1_	=	0x0094
                           000094   430 _SCS	=	0x0094
                           000094   431 _TIN2	=	0x0094
                           000094   432 _UCC1	=	0x0094
                           000094   433 _AIN1	=	0x0094
                           000093   434 _TXD_	=	0x0093
                           000092   435 _RXD_	=	0x0092
                           000091   436 _T2EX	=	0x0091
                           000091   437 _CAP2	=	0x0091
                           000091   438 _TIN1	=	0x0091
                           000091   439 _VBUS2	=	0x0091
                           000091   440 _AIN0	=	0x0091
                           000090   441 _T2	=	0x0090
                           000090   442 _CAP1	=	0x0090
                           000090   443 _TIN0	=	0x0090
                           000097   444 _P1_7	=	0x0097
                           000096   445 _P1_6	=	0x0096
                           000095   446 _P1_5	=	0x0095
                           000094   447 _P1_4	=	0x0094
                           000093   448 _P1_3	=	0x0093
                           000092   449 _P1_2	=	0x0092
                           000091   450 _P1_1	=	0x0091
                           000090   451 _P1_0	=	0x0090
                           0000B7   452 _UDM	=	0x00b7
                           0000B6   453 _UDP	=	0x00b6
                           0000B5   454 _T1	=	0x00b5
                           0000B4   455 _PWM2	=	0x00b4
                           0000B4   456 _RXD1_	=	0x00b4
                           0000B4   457 _T0	=	0x00b4
                           0000B3   458 _INT1	=	0x00b3
                           0000B2   459 _TXD1_	=	0x00b2
                           0000B2   460 _INT0	=	0x00b2
                           0000B2   461 _VBUS1	=	0x00b2
                           0000B2   462 _AIN3	=	0x00b2
                           0000B1   463 _PWM2_	=	0x00b1
                           0000B1   464 _TXD	=	0x00b1
                           0000B0   465 _PWM1_	=	0x00b0
                           0000B0   466 _RXD	=	0x00b0
                           0000B7   467 _P3_7	=	0x00b7
                           0000B6   468 _P3_6	=	0x00b6
                           0000B5   469 _P3_5	=	0x00b5
                           0000B4   470 _P3_4	=	0x00b4
                           0000B3   471 _P3_3	=	0x00b3
                           0000B2   472 _P3_2	=	0x00b2
                           0000B1   473 _P3_1	=	0x00b1
                           0000B0   474 _P3_0	=	0x00b0
                           00008F   475 _TF1	=	0x008f
                           00008E   476 _TR1	=	0x008e
                           00008D   477 _TF0	=	0x008d
                           00008C   478 _TR0	=	0x008c
                           00008B   479 _IE1	=	0x008b
                           00008A   480 _IT1	=	0x008a
                           000089   481 _IE0	=	0x0089
                           000088   482 _IT0	=	0x0088
                           00009F   483 _SM0	=	0x009f
                           00009E   484 _SM1	=	0x009e
                           00009D   485 _SM2	=	0x009d
                           00009C   486 _REN	=	0x009c
                           00009B   487 _TB8	=	0x009b
                           00009A   488 _RB8	=	0x009a
                           000099   489 _TI	=	0x0099
                           000098   490 _RI	=	0x0098
                           0000CF   491 _TF2	=	0x00cf
                           0000CF   492 _CAP1F	=	0x00cf
                           0000CE   493 _EXF2	=	0x00ce
                           0000CD   494 _RCLK	=	0x00cd
                           0000CC   495 _TCLK	=	0x00cc
                           0000CB   496 _EXEN2	=	0x00cb
                           0000CA   497 _TR2	=	0x00ca
                           0000C9   498 _C_T2	=	0x00c9
                           0000C8   499 _CP_RL2	=	0x00c8
                           0000FF   500 _S0_FST_ACT	=	0x00ff
                           0000FE   501 _S0_IF_OV	=	0x00fe
                           0000FD   502 _S0_IF_FIRST	=	0x00fd
                           0000FC   503 _S0_IF_BYTE	=	0x00fc
                           0000FB   504 _S0_FREE	=	0x00fb
                           0000FA   505 _S0_T_FIFO	=	0x00fa
                           0000F8   506 _S0_R_FIFO	=	0x00f8
                           0000C7   507 _U1SM0	=	0x00c7
                           0000C5   508 _U1SMOD	=	0x00c5
                           0000C4   509 _U1REN	=	0x00c4
                           0000C3   510 _U1TB8	=	0x00c3
                           0000C2   511 _U1RB8	=	0x00c2
                           0000C1   512 _U1TI	=	0x00c1
                           0000C0   513 _U1RI	=	0x00c0
                           000087   514 _CMPO	=	0x0087
                           000086   515 _CMP_IF	=	0x0086
                           000085   516 _ADC_IF	=	0x0085
                           000084   517 _ADC_START	=	0x0084
                           000083   518 _CMP_CHAN	=	0x0083
                           000081   519 _ADC_CHAN1	=	0x0081
                           000080   520 _ADC_CHAN0	=	0x0080
                           0000DF   521 _U_IS_NAK	=	0x00df
                           0000DE   522 _U_TOG_OK	=	0x00de
                           0000DD   523 _U_SIE_FREE	=	0x00dd
                           0000DC   524 _UIF_FIFO_OV	=	0x00dc
                           0000DB   525 _UIF_HST_SOF	=	0x00db
                           0000DA   526 _UIF_SUSPEND	=	0x00da
                           0000D9   527 _UIF_TRANSFER	=	0x00d9
                           0000D8   528 _UIF_DETECT	=	0x00d8
                           0000D8   529 _UIF_BUS_RST	=	0x00d8
                                    530 ;--------------------------------------------------------
                                    531 ; overlayable register banks
                                    532 ;--------------------------------------------------------
                                    533 	.area REG_BANK_0	(REL,OVR,DATA)
      000000                        534 	.ds 8
                                    535 	.area REG_BANK_1	(REL,OVR,DATA)
      000000                        536 	.ds 8
                                    537 ;--------------------------------------------------------
                                    538 ; internal ram data
                                    539 ;--------------------------------------------------------
                                    540 	.area DSEG    (DATA)
      000000                        541 _delay_ms_65536_175:
      000000                        542 	.ds 4
      000004                        543 _delay_start_65536_176:
      000004                        544 	.ds 4
      000008                        545 _delay_sloc0_1_0:
      000008                        546 	.ds 4
                                    547 ;--------------------------------------------------------
                                    548 ; overlayable items in internal ram
                                    549 ;--------------------------------------------------------
                                    550 	.area	OSEG    (OVR,DATA)
                                    551 ;--------------------------------------------------------
                                    552 ; indirectly addressable internal ram data
                                    553 ;--------------------------------------------------------
                                    554 	.area ISEG    (DATA)
                                    555 ;--------------------------------------------------------
                                    556 ; absolute internal ram data
                                    557 ;--------------------------------------------------------
                                    558 	.area IABS    (ABS,DATA)
                                    559 	.area IABS    (ABS,DATA)
                                    560 ;--------------------------------------------------------
                                    561 ; bit data
                                    562 ;--------------------------------------------------------
                                    563 	.area BSEG    (BIT)
                                    564 ;--------------------------------------------------------
                                    565 ; paged external ram data
                                    566 ;--------------------------------------------------------
                                    567 	.area PSEG    (PAG,XDATA)
                                    568 ;--------------------------------------------------------
                                    569 ; uninitialized external ram data
                                    570 ;--------------------------------------------------------
                                    571 	.area XSEG    (XDATA)
                                    572 ;--------------------------------------------------------
                                    573 ; absolute external ram data
                                    574 ;--------------------------------------------------------
                                    575 	.area XABS    (ABS,XDATA)
                                    576 ;--------------------------------------------------------
                                    577 ; initialized external ram data
                                    578 ;--------------------------------------------------------
                                    579 	.area XISEG   (XDATA)
                                    580 	.area HOME    (CODE)
                                    581 	.area GSINIT0 (CODE)
                                    582 	.area GSINIT1 (CODE)
                                    583 	.area GSINIT2 (CODE)
                                    584 	.area GSINIT3 (CODE)
                                    585 	.area GSINIT4 (CODE)
                                    586 	.area GSINIT5 (CODE)
                                    587 	.area GSINIT  (CODE)
                                    588 	.area GSFINAL (CODE)
                                    589 	.area CSEG    (CODE)
                                    590 ;--------------------------------------------------------
                                    591 ; global & static initialisations
                                    592 ;--------------------------------------------------------
                                    593 	.area HOME    (CODE)
                                    594 	.area GSINIT  (CODE)
                                    595 	.area GSFINAL (CODE)
                                    596 	.area GSINIT  (CODE)
                                    597 ;--------------------------------------------------------
                                    598 ; Home
                                    599 ;--------------------------------------------------------
                                    600 	.area HOME    (CODE)
                                    601 	.area HOME    (CODE)
                                    602 ;--------------------------------------------------------
                                    603 ; code
                                    604 ;--------------------------------------------------------
                                    605 	.area CSEG    (CODE)
                                    606 ;------------------------------------------------------------
                                    607 ;Allocation info for local variables in function 'Timer0Interrupt'
                                    608 ;------------------------------------------------------------
                                    609 ;	C:\Users\tonyp\AppData\Local\Arduino15\packages\CH55xDuino\hardware\mcs51\0.0.23\cores\ch55xduino\wiring.c:23: void Timer0Interrupt(void) __interrupt(INT_NO_TMR0) __using(1) {
                                    610 ;	-----------------------------------------
                                    611 ;	 function Timer0Interrupt
                                    612 ;	-----------------------------------------
      000000                        613 _Timer0Interrupt:
                           00000F   614 	ar7 = 0x0f
                           00000E   615 	ar6 = 0x0e
                           00000D   616 	ar5 = 0x0d
                           00000C   617 	ar4 = 0x0c
                           00000B   618 	ar3 = 0x0b
                           00000A   619 	ar2 = 0x0a
                           000009   620 	ar1 = 0x09
                           000008   621 	ar0 = 0x08
      000000 C0 D0            [24]  622 	push	psw
      000002 75 D0 08         [24]  623 	mov	psw,#0x08
                                    624 ;	C:\Users\tonyp\AppData\Local\Arduino15\packages\CH55xDuino\hardware\mcs51\0.0.23\cores\ch55xduino\wiring.c:36: "incTimer0_overflow_countOver$:                  \n");
                                    625 ;Increase	timer0_overflow_count on R0~R4(5bytes)
      000005 08               [12]  626 	inc	r0                                      
      000006 B8 00 0D         [24]  627 	cjne	r0,#0,incTimer0_overflow_countOver$    
      000009 09               [12]  628 	inc	r1                                      
      00000A B9 00 09         [24]  629 	cjne	r1,#0,incTimer0_overflow_countOver$    
      00000D 0A               [12]  630 	inc	r2                                      
      00000E BA 00 05         [24]  631 	cjne	r2,#0,incTimer0_overflow_countOver$    
      000011 0B               [12]  632 	inc	r3                                      
      000012 BB 00 01         [24]  633 	cjne	r3,#0,incTimer0_overflow_countOver$    
      000015 0C               [12]  634 	inc	r4                                      
      000016                        635 incTimer0_overflow_countOver$:
                                    636 ;	C:\Users\tonyp\AppData\Local\Arduino15\packages\CH55xDuino\hardware\mcs51\0.0.23\cores\ch55xduino\wiring.c:37: }
      000016 D0 D0            [24]  637 	pop	psw
      000018 32               [24]  638 	reti
                                    639 ;	eliminated unneeded push/pop dpl
                                    640 ;	eliminated unneeded push/pop dph
                                    641 ;	eliminated unneeded push/pop b
                                    642 ;	eliminated unneeded push/pop acc
                                    643 ;------------------------------------------------------------
                                    644 ;Allocation info for local variables in function 'micros'
                                    645 ;------------------------------------------------------------
                                    646 ;	C:\Users\tonyp\AppData\Local\Arduino15\packages\CH55xDuino\hardware\mcs51\0.0.23\cores\ch55xduino\wiring.c:39: uint32_t micros() {
                                    647 ;	-----------------------------------------
                                    648 ;	 function micros
                                    649 ;	-----------------------------------------
      000019                        650 _micros:
                           000007   651 	ar7 = 0x07
                           000006   652 	ar6 = 0x06
                           000005   653 	ar5 = 0x05
                           000004   654 	ar4 = 0x04
                           000003   655 	ar3 = 0x03
                           000002   656 	ar2 = 0x02
                           000001   657 	ar1 = 0x01
                           000000   658 	ar0 = 0x00
                                    659 ;	C:\Users\tonyp\AppData\Local\Arduino15\packages\CH55xDuino\hardware\mcs51\0.0.23\cores\ch55xduino\wiring.c:85: "incTimer0_overf_cntCopyOver$:                \n");
                                    660 ;uint8_t	interruptOn = EA; //to c            
                                    661 ;clr	and mov won't affect c                  
      000019 A2 AF            [12]  662 	mov	c,_EA                                
                                    663 ;EA	= 0;                                     
      00001B C2 AF            [12]  664 	clr	_EA                                  
                                    665 ;Copy	_timer0_overflow_count to local R0~R3,m
      00001D A8*00            [24]  666 	mov	r0, (_timer0_overflow_count)         
      00001F A9*01            [24]  667 	mov	r1, (_timer0_overflow_count)+1       
      000021 AA*02            [24]  668 	mov	r2, (_timer0_overflow_count)+2       
      000023 AB*03            [24]  669 	mov	r3, (_timer0_overflow_count)+3       
                                    670 ;Copy	TL0 to local R4, t                     
      000025 AC 8A            [24]  671 	mov	r4, _TL0                             
                                    672 ;Copy	TCON (TF0) to local R5                 
      000027 85 88 F0         [24]  673 	mov	b, _TCON                             
                                    674 ;if	(interruptOn) EA = 1;                    
      00002A 92 AF            [24]  675 	mov	_EA,c                                
                                    676 ;if	((TF0 in b) && (R4 != 255)){             
      00002C 30 F5 12         [24]  677 	jnb	b.5,incTimer0_overf_cntCopyOver$     
      00002F 74 01            [12]  678 	mov	a,#1     
      000031 2C               [12]  679 	add	a,r4     
      000032 60 0D            [24]  680 	jz	incTimer0_overf_cntCopyOver$
                                    681 ;m++	                                        
      000034 08               [12]  682 	inc	r0                                   
      000035 B8 00 09         [24]  683 	cjne	r0,#0,incTimer0_overf_cntCopyOver$  
      000038 09               [12]  684 	inc	r1                                   
      000039 B9 00 05         [24]  685 	cjne	r1,#0,incTimer0_overf_cntCopyOver$  
      00003C 0A               [12]  686 	inc	r2                                   
      00003D BA 00 01         [24]  687 	cjne	r2,#0,incTimer0_overf_cntCopyOver$  
      000040 0B               [12]  688 	inc	r3                                   
      000041                        689 incTimer0_overf_cntCopyOver$:
                                    690 ;	C:\Users\tonyp\AppData\Local\Arduino15\packages\CH55xDuino\hardware\mcs51\0.0.23\cores\ch55xduino\wiring.c:94: "    mov r4, a                                \n");
      000041 C3               [12]  691 	clr	c                                    
      000042 EC               [12]  692 	mov	a, r4                                
      000043 94 06            [12]  693 	subb	a,#6                                
      000045 FC               [12]  694 	mov	r4, a                                
                                    695 ;	C:\Users\tonyp\AppData\Local\Arduino15\packages\CH55xDuino\hardware\mcs51\0.0.23\cores\ch55xduino\wiring.c:287: );
                                    696 ;1m	= 250t 1t=0.5us (m*250+t)/2  t is 0~249  
                                    697 ;we	need to return m*125+t/2                 
                                    698 ;t=(t>>1);	                                  
      000046 EC               [12]  699 	mov	a,r4                                 
      000047 C3               [12]  700 	clr	c                                    
      000048 13               [12]  701 	rrc	a                                    
      000049 FC               [12]  702 	mov	r4,a                                 
                                    703 ;m=m*125;	                                   
      00004A 75 F0 7D         [24]  704 	mov	b, #125                              
      00004D E8               [12]  705 	mov	a, r0                                
      00004E A4               [48]  706 	mul	ab                                   
      00004F F8               [12]  707 	mov	r0, a                                
      000050 AD F0            [24]  708 	mov	r5, b                                
      000052 75 F0 7D         [24]  709 	mov	b, #125                              
      000055 E9               [12]  710 	mov	a, r1                                
      000056 A4               [48]  711 	mul	ab                                   
      000057 2D               [12]  712 	add	a, r5                                
      000058 F9               [12]  713 	mov	r1, a                                
      000059 E4               [12]  714 	clr	a                                    
      00005A 35 F0            [12]  715 	addc	a, b                                
      00005C FD               [12]  716 	mov	r5, a                                
      00005D 75 F0 7D         [24]  717 	mov	b, #125                              
      000060 EA               [12]  718 	mov	a, r2                                
      000061 A4               [48]  719 	mul	ab                                   
      000062 2D               [12]  720 	add	a, r5                                
      000063 FA               [12]  721 	mov	r2, a                                
      000064 E4               [12]  722 	clr	a                                    
      000065 35 F0            [12]  723 	addc	a, b                                
      000067 FD               [12]  724 	mov	r5, a                                
      000068 75 F0 7D         [24]  725 	mov	b, #125                              
      00006B EB               [12]  726 	mov	a, r3                                
      00006C A4               [48]  727 	mul	ab                                   
      00006D 2D               [12]  728 	add	a, r5                                
      00006E FB               [12]  729 	mov	r3, a                                
                                    730 ;return	m+t                                  
      00006F 7D 00            [12]  731 	mov	r5, #0                               
      000071 EC               [12]  732 	mov	a, r4                                
      000072 28               [12]  733 	add	a, r0                                
      000073 F5 82            [12]  734 	mov	dpl, a                               
      000075 E9               [12]  735 	mov	a, r1                                
      000076 3D               [12]  736 	addc	a, r5                               
      000077 F5 83            [12]  737 	mov	dph, a                               
      000079 EA               [12]  738 	mov	a, r2                                
      00007A 3D               [12]  739 	addc	a, r5                               
      00007B F5 F0            [12]  740 	mov	b, a                                 
      00007D EB               [12]  741 	mov	a, r3                                
      00007E 3D               [12]  742 	addc	a, r5                               
                                    743 ;	C:\Users\tonyp\AppData\Local\Arduino15\packages\CH55xDuino\hardware\mcs51\0.0.23\cores\ch55xduino\wiring.c:583: }
      00007F 22               [24]  744 	ret
                                    745 ;------------------------------------------------------------
                                    746 ;Allocation info for local variables in function 'millis'
                                    747 ;------------------------------------------------------------
                                    748 ;	C:\Users\tonyp\AppData\Local\Arduino15\packages\CH55xDuino\hardware\mcs51\0.0.23\cores\ch55xduino\wiring.c:585: uint32_t millis() {
                                    749 ;	-----------------------------------------
                                    750 ;	 function millis
                                    751 ;	-----------------------------------------
      000080                        752 _millis:
                                    753 ;	C:\Users\tonyp\AppData\Local\Arduino15\packages\CH55xDuino\hardware\mcs51\0.0.23\cores\ch55xduino\wiring.c:605: "    mov _EA,c                                \n");
                                    754 ;uint8_t	interruptOn = EA; //to c            
                                    755 ;clr	and mov won't affect c                  
      000080 A2 AF            [12]  756 	mov	c,_EA                                
                                    757 ;EA	= 0;                                     
      000082 C2 AF            [12]  758 	clr	_EA                                  
                                    759 ;Copy	_timer0_overflow_count to local R0~R4  
      000084 A8*00            [24]  760 	mov	r0, (_timer0_overflow_count)         
      000086 A9*01            [24]  761 	mov	r1, (_timer0_overflow_count)+1       
      000088 AA*02            [24]  762 	mov	r2, (_timer0_overflow_count)+2       
      00008A AB*03            [24]  763 	mov	r3, (_timer0_overflow_count)+3       
      00008C AC*04            [24]  764 	mov	r4, (_timer0_overflow_count)+4       
                                    765 ;if	(interruptOn) EA = 1;                    
      00008E 92 AF            [24]  766 	mov	_EA,c                                
                                    767 ;	C:\Users\tonyp\AppData\Local\Arduino15\packages\CH55xDuino\hardware\mcs51\0.0.23\cores\ch55xduino\wiring.c:690: "    mov b, r1                                \n");
                                    768 ;return	timer0_overflow_count>>3             
                                    769 ;Or:	return (timer0_overflow_count<<5)>>8    
                                    770 ;Or:	return (timer0_overflow_count*32)>>8    
      000090 75 F0 20         [24]  771 	mov	b, #32                               
      000093 E8               [12]  772 	mov	a, r0                                
      000094 A4               [48]  773 	mul	ab                                   
      000095 A8 F0            [24]  774 	mov	r0, b                                
                                    775 ;lowest	8 bit not used (a), r0 free to use   
      000097 75 F0 20         [24]  776 	mov	b, #32                               
      00009A E9               [12]  777 	mov	a, r1                                
      00009B A4               [48]  778 	mul	ab                                   
      00009C 28               [12]  779 	add	a, r0                                
                                    780 ;carry	won't be set, if I calculated right   
      00009D F5 82            [12]  781 	mov	dpl, a                               
      00009F A8 F0            [24]  782 	mov	r0, b                                
      0000A1 75 F0 20         [24]  783 	mov	b, #32                               
      0000A4 EA               [12]  784 	mov	a, r2                                
      0000A5 A4               [48]  785 	mul	ab                                   
      0000A6 28               [12]  786 	add	a, r0                                
                                    787 ;carry	won't be set, if I calculated right   
      0000A7 F5 83            [12]  788 	mov	dph, a                               
      0000A9 A8 F0            [24]  789 	mov	r0, b                                
      0000AB 75 F0 20         [24]  790 	mov	b, #32                               
      0000AE EB               [12]  791 	mov	a, r3                                
      0000AF A4               [48]  792 	mul	ab                                   
      0000B0 28               [12]  793 	add	a, r0                                
                                    794 ;carry	won't be set, if I calculated right   
      0000B1 F9               [12]  795 	mov	r1, a                                
      0000B2 A8 F0            [24]  796 	mov	r0, b                                
      0000B4 75 F0 20         [24]  797 	mov	b, #32                               
      0000B7 EC               [12]  798 	mov	a, r4                                
      0000B8 A4               [48]  799 	mul	ab                                   
      0000B9 28               [12]  800 	add	a, r0                                
                                    801 ;carry	won't be set, if I calculated right   
                                    802 ;calculation	finished, a already in place    
      0000BA 89 F0            [24]  803 	mov	b, r1                                
                                    804 ;	C:\Users\tonyp\AppData\Local\Arduino15\packages\CH55xDuino\hardware\mcs51\0.0.23\cores\ch55xduino\wiring.c:881: }
      0000BC 22               [24]  805 	ret
                                    806 ;------------------------------------------------------------
                                    807 ;Allocation info for local variables in function 'delay'
                                    808 ;------------------------------------------------------------
                                    809 ;ms                        Allocated with name '_delay_ms_65536_175'
                                    810 ;start                     Allocated with name '_delay_start_65536_176'
                                    811 ;sloc0                     Allocated with name '_delay_sloc0_1_0'
                                    812 ;------------------------------------------------------------
                                    813 ;	C:\Users\tonyp\AppData\Local\Arduino15\packages\CH55xDuino\hardware\mcs51\0.0.23\cores\ch55xduino\wiring.c:883: void delay(__data uint32_t ms) {
                                    814 ;	-----------------------------------------
                                    815 ;	 function delay
                                    816 ;	-----------------------------------------
      0000BD                        817 _delay:
      0000BD 85 82*00         [24]  818 	mov	_delay_ms_65536_175,dpl
      0000C0 85 83*01         [24]  819 	mov	(_delay_ms_65536_175 + 1),dph
      0000C3 85 F0*02         [24]  820 	mov	(_delay_ms_65536_175 + 2),b
      0000C6 F5*03            [12]  821 	mov	(_delay_ms_65536_175 + 3),a
                                    822 ;	C:\Users\tonyp\AppData\Local\Arduino15\packages\CH55xDuino\hardware\mcs51\0.0.23\cores\ch55xduino\wiring.c:884: __data uint32_t start = micros();
      0000C8 12r00r19         [24]  823 	lcall	_micros
      0000CB 85 82*04         [24]  824 	mov	_delay_start_65536_176,dpl
      0000CE 85 83*05         [24]  825 	mov	(_delay_start_65536_176 + 1),dph
      0000D1 85 F0*06         [24]  826 	mov	(_delay_start_65536_176 + 2),b
      0000D4 F5*07            [12]  827 	mov	(_delay_start_65536_176 + 3),a
                                    828 ;	C:\Users\tonyp\AppData\Local\Arduino15\packages\CH55xDuino\hardware\mcs51\0.0.23\cores\ch55xduino\wiring.c:886: while (ms > 0) {
      0000D6                        829 00105$:
      0000D6 E5*00            [12]  830 	mov	a,_delay_ms_65536_175
      0000D8 45*01            [12]  831 	orl	a,(_delay_ms_65536_175 + 1)
      0000DA 45*02            [12]  832 	orl	a,(_delay_ms_65536_175 + 2)
      0000DC 45*03            [12]  833 	orl	a,(_delay_ms_65536_175 + 3)
      0000DE 70 01            [24]  834 	jnz	00129$
      0000E0 22               [24]  835 	ret
      0000E1                        836 00129$:
                                    837 ;	C:\Users\tonyp\AppData\Local\Arduino15\packages\CH55xDuino\hardware\mcs51\0.0.23\cores\ch55xduino\wiring.c:888: while (ms > 0 && (micros() - start) >= 1000) {
      0000E1 A8*00            [24]  838 	mov	r0,_delay_ms_65536_175
      0000E3 A9*01            [24]  839 	mov	r1,(_delay_ms_65536_175 + 1)
      0000E5 AA*02            [24]  840 	mov	r2,(_delay_ms_65536_175 + 2)
      0000E7 AB*03            [24]  841 	mov	r3,(_delay_ms_65536_175 + 3)
      0000E9 85*04*08         [24]  842 	mov	_delay_sloc0_1_0,_delay_start_65536_176
      0000EC 85*05*09         [24]  843 	mov	(_delay_sloc0_1_0 + 1),(_delay_start_65536_176 + 1)
      0000EF 85*06*0A         [24]  844 	mov	(_delay_sloc0_1_0 + 2),(_delay_start_65536_176 + 2)
      0000F2 85*07*0B         [24]  845 	mov	(_delay_sloc0_1_0 + 3),(_delay_start_65536_176 + 3)
      0000F5                        846 00102$:
      0000F5 E8               [12]  847 	mov	a,r0
      0000F6 49               [12]  848 	orl	a,r1
      0000F7 4A               [12]  849 	orl	a,r2
      0000F8 4B               [12]  850 	orl	a,r3
      0000F9 60 DB            [24]  851 	jz	00105$
      0000FB C0 03            [24]  852 	push	ar3
      0000FD C0 02            [24]  853 	push	ar2
      0000FF C0 01            [24]  854 	push	ar1
      000101 C0 00            [24]  855 	push	ar0
      000103 12r00r19         [24]  856 	lcall	_micros
      000106 AC 82            [24]  857 	mov	r4,dpl
      000108 AD 83            [24]  858 	mov	r5,dph
      00010A AE F0            [24]  859 	mov	r6,b
      00010C FF               [12]  860 	mov	r7,a
      00010D D0 00            [24]  861 	pop	ar0
      00010F D0 01            [24]  862 	pop	ar1
      000111 D0 02            [24]  863 	pop	ar2
      000113 D0 03            [24]  864 	pop	ar3
      000115 EC               [12]  865 	mov	a,r4
      000116 C3               [12]  866 	clr	c
      000117 95*08            [12]  867 	subb	a,_delay_sloc0_1_0
      000119 FC               [12]  868 	mov	r4,a
      00011A ED               [12]  869 	mov	a,r5
      00011B 95*09            [12]  870 	subb	a,(_delay_sloc0_1_0 + 1)
      00011D FD               [12]  871 	mov	r5,a
      00011E EE               [12]  872 	mov	a,r6
      00011F 95*0A            [12]  873 	subb	a,(_delay_sloc0_1_0 + 2)
      000121 FE               [12]  874 	mov	r6,a
      000122 EF               [12]  875 	mov	a,r7
      000123 95*0B            [12]  876 	subb	a,(_delay_sloc0_1_0 + 3)
      000125 FF               [12]  877 	mov	r7,a
      000126 C3               [12]  878 	clr	c
      000127 EC               [12]  879 	mov	a,r4
      000128 94 E8            [12]  880 	subb	a,#0xe8
      00012A ED               [12]  881 	mov	a,r5
      00012B 94 03            [12]  882 	subb	a,#0x03
      00012D EE               [12]  883 	mov	a,r6
      00012E 94 00            [12]  884 	subb	a,#0x00
      000130 EF               [12]  885 	mov	a,r7
      000131 94 00            [12]  886 	subb	a,#0x00
      000133 40 A1            [24]  887 	jc	00105$
                                    888 ;	C:\Users\tonyp\AppData\Local\Arduino15\packages\CH55xDuino\hardware\mcs51\0.0.23\cores\ch55xduino\wiring.c:889: ms--;
      000135 18               [12]  889 	dec	r0
      000136 B8 FF 09         [24]  890 	cjne	r0,#0xff,00132$
      000139 19               [12]  891 	dec	r1
      00013A B9 FF 05         [24]  892 	cjne	r1,#0xff,00132$
      00013D 1A               [12]  893 	dec	r2
      00013E BA FF 01         [24]  894 	cjne	r2,#0xff,00132$
      000141 1B               [12]  895 	dec	r3
      000142                        896 00132$:
      000142 88*00            [24]  897 	mov	_delay_ms_65536_175,r0
      000144 89*01            [24]  898 	mov	(_delay_ms_65536_175 + 1),r1
      000146 8A*02            [24]  899 	mov	(_delay_ms_65536_175 + 2),r2
      000148 8B*03            [24]  900 	mov	(_delay_ms_65536_175 + 3),r3
                                    901 ;	C:\Users\tonyp\AppData\Local\Arduino15\packages\CH55xDuino\hardware\mcs51\0.0.23\cores\ch55xduino\wiring.c:890: start += 1000;
      00014A 74 E8            [12]  902 	mov	a,#0xe8
      00014C 25*08            [12]  903 	add	a,_delay_sloc0_1_0
      00014E F5*08            [12]  904 	mov	_delay_sloc0_1_0,a
      000150 74 03            [12]  905 	mov	a,#0x03
      000152 35*09            [12]  906 	addc	a,(_delay_sloc0_1_0 + 1)
      000154 F5*09            [12]  907 	mov	(_delay_sloc0_1_0 + 1),a
      000156 E4               [12]  908 	clr	a
      000157 35*0A            [12]  909 	addc	a,(_delay_sloc0_1_0 + 2)
      000159 F5*0A            [12]  910 	mov	(_delay_sloc0_1_0 + 2),a
      00015B E4               [12]  911 	clr	a
      00015C 35*0B            [12]  912 	addc	a,(_delay_sloc0_1_0 + 3)
      00015E F5*0B            [12]  913 	mov	(_delay_sloc0_1_0 + 3),a
      000160 85*08*04         [24]  914 	mov	_delay_start_65536_176,_delay_sloc0_1_0
      000163 85*09*05         [24]  915 	mov	(_delay_start_65536_176 + 1),(_delay_sloc0_1_0 + 1)
      000166 85*0A*06         [24]  916 	mov	(_delay_start_65536_176 + 2),(_delay_sloc0_1_0 + 2)
      000169 85*0B*07         [24]  917 	mov	(_delay_start_65536_176 + 3),(_delay_sloc0_1_0 + 3)
                                    918 ;	C:\Users\tonyp\AppData\Local\Arduino15\packages\CH55xDuino\hardware\mcs51\0.0.23\cores\ch55xduino\wiring.c:893: }
      00016C 80 87            [24]  919 	sjmp	00102$
                                    920 ;------------------------------------------------------------
                                    921 ;Allocation info for local variables in function 'delayMicroseconds'
                                    922 ;------------------------------------------------------------
                                    923 ;us                        Allocated to registers 
                                    924 ;------------------------------------------------------------
                                    925 ;	C:\Users\tonyp\AppData\Local\Arduino15\packages\CH55xDuino\hardware\mcs51\0.0.23\cores\ch55xduino\wiring.c:895: void delayMicroseconds(__data uint16_t us) {
                                    926 ;	-----------------------------------------
                                    927 ;	 function delayMicroseconds
                                    928 ;	-----------------------------------------
      00016E                        929 _delayMicroseconds:
                                    930 ;	C:\Users\tonyp\AppData\Local\Arduino15\packages\CH55xDuino\hardware\mcs51\0.0.23\cores\ch55xduino\wiring.c:1040: "    nop                                  \n");
      00016E                        931 	.even	                                   
      00016E AE 82            [24]  932 	mov	 r6, dpl                         
      000170 AF 83            [24]  933 	mov	 r7, dph                         
      000172 C3               [12]  934 	clr	 c                               
      000173 74 01            [12]  935 	mov	 a,#0x01                         
      000175 9E               [12]  936 	subb	a, r6                           
      000176 E4               [12]  937 	clr	 a                               
      000177 9F               [12]  938 	subb	a, r7                           
      000178 40 02            [24]  939 	jc	skip_0us$                         
      00017A 22               [24]  940 	ret	                                 
      00017B 00               [12]  941 	nop	                                 
      00017C                        942 skip_0us$:
      00017C C3               [12]  943 	clr	 c                               
      00017D 74 02            [12]  944 	mov	 a, #0x02                        
      00017F 9E               [12]  945 	subb	a, r6                           
      000180 FE               [12]  946 	mov	 r6, a                           
      000181 74 00            [12]  947 	mov	 a, #0x00                        
      000183 9F               [12]  948 	subb	a, r7                           
      000184 FF               [12]  949 	mov	 r7, a                           
      000185 00               [12]  950 	nop	                                 
      000186 BE 00 05         [24]  951 	cjne	r6,#0x00,loop24m_us$            
      000189 BF 00 02         [24]  952 	cjne	r7,#0x00,loop24m_us$            
      00018C 00               [12]  953 	nop	                                 
      00018D 22               [24]  954 	ret	                                 
      00018E                        955 loop24m_us$:
      00018E 00               [12]  956 	nop	
      00018F 00               [12]  957 	nop	
      000190 00               [12]  958 	nop	
      000191 00               [12]  959 	nop	
      000192 00               [12]  960 	nop	
      000193 00               [12]  961 	nop	
      000194                        962 loop24m_us_2$:
      000194 00               [12]  963 	nop	
      000195 00               [12]  964 	nop	
      000196 00               [12]  965 	nop	
      000197 00               [12]  966 	nop	
      000198 00               [12]  967 	nop	
      000199 00               [12]  968 	nop	
      00019A 00               [12]  969 	nop	
      00019B 00               [12]  970 	nop	
      00019C 00               [12]  971 	nop	
      00019D 00               [12]  972 	nop	
      00019E 00               [12]  973 	nop	
      00019F 0E               [12]  974 	inc	 r6                              
      0001A0 BE 00 EB         [24]  975 	cjne	r6, #0,loop24m_us$              
      0001A3 0F               [12]  976 	inc	 r7                              
      0001A4 BF 00 ED         [24]  977 	cjne	r7, #0,loop24m_us_2$            
      0001A7 00               [12]  978 	nop	                                 
                                    979 ;	C:\Users\tonyp\AppData\Local\Arduino15\packages\CH55xDuino\hardware\mcs51\0.0.23\cores\ch55xduino\wiring.c:1139: }
      0001A8 22               [24]  980 	ret
                                    981 ;------------------------------------------------------------
                                    982 ;Allocation info for local variables in function 'init'
                                    983 ;------------------------------------------------------------
                                    984 ;	C:\Users\tonyp\AppData\Local\Arduino15\packages\CH55xDuino\hardware\mcs51\0.0.23\cores\ch55xduino\wiring.c:1141: void init() {
                                    985 ;	-----------------------------------------
                                    986 ;	 function init
                                    987 ;	-----------------------------------------
      0001A9                        988 _init:
                                    989 ;	C:\Users\tonyp\AppData\Local\Arduino15\packages\CH55xDuino\hardware\mcs51\0.0.23\cores\ch55xduino\wiring.c:1156: SAFE_MOD = 0x55;
      0001A9 75 A1 55         [24]  990 	mov	_SAFE_MOD,#0x55
                                    991 ;	C:\Users\tonyp\AppData\Local\Arduino15\packages\CH55xDuino\hardware\mcs51\0.0.23\cores\ch55xduino\wiring.c:1157: SAFE_MOD = 0xAA;
      0001AC 75 A1 AA         [24]  992 	mov	_SAFE_MOD,#0xaa
                                    993 ;	C:\Users\tonyp\AppData\Local\Arduino15\packages\CH55xDuino\hardware\mcs51\0.0.23\cores\ch55xduino\wiring.c:1163: CLOCK_CFG = CLOCK_CFG & ~MASK_SYS_CK_SEL | 0x06; // 24MHz
      0001AF 74 F8            [12]  994 	mov	a,#0xf8
      0001B1 55 B9            [12]  995 	anl	a,_CLOCK_CFG
      0001B3 44 06            [12]  996 	orl	a,#0x06
      0001B5 F5 B9            [12]  997 	mov	_CLOCK_CFG,a
                                    998 ;	C:\Users\tonyp\AppData\Local\Arduino15\packages\CH55xDuino\hardware\mcs51\0.0.23\cores\ch55xduino\wiring.c:1216: SAFE_MOD = 0x00;
      0001B7 75 A1 00         [24]  999 	mov	_SAFE_MOD,#0x00
                                   1000 ;	C:\Users\tonyp\AppData\Local\Arduino15\packages\CH55xDuino\hardware\mcs51\0.0.23\cores\ch55xduino\wiring.c:1218: delayMicroseconds(5000); // needed to stablize internal RC
      0001BA 90 13 88         [24] 1001 	mov	dptr,#0x1388
      0001BD 12r01r6E         [24] 1002 	lcall	_delayMicroseconds
                                   1003 ;	C:\Users\tonyp\AppData\Local\Arduino15\packages\CH55xDuino\hardware\mcs51\0.0.23\cores\ch55xduino\wiring.c:1222: USBDeviceCfg();
      0001C0 12r00r00         [24] 1004 	lcall	_USBDeviceCfg
                                   1005 ;	C:\Users\tonyp\AppData\Local\Arduino15\packages\CH55xDuino\hardware\mcs51\0.0.23\cores\ch55xduino\wiring.c:1223: USBDeviceEndPointCfg(); //????
      0001C3 12r00r00         [24] 1006 	lcall	_USBDeviceEndPointCfg
                                   1007 ;	C:\Users\tonyp\AppData\Local\Arduino15\packages\CH55xDuino\hardware\mcs51\0.0.23\cores\ch55xduino\wiring.c:1224: USBDeviceIntCfg();      //?????
      0001C6 12r00r00         [24] 1008 	lcall	_USBDeviceIntCfg
                                   1009 ;	C:\Users\tonyp\AppData\Local\Arduino15\packages\CH55xDuino\hardware\mcs51\0.0.23\cores\ch55xduino\wiring.c:1225: UEP0_T_LEN = 0;
      0001C9 75 DD 00         [24] 1010 	mov	_UEP0_T_LEN,#0x00
                                   1011 ;	C:\Users\tonyp\AppData\Local\Arduino15\packages\CH55xDuino\hardware\mcs51\0.0.23\cores\ch55xduino\wiring.c:1226: UEP1_T_LEN = 0; //????????????
      0001CC 75 D3 00         [24] 1012 	mov	_UEP1_T_LEN,#0x00
                                   1013 ;	C:\Users\tonyp\AppData\Local\Arduino15\packages\CH55xDuino\hardware\mcs51\0.0.23\cores\ch55xduino\wiring.c:1227: UEP2_T_LEN = 0; //????????????
      0001CF 75 D5 00         [24] 1014 	mov	_UEP2_T_LEN,#0x00
                                   1015 ;	C:\Users\tonyp\AppData\Local\Arduino15\packages\CH55xDuino\hardware\mcs51\0.0.23\cores\ch55xduino\wiring.c:1231: PWM_CK_SE = 93; // DIV by 94 for 1K freq on 24M clk
      0001D2 75 9E 5D         [24] 1016 	mov	_PWM_CK_SE,#0x5d
                                   1017 ;	C:\Users\tonyp\AppData\Local\Arduino15\packages\CH55xDuino\hardware\mcs51\0.0.23\cores\ch55xduino\wiring.c:1232: PWM_CTRL = 0;
      0001D5 75 9D 00         [24] 1018 	mov	_PWM_CTRL,#0x00
                                   1019 ;	C:\Users\tonyp\AppData\Local\Arduino15\packages\CH55xDuino\hardware\mcs51\0.0.23\cores\ch55xduino\wiring.c:1235: TMOD = (TMOD & ~0x0F) | (bT0_M1); // mode 2 for autoreload
      0001D8 74 F0            [12] 1020 	mov	a,#0xf0
      0001DA 55 89            [12] 1021 	anl	a,_TMOD
      0001DC 44 02            [12] 1022 	orl	a,#0x02
      0001DE F5 89            [12] 1023 	mov	_TMOD,a
                                   1024 ;	C:\Users\tonyp\AppData\Local\Arduino15\packages\CH55xDuino\hardware\mcs51\0.0.23\cores\ch55xduino\wiring.c:1236: T2MOD = T2MOD & ~bT0_CLK;         // bT0_CLK=0;clk Div by 12
      0001E0 53 C9 EF         [24] 1025 	anl	_T2MOD,#0xef
                                   1026 ;	C:\Users\tonyp\AppData\Local\Arduino15\packages\CH55xDuino\hardware\mcs51\0.0.23\cores\ch55xduino\wiring.c:1237: TH0 = 255 - T0_CYCLE + 1;
      0001E3 75 8C 06         [24] 1027 	mov	_TH0,#0x06
                                   1028 ;	C:\Users\tonyp\AppData\Local\Arduino15\packages\CH55xDuino\hardware\mcs51\0.0.23\cores\ch55xduino\wiring.c:1238: TF0 = 0;
                                   1029 ;	assignBit
      0001E6 C2 8D            [12] 1030 	clr	_TF0
                                   1031 ;	C:\Users\tonyp\AppData\Local\Arduino15\packages\CH55xDuino\hardware\mcs51\0.0.23\cores\ch55xduino\wiring.c:1239: ET0 = 1;
                                   1032 ;	assignBit
      0001E8 D2 A9            [12] 1033 	setb	_ET0
                                   1034 ;	C:\Users\tonyp\AppData\Local\Arduino15\packages\CH55xDuino\hardware\mcs51\0.0.23\cores\ch55xduino\wiring.c:1240: TR0 = 1;
                                   1035 ;	assignBit
      0001EA D2 8C            [12] 1036 	setb	_TR0
                                   1037 ;	C:\Users\tonyp\AppData\Local\Arduino15\packages\CH55xDuino\hardware\mcs51\0.0.23\cores\ch55xduino\wiring.c:1242: EA = 1; // millis and delay needs interrupt
                                   1038 ;	assignBit
      0001EC D2 AF            [12] 1039 	setb	_EA
                                   1040 ;	C:\Users\tonyp\AppData\Local\Arduino15\packages\CH55xDuino\hardware\mcs51\0.0.23\cores\ch55xduino\wiring.c:1243: }
      0001EE 22               [24] 1041 	ret
                                   1042 	.area CSEG    (CODE)
                                   1043 	.area CONST   (CODE)
                                   1044 	.area XINIT   (CODE)
                                   1045 	.area CABS    (ABS,CODE)
