                                      1 ;--------------------------------------------------------
                                      2 ; File Created by SDCC : free open source ISO C Compiler 
                                      3 ; Version 4.2.2 #13407 (MINGW32)
                                      4 ;--------------------------------------------------------
                                      5 	.module ds18b20_port
                                      6 	.optsdcc -mmcs51 --model-large
                                      7 	
                                      8 ;--------------------------------------------------------
                                      9 ; Public variables in this module
                                     10 ;--------------------------------------------------------
                                     11 	.globl _delayMicroseconds
                                     12 	.globl _delay
                                     13 	.globl _digitalRead
                                     14 	.globl _digitalWrite
                                     15 	.globl _pinMode
                                     16 	.globl _UIF_BUS_RST
                                     17 	.globl _UIF_DETECT
                                     18 	.globl _UIF_TRANSFER
                                     19 	.globl _UIF_SUSPEND
                                     20 	.globl _UIF_HST_SOF
                                     21 	.globl _UIF_FIFO_OV
                                     22 	.globl _U_SIE_FREE
                                     23 	.globl _U_TOG_OK
                                     24 	.globl _U_IS_NAK
                                     25 	.globl _ADC_CHAN0
                                     26 	.globl _ADC_CHAN1
                                     27 	.globl _CMP_CHAN
                                     28 	.globl _ADC_START
                                     29 	.globl _ADC_IF
                                     30 	.globl _CMP_IF
                                     31 	.globl _CMPO
                                     32 	.globl _U1RI
                                     33 	.globl _U1TI
                                     34 	.globl _U1RB8
                                     35 	.globl _U1TB8
                                     36 	.globl _U1REN
                                     37 	.globl _U1SMOD
                                     38 	.globl _U1SM0
                                     39 	.globl _S0_R_FIFO
                                     40 	.globl _S0_T_FIFO
                                     41 	.globl _S0_FREE
                                     42 	.globl _S0_IF_BYTE
                                     43 	.globl _S0_IF_FIRST
                                     44 	.globl _S0_IF_OV
                                     45 	.globl _S0_FST_ACT
                                     46 	.globl _CP_RL2
                                     47 	.globl _C_T2
                                     48 	.globl _TR2
                                     49 	.globl _EXEN2
                                     50 	.globl _TCLK
                                     51 	.globl _RCLK
                                     52 	.globl _EXF2
                                     53 	.globl _CAP1F
                                     54 	.globl _TF2
                                     55 	.globl _RI
                                     56 	.globl _TI
                                     57 	.globl _RB8
                                     58 	.globl _TB8
                                     59 	.globl _REN
                                     60 	.globl _SM2
                                     61 	.globl _SM1
                                     62 	.globl _SM0
                                     63 	.globl _IT0
                                     64 	.globl _IE0
                                     65 	.globl _IT1
                                     66 	.globl _IE1
                                     67 	.globl _TR0
                                     68 	.globl _TF0
                                     69 	.globl _TR1
                                     70 	.globl _TF1
                                     71 	.globl _P3_0
                                     72 	.globl _P3_1
                                     73 	.globl _P3_2
                                     74 	.globl _P3_3
                                     75 	.globl _P3_4
                                     76 	.globl _P3_5
                                     77 	.globl _P3_6
                                     78 	.globl _P3_7
                                     79 	.globl _RXD
                                     80 	.globl _PWM1_
                                     81 	.globl _TXD
                                     82 	.globl _PWM2_
                                     83 	.globl _AIN3
                                     84 	.globl _VBUS1
                                     85 	.globl _INT0
                                     86 	.globl _TXD1_
                                     87 	.globl _INT1
                                     88 	.globl _T0
                                     89 	.globl _RXD1_
                                     90 	.globl _PWM2
                                     91 	.globl _T1
                                     92 	.globl _UDP
                                     93 	.globl _UDM
                                     94 	.globl _P1_0
                                     95 	.globl _P1_1
                                     96 	.globl _P1_2
                                     97 	.globl _P1_3
                                     98 	.globl _P1_4
                                     99 	.globl _P1_5
                                    100 	.globl _P1_6
                                    101 	.globl _P1_7
                                    102 	.globl _TIN0
                                    103 	.globl _CAP1
                                    104 	.globl _T2
                                    105 	.globl _AIN0
                                    106 	.globl _VBUS2
                                    107 	.globl _TIN1
                                    108 	.globl _CAP2
                                    109 	.globl _T2EX
                                    110 	.globl _RXD_
                                    111 	.globl _TXD_
                                    112 	.globl _AIN1
                                    113 	.globl _UCC1
                                    114 	.globl _TIN2
                                    115 	.globl _SCS
                                    116 	.globl _CAP1_
                                    117 	.globl _T2_
                                    118 	.globl _AIN2
                                    119 	.globl _UCC2
                                    120 	.globl _TIN3
                                    121 	.globl _PWM1
                                    122 	.globl _MOSI
                                    123 	.globl _TIN4
                                    124 	.globl _RXD1
                                    125 	.globl _MISO
                                    126 	.globl _TIN5
                                    127 	.globl _TXD1
                                    128 	.globl _SCK
                                    129 	.globl _IE_SPI0
                                    130 	.globl _IE_TKEY
                                    131 	.globl _IE_USB
                                    132 	.globl _IE_ADC
                                    133 	.globl _IE_UART1
                                    134 	.globl _IE_PWMX
                                    135 	.globl _IE_GPIO
                                    136 	.globl _IE_WDOG
                                    137 	.globl _PX0
                                    138 	.globl _PT0
                                    139 	.globl _PX1
                                    140 	.globl _PT1
                                    141 	.globl _PS
                                    142 	.globl _PT2
                                    143 	.globl _PL_FLAG
                                    144 	.globl _PH_FLAG
                                    145 	.globl _EX0
                                    146 	.globl _ET0
                                    147 	.globl _EX1
                                    148 	.globl _ET1
                                    149 	.globl _ES
                                    150 	.globl _ET2
                                    151 	.globl _E_DIS
                                    152 	.globl _EA
                                    153 	.globl _P
                                    154 	.globl _F1
                                    155 	.globl _OV
                                    156 	.globl _RS0
                                    157 	.globl _RS1
                                    158 	.globl _F0
                                    159 	.globl _AC
                                    160 	.globl _CY
                                    161 	.globl _UEP1_DMA_H
                                    162 	.globl _UEP1_DMA_L
                                    163 	.globl _UEP1_DMA
                                    164 	.globl _UEP0_DMA_H
                                    165 	.globl _UEP0_DMA_L
                                    166 	.globl _UEP0_DMA
                                    167 	.globl _UEP2_3_MOD
                                    168 	.globl _UEP4_1_MOD
                                    169 	.globl _UEP3_DMA_H
                                    170 	.globl _UEP3_DMA_L
                                    171 	.globl _UEP3_DMA
                                    172 	.globl _UEP2_DMA_H
                                    173 	.globl _UEP2_DMA_L
                                    174 	.globl _UEP2_DMA
                                    175 	.globl _USB_DEV_AD
                                    176 	.globl _USB_CTRL
                                    177 	.globl _USB_INT_EN
                                    178 	.globl _UEP4_T_LEN
                                    179 	.globl _UEP4_CTRL
                                    180 	.globl _UEP0_T_LEN
                                    181 	.globl _UEP0_CTRL
                                    182 	.globl _USB_RX_LEN
                                    183 	.globl _USB_MIS_ST
                                    184 	.globl _USB_INT_ST
                                    185 	.globl _USB_INT_FG
                                    186 	.globl _UEP3_T_LEN
                                    187 	.globl _UEP3_CTRL
                                    188 	.globl _UEP2_T_LEN
                                    189 	.globl _UEP2_CTRL
                                    190 	.globl _UEP1_T_LEN
                                    191 	.globl _UEP1_CTRL
                                    192 	.globl _UDEV_CTRL
                                    193 	.globl _USB_C_CTRL
                                    194 	.globl _TKEY_DATH
                                    195 	.globl _TKEY_DATL
                                    196 	.globl _TKEY_DAT
                                    197 	.globl _TKEY_CTRL
                                    198 	.globl _ADC_DATA
                                    199 	.globl _ADC_CFG
                                    200 	.globl _ADC_CTRL
                                    201 	.globl _SBAUD1
                                    202 	.globl _SBUF1
                                    203 	.globl _SCON1
                                    204 	.globl _SPI0_SETUP
                                    205 	.globl _SPI0_CK_SE
                                    206 	.globl _SPI0_CTRL
                                    207 	.globl _SPI0_DATA
                                    208 	.globl _SPI0_STAT
                                    209 	.globl _PWM_CK_SE
                                    210 	.globl _PWM_CTRL
                                    211 	.globl _PWM_DATA1
                                    212 	.globl _PWM_DATA2
                                    213 	.globl _T2CAP1H
                                    214 	.globl _T2CAP1L
                                    215 	.globl _T2CAP1
                                    216 	.globl _TH2
                                    217 	.globl _TL2
                                    218 	.globl _T2COUNT
                                    219 	.globl _RCAP2H
                                    220 	.globl _RCAP2L
                                    221 	.globl _RCAP2
                                    222 	.globl _T2MOD
                                    223 	.globl _T2CON
                                    224 	.globl _SBUF
                                    225 	.globl _SCON
                                    226 	.globl _TH1
                                    227 	.globl _TH0
                                    228 	.globl _TL1
                                    229 	.globl _TL0
                                    230 	.globl _TMOD
                                    231 	.globl _TCON
                                    232 	.globl _XBUS_AUX
                                    233 	.globl _PIN_FUNC
                                    234 	.globl _P3_DIR_PU
                                    235 	.globl _P3_MOD_OC
                                    236 	.globl _P3
                                    237 	.globl _P2
                                    238 	.globl _P1_DIR_PU
                                    239 	.globl _P1_MOD_OC
                                    240 	.globl _P1
                                    241 	.globl _ROM_CTRL
                                    242 	.globl _ROM_DATA_H
                                    243 	.globl _ROM_DATA_L
                                    244 	.globl _ROM_DATA
                                    245 	.globl _ROM_ADDR_H
                                    246 	.globl _ROM_ADDR_L
                                    247 	.globl _ROM_ADDR
                                    248 	.globl _GPIO_IE
                                    249 	.globl _IP_EX
                                    250 	.globl _IE_EX
                                    251 	.globl _IP
                                    252 	.globl _IE
                                    253 	.globl _WDOG_COUNT
                                    254 	.globl _RESET_KEEP
                                    255 	.globl _WAKE_CTRL
                                    256 	.globl _CLOCK_CFG
                                    257 	.globl _PCON
                                    258 	.globl _GLOBAL_CFG
                                    259 	.globl _SAFE_MOD
                                    260 	.globl _DPH
                                    261 	.globl _DPL
                                    262 	.globl _SP
                                    263 	.globl _B
                                    264 	.globl _ACC
                                    265 	.globl _PSW
                                    266 	.globl _DS18B20_init_PARM_2
                                    267 	.globl _DS18B20_init
                                    268 	.globl _DS18B20_begin
                                    269 	.globl _DS18B20_readTemperatureFast
                                    270 ;--------------------------------------------------------
                                    271 ; special function registers
                                    272 ;--------------------------------------------------------
                                    273 	.area RSEG    (ABS,DATA)
      000000                        274 	.org 0x0000
                           0000D0   275 _PSW	=	0x00d0
                           0000E0   276 _ACC	=	0x00e0
                           0000F0   277 _B	=	0x00f0
                           000081   278 _SP	=	0x0081
                           000082   279 _DPL	=	0x0082
                           000083   280 _DPH	=	0x0083
                           0000A1   281 _SAFE_MOD	=	0x00a1
                           0000B1   282 _GLOBAL_CFG	=	0x00b1
                           000087   283 _PCON	=	0x0087
                           0000B9   284 _CLOCK_CFG	=	0x00b9
                           0000A9   285 _WAKE_CTRL	=	0x00a9
                           0000FE   286 _RESET_KEEP	=	0x00fe
                           0000FF   287 _WDOG_COUNT	=	0x00ff
                           0000A8   288 _IE	=	0x00a8
                           0000B8   289 _IP	=	0x00b8
                           0000E8   290 _IE_EX	=	0x00e8
                           0000E9   291 _IP_EX	=	0x00e9
                           0000C7   292 _GPIO_IE	=	0x00c7
                           008584   293 _ROM_ADDR	=	0x8584
                           000084   294 _ROM_ADDR_L	=	0x0084
                           000085   295 _ROM_ADDR_H	=	0x0085
                           008F8E   296 _ROM_DATA	=	0x8f8e
                           00008E   297 _ROM_DATA_L	=	0x008e
                           00008F   298 _ROM_DATA_H	=	0x008f
                           000086   299 _ROM_CTRL	=	0x0086
                           000090   300 _P1	=	0x0090
                           000092   301 _P1_MOD_OC	=	0x0092
                           000093   302 _P1_DIR_PU	=	0x0093
                           0000A0   303 _P2	=	0x00a0
                           0000B0   304 _P3	=	0x00b0
                           000096   305 _P3_MOD_OC	=	0x0096
                           000097   306 _P3_DIR_PU	=	0x0097
                           0000C6   307 _PIN_FUNC	=	0x00c6
                           0000A2   308 _XBUS_AUX	=	0x00a2
                           000088   309 _TCON	=	0x0088
                           000089   310 _TMOD	=	0x0089
                           00008A   311 _TL0	=	0x008a
                           00008B   312 _TL1	=	0x008b
                           00008C   313 _TH0	=	0x008c
                           00008D   314 _TH1	=	0x008d
                           000098   315 _SCON	=	0x0098
                           000099   316 _SBUF	=	0x0099
                           0000C8   317 _T2CON	=	0x00c8
                           0000C9   318 _T2MOD	=	0x00c9
                           00CBCA   319 _RCAP2	=	0xcbca
                           0000CA   320 _RCAP2L	=	0x00ca
                           0000CB   321 _RCAP2H	=	0x00cb
                           00CDCC   322 _T2COUNT	=	0xcdcc
                           0000CC   323 _TL2	=	0x00cc
                           0000CD   324 _TH2	=	0x00cd
                           00CFCE   325 _T2CAP1	=	0xcfce
                           0000CE   326 _T2CAP1L	=	0x00ce
                           0000CF   327 _T2CAP1H	=	0x00cf
                           00009B   328 _PWM_DATA2	=	0x009b
                           00009C   329 _PWM_DATA1	=	0x009c
                           00009D   330 _PWM_CTRL	=	0x009d
                           00009E   331 _PWM_CK_SE	=	0x009e
                           0000F8   332 _SPI0_STAT	=	0x00f8
                           0000F9   333 _SPI0_DATA	=	0x00f9
                           0000FA   334 _SPI0_CTRL	=	0x00fa
                           0000FB   335 _SPI0_CK_SE	=	0x00fb
                           0000FC   336 _SPI0_SETUP	=	0x00fc
                           0000C0   337 _SCON1	=	0x00c0
                           0000C1   338 _SBUF1	=	0x00c1
                           0000C2   339 _SBAUD1	=	0x00c2
                           000080   340 _ADC_CTRL	=	0x0080
                           00009A   341 _ADC_CFG	=	0x009a
                           00009F   342 _ADC_DATA	=	0x009f
                           0000C3   343 _TKEY_CTRL	=	0x00c3
                           00C5C4   344 _TKEY_DAT	=	0xc5c4
                           0000C4   345 _TKEY_DATL	=	0x00c4
                           0000C5   346 _TKEY_DATH	=	0x00c5
                           000091   347 _USB_C_CTRL	=	0x0091
                           0000D1   348 _UDEV_CTRL	=	0x00d1
                           0000D2   349 _UEP1_CTRL	=	0x00d2
                           0000D3   350 _UEP1_T_LEN	=	0x00d3
                           0000D4   351 _UEP2_CTRL	=	0x00d4
                           0000D5   352 _UEP2_T_LEN	=	0x00d5
                           0000D6   353 _UEP3_CTRL	=	0x00d6
                           0000D7   354 _UEP3_T_LEN	=	0x00d7
                           0000D8   355 _USB_INT_FG	=	0x00d8
                           0000D9   356 _USB_INT_ST	=	0x00d9
                           0000DA   357 _USB_MIS_ST	=	0x00da
                           0000DB   358 _USB_RX_LEN	=	0x00db
                           0000DC   359 _UEP0_CTRL	=	0x00dc
                           0000DD   360 _UEP0_T_LEN	=	0x00dd
                           0000DE   361 _UEP4_CTRL	=	0x00de
                           0000DF   362 _UEP4_T_LEN	=	0x00df
                           0000E1   363 _USB_INT_EN	=	0x00e1
                           0000E2   364 _USB_CTRL	=	0x00e2
                           0000E3   365 _USB_DEV_AD	=	0x00e3
                           00E5E4   366 _UEP2_DMA	=	0xe5e4
                           0000E4   367 _UEP2_DMA_L	=	0x00e4
                           0000E5   368 _UEP2_DMA_H	=	0x00e5
                           00E7E6   369 _UEP3_DMA	=	0xe7e6
                           0000E6   370 _UEP3_DMA_L	=	0x00e6
                           0000E7   371 _UEP3_DMA_H	=	0x00e7
                           0000EA   372 _UEP4_1_MOD	=	0x00ea
                           0000EB   373 _UEP2_3_MOD	=	0x00eb
                           00EDEC   374 _UEP0_DMA	=	0xedec
                           0000EC   375 _UEP0_DMA_L	=	0x00ec
                           0000ED   376 _UEP0_DMA_H	=	0x00ed
                           00EFEE   377 _UEP1_DMA	=	0xefee
                           0000EE   378 _UEP1_DMA_L	=	0x00ee
                           0000EF   379 _UEP1_DMA_H	=	0x00ef
                                    380 ;--------------------------------------------------------
                                    381 ; special function bits
                                    382 ;--------------------------------------------------------
                                    383 	.area RSEG    (ABS,DATA)
      000000                        384 	.org 0x0000
                           0000D7   385 _CY	=	0x00d7
                           0000D6   386 _AC	=	0x00d6
                           0000D5   387 _F0	=	0x00d5
                           0000D4   388 _RS1	=	0x00d4
                           0000D3   389 _RS0	=	0x00d3
                           0000D2   390 _OV	=	0x00d2
                           0000D1   391 _F1	=	0x00d1
                           0000D0   392 _P	=	0x00d0
                           0000AF   393 _EA	=	0x00af
                           0000AE   394 _E_DIS	=	0x00ae
                           0000AD   395 _ET2	=	0x00ad
                           0000AC   396 _ES	=	0x00ac
                           0000AB   397 _ET1	=	0x00ab
                           0000AA   398 _EX1	=	0x00aa
                           0000A9   399 _ET0	=	0x00a9
                           0000A8   400 _EX0	=	0x00a8
                           0000BF   401 _PH_FLAG	=	0x00bf
                           0000BE   402 _PL_FLAG	=	0x00be
                           0000BD   403 _PT2	=	0x00bd
                           0000BC   404 _PS	=	0x00bc
                           0000BB   405 _PT1	=	0x00bb
                           0000BA   406 _PX1	=	0x00ba
                           0000B9   407 _PT0	=	0x00b9
                           0000B8   408 _PX0	=	0x00b8
                           0000EF   409 _IE_WDOG	=	0x00ef
                           0000EE   410 _IE_GPIO	=	0x00ee
                           0000ED   411 _IE_PWMX	=	0x00ed
                           0000EC   412 _IE_UART1	=	0x00ec
                           0000EB   413 _IE_ADC	=	0x00eb
                           0000EA   414 _IE_USB	=	0x00ea
                           0000E9   415 _IE_TKEY	=	0x00e9
                           0000E8   416 _IE_SPI0	=	0x00e8
                           000097   417 _SCK	=	0x0097
                           000097   418 _TXD1	=	0x0097
                           000097   419 _TIN5	=	0x0097
                           000096   420 _MISO	=	0x0096
                           000096   421 _RXD1	=	0x0096
                           000096   422 _TIN4	=	0x0096
                           000095   423 _MOSI	=	0x0095
                           000095   424 _PWM1	=	0x0095
                           000095   425 _TIN3	=	0x0095
                           000095   426 _UCC2	=	0x0095
                           000095   427 _AIN2	=	0x0095
                           000094   428 _T2_	=	0x0094
                           000094   429 _CAP1_	=	0x0094
                           000094   430 _SCS	=	0x0094
                           000094   431 _TIN2	=	0x0094
                           000094   432 _UCC1	=	0x0094
                           000094   433 _AIN1	=	0x0094
                           000093   434 _TXD_	=	0x0093
                           000092   435 _RXD_	=	0x0092
                           000091   436 _T2EX	=	0x0091
                           000091   437 _CAP2	=	0x0091
                           000091   438 _TIN1	=	0x0091
                           000091   439 _VBUS2	=	0x0091
                           000091   440 _AIN0	=	0x0091
                           000090   441 _T2	=	0x0090
                           000090   442 _CAP1	=	0x0090
                           000090   443 _TIN0	=	0x0090
                           000097   444 _P1_7	=	0x0097
                           000096   445 _P1_6	=	0x0096
                           000095   446 _P1_5	=	0x0095
                           000094   447 _P1_4	=	0x0094
                           000093   448 _P1_3	=	0x0093
                           000092   449 _P1_2	=	0x0092
                           000091   450 _P1_1	=	0x0091
                           000090   451 _P1_0	=	0x0090
                           0000B7   452 _UDM	=	0x00b7
                           0000B6   453 _UDP	=	0x00b6
                           0000B5   454 _T1	=	0x00b5
                           0000B4   455 _PWM2	=	0x00b4
                           0000B4   456 _RXD1_	=	0x00b4
                           0000B4   457 _T0	=	0x00b4
                           0000B3   458 _INT1	=	0x00b3
                           0000B2   459 _TXD1_	=	0x00b2
                           0000B2   460 _INT0	=	0x00b2
                           0000B2   461 _VBUS1	=	0x00b2
                           0000B2   462 _AIN3	=	0x00b2
                           0000B1   463 _PWM2_	=	0x00b1
                           0000B1   464 _TXD	=	0x00b1
                           0000B0   465 _PWM1_	=	0x00b0
                           0000B0   466 _RXD	=	0x00b0
                           0000B7   467 _P3_7	=	0x00b7
                           0000B6   468 _P3_6	=	0x00b6
                           0000B5   469 _P3_5	=	0x00b5
                           0000B4   470 _P3_4	=	0x00b4
                           0000B3   471 _P3_3	=	0x00b3
                           0000B2   472 _P3_2	=	0x00b2
                           0000B1   473 _P3_1	=	0x00b1
                           0000B0   474 _P3_0	=	0x00b0
                           00008F   475 _TF1	=	0x008f
                           00008E   476 _TR1	=	0x008e
                           00008D   477 _TF0	=	0x008d
                           00008C   478 _TR0	=	0x008c
                           00008B   479 _IE1	=	0x008b
                           00008A   480 _IT1	=	0x008a
                           000089   481 _IE0	=	0x0089
                           000088   482 _IT0	=	0x0088
                           00009F   483 _SM0	=	0x009f
                           00009E   484 _SM1	=	0x009e
                           00009D   485 _SM2	=	0x009d
                           00009C   486 _REN	=	0x009c
                           00009B   487 _TB8	=	0x009b
                           00009A   488 _RB8	=	0x009a
                           000099   489 _TI	=	0x0099
                           000098   490 _RI	=	0x0098
                           0000CF   491 _TF2	=	0x00cf
                           0000CF   492 _CAP1F	=	0x00cf
                           0000CE   493 _EXF2	=	0x00ce
                           0000CD   494 _RCLK	=	0x00cd
                           0000CC   495 _TCLK	=	0x00cc
                           0000CB   496 _EXEN2	=	0x00cb
                           0000CA   497 _TR2	=	0x00ca
                           0000C9   498 _C_T2	=	0x00c9
                           0000C8   499 _CP_RL2	=	0x00c8
                           0000FF   500 _S0_FST_ACT	=	0x00ff
                           0000FE   501 _S0_IF_OV	=	0x00fe
                           0000FD   502 _S0_IF_FIRST	=	0x00fd
                           0000FC   503 _S0_IF_BYTE	=	0x00fc
                           0000FB   504 _S0_FREE	=	0x00fb
                           0000FA   505 _S0_T_FIFO	=	0x00fa
                           0000F8   506 _S0_R_FIFO	=	0x00f8
                           0000C7   507 _U1SM0	=	0x00c7
                           0000C5   508 _U1SMOD	=	0x00c5
                           0000C4   509 _U1REN	=	0x00c4
                           0000C3   510 _U1TB8	=	0x00c3
                           0000C2   511 _U1RB8	=	0x00c2
                           0000C1   512 _U1TI	=	0x00c1
                           0000C0   513 _U1RI	=	0x00c0
                           000087   514 _CMPO	=	0x0087
                           000086   515 _CMP_IF	=	0x0086
                           000085   516 _ADC_IF	=	0x0085
                           000084   517 _ADC_START	=	0x0084
                           000083   518 _CMP_CHAN	=	0x0083
                           000081   519 _ADC_CHAN1	=	0x0081
                           000080   520 _ADC_CHAN0	=	0x0080
                           0000DF   521 _U_IS_NAK	=	0x00df
                           0000DE   522 _U_TOG_OK	=	0x00de
                           0000DD   523 _U_SIE_FREE	=	0x00dd
                           0000DC   524 _UIF_FIFO_OV	=	0x00dc
                           0000DB   525 _UIF_HST_SOF	=	0x00db
                           0000DA   526 _UIF_SUSPEND	=	0x00da
                           0000D9   527 _UIF_TRANSFER	=	0x00d9
                           0000D8   528 _UIF_DETECT	=	0x00d8
                           0000D8   529 _UIF_BUS_RST	=	0x00d8
                                    530 ;--------------------------------------------------------
                                    531 ; overlayable register banks
                                    532 ;--------------------------------------------------------
                                    533 	.area REG_BANK_0	(REL,OVR,DATA)
      000000                        534 	.ds 8
                                    535 ;--------------------------------------------------------
                                    536 ; internal ram data
                                    537 ;--------------------------------------------------------
                                    538 	.area DSEG    (DATA)
                                    539 ;--------------------------------------------------------
                                    540 ; overlayable items in internal ram
                                    541 ;--------------------------------------------------------
                                    542 ;--------------------------------------------------------
                                    543 ; indirectly addressable internal ram data
                                    544 ;--------------------------------------------------------
                                    545 	.area ISEG    (DATA)
                                    546 ;--------------------------------------------------------
                                    547 ; absolute internal ram data
                                    548 ;--------------------------------------------------------
                                    549 	.area IABS    (ABS,DATA)
                                    550 	.area IABS    (ABS,DATA)
                                    551 ;--------------------------------------------------------
                                    552 ; bit data
                                    553 ;--------------------------------------------------------
                                    554 	.area BSEG    (BIT)
                                    555 ;--------------------------------------------------------
                                    556 ; paged external ram data
                                    557 ;--------------------------------------------------------
                                    558 	.area PSEG    (PAG,XDATA)
                                    559 ;--------------------------------------------------------
                                    560 ; uninitialized external ram data
                                    561 ;--------------------------------------------------------
                                    562 	.area XSEG    (XDATA)
      000000                        563 _ow_drive_low_dev_65536_175:
      000000                        564 	.ds 3
      000003                        565 _ow_release_bus_dev_65536_177:
      000003                        566 	.ds 3
      000006                        567 _ow_read_bus_dev_65536_179:
      000006                        568 	.ds 3
      000009                        569 _ow_reset_dev_65536_181:
      000009                        570 	.ds 3
      00000C                        571 _ow_write_bit_PARM_2:
      00000C                        572 	.ds 1
      00000D                        573 _ow_write_bit_dev_65536_183:
      00000D                        574 	.ds 3
      000010                        575 _ow_read_bit_dev_65536_187:
      000010                        576 	.ds 3
      000013                        577 _ow_write_byte_PARM_2:
      000013                        578 	.ds 1
      000014                        579 _ow_write_byte_dev_65536_189:
      000014                        580 	.ds 3
      000017                        581 _ow_read_byte_dev_65536_193:
      000017                        582 	.ds 3
      00001A                        583 _ow_read_byte_v_65536_194:
      00001A                        584 	.ds 1
      00001B                        585 _DS18B20_init_PARM_2:
      00001B                        586 	.ds 1
      00001C                        587 _DS18B20_init_dev_65536_198:
      00001C                        588 	.ds 3
      00001F                        589 _DS18B20_begin_dev_65536_200:
      00001F                        590 	.ds 3
      000022                        591 _DS18B20_readTemperatureFast_dev_65536_202:
      000022                        592 	.ds 3
                                    593 ;--------------------------------------------------------
                                    594 ; absolute external ram data
                                    595 ;--------------------------------------------------------
                                    596 	.area XABS    (ABS,XDATA)
                                    597 ;--------------------------------------------------------
                                    598 ; initialized external ram data
                                    599 ;--------------------------------------------------------
                                    600 	.area XISEG   (XDATA)
                                    601 	.area HOME    (CODE)
                                    602 	.area GSINIT0 (CODE)
                                    603 	.area GSINIT1 (CODE)
                                    604 	.area GSINIT2 (CODE)
                                    605 	.area GSINIT3 (CODE)
                                    606 	.area GSINIT4 (CODE)
                                    607 	.area GSINIT5 (CODE)
                                    608 	.area GSINIT  (CODE)
                                    609 	.area GSFINAL (CODE)
                                    610 	.area CSEG    (CODE)
                                    611 ;--------------------------------------------------------
                                    612 ; global & static initialisations
                                    613 ;--------------------------------------------------------
                                    614 	.area HOME    (CODE)
                                    615 	.area GSINIT  (CODE)
                                    616 	.area GSFINAL (CODE)
                                    617 	.area GSINIT  (CODE)
                                    618 ;--------------------------------------------------------
                                    619 ; Home
                                    620 ;--------------------------------------------------------
                                    621 	.area HOME    (CODE)
                                    622 	.area HOME    (CODE)
                                    623 ;--------------------------------------------------------
                                    624 ; code
                                    625 ;--------------------------------------------------------
                                    626 	.area CSEG    (CODE)
                                    627 ;------------------------------------------------------------
                                    628 ;Allocation info for local variables in function 'ow_drive_low'
                                    629 ;------------------------------------------------------------
                                    630 ;dev                       Allocated with name '_ow_drive_low_dev_65536_175'
                                    631 ;------------------------------------------------------------
                                    632 ;	C:\Users\tonyp\Downloads\ch552-turbo-fan-ctrl\src\ds18b20_port.c:7: static void ow_drive_low(DS18B20* dev) {
                                    633 ;	-----------------------------------------
                                    634 ;	 function ow_drive_low
                                    635 ;	-----------------------------------------
      000000                        636 _ow_drive_low:
                           000007   637 	ar7 = 0x07
                           000006   638 	ar6 = 0x06
                           000005   639 	ar5 = 0x05
                           000004   640 	ar4 = 0x04
                           000003   641 	ar3 = 0x03
                           000002   642 	ar2 = 0x02
                           000001   643 	ar1 = 0x01
                           000000   644 	ar0 = 0x00
      000000 AF F0            [24]  645 	mov	r7,b
      000002 AE 83            [24]  646 	mov	r6,dph
      000004 E5 82            [12]  647 	mov	a,dpl
      000006 90r00r00         [24]  648 	mov	dptr,#_ow_drive_low_dev_65536_175
      000009 F0               [24]  649 	movx	@dptr,a
      00000A EE               [12]  650 	mov	a,r6
      00000B A3               [24]  651 	inc	dptr
      00000C F0               [24]  652 	movx	@dptr,a
      00000D EF               [12]  653 	mov	a,r7
      00000E A3               [24]  654 	inc	dptr
      00000F F0               [24]  655 	movx	@dptr,a
                                    656 ;	C:\Users\tonyp\Downloads\ch552-turbo-fan-ctrl\src\ds18b20_port.c:8: digitalWrite(dev->pin, LOW);
      000010 90r00r00         [24]  657 	mov	dptr,#_ow_drive_low_dev_65536_175
      000013 E0               [24]  658 	movx	a,@dptr
      000014 FD               [12]  659 	mov	r5,a
      000015 A3               [24]  660 	inc	dptr
      000016 E0               [24]  661 	movx	a,@dptr
      000017 FE               [12]  662 	mov	r6,a
      000018 A3               [24]  663 	inc	dptr
      000019 E0               [24]  664 	movx	a,@dptr
      00001A FF               [12]  665 	mov	r7,a
      00001B 8D 82            [24]  666 	mov	dpl,r5
      00001D 8E 83            [24]  667 	mov	dph,r6
      00001F 8F F0            [24]  668 	mov	b,r7
      000021 12r00r00         [24]  669 	lcall	__gptrget
      000024 FD               [12]  670 	mov	r5,a
      000025 90r00r00         [24]  671 	mov	dptr,#_digitalWrite_PARM_2
      000028 E4               [12]  672 	clr	a
      000029 F0               [24]  673 	movx	@dptr,a
      00002A 8D 82            [24]  674 	mov	dpl,r5
                                    675 ;	C:\Users\tonyp\Downloads\ch552-turbo-fan-ctrl\src\ds18b20_port.c:9: }
      00002C 02r00r00         [24]  676 	ljmp	_digitalWrite
                                    677 ;------------------------------------------------------------
                                    678 ;Allocation info for local variables in function 'ow_release_bus'
                                    679 ;------------------------------------------------------------
                                    680 ;dev                       Allocated with name '_ow_release_bus_dev_65536_177'
                                    681 ;------------------------------------------------------------
                                    682 ;	C:\Users\tonyp\Downloads\ch552-turbo-fan-ctrl\src\ds18b20_port.c:11: static void ow_release_bus(DS18B20* dev) {
                                    683 ;	-----------------------------------------
                                    684 ;	 function ow_release_bus
                                    685 ;	-----------------------------------------
      00002F                        686 _ow_release_bus:
      00002F AF F0            [24]  687 	mov	r7,b
      000031 AE 83            [24]  688 	mov	r6,dph
      000033 E5 82            [12]  689 	mov	a,dpl
      000035 90r00r03         [24]  690 	mov	dptr,#_ow_release_bus_dev_65536_177
      000038 F0               [24]  691 	movx	@dptr,a
      000039 EE               [12]  692 	mov	a,r6
      00003A A3               [24]  693 	inc	dptr
      00003B F0               [24]  694 	movx	@dptr,a
      00003C EF               [12]  695 	mov	a,r7
      00003D A3               [24]  696 	inc	dptr
      00003E F0               [24]  697 	movx	@dptr,a
                                    698 ;	C:\Users\tonyp\Downloads\ch552-turbo-fan-ctrl\src\ds18b20_port.c:12: digitalWrite(dev->pin, HIGH);
      00003F 90r00r03         [24]  699 	mov	dptr,#_ow_release_bus_dev_65536_177
      000042 E0               [24]  700 	movx	a,@dptr
      000043 FD               [12]  701 	mov	r5,a
      000044 A3               [24]  702 	inc	dptr
      000045 E0               [24]  703 	movx	a,@dptr
      000046 FE               [12]  704 	mov	r6,a
      000047 A3               [24]  705 	inc	dptr
      000048 E0               [24]  706 	movx	a,@dptr
      000049 FF               [12]  707 	mov	r7,a
      00004A 8D 82            [24]  708 	mov	dpl,r5
      00004C 8E 83            [24]  709 	mov	dph,r6
      00004E 8F F0            [24]  710 	mov	b,r7
      000050 12r00r00         [24]  711 	lcall	__gptrget
      000053 FD               [12]  712 	mov	r5,a
      000054 90r00r00         [24]  713 	mov	dptr,#_digitalWrite_PARM_2
      000057 74 01            [12]  714 	mov	a,#0x01
      000059 F0               [24]  715 	movx	@dptr,a
      00005A 8D 82            [24]  716 	mov	dpl,r5
                                    717 ;	C:\Users\tonyp\Downloads\ch552-turbo-fan-ctrl\src\ds18b20_port.c:13: }
      00005C 02r00r00         [24]  718 	ljmp	_digitalWrite
                                    719 ;------------------------------------------------------------
                                    720 ;Allocation info for local variables in function 'ow_read_bus'
                                    721 ;------------------------------------------------------------
                                    722 ;dev                       Allocated with name '_ow_read_bus_dev_65536_179'
                                    723 ;------------------------------------------------------------
                                    724 ;	C:\Users\tonyp\Downloads\ch552-turbo-fan-ctrl\src\ds18b20_port.c:15: static uint8_t ow_read_bus(DS18B20* dev) {
                                    725 ;	-----------------------------------------
                                    726 ;	 function ow_read_bus
                                    727 ;	-----------------------------------------
      00005F                        728 _ow_read_bus:
      00005F AF F0            [24]  729 	mov	r7,b
      000061 AE 83            [24]  730 	mov	r6,dph
      000063 E5 82            [12]  731 	mov	a,dpl
      000065 90r00r06         [24]  732 	mov	dptr,#_ow_read_bus_dev_65536_179
      000068 F0               [24]  733 	movx	@dptr,a
      000069 EE               [12]  734 	mov	a,r6
      00006A A3               [24]  735 	inc	dptr
      00006B F0               [24]  736 	movx	@dptr,a
      00006C EF               [12]  737 	mov	a,r7
      00006D A3               [24]  738 	inc	dptr
      00006E F0               [24]  739 	movx	@dptr,a
                                    740 ;	C:\Users\tonyp\Downloads\ch552-turbo-fan-ctrl\src\ds18b20_port.c:16: return digitalRead(dev->pin);
      00006F 90r00r06         [24]  741 	mov	dptr,#_ow_read_bus_dev_65536_179
      000072 E0               [24]  742 	movx	a,@dptr
      000073 FD               [12]  743 	mov	r5,a
      000074 A3               [24]  744 	inc	dptr
      000075 E0               [24]  745 	movx	a,@dptr
      000076 FE               [12]  746 	mov	r6,a
      000077 A3               [24]  747 	inc	dptr
      000078 E0               [24]  748 	movx	a,@dptr
      000079 FF               [12]  749 	mov	r7,a
      00007A 8D 82            [24]  750 	mov	dpl,r5
      00007C 8E 83            [24]  751 	mov	dph,r6
      00007E 8F F0            [24]  752 	mov	b,r7
      000080 12r00r00         [24]  753 	lcall	__gptrget
      000083 F5 82            [12]  754 	mov	dpl,a
                                    755 ;	C:\Users\tonyp\Downloads\ch552-turbo-fan-ctrl\src\ds18b20_port.c:17: }
      000085 02r00r00         [24]  756 	ljmp	_digitalRead
                                    757 ;------------------------------------------------------------
                                    758 ;Allocation info for local variables in function 'ow_reset'
                                    759 ;------------------------------------------------------------
                                    760 ;dev                       Allocated with name '_ow_reset_dev_65536_181'
                                    761 ;present                   Allocated with name '_ow_reset_present_65536_182'
                                    762 ;------------------------------------------------------------
                                    763 ;	C:\Users\tonyp\Downloads\ch552-turbo-fan-ctrl\src\ds18b20_port.c:19: static uint8_t ow_reset(DS18B20* dev) {
                                    764 ;	-----------------------------------------
                                    765 ;	 function ow_reset
                                    766 ;	-----------------------------------------
      000088                        767 _ow_reset:
      000088 AF F0            [24]  768 	mov	r7,b
      00008A AE 83            [24]  769 	mov	r6,dph
      00008C E5 82            [12]  770 	mov	a,dpl
      00008E 90r00r09         [24]  771 	mov	dptr,#_ow_reset_dev_65536_181
      000091 F0               [24]  772 	movx	@dptr,a
      000092 EE               [12]  773 	mov	a,r6
      000093 A3               [24]  774 	inc	dptr
      000094 F0               [24]  775 	movx	@dptr,a
      000095 EF               [12]  776 	mov	a,r7
      000096 A3               [24]  777 	inc	dptr
      000097 F0               [24]  778 	movx	@dptr,a
                                    779 ;	C:\Users\tonyp\Downloads\ch552-turbo-fan-ctrl\src\ds18b20_port.c:23: EA = 0;
                                    780 ;	assignBit
      000098 C2 AF            [12]  781 	clr	_EA
                                    782 ;	C:\Users\tonyp\Downloads\ch552-turbo-fan-ctrl\src\ds18b20_port.c:25: ow_drive_low(dev);
      00009A 90r00r09         [24]  783 	mov	dptr,#_ow_reset_dev_65536_181
      00009D E0               [24]  784 	movx	a,@dptr
      00009E FD               [12]  785 	mov	r5,a
      00009F A3               [24]  786 	inc	dptr
      0000A0 E0               [24]  787 	movx	a,@dptr
      0000A1 FE               [12]  788 	mov	r6,a
      0000A2 A3               [24]  789 	inc	dptr
      0000A3 E0               [24]  790 	movx	a,@dptr
      0000A4 FF               [12]  791 	mov	r7,a
      0000A5 8D 82            [24]  792 	mov	dpl,r5
      0000A7 8E 83            [24]  793 	mov	dph,r6
      0000A9 8F F0            [24]  794 	mov	b,r7
      0000AB 12r00r00         [24]  795 	lcall	_ow_drive_low
                                    796 ;	C:\Users\tonyp\Downloads\ch552-turbo-fan-ctrl\src\ds18b20_port.c:26: delayMicroseconds(480);
      0000AE 90 01 E0         [24]  797 	mov	dptr,#0x01e0
      0000B1 12r00r00         [24]  798 	lcall	_delayMicroseconds
                                    799 ;	C:\Users\tonyp\Downloads\ch552-turbo-fan-ctrl\src\ds18b20_port.c:28: ow_release_bus(dev);
      0000B4 90r00r09         [24]  800 	mov	dptr,#_ow_reset_dev_65536_181
      0000B7 E0               [24]  801 	movx	a,@dptr
      0000B8 FD               [12]  802 	mov	r5,a
      0000B9 A3               [24]  803 	inc	dptr
      0000BA E0               [24]  804 	movx	a,@dptr
      0000BB FE               [12]  805 	mov	r6,a
      0000BC A3               [24]  806 	inc	dptr
      0000BD E0               [24]  807 	movx	a,@dptr
      0000BE FF               [12]  808 	mov	r7,a
      0000BF 8D 82            [24]  809 	mov	dpl,r5
      0000C1 8E 83            [24]  810 	mov	dph,r6
      0000C3 8F F0            [24]  811 	mov	b,r7
      0000C5 12r00r2F         [24]  812 	lcall	_ow_release_bus
                                    813 ;	C:\Users\tonyp\Downloads\ch552-turbo-fan-ctrl\src\ds18b20_port.c:29: delayMicroseconds(70);
      0000C8 90 00 46         [24]  814 	mov	dptr,#0x0046
      0000CB 12r00r00         [24]  815 	lcall	_delayMicroseconds
                                    816 ;	C:\Users\tonyp\Downloads\ch552-turbo-fan-ctrl\src\ds18b20_port.c:31: present = (ow_read_bus(dev) == 0) ? 1 : 0;
      0000CE 90r00r09         [24]  817 	mov	dptr,#_ow_reset_dev_65536_181
      0000D1 E0               [24]  818 	movx	a,@dptr
      0000D2 FD               [12]  819 	mov	r5,a
      0000D3 A3               [24]  820 	inc	dptr
      0000D4 E0               [24]  821 	movx	a,@dptr
      0000D5 FE               [12]  822 	mov	r6,a
      0000D6 A3               [24]  823 	inc	dptr
      0000D7 E0               [24]  824 	movx	a,@dptr
      0000D8 FF               [12]  825 	mov	r7,a
      0000D9 8D 82            [24]  826 	mov	dpl,r5
      0000DB 8E 83            [24]  827 	mov	dph,r6
      0000DD 8F F0            [24]  828 	mov	b,r7
      0000DF 12r00r5F         [24]  829 	lcall	_ow_read_bus
      0000E2 E5 82            [12]  830 	mov	a,dpl
      0000E4 70 05            [24]  831 	jnz	00103$
      0000E6 7E 01            [12]  832 	mov	r6,#0x01
      0000E8 FF               [12]  833 	mov	r7,a
      0000E9 80 04            [24]  834 	sjmp	00104$
      0000EB                        835 00103$:
      0000EB 7E 00            [12]  836 	mov	r6,#0x00
      0000ED 7F 00            [12]  837 	mov	r7,#0x00
      0000EF                        838 00104$:
                                    839 ;	C:\Users\tonyp\Downloads\ch552-turbo-fan-ctrl\src\ds18b20_port.c:33: EA = 1;
                                    840 ;	assignBit
      0000EF D2 AF            [12]  841 	setb	_EA
                                    842 ;	C:\Users\tonyp\Downloads\ch552-turbo-fan-ctrl\src\ds18b20_port.c:35: delayMicroseconds(410);
      0000F1 90 01 9A         [24]  843 	mov	dptr,#0x019a
      0000F4 C0 06            [24]  844 	push	ar6
      0000F6 12r00r00         [24]  845 	lcall	_delayMicroseconds
      0000F9 D0 06            [24]  846 	pop	ar6
                                    847 ;	C:\Users\tonyp\Downloads\ch552-turbo-fan-ctrl\src\ds18b20_port.c:37: return present;
      0000FB 8E 82            [24]  848 	mov	dpl,r6
                                    849 ;	C:\Users\tonyp\Downloads\ch552-turbo-fan-ctrl\src\ds18b20_port.c:38: }
      0000FD 22               [24]  850 	ret
                                    851 ;------------------------------------------------------------
                                    852 ;Allocation info for local variables in function 'ow_write_bit'
                                    853 ;------------------------------------------------------------
                                    854 ;bitv                      Allocated with name '_ow_write_bit_PARM_2'
                                    855 ;dev                       Allocated with name '_ow_write_bit_dev_65536_183'
                                    856 ;------------------------------------------------------------
                                    857 ;	C:\Users\tonyp\Downloads\ch552-turbo-fan-ctrl\src\ds18b20_port.c:40: static void ow_write_bit(DS18B20* dev, uint8_t bitv) {
                                    858 ;	-----------------------------------------
                                    859 ;	 function ow_write_bit
                                    860 ;	-----------------------------------------
      0000FE                        861 _ow_write_bit:
      0000FE AF F0            [24]  862 	mov	r7,b
      000100 AE 83            [24]  863 	mov	r6,dph
      000102 E5 82            [12]  864 	mov	a,dpl
      000104 90r00r0D         [24]  865 	mov	dptr,#_ow_write_bit_dev_65536_183
      000107 F0               [24]  866 	movx	@dptr,a
      000108 EE               [12]  867 	mov	a,r6
      000109 A3               [24]  868 	inc	dptr
      00010A F0               [24]  869 	movx	@dptr,a
      00010B EF               [12]  870 	mov	a,r7
      00010C A3               [24]  871 	inc	dptr
      00010D F0               [24]  872 	movx	@dptr,a
                                    873 ;	C:\Users\tonyp\Downloads\ch552-turbo-fan-ctrl\src\ds18b20_port.c:42: EA = 0;
                                    874 ;	assignBit
      00010E C2 AF            [12]  875 	clr	_EA
                                    876 ;	C:\Users\tonyp\Downloads\ch552-turbo-fan-ctrl\src\ds18b20_port.c:44: ow_drive_low(dev);
      000110 90r00r0D         [24]  877 	mov	dptr,#_ow_write_bit_dev_65536_183
      000113 E0               [24]  878 	movx	a,@dptr
      000114 FD               [12]  879 	mov	r5,a
      000115 A3               [24]  880 	inc	dptr
      000116 E0               [24]  881 	movx	a,@dptr
      000117 FE               [12]  882 	mov	r6,a
      000118 A3               [24]  883 	inc	dptr
      000119 E0               [24]  884 	movx	a,@dptr
      00011A FF               [12]  885 	mov	r7,a
      00011B 8D 82            [24]  886 	mov	dpl,r5
      00011D 8E 83            [24]  887 	mov	dph,r6
      00011F 8F F0            [24]  888 	mov	b,r7
      000121 12r00r00         [24]  889 	lcall	_ow_drive_low
                                    890 ;	C:\Users\tonyp\Downloads\ch552-turbo-fan-ctrl\src\ds18b20_port.c:45: delayMicroseconds(2);
      000124 90 00 02         [24]  891 	mov	dptr,#0x0002
      000127 12r00r00         [24]  892 	lcall	_delayMicroseconds
                                    893 ;	C:\Users\tonyp\Downloads\ch552-turbo-fan-ctrl\src\ds18b20_port.c:46: if (bitv) {
      00012A 90r00r0C         [24]  894 	mov	dptr,#_ow_write_bit_PARM_2
      00012D E0               [24]  895 	movx	a,@dptr
      00012E 60 16            [24]  896 	jz	00102$
                                    897 ;	C:\Users\tonyp\Downloads\ch552-turbo-fan-ctrl\src\ds18b20_port.c:47: ow_release_bus(dev);
      000130 90r00r0D         [24]  898 	mov	dptr,#_ow_write_bit_dev_65536_183
      000133 E0               [24]  899 	movx	a,@dptr
      000134 FD               [12]  900 	mov	r5,a
      000135 A3               [24]  901 	inc	dptr
      000136 E0               [24]  902 	movx	a,@dptr
      000137 FE               [12]  903 	mov	r6,a
      000138 A3               [24]  904 	inc	dptr
      000139 E0               [24]  905 	movx	a,@dptr
      00013A FF               [12]  906 	mov	r7,a
      00013B 8D 82            [24]  907 	mov	dpl,r5
      00013D 8E 83            [24]  908 	mov	dph,r6
      00013F 8F F0            [24]  909 	mov	b,r7
      000141 12r00r2F         [24]  910 	lcall	_ow_release_bus
      000144 80 14            [24]  911 	sjmp	00103$
      000146                        912 00102$:
                                    913 ;	C:\Users\tonyp\Downloads\ch552-turbo-fan-ctrl\src\ds18b20_port.c:49: ow_drive_low(dev);
      000146 90r00r0D         [24]  914 	mov	dptr,#_ow_write_bit_dev_65536_183
      000149 E0               [24]  915 	movx	a,@dptr
      00014A FD               [12]  916 	mov	r5,a
      00014B A3               [24]  917 	inc	dptr
      00014C E0               [24]  918 	movx	a,@dptr
      00014D FE               [12]  919 	mov	r6,a
      00014E A3               [24]  920 	inc	dptr
      00014F E0               [24]  921 	movx	a,@dptr
      000150 FF               [12]  922 	mov	r7,a
      000151 8D 82            [24]  923 	mov	dpl,r5
      000153 8E 83            [24]  924 	mov	dph,r6
      000155 8F F0            [24]  925 	mov	b,r7
      000157 12r00r00         [24]  926 	lcall	_ow_drive_low
      00015A                        927 00103$:
                                    928 ;	C:\Users\tonyp\Downloads\ch552-turbo-fan-ctrl\src\ds18b20_port.c:51: delayMicroseconds(60);
      00015A 90 00 3C         [24]  929 	mov	dptr,#0x003c
      00015D 12r00r00         [24]  930 	lcall	_delayMicroseconds
                                    931 ;	C:\Users\tonyp\Downloads\ch552-turbo-fan-ctrl\src\ds18b20_port.c:52: ow_release_bus(dev);
      000160 90r00r0D         [24]  932 	mov	dptr,#_ow_write_bit_dev_65536_183
      000163 E0               [24]  933 	movx	a,@dptr
      000164 FD               [12]  934 	mov	r5,a
      000165 A3               [24]  935 	inc	dptr
      000166 E0               [24]  936 	movx	a,@dptr
      000167 FE               [12]  937 	mov	r6,a
      000168 A3               [24]  938 	inc	dptr
      000169 E0               [24]  939 	movx	a,@dptr
      00016A FF               [12]  940 	mov	r7,a
      00016B 8D 82            [24]  941 	mov	dpl,r5
      00016D 8E 83            [24]  942 	mov	dph,r6
      00016F 8F F0            [24]  943 	mov	b,r7
      000171 12r00r2F         [24]  944 	lcall	_ow_release_bus
                                    945 ;	C:\Users\tonyp\Downloads\ch552-turbo-fan-ctrl\src\ds18b20_port.c:54: EA = 1;
                                    946 ;	assignBit
      000174 D2 AF            [12]  947 	setb	_EA
                                    948 ;	C:\Users\tonyp\Downloads\ch552-turbo-fan-ctrl\src\ds18b20_port.c:56: delayMicroseconds(2);
      000176 90 00 02         [24]  949 	mov	dptr,#0x0002
                                    950 ;	C:\Users\tonyp\Downloads\ch552-turbo-fan-ctrl\src\ds18b20_port.c:57: }
      000179 02r00r00         [24]  951 	ljmp	_delayMicroseconds
                                    952 ;------------------------------------------------------------
                                    953 ;Allocation info for local variables in function 'ow_read_bit'
                                    954 ;------------------------------------------------------------
                                    955 ;dev                       Allocated with name '_ow_read_bit_dev_65536_187'
                                    956 ;bitv                      Allocated with name '_ow_read_bit_bitv_65536_188'
                                    957 ;------------------------------------------------------------
                                    958 ;	C:\Users\tonyp\Downloads\ch552-turbo-fan-ctrl\src\ds18b20_port.c:59: static uint8_t ow_read_bit(DS18B20* dev) {
                                    959 ;	-----------------------------------------
                                    960 ;	 function ow_read_bit
                                    961 ;	-----------------------------------------
      00017C                        962 _ow_read_bit:
      00017C AF F0            [24]  963 	mov	r7,b
      00017E AE 83            [24]  964 	mov	r6,dph
      000180 E5 82            [12]  965 	mov	a,dpl
      000182 90r00r10         [24]  966 	mov	dptr,#_ow_read_bit_dev_65536_187
      000185 F0               [24]  967 	movx	@dptr,a
      000186 EE               [12]  968 	mov	a,r6
      000187 A3               [24]  969 	inc	dptr
      000188 F0               [24]  970 	movx	@dptr,a
      000189 EF               [12]  971 	mov	a,r7
      00018A A3               [24]  972 	inc	dptr
      00018B F0               [24]  973 	movx	@dptr,a
                                    974 ;	C:\Users\tonyp\Downloads\ch552-turbo-fan-ctrl\src\ds18b20_port.c:63: EA = 0;
                                    975 ;	assignBit
      00018C C2 AF            [12]  976 	clr	_EA
                                    977 ;	C:\Users\tonyp\Downloads\ch552-turbo-fan-ctrl\src\ds18b20_port.c:65: ow_drive_low(dev);
      00018E 90r00r10         [24]  978 	mov	dptr,#_ow_read_bit_dev_65536_187
      000191 E0               [24]  979 	movx	a,@dptr
      000192 FD               [12]  980 	mov	r5,a
      000193 A3               [24]  981 	inc	dptr
      000194 E0               [24]  982 	movx	a,@dptr
      000195 FE               [12]  983 	mov	r6,a
      000196 A3               [24]  984 	inc	dptr
      000197 E0               [24]  985 	movx	a,@dptr
      000198 FF               [12]  986 	mov	r7,a
      000199 8D 82            [24]  987 	mov	dpl,r5
      00019B 8E 83            [24]  988 	mov	dph,r6
      00019D 8F F0            [24]  989 	mov	b,r7
      00019F 12r00r00         [24]  990 	lcall	_ow_drive_low
                                    991 ;	C:\Users\tonyp\Downloads\ch552-turbo-fan-ctrl\src\ds18b20_port.c:66: delayMicroseconds(2);
      0001A2 90 00 02         [24]  992 	mov	dptr,#0x0002
      0001A5 12r00r00         [24]  993 	lcall	_delayMicroseconds
                                    994 ;	C:\Users\tonyp\Downloads\ch552-turbo-fan-ctrl\src\ds18b20_port.c:67: ow_release_bus(dev);
      0001A8 90r00r10         [24]  995 	mov	dptr,#_ow_read_bit_dev_65536_187
      0001AB E0               [24]  996 	movx	a,@dptr
      0001AC FD               [12]  997 	mov	r5,a
      0001AD A3               [24]  998 	inc	dptr
      0001AE E0               [24]  999 	movx	a,@dptr
      0001AF FE               [12] 1000 	mov	r6,a
      0001B0 A3               [24] 1001 	inc	dptr
      0001B1 E0               [24] 1002 	movx	a,@dptr
      0001B2 FF               [12] 1003 	mov	r7,a
      0001B3 8D 82            [24] 1004 	mov	dpl,r5
      0001B5 8E 83            [24] 1005 	mov	dph,r6
      0001B7 8F F0            [24] 1006 	mov	b,r7
      0001B9 12r00r2F         [24] 1007 	lcall	_ow_release_bus
                                   1008 ;	C:\Users\tonyp\Downloads\ch552-turbo-fan-ctrl\src\ds18b20_port.c:68: delayMicroseconds(12);
      0001BC 90 00 0C         [24] 1009 	mov	dptr,#0x000c
      0001BF 12r00r00         [24] 1010 	lcall	_delayMicroseconds
                                   1011 ;	C:\Users\tonyp\Downloads\ch552-turbo-fan-ctrl\src\ds18b20_port.c:70: bitv = ow_read_bus(dev) ? 1 : 0;
      0001C2 90r00r10         [24] 1012 	mov	dptr,#_ow_read_bit_dev_65536_187
      0001C5 E0               [24] 1013 	movx	a,@dptr
      0001C6 FD               [12] 1014 	mov	r5,a
      0001C7 A3               [24] 1015 	inc	dptr
      0001C8 E0               [24] 1016 	movx	a,@dptr
      0001C9 FE               [12] 1017 	mov	r6,a
      0001CA A3               [24] 1018 	inc	dptr
      0001CB E0               [24] 1019 	movx	a,@dptr
      0001CC FF               [12] 1020 	mov	r7,a
      0001CD 8D 82            [24] 1021 	mov	dpl,r5
      0001CF 8E 83            [24] 1022 	mov	dph,r6
      0001D1 8F F0            [24] 1023 	mov	b,r7
      0001D3 12r00r5F         [24] 1024 	lcall	_ow_read_bus
      0001D6 E5 82            [12] 1025 	mov	a,dpl
      0001D8 60 06            [24] 1026 	jz	00103$
      0001DA 7E 01            [12] 1027 	mov	r6,#0x01
      0001DC 7F 00            [12] 1028 	mov	r7,#0x00
      0001DE 80 04            [24] 1029 	sjmp	00104$
      0001E0                       1030 00103$:
      0001E0 7E 00            [12] 1031 	mov	r6,#0x00
      0001E2 7F 00            [12] 1032 	mov	r7,#0x00
      0001E4                       1033 00104$:
                                   1034 ;	C:\Users\tonyp\Downloads\ch552-turbo-fan-ctrl\src\ds18b20_port.c:72: EA = 1;
                                   1035 ;	assignBit
      0001E4 D2 AF            [12] 1036 	setb	_EA
                                   1037 ;	C:\Users\tonyp\Downloads\ch552-turbo-fan-ctrl\src\ds18b20_port.c:74: delayMicroseconds(50);
      0001E6 90 00 32         [24] 1038 	mov	dptr,#0x0032
      0001E9 C0 06            [24] 1039 	push	ar6
      0001EB 12r00r00         [24] 1040 	lcall	_delayMicroseconds
      0001EE D0 06            [24] 1041 	pop	ar6
                                   1042 ;	C:\Users\tonyp\Downloads\ch552-turbo-fan-ctrl\src\ds18b20_port.c:75: return bitv;
      0001F0 8E 82            [24] 1043 	mov	dpl,r6
                                   1044 ;	C:\Users\tonyp\Downloads\ch552-turbo-fan-ctrl\src\ds18b20_port.c:76: }
      0001F2 22               [24] 1045 	ret
                                   1046 ;------------------------------------------------------------
                                   1047 ;Allocation info for local variables in function 'ow_write_byte'
                                   1048 ;------------------------------------------------------------
                                   1049 ;v                         Allocated with name '_ow_write_byte_PARM_2'
                                   1050 ;dev                       Allocated with name '_ow_write_byte_dev_65536_189'
                                   1051 ;i                         Allocated with name '_ow_write_byte_i_65536_190'
                                   1052 ;------------------------------------------------------------
                                   1053 ;	C:\Users\tonyp\Downloads\ch552-turbo-fan-ctrl\src\ds18b20_port.c:78: static void ow_write_byte(DS18B20* dev, uint8_t v) {
                                   1054 ;	-----------------------------------------
                                   1055 ;	 function ow_write_byte
                                   1056 ;	-----------------------------------------
      0001F3                       1057 _ow_write_byte:
      0001F3 AF F0            [24] 1058 	mov	r7,b
      0001F5 AE 83            [24] 1059 	mov	r6,dph
      0001F7 E5 82            [12] 1060 	mov	a,dpl
      0001F9 90r00r14         [24] 1061 	mov	dptr,#_ow_write_byte_dev_65536_189
      0001FC F0               [24] 1062 	movx	@dptr,a
      0001FD EE               [12] 1063 	mov	a,r6
      0001FE A3               [24] 1064 	inc	dptr
      0001FF F0               [24] 1065 	movx	@dptr,a
      000200 EF               [12] 1066 	mov	a,r7
      000201 A3               [24] 1067 	inc	dptr
      000202 F0               [24] 1068 	movx	@dptr,a
                                   1069 ;	C:\Users\tonyp\Downloads\ch552-turbo-fan-ctrl\src\ds18b20_port.c:80: for (i = 0; i < 8; i++) {
      000203 7F 00            [12] 1070 	mov	r7,#0x00
      000205                       1071 00102$:
                                   1072 ;	C:\Users\tonyp\Downloads\ch552-turbo-fan-ctrl\src\ds18b20_port.c:81: ow_write_bit(dev, v & 0x01);
      000205 90r00r14         [24] 1073 	mov	dptr,#_ow_write_byte_dev_65536_189
      000208 E0               [24] 1074 	movx	a,@dptr
      000209 FC               [12] 1075 	mov	r4,a
      00020A A3               [24] 1076 	inc	dptr
      00020B E0               [24] 1077 	movx	a,@dptr
      00020C FD               [12] 1078 	mov	r5,a
      00020D A3               [24] 1079 	inc	dptr
      00020E E0               [24] 1080 	movx	a,@dptr
      00020F FE               [12] 1081 	mov	r6,a
      000210 90r00r13         [24] 1082 	mov	dptr,#_ow_write_byte_PARM_2
      000213 E0               [24] 1083 	movx	a,@dptr
      000214 FB               [12] 1084 	mov	r3,a
      000215 90r00r0C         [24] 1085 	mov	dptr,#_ow_write_bit_PARM_2
      000218 74 01            [12] 1086 	mov	a,#0x01
      00021A 5B               [12] 1087 	anl	a,r3
      00021B F0               [24] 1088 	movx	@dptr,a
      00021C 8C 82            [24] 1089 	mov	dpl,r4
      00021E 8D 83            [24] 1090 	mov	dph,r5
      000220 8E F0            [24] 1091 	mov	b,r6
      000222 C0 07            [24] 1092 	push	ar7
      000224 C0 03            [24] 1093 	push	ar3
      000226 12r00rFE         [24] 1094 	lcall	_ow_write_bit
      000229 D0 03            [24] 1095 	pop	ar3
      00022B D0 07            [24] 1096 	pop	ar7
                                   1097 ;	C:\Users\tonyp\Downloads\ch552-turbo-fan-ctrl\src\ds18b20_port.c:82: v >>= 1;
      00022D EB               [12] 1098 	mov	a,r3
      00022E C3               [12] 1099 	clr	c
      00022F 13               [12] 1100 	rrc	a
      000230 90r00r13         [24] 1101 	mov	dptr,#_ow_write_byte_PARM_2
      000233 F0               [24] 1102 	movx	@dptr,a
                                   1103 ;	C:\Users\tonyp\Downloads\ch552-turbo-fan-ctrl\src\ds18b20_port.c:80: for (i = 0; i < 8; i++) {
      000234 0F               [12] 1104 	inc	r7
      000235 BF 08 00         [24] 1105 	cjne	r7,#0x08,00111$
      000238                       1106 00111$:
      000238 40 CB            [24] 1107 	jc	00102$
                                   1108 ;	C:\Users\tonyp\Downloads\ch552-turbo-fan-ctrl\src\ds18b20_port.c:84: }
      00023A 22               [24] 1109 	ret
                                   1110 ;------------------------------------------------------------
                                   1111 ;Allocation info for local variables in function 'ow_read_byte'
                                   1112 ;------------------------------------------------------------
                                   1113 ;dev                       Allocated with name '_ow_read_byte_dev_65536_193'
                                   1114 ;i                         Allocated with name '_ow_read_byte_i_65536_194'
                                   1115 ;v                         Allocated with name '_ow_read_byte_v_65536_194'
                                   1116 ;------------------------------------------------------------
                                   1117 ;	C:\Users\tonyp\Downloads\ch552-turbo-fan-ctrl\src\ds18b20_port.c:86: static uint8_t ow_read_byte(DS18B20* dev) {
                                   1118 ;	-----------------------------------------
                                   1119 ;	 function ow_read_byte
                                   1120 ;	-----------------------------------------
      00023B                       1121 _ow_read_byte:
      00023B AF F0            [24] 1122 	mov	r7,b
      00023D AE 83            [24] 1123 	mov	r6,dph
      00023F E5 82            [12] 1124 	mov	a,dpl
      000241 90r00r17         [24] 1125 	mov	dptr,#_ow_read_byte_dev_65536_193
      000244 F0               [24] 1126 	movx	@dptr,a
      000245 EE               [12] 1127 	mov	a,r6
      000246 A3               [24] 1128 	inc	dptr
      000247 F0               [24] 1129 	movx	@dptr,a
      000248 EF               [12] 1130 	mov	a,r7
      000249 A3               [24] 1131 	inc	dptr
      00024A F0               [24] 1132 	movx	@dptr,a
                                   1133 ;	C:\Users\tonyp\Downloads\ch552-turbo-fan-ctrl\src\ds18b20_port.c:88: uint8_t v = 0;
      00024B 90r00r1A         [24] 1134 	mov	dptr,#_ow_read_byte_v_65536_194
      00024E E4               [12] 1135 	clr	a
      00024F F0               [24] 1136 	movx	@dptr,a
                                   1137 ;	C:\Users\tonyp\Downloads\ch552-turbo-fan-ctrl\src\ds18b20_port.c:89: for (i = 0; i < 8; i++) {
      000250 7F 00            [12] 1138 	mov	r7,#0x00
      000252                       1139 00104$:
                                   1140 ;	C:\Users\tonyp\Downloads\ch552-turbo-fan-ctrl\src\ds18b20_port.c:90: if (ow_read_bit(dev)) {
      000252 90r00r17         [24] 1141 	mov	dptr,#_ow_read_byte_dev_65536_193
      000255 E0               [24] 1142 	movx	a,@dptr
      000256 FC               [12] 1143 	mov	r4,a
      000257 A3               [24] 1144 	inc	dptr
      000258 E0               [24] 1145 	movx	a,@dptr
      000259 FD               [12] 1146 	mov	r5,a
      00025A A3               [24] 1147 	inc	dptr
      00025B E0               [24] 1148 	movx	a,@dptr
      00025C FE               [12] 1149 	mov	r6,a
      00025D 8C 82            [24] 1150 	mov	dpl,r4
      00025F 8D 83            [24] 1151 	mov	dph,r5
      000261 8E F0            [24] 1152 	mov	b,r6
      000263 C0 07            [24] 1153 	push	ar7
      000265 12r01r7C         [24] 1154 	lcall	_ow_read_bit
      000268 E5 82            [12] 1155 	mov	a,dpl
      00026A D0 07            [24] 1156 	pop	ar7
      00026C 60 14            [24] 1157 	jz	00105$
                                   1158 ;	C:\Users\tonyp\Downloads\ch552-turbo-fan-ctrl\src\ds18b20_port.c:91: v |= (uint8_t)(1u << i);
      00026E 8F F0            [24] 1159 	mov	b,r7
      000270 05 F0            [12] 1160 	inc	b
      000272 74 01            [12] 1161 	mov	a,#0x01
      000274 80 02            [24] 1162 	sjmp	00124$
      000276                       1163 00122$:
      000276 25 E0            [12] 1164 	add	a,acc
      000278                       1165 00124$:
      000278 D5 F0 FB         [24] 1166 	djnz	b,00122$
      00027B FE               [12] 1167 	mov	r6,a
      00027C 90r00r1A         [24] 1168 	mov	dptr,#_ow_read_byte_v_65536_194
      00027F E0               [24] 1169 	movx	a,@dptr
      000280 4E               [12] 1170 	orl	a,r6
      000281 F0               [24] 1171 	movx	@dptr,a
      000282                       1172 00105$:
                                   1173 ;	C:\Users\tonyp\Downloads\ch552-turbo-fan-ctrl\src\ds18b20_port.c:89: for (i = 0; i < 8; i++) {
      000282 0F               [12] 1174 	inc	r7
      000283 BF 08 00         [24] 1175 	cjne	r7,#0x08,00125$
      000286                       1176 00125$:
      000286 40 CA            [24] 1177 	jc	00104$
                                   1178 ;	C:\Users\tonyp\Downloads\ch552-turbo-fan-ctrl\src\ds18b20_port.c:94: return v;
      000288 90r00r1A         [24] 1179 	mov	dptr,#_ow_read_byte_v_65536_194
      00028B E0               [24] 1180 	movx	a,@dptr
                                   1181 ;	C:\Users\tonyp\Downloads\ch552-turbo-fan-ctrl\src\ds18b20_port.c:95: }
      00028C F5 82            [12] 1182 	mov	dpl,a
      00028E 22               [24] 1183 	ret
                                   1184 ;------------------------------------------------------------
                                   1185 ;Allocation info for local variables in function 'DS18B20_init'
                                   1186 ;------------------------------------------------------------
                                   1187 ;data_pin                  Allocated with name '_DS18B20_init_PARM_2'
                                   1188 ;dev                       Allocated with name '_DS18B20_init_dev_65536_198'
                                   1189 ;------------------------------------------------------------
                                   1190 ;	C:\Users\tonyp\Downloads\ch552-turbo-fan-ctrl\src\ds18b20_port.c:97: void DS18B20_init(DS18B20* dev, uint8_t data_pin) {
                                   1191 ;	-----------------------------------------
                                   1192 ;	 function DS18B20_init
                                   1193 ;	-----------------------------------------
      00028F                       1194 _DS18B20_init:
      00028F AF F0            [24] 1195 	mov	r7,b
      000291 AE 83            [24] 1196 	mov	r6,dph
      000293 E5 82            [12] 1197 	mov	a,dpl
      000295 90r00r1C         [24] 1198 	mov	dptr,#_DS18B20_init_dev_65536_198
      000298 F0               [24] 1199 	movx	@dptr,a
      000299 EE               [12] 1200 	mov	a,r6
      00029A A3               [24] 1201 	inc	dptr
      00029B F0               [24] 1202 	movx	@dptr,a
      00029C EF               [12] 1203 	mov	a,r7
      00029D A3               [24] 1204 	inc	dptr
      00029E F0               [24] 1205 	movx	@dptr,a
                                   1206 ;	C:\Users\tonyp\Downloads\ch552-turbo-fan-ctrl\src\ds18b20_port.c:98: dev->pin = data_pin;
      00029F 90r00r1C         [24] 1207 	mov	dptr,#_DS18B20_init_dev_65536_198
      0002A2 E0               [24] 1208 	movx	a,@dptr
      0002A3 FD               [12] 1209 	mov	r5,a
      0002A4 A3               [24] 1210 	inc	dptr
      0002A5 E0               [24] 1211 	movx	a,@dptr
      0002A6 FE               [12] 1212 	mov	r6,a
      0002A7 A3               [24] 1213 	inc	dptr
      0002A8 E0               [24] 1214 	movx	a,@dptr
      0002A9 FF               [12] 1215 	mov	r7,a
      0002AA 90r00r1B         [24] 1216 	mov	dptr,#_DS18B20_init_PARM_2
      0002AD E0               [24] 1217 	movx	a,@dptr
      0002AE 8D 82            [24] 1218 	mov	dpl,r5
      0002B0 8E 83            [24] 1219 	mov	dph,r6
      0002B2 8F F0            [24] 1220 	mov	b,r7
                                   1221 ;	C:\Users\tonyp\Downloads\ch552-turbo-fan-ctrl\src\ds18b20_port.c:99: }
      0002B4 02r00r00         [24] 1222 	ljmp	__gptrput
                                   1223 ;------------------------------------------------------------
                                   1224 ;Allocation info for local variables in function 'DS18B20_begin'
                                   1225 ;------------------------------------------------------------
                                   1226 ;dev                       Allocated with name '_DS18B20_begin_dev_65536_200'
                                   1227 ;------------------------------------------------------------
                                   1228 ;	C:\Users\tonyp\Downloads\ch552-turbo-fan-ctrl\src\ds18b20_port.c:101: void DS18B20_begin(DS18B20* dev) {
                                   1229 ;	-----------------------------------------
                                   1230 ;	 function DS18B20_begin
                                   1231 ;	-----------------------------------------
      0002B7                       1232 _DS18B20_begin:
      0002B7 AF F0            [24] 1233 	mov	r7,b
      0002B9 AE 83            [24] 1234 	mov	r6,dph
      0002BB E5 82            [12] 1235 	mov	a,dpl
      0002BD 90r00r1F         [24] 1236 	mov	dptr,#_DS18B20_begin_dev_65536_200
      0002C0 F0               [24] 1237 	movx	@dptr,a
      0002C1 EE               [12] 1238 	mov	a,r6
      0002C2 A3               [24] 1239 	inc	dptr
      0002C3 F0               [24] 1240 	movx	@dptr,a
      0002C4 EF               [12] 1241 	mov	a,r7
      0002C5 A3               [24] 1242 	inc	dptr
      0002C6 F0               [24] 1243 	movx	@dptr,a
                                   1244 ;	C:\Users\tonyp\Downloads\ch552-turbo-fan-ctrl\src\ds18b20_port.c:102: pinMode(dev->pin, OUTPUT_OD);
      0002C7 90r00r1F         [24] 1245 	mov	dptr,#_DS18B20_begin_dev_65536_200
      0002CA E0               [24] 1246 	movx	a,@dptr
      0002CB FD               [12] 1247 	mov	r5,a
      0002CC A3               [24] 1248 	inc	dptr
      0002CD E0               [24] 1249 	movx	a,@dptr
      0002CE FE               [12] 1250 	mov	r6,a
      0002CF A3               [24] 1251 	inc	dptr
      0002D0 E0               [24] 1252 	movx	a,@dptr
      0002D1 FF               [12] 1253 	mov	r7,a
      0002D2 8D 82            [24] 1254 	mov	dpl,r5
      0002D4 8E 83            [24] 1255 	mov	dph,r6
      0002D6 8F F0            [24] 1256 	mov	b,r7
      0002D8 12r00r00         [24] 1257 	lcall	__gptrget
      0002DB FC               [12] 1258 	mov	r4,a
      0002DC 90r00r00         [24] 1259 	mov	dptr,#_pinMode_PARM_2
      0002DF 74 03            [12] 1260 	mov	a,#0x03
      0002E1 F0               [24] 1261 	movx	@dptr,a
      0002E2 8C 82            [24] 1262 	mov	dpl,r4
      0002E4 C0 07            [24] 1263 	push	ar7
      0002E6 C0 06            [24] 1264 	push	ar6
      0002E8 C0 05            [24] 1265 	push	ar5
      0002EA 12r00r00         [24] 1266 	lcall	_pinMode
      0002ED D0 05            [24] 1267 	pop	ar5
      0002EF D0 06            [24] 1268 	pop	ar6
      0002F1 D0 07            [24] 1269 	pop	ar7
                                   1270 ;	C:\Users\tonyp\Downloads\ch552-turbo-fan-ctrl\src\ds18b20_port.c:103: ow_release_bus(dev);
      0002F3 8D 82            [24] 1271 	mov	dpl,r5
      0002F5 8E 83            [24] 1272 	mov	dph,r6
      0002F7 8F F0            [24] 1273 	mov	b,r7
                                   1274 ;	C:\Users\tonyp\Downloads\ch552-turbo-fan-ctrl\src\ds18b20_port.c:104: }
      0002F9 02r00r2F         [24] 1275 	ljmp	_ow_release_bus
                                   1276 ;------------------------------------------------------------
                                   1277 ;Allocation info for local variables in function 'DS18B20_readTemperatureFast'
                                   1278 ;------------------------------------------------------------
                                   1279 ;dev                       Allocated with name '_DS18B20_readTemperatureFast_dev_65536_202'
                                   1280 ;raw                       Allocated with name '_DS18B20_readTemperatureFast_raw_65536_203'
                                   1281 ;temp_low                  Allocated with name '_DS18B20_readTemperatureFast_temp_low_65536_203'
                                   1282 ;temp_high                 Allocated with name '_DS18B20_readTemperatureFast_temp_high_65536_203'
                                   1283 ;------------------------------------------------------------
                                   1284 ;	C:\Users\tonyp\Downloads\ch552-turbo-fan-ctrl\src\ds18b20_port.c:106: float DS18B20_readTemperatureFast(DS18B20* dev) {
                                   1285 ;	-----------------------------------------
                                   1286 ;	 function DS18B20_readTemperatureFast
                                   1287 ;	-----------------------------------------
      0002FC                       1288 _DS18B20_readTemperatureFast:
      0002FC AF F0            [24] 1289 	mov	r7,b
      0002FE AE 83            [24] 1290 	mov	r6,dph
      000300 E5 82            [12] 1291 	mov	a,dpl
      000302 90r00r22         [24] 1292 	mov	dptr,#_DS18B20_readTemperatureFast_dev_65536_202
      000305 F0               [24] 1293 	movx	@dptr,a
      000306 EE               [12] 1294 	mov	a,r6
      000307 A3               [24] 1295 	inc	dptr
      000308 F0               [24] 1296 	movx	@dptr,a
      000309 EF               [12] 1297 	mov	a,r7
      00030A A3               [24] 1298 	inc	dptr
      00030B F0               [24] 1299 	movx	@dptr,a
                                   1300 ;	C:\Users\tonyp\Downloads\ch552-turbo-fan-ctrl\src\ds18b20_port.c:111: if (!ow_reset(dev)) {
      00030C 90r00r22         [24] 1301 	mov	dptr,#_DS18B20_readTemperatureFast_dev_65536_202
      00030F E0               [24] 1302 	movx	a,@dptr
      000310 FD               [12] 1303 	mov	r5,a
      000311 A3               [24] 1304 	inc	dptr
      000312 E0               [24] 1305 	movx	a,@dptr
      000313 FE               [12] 1306 	mov	r6,a
      000314 A3               [24] 1307 	inc	dptr
      000315 E0               [24] 1308 	movx	a,@dptr
      000316 FF               [12] 1309 	mov	r7,a
      000317 8D 82            [24] 1310 	mov	dpl,r5
      000319 8E 83            [24] 1311 	mov	dph,r6
      00031B 8F F0            [24] 1312 	mov	b,r7
      00031D 12r00r88         [24] 1313 	lcall	_ow_reset
      000320 E5 82            [12] 1314 	mov	a,dpl
      000322 70 09            [24] 1315 	jnz	00102$
                                   1316 ;	C:\Users\tonyp\Downloads\ch552-turbo-fan-ctrl\src\ds18b20_port.c:112: return -999.0f;
      000324 90 C0 00         [24] 1317 	mov	dptr,#0xc000
      000327 75 F0 79         [24] 1318 	mov	b,#0x79
      00032A 74 C4            [12] 1319 	mov	a,#0xc4
      00032C 22               [24] 1320 	ret
      00032D                       1321 00102$:
                                   1322 ;	C:\Users\tonyp\Downloads\ch552-turbo-fan-ctrl\src\ds18b20_port.c:115: ow_write_byte(dev, DS18B20_CMD_SKIP_ROM);
      00032D 90r00r22         [24] 1323 	mov	dptr,#_DS18B20_readTemperatureFast_dev_65536_202
      000330 E0               [24] 1324 	movx	a,@dptr
      000331 FD               [12] 1325 	mov	r5,a
      000332 A3               [24] 1326 	inc	dptr
      000333 E0               [24] 1327 	movx	a,@dptr
      000334 FE               [12] 1328 	mov	r6,a
      000335 A3               [24] 1329 	inc	dptr
      000336 E0               [24] 1330 	movx	a,@dptr
      000337 FF               [12] 1331 	mov	r7,a
      000338 90r00r13         [24] 1332 	mov	dptr,#_ow_write_byte_PARM_2
      00033B 74 CC            [12] 1333 	mov	a,#0xcc
      00033D F0               [24] 1334 	movx	@dptr,a
      00033E 8D 82            [24] 1335 	mov	dpl,r5
      000340 8E 83            [24] 1336 	mov	dph,r6
      000342 8F F0            [24] 1337 	mov	b,r7
      000344 12r01rF3         [24] 1338 	lcall	_ow_write_byte
                                   1339 ;	C:\Users\tonyp\Downloads\ch552-turbo-fan-ctrl\src\ds18b20_port.c:116: ow_write_byte(dev, DS18B20_CMD_CONVERT);
      000347 90r00r22         [24] 1340 	mov	dptr,#_DS18B20_readTemperatureFast_dev_65536_202
      00034A E0               [24] 1341 	movx	a,@dptr
      00034B FD               [12] 1342 	mov	r5,a
      00034C A3               [24] 1343 	inc	dptr
      00034D E0               [24] 1344 	movx	a,@dptr
      00034E FE               [12] 1345 	mov	r6,a
      00034F A3               [24] 1346 	inc	dptr
      000350 E0               [24] 1347 	movx	a,@dptr
      000351 FF               [12] 1348 	mov	r7,a
      000352 90r00r13         [24] 1349 	mov	dptr,#_ow_write_byte_PARM_2
      000355 74 44            [12] 1350 	mov	a,#0x44
      000357 F0               [24] 1351 	movx	@dptr,a
      000358 8D 82            [24] 1352 	mov	dpl,r5
      00035A 8E 83            [24] 1353 	mov	dph,r6
      00035C 8F F0            [24] 1354 	mov	b,r7
      00035E 12r01rF3         [24] 1355 	lcall	_ow_write_byte
                                   1356 ;	C:\Users\tonyp\Downloads\ch552-turbo-fan-ctrl\src\ds18b20_port.c:117: delay(750);
      000361 90 02 EE         [24] 1357 	mov	dptr,#0x02ee
      000364 E4               [12] 1358 	clr	a
      000365 F5 F0            [12] 1359 	mov	b,a
      000367 12r00r00         [24] 1360 	lcall	_delay
                                   1361 ;	C:\Users\tonyp\Downloads\ch552-turbo-fan-ctrl\src\ds18b20_port.c:119: if (!ow_reset(dev)) {
      00036A 90r00r22         [24] 1362 	mov	dptr,#_DS18B20_readTemperatureFast_dev_65536_202
      00036D E0               [24] 1363 	movx	a,@dptr
      00036E FD               [12] 1364 	mov	r5,a
      00036F A3               [24] 1365 	inc	dptr
      000370 E0               [24] 1366 	movx	a,@dptr
      000371 FE               [12] 1367 	mov	r6,a
      000372 A3               [24] 1368 	inc	dptr
      000373 E0               [24] 1369 	movx	a,@dptr
      000374 FF               [12] 1370 	mov	r7,a
      000375 8D 82            [24] 1371 	mov	dpl,r5
      000377 8E 83            [24] 1372 	mov	dph,r6
      000379 8F F0            [24] 1373 	mov	b,r7
      00037B 12r00r88         [24] 1374 	lcall	_ow_reset
      00037E E5 82            [12] 1375 	mov	a,dpl
      000380 70 09            [24] 1376 	jnz	00104$
                                   1377 ;	C:\Users\tonyp\Downloads\ch552-turbo-fan-ctrl\src\ds18b20_port.c:120: return -999.0f;
      000382 90 C0 00         [24] 1378 	mov	dptr,#0xc000
      000385 75 F0 79         [24] 1379 	mov	b,#0x79
      000388 74 C4            [12] 1380 	mov	a,#0xc4
      00038A 22               [24] 1381 	ret
      00038B                       1382 00104$:
                                   1383 ;	C:\Users\tonyp\Downloads\ch552-turbo-fan-ctrl\src\ds18b20_port.c:123: ow_write_byte(dev, DS18B20_CMD_SKIP_ROM);
      00038B 90r00r22         [24] 1384 	mov	dptr,#_DS18B20_readTemperatureFast_dev_65536_202
      00038E E0               [24] 1385 	movx	a,@dptr
      00038F FD               [12] 1386 	mov	r5,a
      000390 A3               [24] 1387 	inc	dptr
      000391 E0               [24] 1388 	movx	a,@dptr
      000392 FE               [12] 1389 	mov	r6,a
      000393 A3               [24] 1390 	inc	dptr
      000394 E0               [24] 1391 	movx	a,@dptr
      000395 FF               [12] 1392 	mov	r7,a
      000396 90r00r13         [24] 1393 	mov	dptr,#_ow_write_byte_PARM_2
      000399 74 CC            [12] 1394 	mov	a,#0xcc
      00039B F0               [24] 1395 	movx	@dptr,a
      00039C 8D 82            [24] 1396 	mov	dpl,r5
      00039E 8E 83            [24] 1397 	mov	dph,r6
      0003A0 8F F0            [24] 1398 	mov	b,r7
      0003A2 12r01rF3         [24] 1399 	lcall	_ow_write_byte
                                   1400 ;	C:\Users\tonyp\Downloads\ch552-turbo-fan-ctrl\src\ds18b20_port.c:124: ow_write_byte(dev, DS18B20_CMD_READ_SCRATCHPAD);
      0003A5 90r00r22         [24] 1401 	mov	dptr,#_DS18B20_readTemperatureFast_dev_65536_202
      0003A8 E0               [24] 1402 	movx	a,@dptr
      0003A9 FD               [12] 1403 	mov	r5,a
      0003AA A3               [24] 1404 	inc	dptr
      0003AB E0               [24] 1405 	movx	a,@dptr
      0003AC FE               [12] 1406 	mov	r6,a
      0003AD A3               [24] 1407 	inc	dptr
      0003AE E0               [24] 1408 	movx	a,@dptr
      0003AF FF               [12] 1409 	mov	r7,a
      0003B0 90r00r13         [24] 1410 	mov	dptr,#_ow_write_byte_PARM_2
      0003B3 74 BE            [12] 1411 	mov	a,#0xbe
      0003B5 F0               [24] 1412 	movx	@dptr,a
      0003B6 8D 82            [24] 1413 	mov	dpl,r5
      0003B8 8E 83            [24] 1414 	mov	dph,r6
      0003BA 8F F0            [24] 1415 	mov	b,r7
      0003BC 12r01rF3         [24] 1416 	lcall	_ow_write_byte
                                   1417 ;	C:\Users\tonyp\Downloads\ch552-turbo-fan-ctrl\src\ds18b20_port.c:125: temp_low = ow_read_byte(dev);
      0003BF 90r00r22         [24] 1418 	mov	dptr,#_DS18B20_readTemperatureFast_dev_65536_202
      0003C2 E0               [24] 1419 	movx	a,@dptr
      0003C3 FD               [12] 1420 	mov	r5,a
      0003C4 A3               [24] 1421 	inc	dptr
      0003C5 E0               [24] 1422 	movx	a,@dptr
      0003C6 FE               [12] 1423 	mov	r6,a
      0003C7 A3               [24] 1424 	inc	dptr
      0003C8 E0               [24] 1425 	movx	a,@dptr
      0003C9 FF               [12] 1426 	mov	r7,a
      0003CA 8D 82            [24] 1427 	mov	dpl,r5
      0003CC 8E 83            [24] 1428 	mov	dph,r6
      0003CE 8F F0            [24] 1429 	mov	b,r7
      0003D0 12r02r3B         [24] 1430 	lcall	_ow_read_byte
      0003D3 AF 82            [24] 1431 	mov	r7,dpl
                                   1432 ;	C:\Users\tonyp\Downloads\ch552-turbo-fan-ctrl\src\ds18b20_port.c:126: temp_high = ow_read_byte(dev);
      0003D5 90r00r22         [24] 1433 	mov	dptr,#_DS18B20_readTemperatureFast_dev_65536_202
      0003D8 E0               [24] 1434 	movx	a,@dptr
      0003D9 FC               [12] 1435 	mov	r4,a
      0003DA A3               [24] 1436 	inc	dptr
      0003DB E0               [24] 1437 	movx	a,@dptr
      0003DC FD               [12] 1438 	mov	r5,a
      0003DD A3               [24] 1439 	inc	dptr
      0003DE E0               [24] 1440 	movx	a,@dptr
      0003DF FE               [12] 1441 	mov	r6,a
      0003E0 8C 82            [24] 1442 	mov	dpl,r4
      0003E2 8D 83            [24] 1443 	mov	dph,r5
      0003E4 8E F0            [24] 1444 	mov	b,r6
      0003E6 C0 07            [24] 1445 	push	ar7
      0003E8 12r02r3B         [24] 1446 	lcall	_ow_read_byte
      0003EB AE 82            [24] 1447 	mov	r6,dpl
      0003ED D0 07            [24] 1448 	pop	ar7
                                   1449 ;	C:\Users\tonyp\Downloads\ch552-turbo-fan-ctrl\src\ds18b20_port.c:127: raw = (int16_t)(((uint16_t)temp_high << 8) | temp_low);
      0003EF 8E 05            [24] 1450 	mov	ar5,r6
      0003F1 E4               [12] 1451 	clr	a
      0003F2 FE               [12] 1452 	mov	r6,a
      0003F3 FC               [12] 1453 	mov	r4,a
      0003F4 EF               [12] 1454 	mov	a,r7
      0003F5 42 06            [12] 1455 	orl	ar6,a
      0003F7 EC               [12] 1456 	mov	a,r4
      0003F8 42 05            [12] 1457 	orl	ar5,a
                                   1458 ;	C:\Users\tonyp\Downloads\ch552-turbo-fan-ctrl\src\ds18b20_port.c:129: if (raw == (int16_t)0xFFFF || raw == (int16_t)0x0550 || raw == (int16_t)0x0000) {
      0003FA BE FF 05         [24] 1459 	cjne	r6,#0xff,00129$
      0003FD BD FF 02         [24] 1460 	cjne	r5,#0xff,00129$
      000400 80 0C            [24] 1461 	sjmp	00105$
      000402                       1462 00129$:
      000402 BE 50 05         [24] 1463 	cjne	r6,#0x50,00130$
      000405 BD 05 02         [24] 1464 	cjne	r5,#0x05,00130$
      000408 80 04            [24] 1465 	sjmp	00105$
      00040A                       1466 00130$:
      00040A EE               [12] 1467 	mov	a,r6
      00040B 4D               [12] 1468 	orl	a,r5
      00040C 70 09            [24] 1469 	jnz	00106$
      00040E                       1470 00105$:
                                   1471 ;	C:\Users\tonyp\Downloads\ch552-turbo-fan-ctrl\src\ds18b20_port.c:130: return -999.0f;
      00040E 90 C0 00         [24] 1472 	mov	dptr,#0xc000
      000411 75 F0 79         [24] 1473 	mov	b,#0x79
      000414 74 C4            [12] 1474 	mov	a,#0xc4
      000416 22               [24] 1475 	ret
      000417                       1476 00106$:
                                   1477 ;	C:\Users\tonyp\Downloads\ch552-turbo-fan-ctrl\src\ds18b20_port.c:133: return (float)raw * 0.0625f;
      000417 8E 82            [24] 1478 	mov	dpl,r6
      000419 8D 83            [24] 1479 	mov	dph,r5
      00041B 12r00r00         [24] 1480 	lcall	___sint2fs
      00041E AC 82            [24] 1481 	mov	r4,dpl
      000420 AD 83            [24] 1482 	mov	r5,dph
      000422 AE F0            [24] 1483 	mov	r6,b
      000424 FF               [12] 1484 	mov	r7,a
      000425 C0 04            [24] 1485 	push	ar4
      000427 C0 05            [24] 1486 	push	ar5
      000429 C0 06            [24] 1487 	push	ar6
      00042B C0 07            [24] 1488 	push	ar7
      00042D 90 00 00         [24] 1489 	mov	dptr,#0x0000
      000430 75 F0 80         [24] 1490 	mov	b,#0x80
      000433 74 3D            [12] 1491 	mov	a,#0x3d
      000435 12r00r00         [24] 1492 	lcall	___fsmul
      000438 AC 82            [24] 1493 	mov	r4,dpl
      00043A AD 83            [24] 1494 	mov	r5,dph
      00043C AE F0            [24] 1495 	mov	r6,b
      00043E FF               [12] 1496 	mov	r7,a
      00043F E5 81            [12] 1497 	mov	a,sp
      000441 24 FC            [12] 1498 	add	a,#0xfc
      000443 F5 81            [12] 1499 	mov	sp,a
      000445 8C 82            [24] 1500 	mov	dpl,r4
      000447 8D 83            [24] 1501 	mov	dph,r5
      000449 8E F0            [24] 1502 	mov	b,r6
      00044B EF               [12] 1503 	mov	a,r7
                                   1504 ;	C:\Users\tonyp\Downloads\ch552-turbo-fan-ctrl\src\ds18b20_port.c:134: }
      00044C 22               [24] 1505 	ret
                                   1506 	.area CSEG    (CODE)
                                   1507 	.area CONST   (CODE)
                                   1508 	.area XINIT   (CODE)
                                   1509 	.area CABS    (ABS,CODE)
