                                      1 ;--------------------------------------------------------
                                      2 ; File Created by SDCC : free open source ISO C Compiler 
                                      3 ; Version 4.2.2 #13407 (MINGW32)
                                      4 ;--------------------------------------------------------
                                      5 	.module fan_monitor
                                      6 	.optsdcc -mmcs51 --model-large
                                      7 	
                                      8 ;--------------------------------------------------------
                                      9 ; Public variables in this module
                                     10 ;--------------------------------------------------------
                                     11 	.globl _attachInterrupt
                                     12 	.globl _millis
                                     13 	.globl _pinMode
                                     14 	.globl _UIF_BUS_RST
                                     15 	.globl _UIF_DETECT
                                     16 	.globl _UIF_TRANSFER
                                     17 	.globl _UIF_SUSPEND
                                     18 	.globl _UIF_HST_SOF
                                     19 	.globl _UIF_FIFO_OV
                                     20 	.globl _U_SIE_FREE
                                     21 	.globl _U_TOG_OK
                                     22 	.globl _U_IS_NAK
                                     23 	.globl _ADC_CHAN0
                                     24 	.globl _ADC_CHAN1
                                     25 	.globl _CMP_CHAN
                                     26 	.globl _ADC_START
                                     27 	.globl _ADC_IF
                                     28 	.globl _CMP_IF
                                     29 	.globl _CMPO
                                     30 	.globl _U1RI
                                     31 	.globl _U1TI
                                     32 	.globl _U1RB8
                                     33 	.globl _U1TB8
                                     34 	.globl _U1REN
                                     35 	.globl _U1SMOD
                                     36 	.globl _U1SM0
                                     37 	.globl _S0_R_FIFO
                                     38 	.globl _S0_T_FIFO
                                     39 	.globl _S0_FREE
                                     40 	.globl _S0_IF_BYTE
                                     41 	.globl _S0_IF_FIRST
                                     42 	.globl _S0_IF_OV
                                     43 	.globl _S0_FST_ACT
                                     44 	.globl _CP_RL2
                                     45 	.globl _C_T2
                                     46 	.globl _TR2
                                     47 	.globl _EXEN2
                                     48 	.globl _TCLK
                                     49 	.globl _RCLK
                                     50 	.globl _EXF2
                                     51 	.globl _CAP1F
                                     52 	.globl _TF2
                                     53 	.globl _RI
                                     54 	.globl _TI
                                     55 	.globl _RB8
                                     56 	.globl _TB8
                                     57 	.globl _REN
                                     58 	.globl _SM2
                                     59 	.globl _SM1
                                     60 	.globl _SM0
                                     61 	.globl _IT0
                                     62 	.globl _IE0
                                     63 	.globl _IT1
                                     64 	.globl _IE1
                                     65 	.globl _TR0
                                     66 	.globl _TF0
                                     67 	.globl _TR1
                                     68 	.globl _TF1
                                     69 	.globl _P3_0
                                     70 	.globl _P3_1
                                     71 	.globl _P3_2
                                     72 	.globl _P3_3
                                     73 	.globl _P3_4
                                     74 	.globl _P3_5
                                     75 	.globl _P3_6
                                     76 	.globl _P3_7
                                     77 	.globl _RXD
                                     78 	.globl _PWM1_
                                     79 	.globl _TXD
                                     80 	.globl _PWM2_
                                     81 	.globl _AIN3
                                     82 	.globl _VBUS1
                                     83 	.globl _INT0
                                     84 	.globl _TXD1_
                                     85 	.globl _INT1
                                     86 	.globl _T0
                                     87 	.globl _RXD1_
                                     88 	.globl _PWM2
                                     89 	.globl _T1
                                     90 	.globl _UDP
                                     91 	.globl _UDM
                                     92 	.globl _P1_0
                                     93 	.globl _P1_1
                                     94 	.globl _P1_2
                                     95 	.globl _P1_3
                                     96 	.globl _P1_4
                                     97 	.globl _P1_5
                                     98 	.globl _P1_6
                                     99 	.globl _P1_7
                                    100 	.globl _TIN0
                                    101 	.globl _CAP1
                                    102 	.globl _T2
                                    103 	.globl _AIN0
                                    104 	.globl _VBUS2
                                    105 	.globl _TIN1
                                    106 	.globl _CAP2
                                    107 	.globl _T2EX
                                    108 	.globl _RXD_
                                    109 	.globl _TXD_
                                    110 	.globl _AIN1
                                    111 	.globl _UCC1
                                    112 	.globl _TIN2
                                    113 	.globl _SCS
                                    114 	.globl _CAP1_
                                    115 	.globl _T2_
                                    116 	.globl _AIN2
                                    117 	.globl _UCC2
                                    118 	.globl _TIN3
                                    119 	.globl _PWM1
                                    120 	.globl _MOSI
                                    121 	.globl _TIN4
                                    122 	.globl _RXD1
                                    123 	.globl _MISO
                                    124 	.globl _TIN5
                                    125 	.globl _TXD1
                                    126 	.globl _SCK
                                    127 	.globl _IE_SPI0
                                    128 	.globl _IE_TKEY
                                    129 	.globl _IE_USB
                                    130 	.globl _IE_ADC
                                    131 	.globl _IE_UART1
                                    132 	.globl _IE_PWMX
                                    133 	.globl _IE_GPIO
                                    134 	.globl _IE_WDOG
                                    135 	.globl _PX0
                                    136 	.globl _PT0
                                    137 	.globl _PX1
                                    138 	.globl _PT1
                                    139 	.globl _PS
                                    140 	.globl _PT2
                                    141 	.globl _PL_FLAG
                                    142 	.globl _PH_FLAG
                                    143 	.globl _EX0
                                    144 	.globl _ET0
                                    145 	.globl _EX1
                                    146 	.globl _ET1
                                    147 	.globl _ES
                                    148 	.globl _ET2
                                    149 	.globl _E_DIS
                                    150 	.globl _EA
                                    151 	.globl _P
                                    152 	.globl _F1
                                    153 	.globl _OV
                                    154 	.globl _RS0
                                    155 	.globl _RS1
                                    156 	.globl _F0
                                    157 	.globl _AC
                                    158 	.globl _CY
                                    159 	.globl _UEP1_DMA_H
                                    160 	.globl _UEP1_DMA_L
                                    161 	.globl _UEP1_DMA
                                    162 	.globl _UEP0_DMA_H
                                    163 	.globl _UEP0_DMA_L
                                    164 	.globl _UEP0_DMA
                                    165 	.globl _UEP2_3_MOD
                                    166 	.globl _UEP4_1_MOD
                                    167 	.globl _UEP3_DMA_H
                                    168 	.globl _UEP3_DMA_L
                                    169 	.globl _UEP3_DMA
                                    170 	.globl _UEP2_DMA_H
                                    171 	.globl _UEP2_DMA_L
                                    172 	.globl _UEP2_DMA
                                    173 	.globl _USB_DEV_AD
                                    174 	.globl _USB_CTRL
                                    175 	.globl _USB_INT_EN
                                    176 	.globl _UEP4_T_LEN
                                    177 	.globl _UEP4_CTRL
                                    178 	.globl _UEP0_T_LEN
                                    179 	.globl _UEP0_CTRL
                                    180 	.globl _USB_RX_LEN
                                    181 	.globl _USB_MIS_ST
                                    182 	.globl _USB_INT_ST
                                    183 	.globl _USB_INT_FG
                                    184 	.globl _UEP3_T_LEN
                                    185 	.globl _UEP3_CTRL
                                    186 	.globl _UEP2_T_LEN
                                    187 	.globl _UEP2_CTRL
                                    188 	.globl _UEP1_T_LEN
                                    189 	.globl _UEP1_CTRL
                                    190 	.globl _UDEV_CTRL
                                    191 	.globl _USB_C_CTRL
                                    192 	.globl _TKEY_DATH
                                    193 	.globl _TKEY_DATL
                                    194 	.globl _TKEY_DAT
                                    195 	.globl _TKEY_CTRL
                                    196 	.globl _ADC_DATA
                                    197 	.globl _ADC_CFG
                                    198 	.globl _ADC_CTRL
                                    199 	.globl _SBAUD1
                                    200 	.globl _SBUF1
                                    201 	.globl _SCON1
                                    202 	.globl _SPI0_SETUP
                                    203 	.globl _SPI0_CK_SE
                                    204 	.globl _SPI0_CTRL
                                    205 	.globl _SPI0_DATA
                                    206 	.globl _SPI0_STAT
                                    207 	.globl _PWM_CK_SE
                                    208 	.globl _PWM_CTRL
                                    209 	.globl _PWM_DATA1
                                    210 	.globl _PWM_DATA2
                                    211 	.globl _T2CAP1H
                                    212 	.globl _T2CAP1L
                                    213 	.globl _T2CAP1
                                    214 	.globl _TH2
                                    215 	.globl _TL2
                                    216 	.globl _T2COUNT
                                    217 	.globl _RCAP2H
                                    218 	.globl _RCAP2L
                                    219 	.globl _RCAP2
                                    220 	.globl _T2MOD
                                    221 	.globl _T2CON
                                    222 	.globl _SBUF
                                    223 	.globl _SCON
                                    224 	.globl _TH1
                                    225 	.globl _TH0
                                    226 	.globl _TL1
                                    227 	.globl _TL0
                                    228 	.globl _TMOD
                                    229 	.globl _TCON
                                    230 	.globl _XBUS_AUX
                                    231 	.globl _PIN_FUNC
                                    232 	.globl _P3_DIR_PU
                                    233 	.globl _P3_MOD_OC
                                    234 	.globl _P3
                                    235 	.globl _P2
                                    236 	.globl _P1_DIR_PU
                                    237 	.globl _P1_MOD_OC
                                    238 	.globl _P1
                                    239 	.globl _ROM_CTRL
                                    240 	.globl _ROM_DATA_H
                                    241 	.globl _ROM_DATA_L
                                    242 	.globl _ROM_DATA
                                    243 	.globl _ROM_ADDR_H
                                    244 	.globl _ROM_ADDR_L
                                    245 	.globl _ROM_ADDR
                                    246 	.globl _GPIO_IE
                                    247 	.globl _IP_EX
                                    248 	.globl _IE_EX
                                    249 	.globl _IP
                                    250 	.globl _IE
                                    251 	.globl _WDOG_COUNT
                                    252 	.globl _RESET_KEEP
                                    253 	.globl _WAKE_CTRL
                                    254 	.globl _CLOCK_CFG
                                    255 	.globl _PCON
                                    256 	.globl _GLOBAL_CFG
                                    257 	.globl _SAFE_MOD
                                    258 	.globl _DPH
                                    259 	.globl _DPL
                                    260 	.globl _SP
                                    261 	.globl _B
                                    262 	.globl _ACC
                                    263 	.globl _PSW
                                    264 	.globl _FanMonitor_begin_PARM_2
                                    265 	.globl _FanMonitor_begin
                                    266 	.globl _FanMonitor_updateRPM
                                    267 	.globl _FanMonitor_getRPM
                                    268 	.globl _FanMonitor_isStalled
                                    269 	.globl _FanMonitor_resetStall
                                    270 	.globl _FanMonitor_getStallCount
                                    271 ;--------------------------------------------------------
                                    272 ; special function registers
                                    273 ;--------------------------------------------------------
                                    274 	.area RSEG    (ABS,DATA)
      000000                        275 	.org 0x0000
                           0000D0   276 _PSW	=	0x00d0
                           0000E0   277 _ACC	=	0x00e0
                           0000F0   278 _B	=	0x00f0
                           000081   279 _SP	=	0x0081
                           000082   280 _DPL	=	0x0082
                           000083   281 _DPH	=	0x0083
                           0000A1   282 _SAFE_MOD	=	0x00a1
                           0000B1   283 _GLOBAL_CFG	=	0x00b1
                           000087   284 _PCON	=	0x0087
                           0000B9   285 _CLOCK_CFG	=	0x00b9
                           0000A9   286 _WAKE_CTRL	=	0x00a9
                           0000FE   287 _RESET_KEEP	=	0x00fe
                           0000FF   288 _WDOG_COUNT	=	0x00ff
                           0000A8   289 _IE	=	0x00a8
                           0000B8   290 _IP	=	0x00b8
                           0000E8   291 _IE_EX	=	0x00e8
                           0000E9   292 _IP_EX	=	0x00e9
                           0000C7   293 _GPIO_IE	=	0x00c7
                           008584   294 _ROM_ADDR	=	0x8584
                           000084   295 _ROM_ADDR_L	=	0x0084
                           000085   296 _ROM_ADDR_H	=	0x0085
                           008F8E   297 _ROM_DATA	=	0x8f8e
                           00008E   298 _ROM_DATA_L	=	0x008e
                           00008F   299 _ROM_DATA_H	=	0x008f
                           000086   300 _ROM_CTRL	=	0x0086
                           000090   301 _P1	=	0x0090
                           000092   302 _P1_MOD_OC	=	0x0092
                           000093   303 _P1_DIR_PU	=	0x0093
                           0000A0   304 _P2	=	0x00a0
                           0000B0   305 _P3	=	0x00b0
                           000096   306 _P3_MOD_OC	=	0x0096
                           000097   307 _P3_DIR_PU	=	0x0097
                           0000C6   308 _PIN_FUNC	=	0x00c6
                           0000A2   309 _XBUS_AUX	=	0x00a2
                           000088   310 _TCON	=	0x0088
                           000089   311 _TMOD	=	0x0089
                           00008A   312 _TL0	=	0x008a
                           00008B   313 _TL1	=	0x008b
                           00008C   314 _TH0	=	0x008c
                           00008D   315 _TH1	=	0x008d
                           000098   316 _SCON	=	0x0098
                           000099   317 _SBUF	=	0x0099
                           0000C8   318 _T2CON	=	0x00c8
                           0000C9   319 _T2MOD	=	0x00c9
                           00CBCA   320 _RCAP2	=	0xcbca
                           0000CA   321 _RCAP2L	=	0x00ca
                           0000CB   322 _RCAP2H	=	0x00cb
                           00CDCC   323 _T2COUNT	=	0xcdcc
                           0000CC   324 _TL2	=	0x00cc
                           0000CD   325 _TH2	=	0x00cd
                           00CFCE   326 _T2CAP1	=	0xcfce
                           0000CE   327 _T2CAP1L	=	0x00ce
                           0000CF   328 _T2CAP1H	=	0x00cf
                           00009B   329 _PWM_DATA2	=	0x009b
                           00009C   330 _PWM_DATA1	=	0x009c
                           00009D   331 _PWM_CTRL	=	0x009d
                           00009E   332 _PWM_CK_SE	=	0x009e
                           0000F8   333 _SPI0_STAT	=	0x00f8
                           0000F9   334 _SPI0_DATA	=	0x00f9
                           0000FA   335 _SPI0_CTRL	=	0x00fa
                           0000FB   336 _SPI0_CK_SE	=	0x00fb
                           0000FC   337 _SPI0_SETUP	=	0x00fc
                           0000C0   338 _SCON1	=	0x00c0
                           0000C1   339 _SBUF1	=	0x00c1
                           0000C2   340 _SBAUD1	=	0x00c2
                           000080   341 _ADC_CTRL	=	0x0080
                           00009A   342 _ADC_CFG	=	0x009a
                           00009F   343 _ADC_DATA	=	0x009f
                           0000C3   344 _TKEY_CTRL	=	0x00c3
                           00C5C4   345 _TKEY_DAT	=	0xc5c4
                           0000C4   346 _TKEY_DATL	=	0x00c4
                           0000C5   347 _TKEY_DATH	=	0x00c5
                           000091   348 _USB_C_CTRL	=	0x0091
                           0000D1   349 _UDEV_CTRL	=	0x00d1
                           0000D2   350 _UEP1_CTRL	=	0x00d2
                           0000D3   351 _UEP1_T_LEN	=	0x00d3
                           0000D4   352 _UEP2_CTRL	=	0x00d4
                           0000D5   353 _UEP2_T_LEN	=	0x00d5
                           0000D6   354 _UEP3_CTRL	=	0x00d6
                           0000D7   355 _UEP3_T_LEN	=	0x00d7
                           0000D8   356 _USB_INT_FG	=	0x00d8
                           0000D9   357 _USB_INT_ST	=	0x00d9
                           0000DA   358 _USB_MIS_ST	=	0x00da
                           0000DB   359 _USB_RX_LEN	=	0x00db
                           0000DC   360 _UEP0_CTRL	=	0x00dc
                           0000DD   361 _UEP0_T_LEN	=	0x00dd
                           0000DE   362 _UEP4_CTRL	=	0x00de
                           0000DF   363 _UEP4_T_LEN	=	0x00df
                           0000E1   364 _USB_INT_EN	=	0x00e1
                           0000E2   365 _USB_CTRL	=	0x00e2
                           0000E3   366 _USB_DEV_AD	=	0x00e3
                           00E5E4   367 _UEP2_DMA	=	0xe5e4
                           0000E4   368 _UEP2_DMA_L	=	0x00e4
                           0000E5   369 _UEP2_DMA_H	=	0x00e5
                           00E7E6   370 _UEP3_DMA	=	0xe7e6
                           0000E6   371 _UEP3_DMA_L	=	0x00e6
                           0000E7   372 _UEP3_DMA_H	=	0x00e7
                           0000EA   373 _UEP4_1_MOD	=	0x00ea
                           0000EB   374 _UEP2_3_MOD	=	0x00eb
                           00EDEC   375 _UEP0_DMA	=	0xedec
                           0000EC   376 _UEP0_DMA_L	=	0x00ec
                           0000ED   377 _UEP0_DMA_H	=	0x00ed
                           00EFEE   378 _UEP1_DMA	=	0xefee
                           0000EE   379 _UEP1_DMA_L	=	0x00ee
                           0000EF   380 _UEP1_DMA_H	=	0x00ef
                                    381 ;--------------------------------------------------------
                                    382 ; special function bits
                                    383 ;--------------------------------------------------------
                                    384 	.area RSEG    (ABS,DATA)
      000000                        385 	.org 0x0000
                           0000D7   386 _CY	=	0x00d7
                           0000D6   387 _AC	=	0x00d6
                           0000D5   388 _F0	=	0x00d5
                           0000D4   389 _RS1	=	0x00d4
                           0000D3   390 _RS0	=	0x00d3
                           0000D2   391 _OV	=	0x00d2
                           0000D1   392 _F1	=	0x00d1
                           0000D0   393 _P	=	0x00d0
                           0000AF   394 _EA	=	0x00af
                           0000AE   395 _E_DIS	=	0x00ae
                           0000AD   396 _ET2	=	0x00ad
                           0000AC   397 _ES	=	0x00ac
                           0000AB   398 _ET1	=	0x00ab
                           0000AA   399 _EX1	=	0x00aa
                           0000A9   400 _ET0	=	0x00a9
                           0000A8   401 _EX0	=	0x00a8
                           0000BF   402 _PH_FLAG	=	0x00bf
                           0000BE   403 _PL_FLAG	=	0x00be
                           0000BD   404 _PT2	=	0x00bd
                           0000BC   405 _PS	=	0x00bc
                           0000BB   406 _PT1	=	0x00bb
                           0000BA   407 _PX1	=	0x00ba
                           0000B9   408 _PT0	=	0x00b9
                           0000B8   409 _PX0	=	0x00b8
                           0000EF   410 _IE_WDOG	=	0x00ef
                           0000EE   411 _IE_GPIO	=	0x00ee
                           0000ED   412 _IE_PWMX	=	0x00ed
                           0000EC   413 _IE_UART1	=	0x00ec
                           0000EB   414 _IE_ADC	=	0x00eb
                           0000EA   415 _IE_USB	=	0x00ea
                           0000E9   416 _IE_TKEY	=	0x00e9
                           0000E8   417 _IE_SPI0	=	0x00e8
                           000097   418 _SCK	=	0x0097
                           000097   419 _TXD1	=	0x0097
                           000097   420 _TIN5	=	0x0097
                           000096   421 _MISO	=	0x0096
                           000096   422 _RXD1	=	0x0096
                           000096   423 _TIN4	=	0x0096
                           000095   424 _MOSI	=	0x0095
                           000095   425 _PWM1	=	0x0095
                           000095   426 _TIN3	=	0x0095
                           000095   427 _UCC2	=	0x0095
                           000095   428 _AIN2	=	0x0095
                           000094   429 _T2_	=	0x0094
                           000094   430 _CAP1_	=	0x0094
                           000094   431 _SCS	=	0x0094
                           000094   432 _TIN2	=	0x0094
                           000094   433 _UCC1	=	0x0094
                           000094   434 _AIN1	=	0x0094
                           000093   435 _TXD_	=	0x0093
                           000092   436 _RXD_	=	0x0092
                           000091   437 _T2EX	=	0x0091
                           000091   438 _CAP2	=	0x0091
                           000091   439 _TIN1	=	0x0091
                           000091   440 _VBUS2	=	0x0091
                           000091   441 _AIN0	=	0x0091
                           000090   442 _T2	=	0x0090
                           000090   443 _CAP1	=	0x0090
                           000090   444 _TIN0	=	0x0090
                           000097   445 _P1_7	=	0x0097
                           000096   446 _P1_6	=	0x0096
                           000095   447 _P1_5	=	0x0095
                           000094   448 _P1_4	=	0x0094
                           000093   449 _P1_3	=	0x0093
                           000092   450 _P1_2	=	0x0092
                           000091   451 _P1_1	=	0x0091
                           000090   452 _P1_0	=	0x0090
                           0000B7   453 _UDM	=	0x00b7
                           0000B6   454 _UDP	=	0x00b6
                           0000B5   455 _T1	=	0x00b5
                           0000B4   456 _PWM2	=	0x00b4
                           0000B4   457 _RXD1_	=	0x00b4
                           0000B4   458 _T0	=	0x00b4
                           0000B3   459 _INT1	=	0x00b3
                           0000B2   460 _TXD1_	=	0x00b2
                           0000B2   461 _INT0	=	0x00b2
                           0000B2   462 _VBUS1	=	0x00b2
                           0000B2   463 _AIN3	=	0x00b2
                           0000B1   464 _PWM2_	=	0x00b1
                           0000B1   465 _TXD	=	0x00b1
                           0000B0   466 _PWM1_	=	0x00b0
                           0000B0   467 _RXD	=	0x00b0
                           0000B7   468 _P3_7	=	0x00b7
                           0000B6   469 _P3_6	=	0x00b6
                           0000B5   470 _P3_5	=	0x00b5
                           0000B4   471 _P3_4	=	0x00b4
                           0000B3   472 _P3_3	=	0x00b3
                           0000B2   473 _P3_2	=	0x00b2
                           0000B1   474 _P3_1	=	0x00b1
                           0000B0   475 _P3_0	=	0x00b0
                           00008F   476 _TF1	=	0x008f
                           00008E   477 _TR1	=	0x008e
                           00008D   478 _TF0	=	0x008d
                           00008C   479 _TR0	=	0x008c
                           00008B   480 _IE1	=	0x008b
                           00008A   481 _IT1	=	0x008a
                           000089   482 _IE0	=	0x0089
                           000088   483 _IT0	=	0x0088
                           00009F   484 _SM0	=	0x009f
                           00009E   485 _SM1	=	0x009e
                           00009D   486 _SM2	=	0x009d
                           00009C   487 _REN	=	0x009c
                           00009B   488 _TB8	=	0x009b
                           00009A   489 _RB8	=	0x009a
                           000099   490 _TI	=	0x0099
                           000098   491 _RI	=	0x0098
                           0000CF   492 _TF2	=	0x00cf
                           0000CF   493 _CAP1F	=	0x00cf
                           0000CE   494 _EXF2	=	0x00ce
                           0000CD   495 _RCLK	=	0x00cd
                           0000CC   496 _TCLK	=	0x00cc
                           0000CB   497 _EXEN2	=	0x00cb
                           0000CA   498 _TR2	=	0x00ca
                           0000C9   499 _C_T2	=	0x00c9
                           0000C8   500 _CP_RL2	=	0x00c8
                           0000FF   501 _S0_FST_ACT	=	0x00ff
                           0000FE   502 _S0_IF_OV	=	0x00fe
                           0000FD   503 _S0_IF_FIRST	=	0x00fd
                           0000FC   504 _S0_IF_BYTE	=	0x00fc
                           0000FB   505 _S0_FREE	=	0x00fb
                           0000FA   506 _S0_T_FIFO	=	0x00fa
                           0000F8   507 _S0_R_FIFO	=	0x00f8
                           0000C7   508 _U1SM0	=	0x00c7
                           0000C5   509 _U1SMOD	=	0x00c5
                           0000C4   510 _U1REN	=	0x00c4
                           0000C3   511 _U1TB8	=	0x00c3
                           0000C2   512 _U1RB8	=	0x00c2
                           0000C1   513 _U1TI	=	0x00c1
                           0000C0   514 _U1RI	=	0x00c0
                           000087   515 _CMPO	=	0x0087
                           000086   516 _CMP_IF	=	0x0086
                           000085   517 _ADC_IF	=	0x0085
                           000084   518 _ADC_START	=	0x0084
                           000083   519 _CMP_CHAN	=	0x0083
                           000081   520 _ADC_CHAN1	=	0x0081
                           000080   521 _ADC_CHAN0	=	0x0080
                           0000DF   522 _U_IS_NAK	=	0x00df
                           0000DE   523 _U_TOG_OK	=	0x00de
                           0000DD   524 _U_SIE_FREE	=	0x00dd
                           0000DC   525 _UIF_FIFO_OV	=	0x00dc
                           0000DB   526 _UIF_HST_SOF	=	0x00db
                           0000DA   527 _UIF_SUSPEND	=	0x00da
                           0000D9   528 _UIF_TRANSFER	=	0x00d9
                           0000D8   529 _UIF_DETECT	=	0x00d8
                           0000D8   530 _UIF_BUS_RST	=	0x00d8
                                    531 ;--------------------------------------------------------
                                    532 ; overlayable register banks
                                    533 ;--------------------------------------------------------
                                    534 	.area REG_BANK_0	(REL,OVR,DATA)
      000000                        535 	.ds 8
                                    536 ;--------------------------------------------------------
                                    537 ; internal ram data
                                    538 ;--------------------------------------------------------
                                    539 	.area DSEG    (DATA)
      000000                        540 _FanMonitor_begin_sloc0_1_0:
      000000                        541 	.ds 3
      000003                        542 _FanMonitor_updateRPM_sloc0_1_0:
      000003                        543 	.ds 3
      000006                        544 _FanMonitor_updateRPM_sloc1_1_0:
      000006                        545 	.ds 4
      00000A                        546 _FanMonitor_updateRPM_sloc2_1_0:
      00000A                        547 	.ds 4
      00000E                        548 _FanMonitor_updateRPM_sloc3_1_0:
      00000E                        549 	.ds 3
      000011                        550 _FanMonitor_updateRPM_sloc4_1_0:
      000011                        551 	.ds 4
                                    552 ;--------------------------------------------------------
                                    553 ; overlayable items in internal ram
                                    554 ;--------------------------------------------------------
                                    555 ;--------------------------------------------------------
                                    556 ; indirectly addressable internal ram data
                                    557 ;--------------------------------------------------------
                                    558 	.area ISEG    (DATA)
                                    559 ;--------------------------------------------------------
                                    560 ; absolute internal ram data
                                    561 ;--------------------------------------------------------
                                    562 	.area IABS    (ABS,DATA)
                                    563 	.area IABS    (ABS,DATA)
                                    564 ;--------------------------------------------------------
                                    565 ; bit data
                                    566 ;--------------------------------------------------------
                                    567 	.area BSEG    (BIT)
                                    568 ;--------------------------------------------------------
                                    569 ; paged external ram data
                                    570 ;--------------------------------------------------------
                                    571 	.area PSEG    (PAG,XDATA)
                                    572 ;--------------------------------------------------------
                                    573 ; uninitialized external ram data
                                    574 ;--------------------------------------------------------
                                    575 	.area XSEG    (XDATA)
      000000                        576 _FanMonitor_begin_PARM_2:
      000000                        577 	.ds 1
      000001                        578 _FanMonitor_begin_fm_65536_178:
      000001                        579 	.ds 3
      000004                        580 _FanMonitor_updateRPM_fm_65536_180:
      000004                        581 	.ds 3
      000007                        582 _FanMonitor_getRPM_fm_65536_186:
      000007                        583 	.ds 3
      00000A                        584 _FanMonitor_isStalled_fm_65536_188:
      00000A                        585 	.ds 3
      00000D                        586 _FanMonitor_resetStall_fm_65536_190:
      00000D                        587 	.ds 3
      000010                        588 _FanMonitor_getStallCount_fm_65536_192:
      000010                        589 	.ds 3
                                    590 ;--------------------------------------------------------
                                    591 ; absolute external ram data
                                    592 ;--------------------------------------------------------
                                    593 	.area XABS    (ABS,XDATA)
                                    594 ;--------------------------------------------------------
                                    595 ; initialized external ram data
                                    596 ;--------------------------------------------------------
                                    597 	.area XISEG   (XDATA)
      000000                        598 _g_fan_monitor_instance:
      000000                        599 	.ds 3
                                    600 	.area HOME    (CODE)
                                    601 	.area GSINIT0 (CODE)
                                    602 	.area GSINIT1 (CODE)
                                    603 	.area GSINIT2 (CODE)
                                    604 	.area GSINIT3 (CODE)
                                    605 	.area GSINIT4 (CODE)
                                    606 	.area GSINIT5 (CODE)
                                    607 	.area GSINIT  (CODE)
                                    608 	.area GSFINAL (CODE)
                                    609 	.area CSEG    (CODE)
                                    610 ;--------------------------------------------------------
                                    611 ; global & static initialisations
                                    612 ;--------------------------------------------------------
                                    613 	.area HOME    (CODE)
                                    614 	.area GSINIT  (CODE)
                                    615 	.area GSFINAL (CODE)
                                    616 	.area GSINIT  (CODE)
                                    617 ;--------------------------------------------------------
                                    618 ; Home
                                    619 ;--------------------------------------------------------
                                    620 	.area HOME    (CODE)
                                    621 	.area HOME    (CODE)
                                    622 ;--------------------------------------------------------
                                    623 ; code
                                    624 ;--------------------------------------------------------
                                    625 	.area CSEG    (CODE)
                                    626 ;------------------------------------------------------------
                                    627 ;Allocation info for local variables in function 'fan_monitor_tachISR'
                                    628 ;------------------------------------------------------------
                                    629 ;	C:\Users\tonyp\Downloads\ch552-turbo-fan-ctrl\src\fan_monitor.c:11: static void fan_monitor_tachISR(void) {
                                    630 ;	-----------------------------------------
                                    631 ;	 function fan_monitor_tachISR
                                    632 ;	-----------------------------------------
      000000                        633 _fan_monitor_tachISR:
                           000007   634 	ar7 = 0x07
                           000006   635 	ar6 = 0x06
                           000005   636 	ar5 = 0x05
                           000004   637 	ar4 = 0x04
                           000003   638 	ar3 = 0x03
                           000002   639 	ar2 = 0x02
                           000001   640 	ar1 = 0x01
                           000000   641 	ar0 = 0x00
                                    642 ;	C:\Users\tonyp\Downloads\ch552-turbo-fan-ctrl\src\fan_monitor.c:12: if (g_fan_monitor_instance != 0) {
      000000 90r00r00         [24]  643 	mov	dptr,#_g_fan_monitor_instance
      000003 E0               [24]  644 	movx	a,@dptr
      000004 FD               [12]  645 	mov	r5,a
      000005 A3               [24]  646 	inc	dptr
      000006 E0               [24]  647 	movx	a,@dptr
      000007 FE               [12]  648 	mov	r6,a
      000008 A3               [24]  649 	inc	dptr
      000009 E0               [24]  650 	movx	a,@dptr
      00000A FF               [12]  651 	mov	r7,a
      00000B 90r00r00         [24]  652 	mov	dptr,#_g_fan_monitor_instance
      00000E E0               [24]  653 	movx	a,@dptr
      00000F F5 F0            [12]  654 	mov	b,a
      000011 A3               [24]  655 	inc	dptr
      000012 E0               [24]  656 	movx	a,@dptr
      000013 45 F0            [12]  657 	orl	a,b
      000015 60 44            [24]  658 	jz	00103$
                                    659 ;	C:\Users\tonyp\Downloads\ch552-turbo-fan-ctrl\src\fan_monitor.c:13: g_fan_monitor_instance->pulse_count++;
      000017 0D               [12]  660 	inc	r5
      000018 BD 00 01         [24]  661 	cjne	r5,#0x00,00110$
      00001B 0E               [12]  662 	inc	r6
      00001C                        663 00110$:
      00001C 8D 82            [24]  664 	mov	dpl,r5
      00001E 8E 83            [24]  665 	mov	dph,r6
      000020 8F F0            [24]  666 	mov	b,r7
      000022 12r00r00         [24]  667 	lcall	__gptrget
      000025 F9               [12]  668 	mov	r1,a
      000026 A3               [24]  669 	inc	dptr
      000027 12r00r00         [24]  670 	lcall	__gptrget
      00002A FA               [12]  671 	mov	r2,a
      00002B A3               [24]  672 	inc	dptr
      00002C 12r00r00         [24]  673 	lcall	__gptrget
      00002F FB               [12]  674 	mov	r3,a
      000030 A3               [24]  675 	inc	dptr
      000031 12r00r00         [24]  676 	lcall	__gptrget
      000034 FC               [12]  677 	mov	r4,a
      000035 09               [12]  678 	inc	r1
      000036 B9 00 09         [24]  679 	cjne	r1,#0x00,00111$
      000039 0A               [12]  680 	inc	r2
      00003A BA 00 05         [24]  681 	cjne	r2,#0x00,00111$
      00003D 0B               [12]  682 	inc	r3
      00003E BB 00 01         [24]  683 	cjne	r3,#0x00,00111$
      000041 0C               [12]  684 	inc	r4
      000042                        685 00111$:
      000042 8D 82            [24]  686 	mov	dpl,r5
      000044 8E 83            [24]  687 	mov	dph,r6
      000046 8F F0            [24]  688 	mov	b,r7
      000048 E9               [12]  689 	mov	a,r1
      000049 12r00r00         [24]  690 	lcall	__gptrput
      00004C A3               [24]  691 	inc	dptr
      00004D EA               [12]  692 	mov	a,r2
      00004E 12r00r00         [24]  693 	lcall	__gptrput
      000051 A3               [24]  694 	inc	dptr
      000052 EB               [12]  695 	mov	a,r3
      000053 12r00r00         [24]  696 	lcall	__gptrput
      000056 A3               [24]  697 	inc	dptr
      000057 EC               [12]  698 	mov	a,r4
                                    699 ;	C:\Users\tonyp\Downloads\ch552-turbo-fan-ctrl\src\fan_monitor.c:15: }
      000058 02r00r00         [24]  700 	ljmp	__gptrput
      00005B                        701 00103$:
      00005B 22               [24]  702 	ret
                                    703 ;------------------------------------------------------------
                                    704 ;Allocation info for local variables in function 'FanMonitor_begin'
                                    705 ;------------------------------------------------------------
                                    706 ;sloc0                     Allocated with name '_FanMonitor_begin_sloc0_1_0'
                                    707 ;pin                       Allocated with name '_FanMonitor_begin_PARM_2'
                                    708 ;fm                        Allocated with name '_FanMonitor_begin_fm_65536_178'
                                    709 ;------------------------------------------------------------
                                    710 ;	C:\Users\tonyp\Downloads\ch552-turbo-fan-ctrl\src\fan_monitor.c:17: void FanMonitor_begin(FanMonitor* fm, uint8_t pin) {
                                    711 ;	-----------------------------------------
                                    712 ;	 function FanMonitor_begin
                                    713 ;	-----------------------------------------
      00005C                        714 _FanMonitor_begin:
      00005C AF F0            [24]  715 	mov	r7,b
      00005E AE 83            [24]  716 	mov	r6,dph
      000060 E5 82            [12]  717 	mov	a,dpl
      000062 90r00r01         [24]  718 	mov	dptr,#_FanMonitor_begin_fm_65536_178
      000065 F0               [24]  719 	movx	@dptr,a
      000066 EE               [12]  720 	mov	a,r6
      000067 A3               [24]  721 	inc	dptr
      000068 F0               [24]  722 	movx	@dptr,a
      000069 EF               [12]  723 	mov	a,r7
      00006A A3               [24]  724 	inc	dptr
      00006B F0               [24]  725 	movx	@dptr,a
                                    726 ;	C:\Users\tonyp\Downloads\ch552-turbo-fan-ctrl\src\fan_monitor.c:18: fm->tach_pin = pin;
      00006C 90r00r01         [24]  727 	mov	dptr,#_FanMonitor_begin_fm_65536_178
      00006F E0               [24]  728 	movx	a,@dptr
      000070 FD               [12]  729 	mov	r5,a
      000071 A3               [24]  730 	inc	dptr
      000072 E0               [24]  731 	movx	a,@dptr
      000073 FE               [12]  732 	mov	r6,a
      000074 A3               [24]  733 	inc	dptr
      000075 E0               [24]  734 	movx	a,@dptr
      000076 FF               [12]  735 	mov	r7,a
      000077 90r00r00         [24]  736 	mov	dptr,#_FanMonitor_begin_PARM_2
      00007A E0               [24]  737 	movx	a,@dptr
      00007B 8D 82            [24]  738 	mov	dpl,r5
      00007D 8E 83            [24]  739 	mov	dph,r6
      00007F 8F F0            [24]  740 	mov	b,r7
      000081 12r00r00         [24]  741 	lcall	__gptrput
                                    742 ;	C:\Users\tonyp\Downloads\ch552-turbo-fan-ctrl\src\fan_monitor.c:19: fm->pulse_count = 0;
      000084 74 01            [12]  743 	mov	a,#0x01
      000086 2D               [12]  744 	add	a,r5
      000087 FA               [12]  745 	mov	r2,a
      000088 E4               [12]  746 	clr	a
      000089 3E               [12]  747 	addc	a,r6
      00008A FB               [12]  748 	mov	r3,a
      00008B 8F 04            [24]  749 	mov	ar4,r7
      00008D 8A 82            [24]  750 	mov	dpl,r2
      00008F 8B 83            [24]  751 	mov	dph,r3
      000091 8C F0            [24]  752 	mov	b,r4
      000093 E4               [12]  753 	clr	a
      000094 12r00r00         [24]  754 	lcall	__gptrput
      000097 A3               [24]  755 	inc	dptr
      000098 12r00r00         [24]  756 	lcall	__gptrput
      00009B A3               [24]  757 	inc	dptr
      00009C 12r00r00         [24]  758 	lcall	__gptrput
      00009F A3               [24]  759 	inc	dptr
      0000A0 12r00r00         [24]  760 	lcall	__gptrput
                                    761 ;	C:\Users\tonyp\Downloads\ch552-turbo-fan-ctrl\src\fan_monitor.c:20: fm->last_rpm = 0;
      0000A3 74 05            [12]  762 	mov	a,#0x05
      0000A5 2D               [12]  763 	add	a,r5
      0000A6 FA               [12]  764 	mov	r2,a
      0000A7 E4               [12]  765 	clr	a
      0000A8 3E               [12]  766 	addc	a,r6
      0000A9 FB               [12]  767 	mov	r3,a
      0000AA 8F 04            [24]  768 	mov	ar4,r7
      0000AC 8A 82            [24]  769 	mov	dpl,r2
      0000AE 8B 83            [24]  770 	mov	dph,r3
      0000B0 8C F0            [24]  771 	mov	b,r4
      0000B2 E4               [12]  772 	clr	a
      0000B3 12r00r00         [24]  773 	lcall	__gptrput
      0000B6 A3               [24]  774 	inc	dptr
      0000B7 12r00r00         [24]  775 	lcall	__gptrput
      0000BA A3               [24]  776 	inc	dptr
      0000BB 12r00r00         [24]  777 	lcall	__gptrput
      0000BE A3               [24]  778 	inc	dptr
      0000BF 12r00r00         [24]  779 	lcall	__gptrput
                                    780 ;	C:\Users\tonyp\Downloads\ch552-turbo-fan-ctrl\src\fan_monitor.c:21: fm->last_calc_time = millis();
      0000C2 74 09            [12]  781 	mov	a,#0x09
      0000C4 2D               [12]  782 	add	a,r5
      0000C5 F5*00            [12]  783 	mov	_FanMonitor_begin_sloc0_1_0,a
      0000C7 E4               [12]  784 	clr	a
      0000C8 3E               [12]  785 	addc	a,r6
      0000C9 F5*01            [12]  786 	mov	(_FanMonitor_begin_sloc0_1_0 + 1),a
      0000CB 8F*02            [24]  787 	mov	(_FanMonitor_begin_sloc0_1_0 + 2),r7
      0000CD C0 07            [24]  788 	push	ar7
      0000CF C0 06            [24]  789 	push	ar6
      0000D1 C0 05            [24]  790 	push	ar5
      0000D3 12r00r00         [24]  791 	lcall	_millis
      0000D6 A8 82            [24]  792 	mov	r0,dpl
      0000D8 AB 83            [24]  793 	mov	r3,dph
      0000DA A9 F0            [24]  794 	mov	r1,b
      0000DC FC               [12]  795 	mov	r4,a
      0000DD D0 05            [24]  796 	pop	ar5
      0000DF D0 06            [24]  797 	pop	ar6
      0000E1 D0 07            [24]  798 	pop	ar7
      0000E3 85*00 82         [24]  799 	mov	dpl,_FanMonitor_begin_sloc0_1_0
      0000E6 85*01 83         [24]  800 	mov	dph,(_FanMonitor_begin_sloc0_1_0 + 1)
      0000E9 85*02 F0         [24]  801 	mov	b,(_FanMonitor_begin_sloc0_1_0 + 2)
      0000EC E8               [12]  802 	mov	a,r0
      0000ED 12r00r00         [24]  803 	lcall	__gptrput
      0000F0 A3               [24]  804 	inc	dptr
      0000F1 EB               [12]  805 	mov	a,r3
      0000F2 12r00r00         [24]  806 	lcall	__gptrput
      0000F5 A3               [24]  807 	inc	dptr
      0000F6 E9               [12]  808 	mov	a,r1
      0000F7 12r00r00         [24]  809 	lcall	__gptrput
      0000FA A3               [24]  810 	inc	dptr
      0000FB EC               [12]  811 	mov	a,r4
      0000FC 12r00r00         [24]  812 	lcall	__gptrput
                                    813 ;	C:\Users\tonyp\Downloads\ch552-turbo-fan-ctrl\src\fan_monitor.c:22: fm->stall_count = 0;
      0000FF 74 0D            [12]  814 	mov	a,#0x0d
      000101 2D               [12]  815 	add	a,r5
      000102 FA               [12]  816 	mov	r2,a
      000103 E4               [12]  817 	clr	a
      000104 3E               [12]  818 	addc	a,r6
      000105 FB               [12]  819 	mov	r3,a
      000106 8F 04            [24]  820 	mov	ar4,r7
      000108 8A 82            [24]  821 	mov	dpl,r2
      00010A 8B 83            [24]  822 	mov	dph,r3
      00010C 8C F0            [24]  823 	mov	b,r4
      00010E E4               [12]  824 	clr	a
      00010F 12r00r00         [24]  825 	lcall	__gptrput
                                    826 ;	C:\Users\tonyp\Downloads\ch552-turbo-fan-ctrl\src\fan_monitor.c:23: fm->is_stalled = false;
      000112 74 0E            [12]  827 	mov	a,#0x0e
      000114 2D               [12]  828 	add	a,r5
      000115 FA               [12]  829 	mov	r2,a
      000116 E4               [12]  830 	clr	a
      000117 3E               [12]  831 	addc	a,r6
      000118 FB               [12]  832 	mov	r3,a
      000119 8F 04            [24]  833 	mov	ar4,r7
      00011B 8A 82            [24]  834 	mov	dpl,r2
      00011D 8B 83            [24]  835 	mov	dph,r3
      00011F 8C F0            [24]  836 	mov	b,r4
      000121 E4               [12]  837 	clr	a
      000122 12r00r00         [24]  838 	lcall	__gptrput
                                    839 ;	C:\Users\tonyp\Downloads\ch552-turbo-fan-ctrl\src\fan_monitor.c:26: pinMode(fm->tach_pin, INPUT_PULLUP);
      000125 8D 82            [24]  840 	mov	dpl,r5
      000127 8E 83            [24]  841 	mov	dph,r6
      000129 8F F0            [24]  842 	mov	b,r7
      00012B 12r00r00         [24]  843 	lcall	__gptrget
      00012E FC               [12]  844 	mov	r4,a
      00012F 90r00r00         [24]  845 	mov	dptr,#_pinMode_PARM_2
      000132 74 02            [12]  846 	mov	a,#0x02
      000134 F0               [24]  847 	movx	@dptr,a
      000135 8C 82            [24]  848 	mov	dpl,r4
      000137 C0 07            [24]  849 	push	ar7
      000139 C0 06            [24]  850 	push	ar6
      00013B C0 05            [24]  851 	push	ar5
      00013D 12r00r00         [24]  852 	lcall	_pinMode
      000140 D0 05            [24]  853 	pop	ar5
      000142 D0 06            [24]  854 	pop	ar6
      000144 D0 07            [24]  855 	pop	ar7
                                    856 ;	C:\Users\tonyp\Downloads\ch552-turbo-fan-ctrl\src\fan_monitor.c:29: g_fan_monitor_instance = fm;
      000146 90r00r00         [24]  857 	mov	dptr,#_g_fan_monitor_instance
      000149 ED               [12]  858 	mov	a,r5
      00014A F0               [24]  859 	movx	@dptr,a
      00014B EE               [12]  860 	mov	a,r6
      00014C A3               [24]  861 	inc	dptr
      00014D F0               [24]  862 	movx	@dptr,a
      00014E EF               [12]  863 	mov	a,r7
      00014F A3               [24]  864 	inc	dptr
      000150 F0               [24]  865 	movx	@dptr,a
                                    866 ;	C:\Users\tonyp\Downloads\ch552-turbo-fan-ctrl\src\fan_monitor.c:31: attachInterrupt(0, fan_monitor_tachISR, FALLING);
      000151 90r00r00         [24]  867 	mov	dptr,#_attachInterrupt_PARM_2
      000154 74r00            [12]  868 	mov	a,#_fan_monitor_tachISR
      000156 F0               [24]  869 	movx	@dptr,a
      000157 74s00            [12]  870 	mov	a,#(_fan_monitor_tachISR >> 8)
      000159 A3               [24]  871 	inc	dptr
      00015A F0               [24]  872 	movx	@dptr,a
      00015B 90r00r00         [24]  873 	mov	dptr,#_attachInterrupt_PARM_3
      00015E 74 01            [12]  874 	mov	a,#0x01
      000160 F0               [24]  875 	movx	@dptr,a
      000161 75 82 00         [24]  876 	mov	dpl,#0x00
                                    877 ;	C:\Users\tonyp\Downloads\ch552-turbo-fan-ctrl\src\fan_monitor.c:32: }
      000164 02r00r00         [24]  878 	ljmp	_attachInterrupt
                                    879 ;------------------------------------------------------------
                                    880 ;Allocation info for local variables in function 'FanMonitor_updateRPM'
                                    881 ;------------------------------------------------------------
                                    882 ;sloc0                     Allocated with name '_FanMonitor_updateRPM_sloc0_1_0'
                                    883 ;sloc1                     Allocated with name '_FanMonitor_updateRPM_sloc1_1_0'
                                    884 ;sloc2                     Allocated with name '_FanMonitor_updateRPM_sloc2_1_0'
                                    885 ;sloc3                     Allocated with name '_FanMonitor_updateRPM_sloc3_1_0'
                                    886 ;sloc4                     Allocated with name '_FanMonitor_updateRPM_sloc4_1_0'
                                    887 ;fm                        Allocated with name '_FanMonitor_updateRPM_fm_65536_180'
                                    888 ;now                       Allocated with name '_FanMonitor_updateRPM_now_65536_181'
                                    889 ;elapsed                   Allocated with name '_FanMonitor_updateRPM_elapsed_65536_181'
                                    890 ;pulses                    Allocated with name '_FanMonitor_updateRPM_pulses_131072_182'
                                    891 ;------------------------------------------------------------
                                    892 ;	C:\Users\tonyp\Downloads\ch552-turbo-fan-ctrl\src\fan_monitor.c:34: uint32_t FanMonitor_updateRPM(FanMonitor* fm) {
                                    893 ;	-----------------------------------------
                                    894 ;	 function FanMonitor_updateRPM
                                    895 ;	-----------------------------------------
      000167                        896 _FanMonitor_updateRPM:
      000167 AF F0            [24]  897 	mov	r7,b
      000169 AE 83            [24]  898 	mov	r6,dph
      00016B E5 82            [12]  899 	mov	a,dpl
      00016D 90r00r04         [24]  900 	mov	dptr,#_FanMonitor_updateRPM_fm_65536_180
      000170 F0               [24]  901 	movx	@dptr,a
      000171 EE               [12]  902 	mov	a,r6
      000172 A3               [24]  903 	inc	dptr
      000173 F0               [24]  904 	movx	@dptr,a
      000174 EF               [12]  905 	mov	a,r7
      000175 A3               [24]  906 	inc	dptr
      000176 F0               [24]  907 	movx	@dptr,a
                                    908 ;	C:\Users\tonyp\Downloads\ch552-turbo-fan-ctrl\src\fan_monitor.c:35: unsigned long now = millis();
      000177 12r00r00         [24]  909 	lcall	_millis
      00017A 85 82*06         [24]  910 	mov	_FanMonitor_updateRPM_sloc1_1_0,dpl
      00017D 85 83*07         [24]  911 	mov	(_FanMonitor_updateRPM_sloc1_1_0 + 1),dph
      000180 85 F0*08         [24]  912 	mov	(_FanMonitor_updateRPM_sloc1_1_0 + 2),b
      000183 F5*09            [12]  913 	mov	(_FanMonitor_updateRPM_sloc1_1_0 + 3),a
                                    914 ;	C:\Users\tonyp\Downloads\ch552-turbo-fan-ctrl\src\fan_monitor.c:36: unsigned long elapsed = now - fm->last_calc_time;
      000185 90r00r04         [24]  915 	mov	dptr,#_FanMonitor_updateRPM_fm_65536_180
      000188 E0               [24]  916 	movx	a,@dptr
      000189 F9               [12]  917 	mov	r1,a
      00018A A3               [24]  918 	inc	dptr
      00018B E0               [24]  919 	movx	a,@dptr
      00018C FA               [12]  920 	mov	r2,a
      00018D A3               [24]  921 	inc	dptr
      00018E E0               [24]  922 	movx	a,@dptr
      00018F FB               [12]  923 	mov	r3,a
      000190 74 09            [12]  924 	mov	a,#0x09
      000192 29               [12]  925 	add	a,r1
      000193 F5*03            [12]  926 	mov	_FanMonitor_updateRPM_sloc0_1_0,a
      000195 E4               [12]  927 	clr	a
      000196 3A               [12]  928 	addc	a,r2
      000197 F5*04            [12]  929 	mov	(_FanMonitor_updateRPM_sloc0_1_0 + 1),a
      000199 8B*05            [24]  930 	mov	(_FanMonitor_updateRPM_sloc0_1_0 + 2),r3
      00019B 85*03 82         [24]  931 	mov	dpl,_FanMonitor_updateRPM_sloc0_1_0
      00019E 85*04 83         [24]  932 	mov	dph,(_FanMonitor_updateRPM_sloc0_1_0 + 1)
      0001A1 85*05 F0         [24]  933 	mov	b,(_FanMonitor_updateRPM_sloc0_1_0 + 2)
      0001A4 12r00r00         [24]  934 	lcall	__gptrget
      0001A7 F8               [12]  935 	mov	r0,a
      0001A8 A3               [24]  936 	inc	dptr
      0001A9 12r00r00         [24]  937 	lcall	__gptrget
      0001AC FD               [12]  938 	mov	r5,a
      0001AD A3               [24]  939 	inc	dptr
      0001AE 12r00r00         [24]  940 	lcall	__gptrget
      0001B1 FE               [12]  941 	mov	r6,a
      0001B2 A3               [24]  942 	inc	dptr
      0001B3 12r00r00         [24]  943 	lcall	__gptrget
      0001B6 FF               [12]  944 	mov	r7,a
      0001B7 E5*06            [12]  945 	mov	a,_FanMonitor_updateRPM_sloc1_1_0
      0001B9 C3               [12]  946 	clr	c
      0001BA 98               [12]  947 	subb	a,r0
      0001BB F5*0A            [12]  948 	mov	_FanMonitor_updateRPM_sloc2_1_0,a
      0001BD E5*07            [12]  949 	mov	a,(_FanMonitor_updateRPM_sloc1_1_0 + 1)
      0001BF 9D               [12]  950 	subb	a,r5
      0001C0 F5*0B            [12]  951 	mov	(_FanMonitor_updateRPM_sloc2_1_0 + 1),a
      0001C2 E5*08            [12]  952 	mov	a,(_FanMonitor_updateRPM_sloc1_1_0 + 2)
      0001C4 9E               [12]  953 	subb	a,r6
      0001C5 F5*0C            [12]  954 	mov	(_FanMonitor_updateRPM_sloc2_1_0 + 2),a
      0001C7 E5*09            [12]  955 	mov	a,(_FanMonitor_updateRPM_sloc1_1_0 + 3)
      0001C9 9F               [12]  956 	subb	a,r7
      0001CA F5*0D            [12]  957 	mov	(_FanMonitor_updateRPM_sloc2_1_0 + 3),a
                                    958 ;	C:\Users\tonyp\Downloads\ch552-turbo-fan-ctrl\src\fan_monitor.c:39: if (elapsed >= 1000) {
      0001CC C3               [12]  959 	clr	c
      0001CD E5*0A            [12]  960 	mov	a,_FanMonitor_updateRPM_sloc2_1_0
      0001CF 94 E8            [12]  961 	subb	a,#0xe8
      0001D1 E5*0B            [12]  962 	mov	a,(_FanMonitor_updateRPM_sloc2_1_0 + 1)
      0001D3 94 03            [12]  963 	subb	a,#0x03
      0001D5 E5*0C            [12]  964 	mov	a,(_FanMonitor_updateRPM_sloc2_1_0 + 2)
      0001D7 94 00            [12]  965 	subb	a,#0x00
      0001D9 E5*0D            [12]  966 	mov	a,(_FanMonitor_updateRPM_sloc2_1_0 + 3)
      0001DB 94 00            [12]  967 	subb	a,#0x00
      0001DD 50 03            [24]  968 	jnc	00122$
      0001DF 02r03r4B         [24]  969 	ljmp	00107$
      0001E2                        970 00122$:
                                    971 ;	C:\Users\tonyp\Downloads\ch552-turbo-fan-ctrl\src\fan_monitor.c:40: uint32_t pulses = fm->pulse_count;
      0001E2 74 01            [12]  972 	mov	a,#0x01
      0001E4 29               [12]  973 	add	a,r1
      0001E5 F5*0E            [12]  974 	mov	_FanMonitor_updateRPM_sloc3_1_0,a
      0001E7 E4               [12]  975 	clr	a
      0001E8 3A               [12]  976 	addc	a,r2
      0001E9 F5*0F            [12]  977 	mov	(_FanMonitor_updateRPM_sloc3_1_0 + 1),a
      0001EB 8B*10            [24]  978 	mov	(_FanMonitor_updateRPM_sloc3_1_0 + 2),r3
      0001ED 85*0E 82         [24]  979 	mov	dpl,_FanMonitor_updateRPM_sloc3_1_0
      0001F0 85*0F 83         [24]  980 	mov	dph,(_FanMonitor_updateRPM_sloc3_1_0 + 1)
      0001F3 85*10 F0         [24]  981 	mov	b,(_FanMonitor_updateRPM_sloc3_1_0 + 2)
      0001F6 12r00r00         [24]  982 	lcall	__gptrget
      0001F9 F5*11            [12]  983 	mov	_FanMonitor_updateRPM_sloc4_1_0,a
      0001FB A3               [24]  984 	inc	dptr
      0001FC 12r00r00         [24]  985 	lcall	__gptrget
      0001FF F5*12            [12]  986 	mov	(_FanMonitor_updateRPM_sloc4_1_0 + 1),a
      000201 A3               [24]  987 	inc	dptr
      000202 12r00r00         [24]  988 	lcall	__gptrget
      000205 F5*13            [12]  989 	mov	(_FanMonitor_updateRPM_sloc4_1_0 + 2),a
      000207 A3               [24]  990 	inc	dptr
      000208 12r00r00         [24]  991 	lcall	__gptrget
      00020B F5*14            [12]  992 	mov	(_FanMonitor_updateRPM_sloc4_1_0 + 3),a
                                    993 ;	C:\Users\tonyp\Downloads\ch552-turbo-fan-ctrl\src\fan_monitor.c:41: fm->pulse_count = 0;
      00020D 85*0E 82         [24]  994 	mov	dpl,_FanMonitor_updateRPM_sloc3_1_0
      000210 85*0F 83         [24]  995 	mov	dph,(_FanMonitor_updateRPM_sloc3_1_0 + 1)
      000213 85*10 F0         [24]  996 	mov	b,(_FanMonitor_updateRPM_sloc3_1_0 + 2)
      000216 E4               [12]  997 	clr	a
      000217 12r00r00         [24]  998 	lcall	__gptrput
      00021A A3               [24]  999 	inc	dptr
      00021B 12r00r00         [24] 1000 	lcall	__gptrput
      00021E A3               [24] 1001 	inc	dptr
      00021F 12r00r00         [24] 1002 	lcall	__gptrput
      000222 A3               [24] 1003 	inc	dptr
      000223 12r00r00         [24] 1004 	lcall	__gptrput
                                   1005 ;	C:\Users\tonyp\Downloads\ch552-turbo-fan-ctrl\src\fan_monitor.c:46: fm->last_rpm = (pulses * 60000) / (elapsed * 2);
      000226 74 05            [12] 1006 	mov	a,#0x05
      000228 29               [12] 1007 	add	a,r1
      000229 F5*0E            [12] 1008 	mov	_FanMonitor_updateRPM_sloc3_1_0,a
      00022B E4               [12] 1009 	clr	a
      00022C 3A               [12] 1010 	addc	a,r2
      00022D F5*0F            [12] 1011 	mov	(_FanMonitor_updateRPM_sloc3_1_0 + 1),a
      00022F 8B*10            [24] 1012 	mov	(_FanMonitor_updateRPM_sloc3_1_0 + 2),r3
      000231 C0 03            [24] 1013 	push	ar3
      000233 C0 02            [24] 1014 	push	ar2
      000235 C0 01            [24] 1015 	push	ar1
      000237 C0*11            [24] 1016 	push	_FanMonitor_updateRPM_sloc4_1_0
      000239 C0*12            [24] 1017 	push	(_FanMonitor_updateRPM_sloc4_1_0 + 1)
      00023B C0*13            [24] 1018 	push	(_FanMonitor_updateRPM_sloc4_1_0 + 2)
      00023D C0*14            [24] 1019 	push	(_FanMonitor_updateRPM_sloc4_1_0 + 3)
      00023F 90 EA 60         [24] 1020 	mov	dptr,#0xea60
      000242 E4               [12] 1021 	clr	a
      000243 F5 F0            [12] 1022 	mov	b,a
      000245 12r00r00         [24] 1023 	lcall	__mullong
      000248 AC 82            [24] 1024 	mov	r4,dpl
      00024A AD 83            [24] 1025 	mov	r5,dph
      00024C AE F0            [24] 1026 	mov	r6,b
      00024E FF               [12] 1027 	mov	r7,a
      00024F E5 81            [12] 1028 	mov	a,sp
      000251 24 FC            [12] 1029 	add	a,#0xfc
      000253 F5 81            [12] 1030 	mov	sp,a
      000255 D0 01            [24] 1031 	pop	ar1
      000257 D0 02            [24] 1032 	pop	ar2
      000259 D0 03            [24] 1033 	pop	ar3
      00025B C0 01            [24] 1034 	push	ar1
      00025D C0 02            [24] 1035 	push	ar2
      00025F C0 03            [24] 1036 	push	ar3
      000261 E5*0A            [12] 1037 	mov	a,_FanMonitor_updateRPM_sloc2_1_0
      000263 25*0A            [12] 1038 	add	a,_FanMonitor_updateRPM_sloc2_1_0
      000265 F8               [12] 1039 	mov	r0,a
      000266 E5*0B            [12] 1040 	mov	a,(_FanMonitor_updateRPM_sloc2_1_0 + 1)
      000268 33               [12] 1041 	rlc	a
      000269 F9               [12] 1042 	mov	r1,a
      00026A E5*0C            [12] 1043 	mov	a,(_FanMonitor_updateRPM_sloc2_1_0 + 2)
      00026C 33               [12] 1044 	rlc	a
      00026D FA               [12] 1045 	mov	r2,a
      00026E E5*0D            [12] 1046 	mov	a,(_FanMonitor_updateRPM_sloc2_1_0 + 3)
      000270 33               [12] 1047 	rlc	a
      000271 FB               [12] 1048 	mov	r3,a
      000272 C0 03            [24] 1049 	push	ar3
      000274 C0 02            [24] 1050 	push	ar2
      000276 C0 01            [24] 1051 	push	ar1
      000278 C0 00            [24] 1052 	push	ar0
      00027A C0 01            [24] 1053 	push	ar1
      00027C C0 02            [24] 1054 	push	ar2
      00027E C0 03            [24] 1055 	push	ar3
      000280 8C 82            [24] 1056 	mov	dpl,r4
      000282 8D 83            [24] 1057 	mov	dph,r5
      000284 8E F0            [24] 1058 	mov	b,r6
      000286 EF               [12] 1059 	mov	a,r7
      000287 12r00r00         [24] 1060 	lcall	__divulong
      00028A AC 82            [24] 1061 	mov	r4,dpl
      00028C AE 83            [24] 1062 	mov	r6,dph
      00028E AD F0            [24] 1063 	mov	r5,b
      000290 FF               [12] 1064 	mov	r7,a
      000291 E5 81            [12] 1065 	mov	a,sp
      000293 24 FC            [12] 1066 	add	a,#0xfc
      000295 F5 81            [12] 1067 	mov	sp,a
      000297 D0 01            [24] 1068 	pop	ar1
      000299 D0 02            [24] 1069 	pop	ar2
      00029B D0 03            [24] 1070 	pop	ar3
      00029D 85*0E 82         [24] 1071 	mov	dpl,_FanMonitor_updateRPM_sloc3_1_0
      0002A0 85*0F 83         [24] 1072 	mov	dph,(_FanMonitor_updateRPM_sloc3_1_0 + 1)
      0002A3 85*10 F0         [24] 1073 	mov	b,(_FanMonitor_updateRPM_sloc3_1_0 + 2)
      0002A6 EC               [12] 1074 	mov	a,r4
      0002A7 12r00r00         [24] 1075 	lcall	__gptrput
      0002AA A3               [24] 1076 	inc	dptr
      0002AB EE               [12] 1077 	mov	a,r6
      0002AC 12r00r00         [24] 1078 	lcall	__gptrput
      0002AF A3               [24] 1079 	inc	dptr
      0002B0 ED               [12] 1080 	mov	a,r5
      0002B1 12r00r00         [24] 1081 	lcall	__gptrput
      0002B4 A3               [24] 1082 	inc	dptr
      0002B5 EF               [12] 1083 	mov	a,r7
      0002B6 12r00r00         [24] 1084 	lcall	__gptrput
                                   1085 ;	C:\Users\tonyp\Downloads\ch552-turbo-fan-ctrl\src\fan_monitor.c:47: fm->last_calc_time = now;
      0002B9 85*03 82         [24] 1086 	mov	dpl,_FanMonitor_updateRPM_sloc0_1_0
      0002BC 85*04 83         [24] 1087 	mov	dph,(_FanMonitor_updateRPM_sloc0_1_0 + 1)
      0002BF 85*05 F0         [24] 1088 	mov	b,(_FanMonitor_updateRPM_sloc0_1_0 + 2)
      0002C2 E5*06            [12] 1089 	mov	a,_FanMonitor_updateRPM_sloc1_1_0
      0002C4 12r00r00         [24] 1090 	lcall	__gptrput
      0002C7 A3               [24] 1091 	inc	dptr
      0002C8 E5*07            [12] 1092 	mov	a,(_FanMonitor_updateRPM_sloc1_1_0 + 1)
      0002CA 12r00r00         [24] 1093 	lcall	__gptrput
      0002CD A3               [24] 1094 	inc	dptr
      0002CE E5*08            [12] 1095 	mov	a,(_FanMonitor_updateRPM_sloc1_1_0 + 2)
      0002D0 12r00r00         [24] 1096 	lcall	__gptrput
      0002D3 A3               [24] 1097 	inc	dptr
      0002D4 E5*09            [12] 1098 	mov	a,(_FanMonitor_updateRPM_sloc1_1_0 + 3)
      0002D6 12r00r00         [24] 1099 	lcall	__gptrput
                                   1100 ;	C:\Users\tonyp\Downloads\ch552-turbo-fan-ctrl\src\fan_monitor.c:50: if (fm->last_rpm < RPM_STALL_THRESH) {
      0002D9 C3               [12] 1101 	clr	c
      0002DA EC               [12] 1102 	mov	a,r4
      0002DB 94 C8            [12] 1103 	subb	a,#0xc8
      0002DD EE               [12] 1104 	mov	a,r6
      0002DE 94 00            [12] 1105 	subb	a,#0x00
      0002E0 ED               [12] 1106 	mov	a,r5
      0002E1 94 00            [12] 1107 	subb	a,#0x00
      0002E3 EF               [12] 1108 	mov	a,r7
      0002E4 94 00            [12] 1109 	subb	a,#0x00
      0002E6 D0 03            [24] 1110 	pop	ar3
      0002E8 D0 02            [24] 1111 	pop	ar2
      0002EA D0 01            [24] 1112 	pop	ar1
      0002EC 50 39            [24] 1113 	jnc	00104$
                                   1114 ;	C:\Users\tonyp\Downloads\ch552-turbo-fan-ctrl\src\fan_monitor.c:51: fm->stall_count++;
      0002EE 74 0D            [12] 1115 	mov	a,#0x0d
      0002F0 29               [12] 1116 	add	a,r1
      0002F1 FD               [12] 1117 	mov	r5,a
      0002F2 E4               [12] 1118 	clr	a
      0002F3 3A               [12] 1119 	addc	a,r2
      0002F4 FE               [12] 1120 	mov	r6,a
      0002F5 8B 07            [24] 1121 	mov	ar7,r3
      0002F7 8D 82            [24] 1122 	mov	dpl,r5
      0002F9 8E 83            [24] 1123 	mov	dph,r6
      0002FB 8F F0            [24] 1124 	mov	b,r7
      0002FD 12r00r00         [24] 1125 	lcall	__gptrget
      000300 FC               [12] 1126 	mov	r4,a
      000301 0C               [12] 1127 	inc	r4
      000302 8D 82            [24] 1128 	mov	dpl,r5
      000304 8E 83            [24] 1129 	mov	dph,r6
      000306 8F F0            [24] 1130 	mov	b,r7
      000308 EC               [12] 1131 	mov	a,r4
      000309 12r00r00         [24] 1132 	lcall	__gptrput
                                   1133 ;	C:\Users\tonyp\Downloads\ch552-turbo-fan-ctrl\src\fan_monitor.c:52: if (fm->stall_count >= 2) {
      00030C BC 02 00         [24] 1134 	cjne	r4,#0x02,00124$
      00030F                       1135 00124$:
      00030F 40 3A            [24] 1136 	jc	00107$
                                   1137 ;	C:\Users\tonyp\Downloads\ch552-turbo-fan-ctrl\src\fan_monitor.c:53: fm->is_stalled = true;
      000311 74 0E            [12] 1138 	mov	a,#0x0e
      000313 29               [12] 1139 	add	a,r1
      000314 FD               [12] 1140 	mov	r5,a
      000315 E4               [12] 1141 	clr	a
      000316 3A               [12] 1142 	addc	a,r2
      000317 FE               [12] 1143 	mov	r6,a
      000318 8B 07            [24] 1144 	mov	ar7,r3
      00031A 8D 82            [24] 1145 	mov	dpl,r5
      00031C 8E 83            [24] 1146 	mov	dph,r6
      00031E 8F F0            [24] 1147 	mov	b,r7
      000320 74 01            [12] 1148 	mov	a,#0x01
      000322 12r00r00         [24] 1149 	lcall	__gptrput
      000325 80 24            [24] 1150 	sjmp	00107$
      000327                       1151 00104$:
                                   1152 ;	C:\Users\tonyp\Downloads\ch552-turbo-fan-ctrl\src\fan_monitor.c:56: fm->stall_count = 0;
      000327 74 0D            [12] 1153 	mov	a,#0x0d
      000329 29               [12] 1154 	add	a,r1
      00032A FD               [12] 1155 	mov	r5,a
      00032B E4               [12] 1156 	clr	a
      00032C 3A               [12] 1157 	addc	a,r2
      00032D FE               [12] 1158 	mov	r6,a
      00032E 8B 07            [24] 1159 	mov	ar7,r3
      000330 8D 82            [24] 1160 	mov	dpl,r5
      000332 8E 83            [24] 1161 	mov	dph,r6
      000334 8F F0            [24] 1162 	mov	b,r7
      000336 E4               [12] 1163 	clr	a
      000337 12r00r00         [24] 1164 	lcall	__gptrput
                                   1165 ;	C:\Users\tonyp\Downloads\ch552-turbo-fan-ctrl\src\fan_monitor.c:57: fm->is_stalled = false;
      00033A 74 0E            [12] 1166 	mov	a,#0x0e
      00033C 29               [12] 1167 	add	a,r1
      00033D F9               [12] 1168 	mov	r1,a
      00033E E4               [12] 1169 	clr	a
      00033F 3A               [12] 1170 	addc	a,r2
      000340 FA               [12] 1171 	mov	r2,a
      000341 89 82            [24] 1172 	mov	dpl,r1
      000343 8A 83            [24] 1173 	mov	dph,r2
      000345 8B F0            [24] 1174 	mov	b,r3
      000347 E4               [12] 1175 	clr	a
      000348 12r00r00         [24] 1176 	lcall	__gptrput
      00034B                       1177 00107$:
                                   1178 ;	C:\Users\tonyp\Downloads\ch552-turbo-fan-ctrl\src\fan_monitor.c:61: return fm->last_rpm;
      00034B 90r00r04         [24] 1179 	mov	dptr,#_FanMonitor_updateRPM_fm_65536_180
      00034E E0               [24] 1180 	movx	a,@dptr
      00034F FD               [12] 1181 	mov	r5,a
      000350 A3               [24] 1182 	inc	dptr
      000351 E0               [24] 1183 	movx	a,@dptr
      000352 FE               [12] 1184 	mov	r6,a
      000353 A3               [24] 1185 	inc	dptr
      000354 E0               [24] 1186 	movx	a,@dptr
      000355 FF               [12] 1187 	mov	r7,a
      000356 74 05            [12] 1188 	mov	a,#0x05
      000358 2D               [12] 1189 	add	a,r5
      000359 FD               [12] 1190 	mov	r5,a
      00035A E4               [12] 1191 	clr	a
      00035B 3E               [12] 1192 	addc	a,r6
      00035C FE               [12] 1193 	mov	r6,a
      00035D 8D 82            [24] 1194 	mov	dpl,r5
      00035F 8E 83            [24] 1195 	mov	dph,r6
      000361 8F F0            [24] 1196 	mov	b,r7
      000363 12r00r00         [24] 1197 	lcall	__gptrget
      000366 FD               [12] 1198 	mov	r5,a
      000367 A3               [24] 1199 	inc	dptr
      000368 12r00r00         [24] 1200 	lcall	__gptrget
      00036B FE               [12] 1201 	mov	r6,a
      00036C A3               [24] 1202 	inc	dptr
      00036D 12r00r00         [24] 1203 	lcall	__gptrget
      000370 FF               [12] 1204 	mov	r7,a
      000371 A3               [24] 1205 	inc	dptr
      000372 12r00r00         [24] 1206 	lcall	__gptrget
      000375 8D 82            [24] 1207 	mov	dpl,r5
      000377 8E 83            [24] 1208 	mov	dph,r6
      000379 8F F0            [24] 1209 	mov	b,r7
                                   1210 ;	C:\Users\tonyp\Downloads\ch552-turbo-fan-ctrl\src\fan_monitor.c:62: }
      00037B 22               [24] 1211 	ret
                                   1212 ;------------------------------------------------------------
                                   1213 ;Allocation info for local variables in function 'FanMonitor_getRPM'
                                   1214 ;------------------------------------------------------------
                                   1215 ;fm                        Allocated with name '_FanMonitor_getRPM_fm_65536_186'
                                   1216 ;------------------------------------------------------------
                                   1217 ;	C:\Users\tonyp\Downloads\ch552-turbo-fan-ctrl\src\fan_monitor.c:64: uint32_t FanMonitor_getRPM(const FanMonitor* fm) {
                                   1218 ;	-----------------------------------------
                                   1219 ;	 function FanMonitor_getRPM
                                   1220 ;	-----------------------------------------
      00037C                       1221 _FanMonitor_getRPM:
      00037C AF F0            [24] 1222 	mov	r7,b
      00037E AE 83            [24] 1223 	mov	r6,dph
      000380 E5 82            [12] 1224 	mov	a,dpl
      000382 90r00r07         [24] 1225 	mov	dptr,#_FanMonitor_getRPM_fm_65536_186
      000385 F0               [24] 1226 	movx	@dptr,a
      000386 EE               [12] 1227 	mov	a,r6
      000387 A3               [24] 1228 	inc	dptr
      000388 F0               [24] 1229 	movx	@dptr,a
      000389 EF               [12] 1230 	mov	a,r7
      00038A A3               [24] 1231 	inc	dptr
      00038B F0               [24] 1232 	movx	@dptr,a
                                   1233 ;	C:\Users\tonyp\Downloads\ch552-turbo-fan-ctrl\src\fan_monitor.c:65: return fm->last_rpm;
      00038C 90r00r07         [24] 1234 	mov	dptr,#_FanMonitor_getRPM_fm_65536_186
      00038F E0               [24] 1235 	movx	a,@dptr
      000390 FD               [12] 1236 	mov	r5,a
      000391 A3               [24] 1237 	inc	dptr
      000392 E0               [24] 1238 	movx	a,@dptr
      000393 FE               [12] 1239 	mov	r6,a
      000394 A3               [24] 1240 	inc	dptr
      000395 E0               [24] 1241 	movx	a,@dptr
      000396 FF               [12] 1242 	mov	r7,a
      000397 74 05            [12] 1243 	mov	a,#0x05
      000399 2D               [12] 1244 	add	a,r5
      00039A FD               [12] 1245 	mov	r5,a
      00039B E4               [12] 1246 	clr	a
      00039C 3E               [12] 1247 	addc	a,r6
      00039D FE               [12] 1248 	mov	r6,a
      00039E 8D 82            [24] 1249 	mov	dpl,r5
      0003A0 8E 83            [24] 1250 	mov	dph,r6
      0003A2 8F F0            [24] 1251 	mov	b,r7
      0003A4 12r00r00         [24] 1252 	lcall	__gptrget
      0003A7 FD               [12] 1253 	mov	r5,a
      0003A8 A3               [24] 1254 	inc	dptr
      0003A9 12r00r00         [24] 1255 	lcall	__gptrget
      0003AC FE               [12] 1256 	mov	r6,a
      0003AD A3               [24] 1257 	inc	dptr
      0003AE 12r00r00         [24] 1258 	lcall	__gptrget
      0003B1 FF               [12] 1259 	mov	r7,a
      0003B2 A3               [24] 1260 	inc	dptr
      0003B3 12r00r00         [24] 1261 	lcall	__gptrget
      0003B6 8D 82            [24] 1262 	mov	dpl,r5
      0003B8 8E 83            [24] 1263 	mov	dph,r6
      0003BA 8F F0            [24] 1264 	mov	b,r7
                                   1265 ;	C:\Users\tonyp\Downloads\ch552-turbo-fan-ctrl\src\fan_monitor.c:66: }
      0003BC 22               [24] 1266 	ret
                                   1267 ;------------------------------------------------------------
                                   1268 ;Allocation info for local variables in function 'FanMonitor_isStalled'
                                   1269 ;------------------------------------------------------------
                                   1270 ;fm                        Allocated with name '_FanMonitor_isStalled_fm_65536_188'
                                   1271 ;------------------------------------------------------------
                                   1272 ;	C:\Users\tonyp\Downloads\ch552-turbo-fan-ctrl\src\fan_monitor.c:68: bool FanMonitor_isStalled(const FanMonitor* fm) {
                                   1273 ;	-----------------------------------------
                                   1274 ;	 function FanMonitor_isStalled
                                   1275 ;	-----------------------------------------
      0003BD                       1276 _FanMonitor_isStalled:
      0003BD AF F0            [24] 1277 	mov	r7,b
      0003BF AE 83            [24] 1278 	mov	r6,dph
      0003C1 E5 82            [12] 1279 	mov	a,dpl
      0003C3 90r00r0A         [24] 1280 	mov	dptr,#_FanMonitor_isStalled_fm_65536_188
      0003C6 F0               [24] 1281 	movx	@dptr,a
      0003C7 EE               [12] 1282 	mov	a,r6
      0003C8 A3               [24] 1283 	inc	dptr
      0003C9 F0               [24] 1284 	movx	@dptr,a
      0003CA EF               [12] 1285 	mov	a,r7
      0003CB A3               [24] 1286 	inc	dptr
      0003CC F0               [24] 1287 	movx	@dptr,a
                                   1288 ;	C:\Users\tonyp\Downloads\ch552-turbo-fan-ctrl\src\fan_monitor.c:69: return fm->is_stalled;
      0003CD 90r00r0A         [24] 1289 	mov	dptr,#_FanMonitor_isStalled_fm_65536_188
      0003D0 E0               [24] 1290 	movx	a,@dptr
      0003D1 FD               [12] 1291 	mov	r5,a
      0003D2 A3               [24] 1292 	inc	dptr
      0003D3 E0               [24] 1293 	movx	a,@dptr
      0003D4 FE               [12] 1294 	mov	r6,a
      0003D5 A3               [24] 1295 	inc	dptr
      0003D6 E0               [24] 1296 	movx	a,@dptr
      0003D7 FF               [12] 1297 	mov	r7,a
      0003D8 74 0E            [12] 1298 	mov	a,#0x0e
      0003DA 2D               [12] 1299 	add	a,r5
      0003DB FD               [12] 1300 	mov	r5,a
      0003DC E4               [12] 1301 	clr	a
      0003DD 3E               [12] 1302 	addc	a,r6
      0003DE FE               [12] 1303 	mov	r6,a
      0003DF 8D 82            [24] 1304 	mov	dpl,r5
      0003E1 8E 83            [24] 1305 	mov	dph,r6
      0003E3 8F F0            [24] 1306 	mov	b,r7
      0003E5 12r00r00         [24] 1307 	lcall	__gptrget
                                   1308 ;	C:\Users\tonyp\Downloads\ch552-turbo-fan-ctrl\src\fan_monitor.c:70: }
      0003E8 F5 82            [12] 1309 	mov	dpl,a
      0003EA 22               [24] 1310 	ret
                                   1311 ;------------------------------------------------------------
                                   1312 ;Allocation info for local variables in function 'FanMonitor_resetStall'
                                   1313 ;------------------------------------------------------------
                                   1314 ;fm                        Allocated with name '_FanMonitor_resetStall_fm_65536_190'
                                   1315 ;------------------------------------------------------------
                                   1316 ;	C:\Users\tonyp\Downloads\ch552-turbo-fan-ctrl\src\fan_monitor.c:72: void FanMonitor_resetStall(FanMonitor* fm) {
                                   1317 ;	-----------------------------------------
                                   1318 ;	 function FanMonitor_resetStall
                                   1319 ;	-----------------------------------------
      0003EB                       1320 _FanMonitor_resetStall:
      0003EB AF F0            [24] 1321 	mov	r7,b
      0003ED AE 83            [24] 1322 	mov	r6,dph
      0003EF E5 82            [12] 1323 	mov	a,dpl
      0003F1 90r00r0D         [24] 1324 	mov	dptr,#_FanMonitor_resetStall_fm_65536_190
      0003F4 F0               [24] 1325 	movx	@dptr,a
      0003F5 EE               [12] 1326 	mov	a,r6
      0003F6 A3               [24] 1327 	inc	dptr
      0003F7 F0               [24] 1328 	movx	@dptr,a
      0003F8 EF               [12] 1329 	mov	a,r7
      0003F9 A3               [24] 1330 	inc	dptr
      0003FA F0               [24] 1331 	movx	@dptr,a
                                   1332 ;	C:\Users\tonyp\Downloads\ch552-turbo-fan-ctrl\src\fan_monitor.c:73: fm->is_stalled = false;
      0003FB 90r00r0D         [24] 1333 	mov	dptr,#_FanMonitor_resetStall_fm_65536_190
      0003FE E0               [24] 1334 	movx	a,@dptr
      0003FF FD               [12] 1335 	mov	r5,a
      000400 A3               [24] 1336 	inc	dptr
      000401 E0               [24] 1337 	movx	a,@dptr
      000402 FE               [12] 1338 	mov	r6,a
      000403 A3               [24] 1339 	inc	dptr
      000404 E0               [24] 1340 	movx	a,@dptr
      000405 FF               [12] 1341 	mov	r7,a
      000406 74 0E            [12] 1342 	mov	a,#0x0e
      000408 2D               [12] 1343 	add	a,r5
      000409 FA               [12] 1344 	mov	r2,a
      00040A E4               [12] 1345 	clr	a
      00040B 3E               [12] 1346 	addc	a,r6
      00040C FB               [12] 1347 	mov	r3,a
      00040D 8F 04            [24] 1348 	mov	ar4,r7
      00040F 8A 82            [24] 1349 	mov	dpl,r2
      000411 8B 83            [24] 1350 	mov	dph,r3
      000413 8C F0            [24] 1351 	mov	b,r4
      000415 E4               [12] 1352 	clr	a
      000416 12r00r00         [24] 1353 	lcall	__gptrput
                                   1354 ;	C:\Users\tonyp\Downloads\ch552-turbo-fan-ctrl\src\fan_monitor.c:74: fm->stall_count = 0;
      000419 74 0D            [12] 1355 	mov	a,#0x0d
      00041B 2D               [12] 1356 	add	a,r5
      00041C FD               [12] 1357 	mov	r5,a
      00041D E4               [12] 1358 	clr	a
      00041E 3E               [12] 1359 	addc	a,r6
      00041F FE               [12] 1360 	mov	r6,a
      000420 8D 82            [24] 1361 	mov	dpl,r5
      000422 8E 83            [24] 1362 	mov	dph,r6
      000424 8F F0            [24] 1363 	mov	b,r7
      000426 E4               [12] 1364 	clr	a
                                   1365 ;	C:\Users\tonyp\Downloads\ch552-turbo-fan-ctrl\src\fan_monitor.c:75: }
      000427 02r00r00         [24] 1366 	ljmp	__gptrput
                                   1367 ;------------------------------------------------------------
                                   1368 ;Allocation info for local variables in function 'FanMonitor_getStallCount'
                                   1369 ;------------------------------------------------------------
                                   1370 ;fm                        Allocated with name '_FanMonitor_getStallCount_fm_65536_192'
                                   1371 ;------------------------------------------------------------
                                   1372 ;	C:\Users\tonyp\Downloads\ch552-turbo-fan-ctrl\src\fan_monitor.c:77: uint8_t FanMonitor_getStallCount(const FanMonitor* fm) {
                                   1373 ;	-----------------------------------------
                                   1374 ;	 function FanMonitor_getStallCount
                                   1375 ;	-----------------------------------------
      00042A                       1376 _FanMonitor_getStallCount:
      00042A AF F0            [24] 1377 	mov	r7,b
      00042C AE 83            [24] 1378 	mov	r6,dph
      00042E E5 82            [12] 1379 	mov	a,dpl
      000430 90r00r10         [24] 1380 	mov	dptr,#_FanMonitor_getStallCount_fm_65536_192
      000433 F0               [24] 1381 	movx	@dptr,a
      000434 EE               [12] 1382 	mov	a,r6
      000435 A3               [24] 1383 	inc	dptr
      000436 F0               [24] 1384 	movx	@dptr,a
      000437 EF               [12] 1385 	mov	a,r7
      000438 A3               [24] 1386 	inc	dptr
      000439 F0               [24] 1387 	movx	@dptr,a
                                   1388 ;	C:\Users\tonyp\Downloads\ch552-turbo-fan-ctrl\src\fan_monitor.c:78: return fm->stall_count;
      00043A 90r00r10         [24] 1389 	mov	dptr,#_FanMonitor_getStallCount_fm_65536_192
      00043D E0               [24] 1390 	movx	a,@dptr
      00043E FD               [12] 1391 	mov	r5,a
      00043F A3               [24] 1392 	inc	dptr
      000440 E0               [24] 1393 	movx	a,@dptr
      000441 FE               [12] 1394 	mov	r6,a
      000442 A3               [24] 1395 	inc	dptr
      000443 E0               [24] 1396 	movx	a,@dptr
      000444 FF               [12] 1397 	mov	r7,a
      000445 74 0D            [12] 1398 	mov	a,#0x0d
      000447 2D               [12] 1399 	add	a,r5
      000448 FD               [12] 1400 	mov	r5,a
      000449 E4               [12] 1401 	clr	a
      00044A 3E               [12] 1402 	addc	a,r6
      00044B FE               [12] 1403 	mov	r6,a
      00044C 8D 82            [24] 1404 	mov	dpl,r5
      00044E 8E 83            [24] 1405 	mov	dph,r6
      000450 8F F0            [24] 1406 	mov	b,r7
      000452 12r00r00         [24] 1407 	lcall	__gptrget
                                   1408 ;	C:\Users\tonyp\Downloads\ch552-turbo-fan-ctrl\src\fan_monitor.c:79: }
      000455 F5 82            [12] 1409 	mov	dpl,a
      000457 22               [24] 1410 	ret
                                   1411 	.area CSEG    (CODE)
                                   1412 	.area CONST   (CODE)
                                   1413 	.area XINIT   (CODE)
      000000                       1414 __xinit__g_fan_monitor_instance:
                                   1415 ; generic printIvalPtr
      000000 00 00 00              1416 	.byte #0x00,#0x00,#0x00
                                   1417 	.area CABS    (ABS,CODE)
