                                      1 ;--------------------------------------------------------
                                      2 ; File Created by SDCC : free open source ISO C Compiler 
                                      3 ; Version 4.2.2 #13407 (MINGW32)
                                      4 ;--------------------------------------------------------
                                      5 	.module main
                                      6 	.optsdcc -mmcs51 --model-large
                                      7 	
                                      8 ;--------------------------------------------------------
                                      9 ; Public variables in this module
                                     10 ;--------------------------------------------------------
                                     11 	.globl _main2
                                     12 	.globl _read_adc_raw
                                     13 	.globl _USBController_begin
                                     14 	.globl _FanMonitor_getRPM
                                     15 	.globl _FanMonitor_updateRPM
                                     16 	.globl _FanMonitor_begin
                                     17 	.globl _TempController_isReady
                                     18 	.globl _TempController_getTemperature
                                     19 	.globl _TempController_update
                                     20 	.globl _TempController_begin
                                     21 	.globl _DS18B20_init
                                     22 	.globl _VoltageController_getTargetVoltage
                                     23 	.globl _VoltageController_updateVoltage
                                     24 	.globl _VoltageController_readVoltage
                                     25 	.globl _VoltageController_setVoltage
                                     26 	.globl _VoltageController_begin
                                     27 	.globl _USBSerial_write
                                     28 	.globl _delayMicroseconds
                                     29 	.globl _delay
                                     30 	.globl _millis
                                     31 	.globl _pinMode
                                     32 	.globl _UIF_BUS_RST
                                     33 	.globl _UIF_DETECT
                                     34 	.globl _UIF_TRANSFER
                                     35 	.globl _UIF_SUSPEND
                                     36 	.globl _UIF_HST_SOF
                                     37 	.globl _UIF_FIFO_OV
                                     38 	.globl _U_SIE_FREE
                                     39 	.globl _U_TOG_OK
                                     40 	.globl _U_IS_NAK
                                     41 	.globl _ADC_CHAN0
                                     42 	.globl _ADC_CHAN1
                                     43 	.globl _CMP_CHAN
                                     44 	.globl _ADC_START
                                     45 	.globl _ADC_IF
                                     46 	.globl _CMP_IF
                                     47 	.globl _CMPO
                                     48 	.globl _U1RI
                                     49 	.globl _U1TI
                                     50 	.globl _U1RB8
                                     51 	.globl _U1TB8
                                     52 	.globl _U1REN
                                     53 	.globl _U1SMOD
                                     54 	.globl _U1SM0
                                     55 	.globl _S0_R_FIFO
                                     56 	.globl _S0_T_FIFO
                                     57 	.globl _S0_FREE
                                     58 	.globl _S0_IF_BYTE
                                     59 	.globl _S0_IF_FIRST
                                     60 	.globl _S0_IF_OV
                                     61 	.globl _S0_FST_ACT
                                     62 	.globl _CP_RL2
                                     63 	.globl _C_T2
                                     64 	.globl _TR2
                                     65 	.globl _EXEN2
                                     66 	.globl _TCLK
                                     67 	.globl _RCLK
                                     68 	.globl _EXF2
                                     69 	.globl _CAP1F
                                     70 	.globl _TF2
                                     71 	.globl _RI
                                     72 	.globl _TI
                                     73 	.globl _RB8
                                     74 	.globl _TB8
                                     75 	.globl _REN
                                     76 	.globl _SM2
                                     77 	.globl _SM1
                                     78 	.globl _SM0
                                     79 	.globl _IT0
                                     80 	.globl _IE0
                                     81 	.globl _IT1
                                     82 	.globl _IE1
                                     83 	.globl _TR0
                                     84 	.globl _TF0
                                     85 	.globl _TR1
                                     86 	.globl _TF1
                                     87 	.globl _P3_0
                                     88 	.globl _P3_1
                                     89 	.globl _P3_2
                                     90 	.globl _P3_3
                                     91 	.globl _P3_4
                                     92 	.globl _P3_5
                                     93 	.globl _P3_6
                                     94 	.globl _P3_7
                                     95 	.globl _RXD
                                     96 	.globl _PWM1_
                                     97 	.globl _TXD
                                     98 	.globl _PWM2_
                                     99 	.globl _AIN3
                                    100 	.globl _VBUS1
                                    101 	.globl _INT0
                                    102 	.globl _TXD1_
                                    103 	.globl _INT1
                                    104 	.globl _T0
                                    105 	.globl _RXD1_
                                    106 	.globl _PWM2
                                    107 	.globl _T1
                                    108 	.globl _UDP
                                    109 	.globl _UDM
                                    110 	.globl _P1_0
                                    111 	.globl _P1_1
                                    112 	.globl _P1_2
                                    113 	.globl _P1_3
                                    114 	.globl _P1_4
                                    115 	.globl _P1_5
                                    116 	.globl _P1_6
                                    117 	.globl _P1_7
                                    118 	.globl _TIN0
                                    119 	.globl _CAP1
                                    120 	.globl _T2
                                    121 	.globl _AIN0
                                    122 	.globl _VBUS2
                                    123 	.globl _TIN1
                                    124 	.globl _CAP2
                                    125 	.globl _T2EX
                                    126 	.globl _RXD_
                                    127 	.globl _TXD_
                                    128 	.globl _AIN1
                                    129 	.globl _UCC1
                                    130 	.globl _TIN2
                                    131 	.globl _SCS
                                    132 	.globl _CAP1_
                                    133 	.globl _T2_
                                    134 	.globl _AIN2
                                    135 	.globl _UCC2
                                    136 	.globl _TIN3
                                    137 	.globl _PWM1
                                    138 	.globl _MOSI
                                    139 	.globl _TIN4
                                    140 	.globl _RXD1
                                    141 	.globl _MISO
                                    142 	.globl _TIN5
                                    143 	.globl _TXD1
                                    144 	.globl _SCK
                                    145 	.globl _IE_SPI0
                                    146 	.globl _IE_TKEY
                                    147 	.globl _IE_USB
                                    148 	.globl _IE_ADC
                                    149 	.globl _IE_UART1
                                    150 	.globl _IE_PWMX
                                    151 	.globl _IE_GPIO
                                    152 	.globl _IE_WDOG
                                    153 	.globl _PX0
                                    154 	.globl _PT0
                                    155 	.globl _PX1
                                    156 	.globl _PT1
                                    157 	.globl _PS
                                    158 	.globl _PT2
                                    159 	.globl _PL_FLAG
                                    160 	.globl _PH_FLAG
                                    161 	.globl _EX0
                                    162 	.globl _ET0
                                    163 	.globl _EX1
                                    164 	.globl _ET1
                                    165 	.globl _ES
                                    166 	.globl _ET2
                                    167 	.globl _E_DIS
                                    168 	.globl _EA
                                    169 	.globl _P
                                    170 	.globl _F1
                                    171 	.globl _OV
                                    172 	.globl _RS0
                                    173 	.globl _RS1
                                    174 	.globl _F0
                                    175 	.globl _AC
                                    176 	.globl _CY
                                    177 	.globl _UEP1_DMA_H
                                    178 	.globl _UEP1_DMA_L
                                    179 	.globl _UEP1_DMA
                                    180 	.globl _UEP0_DMA_H
                                    181 	.globl _UEP0_DMA_L
                                    182 	.globl _UEP0_DMA
                                    183 	.globl _UEP2_3_MOD
                                    184 	.globl _UEP4_1_MOD
                                    185 	.globl _UEP3_DMA_H
                                    186 	.globl _UEP3_DMA_L
                                    187 	.globl _UEP3_DMA
                                    188 	.globl _UEP2_DMA_H
                                    189 	.globl _UEP2_DMA_L
                                    190 	.globl _UEP2_DMA
                                    191 	.globl _USB_DEV_AD
                                    192 	.globl _USB_CTRL
                                    193 	.globl _USB_INT_EN
                                    194 	.globl _UEP4_T_LEN
                                    195 	.globl _UEP4_CTRL
                                    196 	.globl _UEP0_T_LEN
                                    197 	.globl _UEP0_CTRL
                                    198 	.globl _USB_RX_LEN
                                    199 	.globl _USB_MIS_ST
                                    200 	.globl _USB_INT_ST
                                    201 	.globl _USB_INT_FG
                                    202 	.globl _UEP3_T_LEN
                                    203 	.globl _UEP3_CTRL
                                    204 	.globl _UEP2_T_LEN
                                    205 	.globl _UEP2_CTRL
                                    206 	.globl _UEP1_T_LEN
                                    207 	.globl _UEP1_CTRL
                                    208 	.globl _UDEV_CTRL
                                    209 	.globl _USB_C_CTRL
                                    210 	.globl _TKEY_DATH
                                    211 	.globl _TKEY_DATL
                                    212 	.globl _TKEY_DAT
                                    213 	.globl _TKEY_CTRL
                                    214 	.globl _ADC_DATA
                                    215 	.globl _ADC_CFG
                                    216 	.globl _ADC_CTRL
                                    217 	.globl _SBAUD1
                                    218 	.globl _SBUF1
                                    219 	.globl _SCON1
                                    220 	.globl _SPI0_SETUP
                                    221 	.globl _SPI0_CK_SE
                                    222 	.globl _SPI0_CTRL
                                    223 	.globl _SPI0_DATA
                                    224 	.globl _SPI0_STAT
                                    225 	.globl _PWM_CK_SE
                                    226 	.globl _PWM_CTRL
                                    227 	.globl _PWM_DATA1
                                    228 	.globl _PWM_DATA2
                                    229 	.globl _T2CAP1H
                                    230 	.globl _T2CAP1L
                                    231 	.globl _T2CAP1
                                    232 	.globl _TH2
                                    233 	.globl _TL2
                                    234 	.globl _T2COUNT
                                    235 	.globl _RCAP2H
                                    236 	.globl _RCAP2L
                                    237 	.globl _RCAP2
                                    238 	.globl _T2MOD
                                    239 	.globl _T2CON
                                    240 	.globl _SBUF
                                    241 	.globl _SCON
                                    242 	.globl _TH1
                                    243 	.globl _TH0
                                    244 	.globl _TL1
                                    245 	.globl _TL0
                                    246 	.globl _TMOD
                                    247 	.globl _TCON
                                    248 	.globl _XBUS_AUX
                                    249 	.globl _PIN_FUNC
                                    250 	.globl _P3_DIR_PU
                                    251 	.globl _P3_MOD_OC
                                    252 	.globl _P3
                                    253 	.globl _P2
                                    254 	.globl _P1_DIR_PU
                                    255 	.globl _P1_MOD_OC
                                    256 	.globl _P1
                                    257 	.globl _ROM_CTRL
                                    258 	.globl _ROM_DATA_H
                                    259 	.globl _ROM_DATA_L
                                    260 	.globl _ROM_DATA
                                    261 	.globl _ROM_ADDR_H
                                    262 	.globl _ROM_ADDR_L
                                    263 	.globl _ROM_ADDR
                                    264 	.globl _GPIO_IE
                                    265 	.globl _IP_EX
                                    266 	.globl _IE_EX
                                    267 	.globl _IP
                                    268 	.globl _IE
                                    269 	.globl _WDOG_COUNT
                                    270 	.globl _RESET_KEEP
                                    271 	.globl _WAKE_CTRL
                                    272 	.globl _CLOCK_CFG
                                    273 	.globl _PCON
                                    274 	.globl _GLOBAL_CFG
                                    275 	.globl _SAFE_MOD
                                    276 	.globl _DPH
                                    277 	.globl _DPL
                                    278 	.globl _SP
                                    279 	.globl _B
                                    280 	.globl _ACC
                                    281 	.globl _PSW
                                    282 	.globl _usb_was_connected
                                    283 	.globl _stall_retry_count
                                    284 	.globl _stall_detect_time
                                    285 	.globl _last_voltage_check
                                    286 	.globl _last_status_send
                                    287 	.globl _last_temp_update
                                    288 	.globl _sysStatus
                                    289 	.globl _usbCtrl
                                    290 	.globl _fanMonitor
                                    291 	.globl _tempCtrl
                                    292 	.globl _voltageCtrl
                                    293 	.globl _tempSensor
                                    294 	.globl _setup
                                    295 	.globl _loop
                                    296 ;--------------------------------------------------------
                                    297 ; special function registers
                                    298 ;--------------------------------------------------------
                                    299 	.area RSEG    (ABS,DATA)
      000000                        300 	.org 0x0000
                           0000D0   301 _PSW	=	0x00d0
                           0000E0   302 _ACC	=	0x00e0
                           0000F0   303 _B	=	0x00f0
                           000081   304 _SP	=	0x0081
                           000082   305 _DPL	=	0x0082
                           000083   306 _DPH	=	0x0083
                           0000A1   307 _SAFE_MOD	=	0x00a1
                           0000B1   308 _GLOBAL_CFG	=	0x00b1
                           000087   309 _PCON	=	0x0087
                           0000B9   310 _CLOCK_CFG	=	0x00b9
                           0000A9   311 _WAKE_CTRL	=	0x00a9
                           0000FE   312 _RESET_KEEP	=	0x00fe
                           0000FF   313 _WDOG_COUNT	=	0x00ff
                           0000A8   314 _IE	=	0x00a8
                           0000B8   315 _IP	=	0x00b8
                           0000E8   316 _IE_EX	=	0x00e8
                           0000E9   317 _IP_EX	=	0x00e9
                           0000C7   318 _GPIO_IE	=	0x00c7
                           008584   319 _ROM_ADDR	=	0x8584
                           000084   320 _ROM_ADDR_L	=	0x0084
                           000085   321 _ROM_ADDR_H	=	0x0085
                           008F8E   322 _ROM_DATA	=	0x8f8e
                           00008E   323 _ROM_DATA_L	=	0x008e
                           00008F   324 _ROM_DATA_H	=	0x008f
                           000086   325 _ROM_CTRL	=	0x0086
                           000090   326 _P1	=	0x0090
                           000092   327 _P1_MOD_OC	=	0x0092
                           000093   328 _P1_DIR_PU	=	0x0093
                           0000A0   329 _P2	=	0x00a0
                           0000B0   330 _P3	=	0x00b0
                           000096   331 _P3_MOD_OC	=	0x0096
                           000097   332 _P3_DIR_PU	=	0x0097
                           0000C6   333 _PIN_FUNC	=	0x00c6
                           0000A2   334 _XBUS_AUX	=	0x00a2
                           000088   335 _TCON	=	0x0088
                           000089   336 _TMOD	=	0x0089
                           00008A   337 _TL0	=	0x008a
                           00008B   338 _TL1	=	0x008b
                           00008C   339 _TH0	=	0x008c
                           00008D   340 _TH1	=	0x008d
                           000098   341 _SCON	=	0x0098
                           000099   342 _SBUF	=	0x0099
                           0000C8   343 _T2CON	=	0x00c8
                           0000C9   344 _T2MOD	=	0x00c9
                           00CBCA   345 _RCAP2	=	0xcbca
                           0000CA   346 _RCAP2L	=	0x00ca
                           0000CB   347 _RCAP2H	=	0x00cb
                           00CDCC   348 _T2COUNT	=	0xcdcc
                           0000CC   349 _TL2	=	0x00cc
                           0000CD   350 _TH2	=	0x00cd
                           00CFCE   351 _T2CAP1	=	0xcfce
                           0000CE   352 _T2CAP1L	=	0x00ce
                           0000CF   353 _T2CAP1H	=	0x00cf
                           00009B   354 _PWM_DATA2	=	0x009b
                           00009C   355 _PWM_DATA1	=	0x009c
                           00009D   356 _PWM_CTRL	=	0x009d
                           00009E   357 _PWM_CK_SE	=	0x009e
                           0000F8   358 _SPI0_STAT	=	0x00f8
                           0000F9   359 _SPI0_DATA	=	0x00f9
                           0000FA   360 _SPI0_CTRL	=	0x00fa
                           0000FB   361 _SPI0_CK_SE	=	0x00fb
                           0000FC   362 _SPI0_SETUP	=	0x00fc
                           0000C0   363 _SCON1	=	0x00c0
                           0000C1   364 _SBUF1	=	0x00c1
                           0000C2   365 _SBAUD1	=	0x00c2
                           000080   366 _ADC_CTRL	=	0x0080
                           00009A   367 _ADC_CFG	=	0x009a
                           00009F   368 _ADC_DATA	=	0x009f
                           0000C3   369 _TKEY_CTRL	=	0x00c3
                           00C5C4   370 _TKEY_DAT	=	0xc5c4
                           0000C4   371 _TKEY_DATL	=	0x00c4
                           0000C5   372 _TKEY_DATH	=	0x00c5
                           000091   373 _USB_C_CTRL	=	0x0091
                           0000D1   374 _UDEV_CTRL	=	0x00d1
                           0000D2   375 _UEP1_CTRL	=	0x00d2
                           0000D3   376 _UEP1_T_LEN	=	0x00d3
                           0000D4   377 _UEP2_CTRL	=	0x00d4
                           0000D5   378 _UEP2_T_LEN	=	0x00d5
                           0000D6   379 _UEP3_CTRL	=	0x00d6
                           0000D7   380 _UEP3_T_LEN	=	0x00d7
                           0000D8   381 _USB_INT_FG	=	0x00d8
                           0000D9   382 _USB_INT_ST	=	0x00d9
                           0000DA   383 _USB_MIS_ST	=	0x00da
                           0000DB   384 _USB_RX_LEN	=	0x00db
                           0000DC   385 _UEP0_CTRL	=	0x00dc
                           0000DD   386 _UEP0_T_LEN	=	0x00dd
                           0000DE   387 _UEP4_CTRL	=	0x00de
                           0000DF   388 _UEP4_T_LEN	=	0x00df
                           0000E1   389 _USB_INT_EN	=	0x00e1
                           0000E2   390 _USB_CTRL	=	0x00e2
                           0000E3   391 _USB_DEV_AD	=	0x00e3
                           00E5E4   392 _UEP2_DMA	=	0xe5e4
                           0000E4   393 _UEP2_DMA_L	=	0x00e4
                           0000E5   394 _UEP2_DMA_H	=	0x00e5
                           00E7E6   395 _UEP3_DMA	=	0xe7e6
                           0000E6   396 _UEP3_DMA_L	=	0x00e6
                           0000E7   397 _UEP3_DMA_H	=	0x00e7
                           0000EA   398 _UEP4_1_MOD	=	0x00ea
                           0000EB   399 _UEP2_3_MOD	=	0x00eb
                           00EDEC   400 _UEP0_DMA	=	0xedec
                           0000EC   401 _UEP0_DMA_L	=	0x00ec
                           0000ED   402 _UEP0_DMA_H	=	0x00ed
                           00EFEE   403 _UEP1_DMA	=	0xefee
                           0000EE   404 _UEP1_DMA_L	=	0x00ee
                           0000EF   405 _UEP1_DMA_H	=	0x00ef
                                    406 ;--------------------------------------------------------
                                    407 ; special function bits
                                    408 ;--------------------------------------------------------
                                    409 	.area RSEG    (ABS,DATA)
      000000                        410 	.org 0x0000
                           0000D7   411 _CY	=	0x00d7
                           0000D6   412 _AC	=	0x00d6
                           0000D5   413 _F0	=	0x00d5
                           0000D4   414 _RS1	=	0x00d4
                           0000D3   415 _RS0	=	0x00d3
                           0000D2   416 _OV	=	0x00d2
                           0000D1   417 _F1	=	0x00d1
                           0000D0   418 _P	=	0x00d0
                           0000AF   419 _EA	=	0x00af
                           0000AE   420 _E_DIS	=	0x00ae
                           0000AD   421 _ET2	=	0x00ad
                           0000AC   422 _ES	=	0x00ac
                           0000AB   423 _ET1	=	0x00ab
                           0000AA   424 _EX1	=	0x00aa
                           0000A9   425 _ET0	=	0x00a9
                           0000A8   426 _EX0	=	0x00a8
                           0000BF   427 _PH_FLAG	=	0x00bf
                           0000BE   428 _PL_FLAG	=	0x00be
                           0000BD   429 _PT2	=	0x00bd
                           0000BC   430 _PS	=	0x00bc
                           0000BB   431 _PT1	=	0x00bb
                           0000BA   432 _PX1	=	0x00ba
                           0000B9   433 _PT0	=	0x00b9
                           0000B8   434 _PX0	=	0x00b8
                           0000EF   435 _IE_WDOG	=	0x00ef
                           0000EE   436 _IE_GPIO	=	0x00ee
                           0000ED   437 _IE_PWMX	=	0x00ed
                           0000EC   438 _IE_UART1	=	0x00ec
                           0000EB   439 _IE_ADC	=	0x00eb
                           0000EA   440 _IE_USB	=	0x00ea
                           0000E9   441 _IE_TKEY	=	0x00e9
                           0000E8   442 _IE_SPI0	=	0x00e8
                           000097   443 _SCK	=	0x0097
                           000097   444 _TXD1	=	0x0097
                           000097   445 _TIN5	=	0x0097
                           000096   446 _MISO	=	0x0096
                           000096   447 _RXD1	=	0x0096
                           000096   448 _TIN4	=	0x0096
                           000095   449 _MOSI	=	0x0095
                           000095   450 _PWM1	=	0x0095
                           000095   451 _TIN3	=	0x0095
                           000095   452 _UCC2	=	0x0095
                           000095   453 _AIN2	=	0x0095
                           000094   454 _T2_	=	0x0094
                           000094   455 _CAP1_	=	0x0094
                           000094   456 _SCS	=	0x0094
                           000094   457 _TIN2	=	0x0094
                           000094   458 _UCC1	=	0x0094
                           000094   459 _AIN1	=	0x0094
                           000093   460 _TXD_	=	0x0093
                           000092   461 _RXD_	=	0x0092
                           000091   462 _T2EX	=	0x0091
                           000091   463 _CAP2	=	0x0091
                           000091   464 _TIN1	=	0x0091
                           000091   465 _VBUS2	=	0x0091
                           000091   466 _AIN0	=	0x0091
                           000090   467 _T2	=	0x0090
                           000090   468 _CAP1	=	0x0090
                           000090   469 _TIN0	=	0x0090
                           000097   470 _P1_7	=	0x0097
                           000096   471 _P1_6	=	0x0096
                           000095   472 _P1_5	=	0x0095
                           000094   473 _P1_4	=	0x0094
                           000093   474 _P1_3	=	0x0093
                           000092   475 _P1_2	=	0x0092
                           000091   476 _P1_1	=	0x0091
                           000090   477 _P1_0	=	0x0090
                           0000B7   478 _UDM	=	0x00b7
                           0000B6   479 _UDP	=	0x00b6
                           0000B5   480 _T1	=	0x00b5
                           0000B4   481 _PWM2	=	0x00b4
                           0000B4   482 _RXD1_	=	0x00b4
                           0000B4   483 _T0	=	0x00b4
                           0000B3   484 _INT1	=	0x00b3
                           0000B2   485 _TXD1_	=	0x00b2
                           0000B2   486 _INT0	=	0x00b2
                           0000B2   487 _VBUS1	=	0x00b2
                           0000B2   488 _AIN3	=	0x00b2
                           0000B1   489 _PWM2_	=	0x00b1
                           0000B1   490 _TXD	=	0x00b1
                           0000B0   491 _PWM1_	=	0x00b0
                           0000B0   492 _RXD	=	0x00b0
                           0000B7   493 _P3_7	=	0x00b7
                           0000B6   494 _P3_6	=	0x00b6
                           0000B5   495 _P3_5	=	0x00b5
                           0000B4   496 _P3_4	=	0x00b4
                           0000B3   497 _P3_3	=	0x00b3
                           0000B2   498 _P3_2	=	0x00b2
                           0000B1   499 _P3_1	=	0x00b1
                           0000B0   500 _P3_0	=	0x00b0
                           00008F   501 _TF1	=	0x008f
                           00008E   502 _TR1	=	0x008e
                           00008D   503 _TF0	=	0x008d
                           00008C   504 _TR0	=	0x008c
                           00008B   505 _IE1	=	0x008b
                           00008A   506 _IT1	=	0x008a
                           000089   507 _IE0	=	0x0089
                           000088   508 _IT0	=	0x0088
                           00009F   509 _SM0	=	0x009f
                           00009E   510 _SM1	=	0x009e
                           00009D   511 _SM2	=	0x009d
                           00009C   512 _REN	=	0x009c
                           00009B   513 _TB8	=	0x009b
                           00009A   514 _RB8	=	0x009a
                           000099   515 _TI	=	0x0099
                           000098   516 _RI	=	0x0098
                           0000CF   517 _TF2	=	0x00cf
                           0000CF   518 _CAP1F	=	0x00cf
                           0000CE   519 _EXF2	=	0x00ce
                           0000CD   520 _RCLK	=	0x00cd
                           0000CC   521 _TCLK	=	0x00cc
                           0000CB   522 _EXEN2	=	0x00cb
                           0000CA   523 _TR2	=	0x00ca
                           0000C9   524 _C_T2	=	0x00c9
                           0000C8   525 _CP_RL2	=	0x00c8
                           0000FF   526 _S0_FST_ACT	=	0x00ff
                           0000FE   527 _S0_IF_OV	=	0x00fe
                           0000FD   528 _S0_IF_FIRST	=	0x00fd
                           0000FC   529 _S0_IF_BYTE	=	0x00fc
                           0000FB   530 _S0_FREE	=	0x00fb
                           0000FA   531 _S0_T_FIFO	=	0x00fa
                           0000F8   532 _S0_R_FIFO	=	0x00f8
                           0000C7   533 _U1SM0	=	0x00c7
                           0000C5   534 _U1SMOD	=	0x00c5
                           0000C4   535 _U1REN	=	0x00c4
                           0000C3   536 _U1TB8	=	0x00c3
                           0000C2   537 _U1RB8	=	0x00c2
                           0000C1   538 _U1TI	=	0x00c1
                           0000C0   539 _U1RI	=	0x00c0
                           000087   540 _CMPO	=	0x0087
                           000086   541 _CMP_IF	=	0x0086
                           000085   542 _ADC_IF	=	0x0085
                           000084   543 _ADC_START	=	0x0084
                           000083   544 _CMP_CHAN	=	0x0083
                           000081   545 _ADC_CHAN1	=	0x0081
                           000080   546 _ADC_CHAN0	=	0x0080
                           0000DF   547 _U_IS_NAK	=	0x00df
                           0000DE   548 _U_TOG_OK	=	0x00de
                           0000DD   549 _U_SIE_FREE	=	0x00dd
                           0000DC   550 _UIF_FIFO_OV	=	0x00dc
                           0000DB   551 _UIF_HST_SOF	=	0x00db
                           0000DA   552 _UIF_SUSPEND	=	0x00da
                           0000D9   553 _UIF_TRANSFER	=	0x00d9
                           0000D8   554 _UIF_DETECT	=	0x00d8
                           0000D8   555 _UIF_BUS_RST	=	0x00d8
                                    556 ;--------------------------------------------------------
                                    557 ; overlayable register banks
                                    558 ;--------------------------------------------------------
                                    559 	.area REG_BANK_0	(REL,OVR,DATA)
      000000                        560 	.ds 8
                                    561 ;--------------------------------------------------------
                                    562 ; internal ram data
                                    563 ;--------------------------------------------------------
                                    564 	.area DSEG    (DATA)
      000000                        565 _main2_sloc0_1_0:
      000000                        566 	.ds 4
      000004                        567 _main2_sloc1_1_0:
      000004                        568 	.ds 4
                                    569 ;--------------------------------------------------------
                                    570 ; overlayable items in internal ram
                                    571 ;--------------------------------------------------------
                                    572 ;--------------------------------------------------------
                                    573 ; indirectly addressable internal ram data
                                    574 ;--------------------------------------------------------
                                    575 	.area ISEG    (DATA)
                                    576 ;--------------------------------------------------------
                                    577 ; absolute internal ram data
                                    578 ;--------------------------------------------------------
                                    579 	.area IABS    (ABS,DATA)
                                    580 	.area IABS    (ABS,DATA)
                                    581 ;--------------------------------------------------------
                                    582 ; bit data
                                    583 ;--------------------------------------------------------
                                    584 	.area BSEG    (BIT)
                                    585 ;--------------------------------------------------------
                                    586 ; paged external ram data
                                    587 ;--------------------------------------------------------
                                    588 	.area PSEG    (PAG,XDATA)
                                    589 ;--------------------------------------------------------
                                    590 ; uninitialized external ram data
                                    591 ;--------------------------------------------------------
                                    592 	.area XSEG    (XDATA)
      000000                        593 _tempSensor::
      000000                        594 	.ds 1
      000001                        595 _voltageCtrl::
      000001                        596 	.ds 12
      00000D                        597 _tempCtrl::
      00000D                        598 	.ds 15
      00001C                        599 _fanMonitor::
      00001C                        600 	.ds 15
      00002B                        601 _usbCtrl::
      00002B                        602 	.ds 99
      00008E                        603 _sysStatus::
      00008E                        604 	.ds 23
      0000A5                        605 _read_adc_raw_channel_65536_218:
      0000A5                        606 	.ds 1
      0000A6                        607 _usb_write_str_s_65536_233:
      0000A6                        608 	.ds 3
      0000A9                        609 _usb_write_hex4_v_65536_236:
      0000A9                        610 	.ds 1
      0000AA                        611 _usb_write_hex8_v_65536_238:
      0000AA                        612 	.ds 1
      0000AB                        613 _usb_write_hex32_v_65536_240:
      0000AB                        614 	.ds 4
      0000AF                        615 _main2_last_report_65536_243:
      0000AF                        616 	.ds 4
      0000B3                        617 _main2_temp_c_65536_243:
      0000B3                        618 	.ds 4
      0000B7                        619 _main2_temp_bits_65536_243:
      0000B7                        620 	.ds 4
      0000BB                        621 _main2_actual_bits_65536_243:
      0000BB                        622 	.ds 4
      0000BF                        623 _main2_expect_bits_65536_243:
      0000BF                        624 	.ds 4
                                    625 ;--------------------------------------------------------
                                    626 ; absolute external ram data
                                    627 ;--------------------------------------------------------
                                    628 	.area XABS    (ABS,XDATA)
                                    629 ;--------------------------------------------------------
                                    630 ; initialized external ram data
                                    631 ;--------------------------------------------------------
                                    632 	.area XISEG   (XDATA)
      000000                        633 _last_temp_update::
      000000                        634 	.ds 4
      000004                        635 _last_status_send::
      000004                        636 	.ds 4
      000008                        637 _last_voltage_check::
      000008                        638 	.ds 4
      00000C                        639 _stall_detect_time::
      00000C                        640 	.ds 4
      000010                        641 _stall_retry_count::
      000010                        642 	.ds 1
      000011                        643 _usb_was_connected::
      000011                        644 	.ds 1
                                    645 	.area HOME    (CODE)
                                    646 	.area GSINIT0 (CODE)
                                    647 	.area GSINIT1 (CODE)
                                    648 	.area GSINIT2 (CODE)
                                    649 	.area GSINIT3 (CODE)
                                    650 	.area GSINIT4 (CODE)
                                    651 	.area GSINIT5 (CODE)
                                    652 	.area GSINIT  (CODE)
                                    653 	.area GSFINAL (CODE)
                                    654 	.area CSEG    (CODE)
                                    655 ;--------------------------------------------------------
                                    656 ; global & static initialisations
                                    657 ;--------------------------------------------------------
                                    658 	.area HOME    (CODE)
                                    659 	.area GSINIT  (CODE)
                                    660 	.area GSFINAL (CODE)
                                    661 	.area GSINIT  (CODE)
                                    662 ;------------------------------------------------------------
                                    663 ;Allocation info for local variables in function 'main2'
                                    664 ;------------------------------------------------------------
                                    665 ;sloc0                     Allocated with name '_main2_sloc0_1_0'
                                    666 ;sloc1                     Allocated with name '_main2_sloc1_1_0'
                                    667 ;now                       Allocated with name '_main2_now_65536_243'
                                    668 ;last_report               Allocated with name '_main2_last_report_65536_243'
                                    669 ;temp_c                    Allocated with name '_main2_temp_c_65536_243'
                                    670 ;temp_ok                   Allocated with name '_main2_temp_ok_65536_243'
                                    671 ;actual_v                  Allocated with name '_main2_actual_v_65536_243'
                                    672 ;target_v                  Allocated with name '_main2_target_v_65536_243'
                                    673 ;rpm                       Allocated with name '_main2_rpm_65536_243'
                                    674 ;temp_bits                 Allocated with name '_main2_temp_bits_65536_243'
                                    675 ;actual_bits               Allocated with name '_main2_actual_bits_65536_243'
                                    676 ;expect_bits               Allocated with name '_main2_expect_bits_65536_243'
                                    677 ;------------------------------------------------------------
                                    678 ;	C:\Users\tonyp\Downloads\ch552-turbo-fan-ctrl\src\main.c:206: static unsigned long last_report = 0;
      000000 90r00rAF         [24]  679 	mov	dptr,#_main2_last_report_65536_243
      000003 E4               [12]  680 	clr	a
      000004 F0               [24]  681 	movx	@dptr,a
      000005 A3               [24]  682 	inc	dptr
      000006 F0               [24]  683 	movx	@dptr,a
      000007 A3               [24]  684 	inc	dptr
      000008 F0               [24]  685 	movx	@dptr,a
      000009 A3               [24]  686 	inc	dptr
      00000A F0               [24]  687 	movx	@dptr,a
                                    688 ;--------------------------------------------------------
                                    689 ; Home
                                    690 ;--------------------------------------------------------
                                    691 	.area HOME    (CODE)
                                    692 	.area HOME    (CODE)
                                    693 ;--------------------------------------------------------
                                    694 ; code
                                    695 ;--------------------------------------------------------
                                    696 	.area CSEG    (CODE)
                                    697 ;------------------------------------------------------------
                                    698 ;Allocation info for local variables in function 'read_adc_raw'
                                    699 ;------------------------------------------------------------
                                    700 ;channel                   Allocated with name '_read_adc_raw_channel_65536_218'
                                    701 ;------------------------------------------------------------
                                    702 ;	C:\Users\tonyp\Downloads\ch552-turbo-fan-ctrl\src\main.c:60: uint8_t read_adc_raw(uint8_t channel) {
                                    703 ;	-----------------------------------------
                                    704 ;	 function read_adc_raw
                                    705 ;	-----------------------------------------
      000000                        706 _read_adc_raw:
                           000007   707 	ar7 = 0x07
                           000006   708 	ar6 = 0x06
                           000005   709 	ar5 = 0x05
                           000004   710 	ar4 = 0x04
                           000003   711 	ar3 = 0x03
                           000002   712 	ar2 = 0x02
                           000001   713 	ar1 = 0x01
                           000000   714 	ar0 = 0x00
      000000 E5 82            [12]  715 	mov	a,dpl
      000002 90r00rA5         [24]  716 	mov	dptr,#_read_adc_raw_channel_65536_218
      000005 F0               [24]  717 	movx	@dptr,a
                                    718 ;	C:\Users\tonyp\Downloads\ch552-turbo-fan-ctrl\src\main.c:63: ADC_CTRL = channel & 0x03;
      000006 E0               [24]  719 	movx	a,@dptr
      000007 54 03            [12]  720 	anl	a,#0x03
      000009 F5 80            [12]  721 	mov	_ADC_CTRL,a
                                    722 ;	C:\Users\tonyp\Downloads\ch552-turbo-fan-ctrl\src\main.c:66: delayMicroseconds(20);
      00000B 90 00 14         [24]  723 	mov	dptr,#0x0014
      00000E 12r00r00         [24]  724 	lcall	_delayMicroseconds
                                    725 ;	C:\Users\tonyp\Downloads\ch552-turbo-fan-ctrl\src\main.c:69: ADC_IF = 0;
                                    726 ;	assignBit
      000011 C2 85            [12]  727 	clr	_ADC_IF
                                    728 ;	C:\Users\tonyp\Downloads\ch552-turbo-fan-ctrl\src\main.c:72: ADC_START = 1;
                                    729 ;	assignBit
      000013 D2 84            [12]  730 	setb	_ADC_START
                                    731 ;	C:\Users\tonyp\Downloads\ch552-turbo-fan-ctrl\src\main.c:75: while (ADC_START == 1);
      000015                        732 00101$:
      000015 20 84 FD         [24]  733 	jb	_ADC_START,00101$
                                    734 ;	C:\Users\tonyp\Downloads\ch552-turbo-fan-ctrl\src\main.c:77: return ADC_DATA;
      000018 85 9F 82         [24]  735 	mov	dpl,_ADC_DATA
                                    736 ;	C:\Users\tonyp\Downloads\ch552-turbo-fan-ctrl\src\main.c:78: }
      00001B 22               [24]  737 	ret
                                    738 ;------------------------------------------------------------
                                    739 ;Allocation info for local variables in function 'setup'
                                    740 ;------------------------------------------------------------
                                    741 ;init_voltage              Allocated with name '_setup_init_voltage_65537_221'
                                    742 ;------------------------------------------------------------
                                    743 ;	C:\Users\tonyp\Downloads\ch552-turbo-fan-ctrl\src\main.c:80: void setup() {
                                    744 ;	-----------------------------------------
                                    745 ;	 function setup
                                    746 ;	-----------------------------------------
      00001C                        747 _setup:
                                    748 ;	C:\Users\tonyp\Downloads\ch552-turbo-fan-ctrl\src\main.c:105: pinMode(15, INPUT_PULLUP);
      00001C 90r00r00         [24]  749 	mov	dptr,#_pinMode_PARM_2
      00001F 74 02            [12]  750 	mov	a,#0x02
      000021 F0               [24]  751 	movx	@dptr,a
      000022 75 82 0F         [24]  752 	mov	dpl,#0x0f
      000025 12r00r00         [24]  753 	lcall	_pinMode
                                    754 ;	C:\Users\tonyp\Downloads\ch552-turbo-fan-ctrl\src\main.c:108: DS18B20_init(&tempSensor, PIN_TEMP_SENSOR);
      000028 90r00r00         [24]  755 	mov	dptr,#_DS18B20_init_PARM_2
      00002B 74 11            [12]  756 	mov	a,#0x11
      00002D F0               [24]  757 	movx	@dptr,a
      00002E 90r00r00         [24]  758 	mov	dptr,#_tempSensor
      000031 75 F0 00         [24]  759 	mov	b,#0x00
      000034 12r00r00         [24]  760 	lcall	_DS18B20_init
                                    761 ;	C:\Users\tonyp\Downloads\ch552-turbo-fan-ctrl\src\main.c:113: USBController_begin(&usbCtrl);
      000037 90r00r2B         [24]  762 	mov	dptr,#_usbCtrl
      00003A 75 F0 00         [24]  763 	mov	b,#0x00
      00003D 12r00r00         [24]  764 	lcall	_USBController_begin
                                    765 ;	C:\Users\tonyp\Downloads\ch552-turbo-fan-ctrl\src\main.c:114: delay(500);
      000040 90 01 F4         [24]  766 	mov	dptr,#0x01f4
      000043 E4               [12]  767 	clr	a
      000044 F5 F0            [12]  768 	mov	b,a
      000046 12r00r00         [24]  769 	lcall	_delay
                                    770 ;	C:\Users\tonyp\Downloads\ch552-turbo-fan-ctrl\src\main.c:123: VoltageController_begin(&voltageCtrl, PIN_PWM_OUTPUT, PIN_VOLTAGE_ADC);
      000049 90r00r00         [24]  771 	mov	dptr,#_VoltageController_begin_PARM_2
      00004C 74 22            [12]  772 	mov	a,#0x22
      00004E F0               [24]  773 	movx	@dptr,a
      00004F 90r00r00         [24]  774 	mov	dptr,#_VoltageController_begin_PARM_3
      000052 74 0E            [12]  775 	mov	a,#0x0e
      000054 F0               [24]  776 	movx	@dptr,a
      000055 90r00r01         [24]  777 	mov	dptr,#_voltageCtrl
      000058 75 F0 00         [24]  778 	mov	b,#0x00
      00005B 12r00r00         [24]  779 	lcall	_VoltageController_begin
                                    780 ;	C:\Users\tonyp\Downloads\ch552-turbo-fan-ctrl\src\main.c:124: delay(100);
      00005E 90 00 64         [24]  781 	mov	dptr,#(0x64&0x00ff)
      000061 E4               [12]  782 	clr	a
      000062 F5 F0            [12]  783 	mov	b,a
      000064 12r00r00         [24]  784 	lcall	_delay
                                    785 ;	C:\Users\tonyp\Downloads\ch552-turbo-fan-ctrl\src\main.c:130: TempController_begin(&tempCtrl, &tempSensor, &voltageCtrl);
      000067 90r00r00         [24]  786 	mov	dptr,#_TempController_begin_PARM_2
      00006A 74r00            [12]  787 	mov	a,#_tempSensor
      00006C F0               [24]  788 	movx	@dptr,a
      00006D 74s00            [12]  789 	mov	a,#(_tempSensor >> 8)
      00006F A3               [24]  790 	inc	dptr
      000070 F0               [24]  791 	movx	@dptr,a
      000071 E4               [12]  792 	clr	a
      000072 A3               [24]  793 	inc	dptr
      000073 F0               [24]  794 	movx	@dptr,a
      000074 90r00r00         [24]  795 	mov	dptr,#_TempController_begin_PARM_3
      000077 74r01            [12]  796 	mov	a,#_voltageCtrl
      000079 F0               [24]  797 	movx	@dptr,a
      00007A 74s00            [12]  798 	mov	a,#(_voltageCtrl >> 8)
      00007C A3               [24]  799 	inc	dptr
      00007D F0               [24]  800 	movx	@dptr,a
      00007E E4               [12]  801 	clr	a
      00007F A3               [24]  802 	inc	dptr
      000080 F0               [24]  803 	movx	@dptr,a
      000081 90r00r0D         [24]  804 	mov	dptr,#_tempCtrl
      000084 75 F0 00         [24]  805 	mov	b,#0x00
      000087 12r00r00         [24]  806 	lcall	_TempController_begin
                                    807 ;	C:\Users\tonyp\Downloads\ch552-turbo-fan-ctrl\src\main.c:131: delay(200);
      00008A 90 00 C8         [24]  808 	mov	dptr,#(0xc8&0x00ff)
      00008D E4               [12]  809 	clr	a
      00008E F5 F0            [12]  810 	mov	b,a
      000090 12r00r00         [24]  811 	lcall	_delay
                                    812 ;	C:\Users\tonyp\Downloads\ch552-turbo-fan-ctrl\src\main.c:133: if (TempController_isReady(&tempCtrl)) {
      000093 90r00r0D         [24]  813 	mov	dptr,#_tempCtrl
      000096 75 F0 00         [24]  814 	mov	b,#0x00
      000099 12r00r00         [24]  815 	lcall	_TempController_isReady
                                    816 ;	C:\Users\tonyp\Downloads\ch552-turbo-fan-ctrl\src\main.c:151: FanMonitor_begin(&fanMonitor, PIN_FAN_TACH);
      00009C 90r00r00         [24]  817 	mov	dptr,#_FanMonitor_begin_PARM_2
      00009F 74 20            [12]  818 	mov	a,#0x20
      0000A1 F0               [24]  819 	movx	@dptr,a
      0000A2 90r00r1C         [24]  820 	mov	dptr,#_fanMonitor
      0000A5 75 F0 00         [24]  821 	mov	b,#0x00
      0000A8 12r00r00         [24]  822 	lcall	_FanMonitor_begin
                                    823 ;	C:\Users\tonyp\Downloads\ch552-turbo-fan-ctrl\src\main.c:152: delay(100);
      0000AB 90 00 64         [24]  824 	mov	dptr,#(0x64&0x00ff)
      0000AE E4               [12]  825 	clr	a
      0000AF F5 F0            [12]  826 	mov	b,a
      0000B1 12r00r00         [24]  827 	lcall	_delay
                                    828 ;	C:\Users\tonyp\Downloads\ch552-turbo-fan-ctrl\src\main.c:157: init_voltage = VoltageController_readVoltage(&voltageCtrl);
      0000B4 90r00r01         [24]  829 	mov	dptr,#_voltageCtrl
      0000B7 75 F0 00         [24]  830 	mov	b,#0x00
      0000BA 12r00r00         [24]  831 	lcall	_VoltageController_readVoltage
      0000BD AC 82            [24]  832 	mov	r4,dpl
      0000BF AD 83            [24]  833 	mov	r5,dph
      0000C1 AE F0            [24]  834 	mov	r6,b
      0000C3 FF               [12]  835 	mov	r7,a
                                    836 ;	C:\Users\tonyp\Downloads\ch552-turbo-fan-ctrl\src\main.c:166: sysStatus.temperature = TempController_getTemperature(&tempCtrl);
      0000C4 90r00r0D         [24]  837 	mov	dptr,#_tempCtrl
      0000C7 75 F0 00         [24]  838 	mov	b,#0x00
      0000CA C0 07            [24]  839 	push	ar7
      0000CC C0 06            [24]  840 	push	ar6
      0000CE C0 05            [24]  841 	push	ar5
      0000D0 C0 04            [24]  842 	push	ar4
      0000D2 12r00r00         [24]  843 	lcall	_TempController_getTemperature
      0000D5 A8 82            [24]  844 	mov	r0,dpl
      0000D7 A9 83            [24]  845 	mov	r1,dph
      0000D9 AA F0            [24]  846 	mov	r2,b
      0000DB FB               [12]  847 	mov	r3,a
      0000DC D0 04            [24]  848 	pop	ar4
      0000DE D0 05            [24]  849 	pop	ar5
      0000E0 D0 06            [24]  850 	pop	ar6
      0000E2 D0 07            [24]  851 	pop	ar7
      0000E4 90r00r8E         [24]  852 	mov	dptr,#_sysStatus
      0000E7 E8               [12]  853 	mov	a,r0
      0000E8 F0               [24]  854 	movx	@dptr,a
      0000E9 E9               [12]  855 	mov	a,r1
      0000EA A3               [24]  856 	inc	dptr
      0000EB F0               [24]  857 	movx	@dptr,a
      0000EC EA               [12]  858 	mov	a,r2
      0000ED A3               [24]  859 	inc	dptr
      0000EE F0               [24]  860 	movx	@dptr,a
      0000EF EB               [12]  861 	mov	a,r3
      0000F0 A3               [24]  862 	inc	dptr
      0000F1 F0               [24]  863 	movx	@dptr,a
                                    864 ;	C:\Users\tonyp\Downloads\ch552-turbo-fan-ctrl\src\main.c:167: sysStatus.voltage = init_voltage;
      0000F2 90r00r92         [24]  865 	mov	dptr,#(_sysStatus + 0x0004)
      0000F5 EC               [12]  866 	mov	a,r4
      0000F6 F0               [24]  867 	movx	@dptr,a
      0000F7 ED               [12]  868 	mov	a,r5
      0000F8 A3               [24]  869 	inc	dptr
      0000F9 F0               [24]  870 	movx	@dptr,a
      0000FA EE               [12]  871 	mov	a,r6
      0000FB A3               [24]  872 	inc	dptr
      0000FC F0               [24]  873 	movx	@dptr,a
      0000FD EF               [12]  874 	mov	a,r7
      0000FE A3               [24]  875 	inc	dptr
      0000FF F0               [24]  876 	movx	@dptr,a
                                    877 ;	C:\Users\tonyp\Downloads\ch552-turbo-fan-ctrl\src\main.c:168: sysStatus.target_voltage = VOUT_DEFAULT;
      000100 90r00r96         [24]  878 	mov	dptr,#(_sysStatus + 0x0008)
      000103 E4               [12]  879 	clr	a
      000104 F0               [24]  880 	movx	@dptr,a
      000105 A3               [24]  881 	inc	dptr
      000106 F0               [24]  882 	movx	@dptr,a
      000107 74 40            [12]  883 	mov	a,#0x40
      000109 A3               [24]  884 	inc	dptr
      00010A F0               [24]  885 	movx	@dptr,a
      00010B 04               [12]  886 	inc	a
      00010C A3               [24]  887 	inc	dptr
      00010D F0               [24]  888 	movx	@dptr,a
                                    889 ;	C:\Users\tonyp\Downloads\ch552-turbo-fan-ctrl\src\main.c:169: sysStatus.rpm = 0;
      00010E 90r00r9A         [24]  890 	mov	dptr,#(_sysStatus + 0x000c)
      000111 E4               [12]  891 	clr	a
      000112 F0               [24]  892 	movx	@dptr,a
      000113 A3               [24]  893 	inc	dptr
      000114 F0               [24]  894 	movx	@dptr,a
      000115 A3               [24]  895 	inc	dptr
      000116 F0               [24]  896 	movx	@dptr,a
      000117 A3               [24]  897 	inc	dptr
      000118 F0               [24]  898 	movx	@dptr,a
                                    899 ;	C:\Users\tonyp\Downloads\ch552-turbo-fan-ctrl\src\main.c:170: sysStatus.target_rpm = RPM_TARGET_MIN;
      000119 90r00r9E         [24]  900 	mov	dptr,#(_sysStatus + 0x0010)
      00011C 74 20            [12]  901 	mov	a,#0x20
      00011E F0               [24]  902 	movx	@dptr,a
      00011F 74 03            [12]  903 	mov	a,#0x03
      000121 A3               [24]  904 	inc	dptr
      000122 F0               [24]  905 	movx	@dptr,a
      000123 E4               [12]  906 	clr	a
      000124 A3               [24]  907 	inc	dptr
      000125 F0               [24]  908 	movx	@dptr,a
      000126 A3               [24]  909 	inc	dptr
      000127 F0               [24]  910 	movx	@dptr,a
                                    911 ;	C:\Users\tonyp\Downloads\ch552-turbo-fan-ctrl\src\main.c:171: sysStatus.pwm_duty = 0;
      000128 90r00rA2         [24]  912 	mov	dptr,#(_sysStatus + 0x0014)
      00012B F0               [24]  913 	movx	@dptr,a
                                    914 ;	C:\Users\tonyp\Downloads\ch552-turbo-fan-ctrl\src\main.c:172: sysStatus.error_flags = ERROR_NONE;
      00012C 90r00rA3         [24]  915 	mov	dptr,#(_sysStatus + 0x0015)
      00012F F0               [24]  916 	movx	@dptr,a
                                    917 ;	C:\Users\tonyp\Downloads\ch552-turbo-fan-ctrl\src\main.c:173: sysStatus.auto_mode = true;
      000130 90r00rA4         [24]  918 	mov	dptr,#(_sysStatus + 0x0016)
      000133 04               [12]  919 	inc	a
      000134 F0               [24]  920 	movx	@dptr,a
                                    921 ;	C:\Users\tonyp\Downloads\ch552-turbo-fan-ctrl\src\main.c:176: LOG_LINE("=================================");
                                    922 ;	C:\Users\tonyp\Downloads\ch552-turbo-fan-ctrl\src\main.c:177: }
      000135 22               [24]  923 	ret
                                    924 ;------------------------------------------------------------
                                    925 ;Allocation info for local variables in function 'usb_write_str'
                                    926 ;------------------------------------------------------------
                                    927 ;s                         Allocated with name '_usb_write_str_s_65536_233'
                                    928 ;------------------------------------------------------------
                                    929 ;	C:\Users\tonyp\Downloads\ch552-turbo-fan-ctrl\src\main.c:181: static void usb_write_str(const char* s) {
                                    930 ;	-----------------------------------------
                                    931 ;	 function usb_write_str
                                    932 ;	-----------------------------------------
      000136                        933 _usb_write_str:
      000136 AF F0            [24]  934 	mov	r7,b
      000138 AE 83            [24]  935 	mov	r6,dph
      00013A E5 82            [12]  936 	mov	a,dpl
      00013C 90r00rA6         [24]  937 	mov	dptr,#_usb_write_str_s_65536_233
      00013F F0               [24]  938 	movx	@dptr,a
      000140 EE               [12]  939 	mov	a,r6
      000141 A3               [24]  940 	inc	dptr
      000142 F0               [24]  941 	movx	@dptr,a
      000143 EF               [12]  942 	mov	a,r7
      000144 A3               [24]  943 	inc	dptr
      000145 F0               [24]  944 	movx	@dptr,a
                                    945 ;	C:\Users\tonyp\Downloads\ch552-turbo-fan-ctrl\src\main.c:182: while (*s) {
      000146 90r00rA6         [24]  946 	mov	dptr,#_usb_write_str_s_65536_233
      000149 E0               [24]  947 	movx	a,@dptr
      00014A FD               [12]  948 	mov	r5,a
      00014B A3               [24]  949 	inc	dptr
      00014C E0               [24]  950 	movx	a,@dptr
      00014D FE               [12]  951 	mov	r6,a
      00014E A3               [24]  952 	inc	dptr
      00014F E0               [24]  953 	movx	a,@dptr
      000150 FF               [12]  954 	mov	r7,a
      000151                        955 00101$:
      000151 8D 82            [24]  956 	mov	dpl,r5
      000153 8E 83            [24]  957 	mov	dph,r6
      000155 8F F0            [24]  958 	mov	b,r7
      000157 12r00r00         [24]  959 	lcall	__gptrget
      00015A FC               [12]  960 	mov	r4,a
      00015B 60 23            [24]  961 	jz	00108$
                                    962 ;	C:\Users\tonyp\Downloads\ch552-turbo-fan-ctrl\src\main.c:183: USBSerial_write(*s++);
      00015D 0D               [12]  963 	inc	r5
      00015E BD 00 01         [24]  964 	cjne	r5,#0x00,00116$
      000161 0E               [12]  965 	inc	r6
      000162                        966 00116$:
      000162 90r00rA6         [24]  967 	mov	dptr,#_usb_write_str_s_65536_233
      000165 ED               [12]  968 	mov	a,r5
      000166 F0               [24]  969 	movx	@dptr,a
      000167 EE               [12]  970 	mov	a,r6
      000168 A3               [24]  971 	inc	dptr
      000169 F0               [24]  972 	movx	@dptr,a
      00016A EF               [12]  973 	mov	a,r7
      00016B A3               [24]  974 	inc	dptr
      00016C F0               [24]  975 	movx	@dptr,a
      00016D 8C 82            [24]  976 	mov	dpl,r4
      00016F C0 07            [24]  977 	push	ar7
      000171 C0 06            [24]  978 	push	ar6
      000173 C0 05            [24]  979 	push	ar5
      000175 12r00r00         [24]  980 	lcall	_USBSerial_write
      000178 D0 05            [24]  981 	pop	ar5
      00017A D0 06            [24]  982 	pop	ar6
      00017C D0 07            [24]  983 	pop	ar7
      00017E 80 D1            [24]  984 	sjmp	00101$
      000180                        985 00108$:
      000180 90r00rA6         [24]  986 	mov	dptr,#_usb_write_str_s_65536_233
      000183 ED               [12]  987 	mov	a,r5
      000184 F0               [24]  988 	movx	@dptr,a
      000185 EE               [12]  989 	mov	a,r6
      000186 A3               [24]  990 	inc	dptr
      000187 F0               [24]  991 	movx	@dptr,a
      000188 EF               [12]  992 	mov	a,r7
      000189 A3               [24]  993 	inc	dptr
      00018A F0               [24]  994 	movx	@dptr,a
                                    995 ;	C:\Users\tonyp\Downloads\ch552-turbo-fan-ctrl\src\main.c:185: }
      00018B 22               [24]  996 	ret
                                    997 ;------------------------------------------------------------
                                    998 ;Allocation info for local variables in function 'usb_write_hex4'
                                    999 ;------------------------------------------------------------
                                   1000 ;v                         Allocated with name '_usb_write_hex4_v_65536_236'
                                   1001 ;------------------------------------------------------------
                                   1002 ;	C:\Users\tonyp\Downloads\ch552-turbo-fan-ctrl\src\main.c:187: static void usb_write_hex4(uint8_t v) {
                                   1003 ;	-----------------------------------------
                                   1004 ;	 function usb_write_hex4
                                   1005 ;	-----------------------------------------
      00018C                       1006 _usb_write_hex4:
      00018C E5 82            [12] 1007 	mov	a,dpl
      00018E 90r00rA9         [24] 1008 	mov	dptr,#_usb_write_hex4_v_65536_236
      000191 F0               [24] 1009 	movx	@dptr,a
                                   1010 ;	C:\Users\tonyp\Downloads\ch552-turbo-fan-ctrl\src\main.c:188: v &= 0x0F;
      000192 E0               [24] 1011 	movx	a,@dptr
      000193 53 E0 0F         [24] 1012 	anl	acc,#0x0f
      000196 F0               [24] 1013 	movx	@dptr,a
                                   1014 ;	C:\Users\tonyp\Downloads\ch552-turbo-fan-ctrl\src\main.c:189: USBSerial_write((char)(v < 10 ? ('0' + v) : ('A' + (v - 10))));
      000197 90r00rA9         [24] 1015 	mov	dptr,#_usb_write_hex4_v_65536_236
      00019A E0               [24] 1016 	movx	a,@dptr
      00019B FF               [12] 1017 	mov	r7,a
      00019C BF 0A 00         [24] 1018 	cjne	r7,#0x0a,00109$
      00019F                       1019 00109$:
      00019F 50 08            [24] 1020 	jnc	00103$
      0001A1 8F 06            [24] 1021 	mov	ar6,r7
      0001A3 74 30            [12] 1022 	mov	a,#0x30
      0001A5 2E               [12] 1023 	add	a,r6
      0001A6 FE               [12] 1024 	mov	r6,a
      0001A7 80 04            [24] 1025 	sjmp	00104$
      0001A9                       1026 00103$:
      0001A9 74 37            [12] 1027 	mov	a,#0x37
      0001AB 2F               [12] 1028 	add	a,r7
      0001AC FE               [12] 1029 	mov	r6,a
      0001AD                       1030 00104$:
      0001AD 8E 82            [24] 1031 	mov	dpl,r6
                                   1032 ;	C:\Users\tonyp\Downloads\ch552-turbo-fan-ctrl\src\main.c:190: }
      0001AF 02r00r00         [24] 1033 	ljmp	_USBSerial_write
                                   1034 ;------------------------------------------------------------
                                   1035 ;Allocation info for local variables in function 'usb_write_hex8'
                                   1036 ;------------------------------------------------------------
                                   1037 ;v                         Allocated with name '_usb_write_hex8_v_65536_238'
                                   1038 ;------------------------------------------------------------
                                   1039 ;	C:\Users\tonyp\Downloads\ch552-turbo-fan-ctrl\src\main.c:192: static void usb_write_hex8(uint8_t v) {
                                   1040 ;	-----------------------------------------
                                   1041 ;	 function usb_write_hex8
                                   1042 ;	-----------------------------------------
      0001B2                       1043 _usb_write_hex8:
      0001B2 E5 82            [12] 1044 	mov	a,dpl
      0001B4 90r00rAA         [24] 1045 	mov	dptr,#_usb_write_hex8_v_65536_238
      0001B7 F0               [24] 1046 	movx	@dptr,a
                                   1047 ;	C:\Users\tonyp\Downloads\ch552-turbo-fan-ctrl\src\main.c:193: usb_write_hex4((uint8_t)(v >> 4));
      0001B8 E0               [24] 1048 	movx	a,@dptr
      0001B9 FF               [12] 1049 	mov	r7,a
      0001BA C4               [12] 1050 	swap	a
      0001BB 54 0F            [12] 1051 	anl	a,#0x0f
      0001BD F5 82            [12] 1052 	mov	dpl,a
      0001BF C0 07            [24] 1053 	push	ar7
      0001C1 12r01r8C         [24] 1054 	lcall	_usb_write_hex4
      0001C4 D0 07            [24] 1055 	pop	ar7
                                   1056 ;	C:\Users\tonyp\Downloads\ch552-turbo-fan-ctrl\src\main.c:194: usb_write_hex4(v);
      0001C6 8F 82            [24] 1057 	mov	dpl,r7
                                   1058 ;	C:\Users\tonyp\Downloads\ch552-turbo-fan-ctrl\src\main.c:195: }
      0001C8 02r01r8C         [24] 1059 	ljmp	_usb_write_hex4
                                   1060 ;------------------------------------------------------------
                                   1061 ;Allocation info for local variables in function 'usb_write_hex32'
                                   1062 ;------------------------------------------------------------
                                   1063 ;v                         Allocated with name '_usb_write_hex32_v_65536_240'
                                   1064 ;------------------------------------------------------------
                                   1065 ;	C:\Users\tonyp\Downloads\ch552-turbo-fan-ctrl\src\main.c:197: static void usb_write_hex32(uint32_t v) {
                                   1066 ;	-----------------------------------------
                                   1067 ;	 function usb_write_hex32
                                   1068 ;	-----------------------------------------
      0001CB                       1069 _usb_write_hex32:
      0001CB AF 82            [24] 1070 	mov	r7,dpl
      0001CD AE 83            [24] 1071 	mov	r6,dph
      0001CF AD F0            [24] 1072 	mov	r5,b
      0001D1 FC               [12] 1073 	mov	r4,a
      0001D2 90r00rAB         [24] 1074 	mov	dptr,#_usb_write_hex32_v_65536_240
      0001D5 EF               [12] 1075 	mov	a,r7
      0001D6 F0               [24] 1076 	movx	@dptr,a
      0001D7 EE               [12] 1077 	mov	a,r6
      0001D8 A3               [24] 1078 	inc	dptr
      0001D9 F0               [24] 1079 	movx	@dptr,a
      0001DA ED               [12] 1080 	mov	a,r5
      0001DB A3               [24] 1081 	inc	dptr
      0001DC F0               [24] 1082 	movx	@dptr,a
      0001DD EC               [12] 1083 	mov	a,r4
      0001DE A3               [24] 1084 	inc	dptr
      0001DF F0               [24] 1085 	movx	@dptr,a
                                   1086 ;	C:\Users\tonyp\Downloads\ch552-turbo-fan-ctrl\src\main.c:198: usb_write_hex8((uint8_t)(v >> 24));
      0001E0 90r00rAB         [24] 1087 	mov	dptr,#_usb_write_hex32_v_65536_240
      0001E3 E0               [24] 1088 	movx	a,@dptr
      0001E4 FC               [12] 1089 	mov	r4,a
      0001E5 A3               [24] 1090 	inc	dptr
      0001E6 E0               [24] 1091 	movx	a,@dptr
      0001E7 FD               [12] 1092 	mov	r5,a
      0001E8 A3               [24] 1093 	inc	dptr
      0001E9 E0               [24] 1094 	movx	a,@dptr
      0001EA FE               [12] 1095 	mov	r6,a
      0001EB A3               [24] 1096 	inc	dptr
      0001EC E0               [24] 1097 	movx	a,@dptr
      0001ED FF               [12] 1098 	mov	r7,a
      0001EE F5 82            [12] 1099 	mov	dpl,a
      0001F0 C0 07            [24] 1100 	push	ar7
      0001F2 C0 06            [24] 1101 	push	ar6
      0001F4 C0 05            [24] 1102 	push	ar5
      0001F6 C0 04            [24] 1103 	push	ar4
      0001F8 12r01rB2         [24] 1104 	lcall	_usb_write_hex8
      0001FB D0 04            [24] 1105 	pop	ar4
      0001FD D0 05            [24] 1106 	pop	ar5
      0001FF D0 06            [24] 1107 	pop	ar6
                                   1108 ;	C:\Users\tonyp\Downloads\ch552-turbo-fan-ctrl\src\main.c:199: usb_write_hex8((uint8_t)(v >> 16));
      000201 8E 03            [24] 1109 	mov	ar3,r6
      000203 8B 82            [24] 1110 	mov	dpl,r3
      000205 C0 06            [24] 1111 	push	ar6
      000207 C0 05            [24] 1112 	push	ar5
      000209 C0 04            [24] 1113 	push	ar4
      00020B 12r01rB2         [24] 1114 	lcall	_usb_write_hex8
      00020E D0 04            [24] 1115 	pop	ar4
      000210 D0 05            [24] 1116 	pop	ar5
                                   1117 ;	C:\Users\tonyp\Downloads\ch552-turbo-fan-ctrl\src\main.c:200: usb_write_hex8((uint8_t)(v >> 8));
      000212 8D 03            [24] 1118 	mov	ar3,r5
      000214 8B 82            [24] 1119 	mov	dpl,r3
      000216 C0 05            [24] 1120 	push	ar5
      000218 C0 04            [24] 1121 	push	ar4
      00021A 12r01rB2         [24] 1122 	lcall	_usb_write_hex8
      00021D D0 04            [24] 1123 	pop	ar4
      00021F D0 05            [24] 1124 	pop	ar5
      000221 D0 06            [24] 1125 	pop	ar6
      000223 D0 07            [24] 1126 	pop	ar7
                                   1127 ;	C:\Users\tonyp\Downloads\ch552-turbo-fan-ctrl\src\main.c:201: usb_write_hex8((uint8_t)v);
      000225 8C 82            [24] 1128 	mov	dpl,r4
                                   1129 ;	C:\Users\tonyp\Downloads\ch552-turbo-fan-ctrl\src\main.c:202: }
      000227 02r01rB2         [24] 1130 	ljmp	_usb_write_hex8
                                   1131 ;------------------------------------------------------------
                                   1132 ;Allocation info for local variables in function 'main2'
                                   1133 ;------------------------------------------------------------
                                   1134 ;sloc0                     Allocated with name '_main2_sloc0_1_0'
                                   1135 ;sloc1                     Allocated with name '_main2_sloc1_1_0'
                                   1136 ;now                       Allocated with name '_main2_now_65536_243'
                                   1137 ;last_report               Allocated with name '_main2_last_report_65536_243'
                                   1138 ;temp_c                    Allocated with name '_main2_temp_c_65536_243'
                                   1139 ;temp_ok                   Allocated with name '_main2_temp_ok_65536_243'
                                   1140 ;actual_v                  Allocated with name '_main2_actual_v_65536_243'
                                   1141 ;target_v                  Allocated with name '_main2_target_v_65536_243'
                                   1142 ;rpm                       Allocated with name '_main2_rpm_65536_243'
                                   1143 ;temp_bits                 Allocated with name '_main2_temp_bits_65536_243'
                                   1144 ;actual_bits               Allocated with name '_main2_actual_bits_65536_243'
                                   1145 ;expect_bits               Allocated with name '_main2_expect_bits_65536_243'
                                   1146 ;------------------------------------------------------------
                                   1147 ;	C:\Users\tonyp\Downloads\ch552-turbo-fan-ctrl\src\main.c:204: void main2(void) {
                                   1148 ;	-----------------------------------------
                                   1149 ;	 function main2
                                   1150 ;	-----------------------------------------
      00022A                       1151 _main2:
                                   1152 ;	C:\Users\tonyp\Downloads\ch552-turbo-fan-ctrl\src\main.c:205: unsigned long now = millis();
      00022A 12r00r00         [24] 1153 	lcall	_millis
      00022D AC 82            [24] 1154 	mov	r4,dpl
      00022F AD 83            [24] 1155 	mov	r5,dph
      000231 AE F0            [24] 1156 	mov	r6,b
      000233 FF               [12] 1157 	mov	r7,a
                                   1158 ;	C:\Users\tonyp\Downloads\ch552-turbo-fan-ctrl\src\main.c:207: float temp_c = -999.0f;
      000234 90r00rB3         [24] 1159 	mov	dptr,#_main2_temp_c_65536_243
      000237 E4               [12] 1160 	clr	a
      000238 F0               [24] 1161 	movx	@dptr,a
      000239 74 C0            [12] 1162 	mov	a,#0xc0
      00023B A3               [24] 1163 	inc	dptr
      00023C F0               [24] 1164 	movx	@dptr,a
      00023D 74 79            [12] 1165 	mov	a,#0x79
      00023F A3               [24] 1166 	inc	dptr
      000240 F0               [24] 1167 	movx	@dptr,a
      000241 74 C4            [12] 1168 	mov	a,#0xc4
      000243 A3               [24] 1169 	inc	dptr
      000244 F0               [24] 1170 	movx	@dptr,a
                                   1171 ;	C:\Users\tonyp\Downloads\ch552-turbo-fan-ctrl\src\main.c:217: if ((now - last_report) < 1000) {
      000245 90r00rAF         [24] 1172 	mov	dptr,#_main2_last_report_65536_243
      000248 E0               [24] 1173 	movx	a,@dptr
      000249 F8               [12] 1174 	mov	r0,a
      00024A A3               [24] 1175 	inc	dptr
      00024B E0               [24] 1176 	movx	a,@dptr
      00024C F9               [12] 1177 	mov	r1,a
      00024D A3               [24] 1178 	inc	dptr
      00024E E0               [24] 1179 	movx	a,@dptr
      00024F FA               [12] 1180 	mov	r2,a
      000250 A3               [24] 1181 	inc	dptr
      000251 E0               [24] 1182 	movx	a,@dptr
      000252 FB               [12] 1183 	mov	r3,a
      000253 EC               [12] 1184 	mov	a,r4
      000254 C3               [12] 1185 	clr	c
      000255 98               [12] 1186 	subb	a,r0
      000256 F8               [12] 1187 	mov	r0,a
      000257 ED               [12] 1188 	mov	a,r5
      000258 99               [12] 1189 	subb	a,r1
      000259 F9               [12] 1190 	mov	r1,a
      00025A EE               [12] 1191 	mov	a,r6
      00025B 9A               [12] 1192 	subb	a,r2
      00025C FA               [12] 1193 	mov	r2,a
      00025D EF               [12] 1194 	mov	a,r7
      00025E 9B               [12] 1195 	subb	a,r3
      00025F FB               [12] 1196 	mov	r3,a
      000260 C3               [12] 1197 	clr	c
      000261 E8               [12] 1198 	mov	a,r0
      000262 94 E8            [12] 1199 	subb	a,#0xe8
      000264 E9               [12] 1200 	mov	a,r1
      000265 94 03            [12] 1201 	subb	a,#0x03
      000267 EA               [12] 1202 	mov	a,r2
      000268 94 00            [12] 1203 	subb	a,#0x00
      00026A EB               [12] 1204 	mov	a,r3
      00026B 94 00            [12] 1205 	subb	a,#0x00
      00026D 50 01            [24] 1206 	jnc	00102$
                                   1207 ;	C:\Users\tonyp\Downloads\ch552-turbo-fan-ctrl\src\main.c:218: return;
      00026F 22               [24] 1208 	ret
      000270                       1209 00102$:
                                   1210 ;	C:\Users\tonyp\Downloads\ch552-turbo-fan-ctrl\src\main.c:220: last_report = now;
      000270 90r00rAF         [24] 1211 	mov	dptr,#_main2_last_report_65536_243
      000273 EC               [12] 1212 	mov	a,r4
      000274 F0               [24] 1213 	movx	@dptr,a
      000275 ED               [12] 1214 	mov	a,r5
      000276 A3               [24] 1215 	inc	dptr
      000277 F0               [24] 1216 	movx	@dptr,a
      000278 EE               [12] 1217 	mov	a,r6
      000279 A3               [24] 1218 	inc	dptr
      00027A F0               [24] 1219 	movx	@dptr,a
      00027B EF               [12] 1220 	mov	a,r7
      00027C A3               [24] 1221 	inc	dptr
      00027D F0               [24] 1222 	movx	@dptr,a
                                   1223 ;	C:\Users\tonyp\Downloads\ch552-turbo-fan-ctrl\src\main.c:262: temp_ok = TempController_update(&tempCtrl);
      00027E 90r00r0D         [24] 1224 	mov	dptr,#_tempCtrl
      000281 75 F0 00         [24] 1225 	mov	b,#0x00
      000284 12r00r00         [24] 1226 	lcall	_TempController_update
      000287 E5 82            [12] 1227 	mov	a,dpl
                                   1228 ;	C:\Users\tonyp\Downloads\ch552-turbo-fan-ctrl\src\main.c:263: if (temp_ok) {
      000289 60 20            [24] 1229 	jz	00104$
                                   1230 ;	C:\Users\tonyp\Downloads\ch552-turbo-fan-ctrl\src\main.c:264: temp_c = TempController_getTemperature(&tempCtrl);
      00028B 90r00r0D         [24] 1231 	mov	dptr,#_tempCtrl
      00028E 75 F0 00         [24] 1232 	mov	b,#0x00
      000291 12r00r00         [24] 1233 	lcall	_TempController_getTemperature
      000294 AC 82            [24] 1234 	mov	r4,dpl
      000296 AD 83            [24] 1235 	mov	r5,dph
      000298 AE F0            [24] 1236 	mov	r6,b
      00029A FF               [12] 1237 	mov	r7,a
      00029B 90r00rB3         [24] 1238 	mov	dptr,#_main2_temp_c_65536_243
      00029E EC               [12] 1239 	mov	a,r4
      00029F F0               [24] 1240 	movx	@dptr,a
      0002A0 ED               [12] 1241 	mov	a,r5
      0002A1 A3               [24] 1242 	inc	dptr
      0002A2 F0               [24] 1243 	movx	@dptr,a
      0002A3 EE               [12] 1244 	mov	a,r6
      0002A4 A3               [24] 1245 	inc	dptr
      0002A5 F0               [24] 1246 	movx	@dptr,a
      0002A6 EF               [12] 1247 	mov	a,r7
      0002A7 A3               [24] 1248 	inc	dptr
      0002A8 F0               [24] 1249 	movx	@dptr,a
      0002A9 80 17            [24] 1250 	sjmp	00105$
      0002AB                       1251 00104$:
                                   1252 ;	C:\Users\tonyp\Downloads\ch552-turbo-fan-ctrl\src\main.c:267: VoltageController_setVoltage(&voltageCtrl, VOUT_DEFAULT);
      0002AB 90r00r00         [24] 1253 	mov	dptr,#_VoltageController_setVoltage_PARM_2
      0002AE E4               [12] 1254 	clr	a
      0002AF F0               [24] 1255 	movx	@dptr,a
      0002B0 A3               [24] 1256 	inc	dptr
      0002B1 F0               [24] 1257 	movx	@dptr,a
      0002B2 74 40            [12] 1258 	mov	a,#0x40
      0002B4 A3               [24] 1259 	inc	dptr
      0002B5 F0               [24] 1260 	movx	@dptr,a
      0002B6 04               [12] 1261 	inc	a
      0002B7 A3               [24] 1262 	inc	dptr
      0002B8 F0               [24] 1263 	movx	@dptr,a
      0002B9 90r00r01         [24] 1264 	mov	dptr,#_voltageCtrl
      0002BC 75 F0 00         [24] 1265 	mov	b,#0x00
      0002BF 12r00r00         [24] 1266 	lcall	_VoltageController_setVoltage
      0002C2                       1267 00105$:
                                   1268 ;	C:\Users\tonyp\Downloads\ch552-turbo-fan-ctrl\src\main.c:271: FanMonitor_updateRPM(&fanMonitor);
      0002C2 90r00r1C         [24] 1269 	mov	dptr,#_fanMonitor
      0002C5 75 F0 00         [24] 1270 	mov	b,#0x00
      0002C8 12r00r00         [24] 1271 	lcall	_FanMonitor_updateRPM
                                   1272 ;	C:\Users\tonyp\Downloads\ch552-turbo-fan-ctrl\src\main.c:272: rpm = FanMonitor_getRPM(&fanMonitor);
      0002CB 90r00r1C         [24] 1273 	mov	dptr,#_fanMonitor
      0002CE 75 F0 00         [24] 1274 	mov	b,#0x00
      0002D1 12r00r00         [24] 1275 	lcall	_FanMonitor_getRPM
      0002D4 AC 82            [24] 1276 	mov	r4,dpl
      0002D6 AD 83            [24] 1277 	mov	r5,dph
      0002D8 AE F0            [24] 1278 	mov	r6,b
      0002DA FF               [12] 1279 	mov	r7,a
                                   1280 ;	C:\Users\tonyp\Downloads\ch552-turbo-fan-ctrl\src\main.c:274: actual_v = VoltageController_updateVoltage(&voltageCtrl);
      0002DB 90r00r01         [24] 1281 	mov	dptr,#_voltageCtrl
      0002DE 75 F0 00         [24] 1282 	mov	b,#0x00
      0002E1 C0 07            [24] 1283 	push	ar7
      0002E3 C0 06            [24] 1284 	push	ar6
      0002E5 C0 05            [24] 1285 	push	ar5
      0002E7 C0 04            [24] 1286 	push	ar4
      0002E9 12r00r00         [24] 1287 	lcall	_VoltageController_updateVoltage
      0002EC 85 82*00         [24] 1288 	mov	_main2_sloc0_1_0,dpl
      0002EF 85 83*01         [24] 1289 	mov	(_main2_sloc0_1_0 + 1),dph
      0002F2 85 F0*02         [24] 1290 	mov	(_main2_sloc0_1_0 + 2),b
      0002F5 F5*03            [12] 1291 	mov	(_main2_sloc0_1_0 + 3),a
                                   1292 ;	C:\Users\tonyp\Downloads\ch552-turbo-fan-ctrl\src\main.c:276: target_v = VoltageController_getTargetVoltage(&voltageCtrl);
      0002F7 90r00r01         [24] 1293 	mov	dptr,#_voltageCtrl
      0002FA 75 F0 00         [24] 1294 	mov	b,#0x00
      0002FD 12r00r00         [24] 1295 	lcall	_VoltageController_getTargetVoltage
      000300 85 82*04         [24] 1296 	mov	_main2_sloc1_1_0,dpl
      000303 85 83*05         [24] 1297 	mov	(_main2_sloc1_1_0 + 1),dph
      000306 85 F0*06         [24] 1298 	mov	(_main2_sloc1_1_0 + 2),b
      000309 F5*07            [12] 1299 	mov	(_main2_sloc1_1_0 + 3),a
                                   1300 ;	C:\Users\tonyp\Downloads\ch552-turbo-fan-ctrl\src\main.c:279: temp_bits.f = temp_c;
      00030B 90r00rB3         [24] 1301 	mov	dptr,#_main2_temp_c_65536_243
      00030E E0               [24] 1302 	movx	a,@dptr
      00030F F8               [12] 1303 	mov	r0,a
      000310 A3               [24] 1304 	inc	dptr
      000311 E0               [24] 1305 	movx	a,@dptr
      000312 F9               [12] 1306 	mov	r1,a
      000313 A3               [24] 1307 	inc	dptr
      000314 E0               [24] 1308 	movx	a,@dptr
      000315 FA               [12] 1309 	mov	r2,a
      000316 A3               [24] 1310 	inc	dptr
      000317 E0               [24] 1311 	movx	a,@dptr
      000318 FB               [12] 1312 	mov	r3,a
      000319 90r00rB7         [24] 1313 	mov	dptr,#_main2_temp_bits_65536_243
      00031C E8               [12] 1314 	mov	a,r0
      00031D F0               [24] 1315 	movx	@dptr,a
      00031E E9               [12] 1316 	mov	a,r1
      00031F A3               [24] 1317 	inc	dptr
      000320 F0               [24] 1318 	movx	@dptr,a
      000321 EA               [12] 1319 	mov	a,r2
      000322 A3               [24] 1320 	inc	dptr
      000323 F0               [24] 1321 	movx	@dptr,a
      000324 EB               [12] 1322 	mov	a,r3
      000325 A3               [24] 1323 	inc	dptr
      000326 F0               [24] 1324 	movx	@dptr,a
                                   1325 ;	C:\Users\tonyp\Downloads\ch552-turbo-fan-ctrl\src\main.c:280: actual_bits.f = actual_v;
      000327 90r00rBB         [24] 1326 	mov	dptr,#_main2_actual_bits_65536_243
      00032A E5*00            [12] 1327 	mov	a,_main2_sloc0_1_0
      00032C F0               [24] 1328 	movx	@dptr,a
      00032D E5*01            [12] 1329 	mov	a,(_main2_sloc0_1_0 + 1)
      00032F A3               [24] 1330 	inc	dptr
      000330 F0               [24] 1331 	movx	@dptr,a
      000331 E5*02            [12] 1332 	mov	a,(_main2_sloc0_1_0 + 2)
      000333 A3               [24] 1333 	inc	dptr
      000334 F0               [24] 1334 	movx	@dptr,a
      000335 E5*03            [12] 1335 	mov	a,(_main2_sloc0_1_0 + 3)
      000337 A3               [24] 1336 	inc	dptr
      000338 F0               [24] 1337 	movx	@dptr,a
                                   1338 ;	C:\Users\tonyp\Downloads\ch552-turbo-fan-ctrl\src\main.c:281: expect_bits.f = target_v;
      000339 90r00rBF         [24] 1339 	mov	dptr,#_main2_expect_bits_65536_243
      00033C E5*04            [12] 1340 	mov	a,_main2_sloc1_1_0
      00033E F0               [24] 1341 	movx	@dptr,a
      00033F E5*05            [12] 1342 	mov	a,(_main2_sloc1_1_0 + 1)
      000341 A3               [24] 1343 	inc	dptr
      000342 F0               [24] 1344 	movx	@dptr,a
      000343 E5*06            [12] 1345 	mov	a,(_main2_sloc1_1_0 + 2)
      000345 A3               [24] 1346 	inc	dptr
      000346 F0               [24] 1347 	movx	@dptr,a
      000347 E5*07            [12] 1348 	mov	a,(_main2_sloc1_1_0 + 3)
      000349 A3               [24] 1349 	inc	dptr
      00034A F0               [24] 1350 	movx	@dptr,a
                                   1351 ;	C:\Users\tonyp\Downloads\ch552-turbo-fan-ctrl\src\main.c:288: usb_write_hex32(temp_bits.u);
      00034B 90r00rB7         [24] 1352 	mov	dptr,#_main2_temp_bits_65536_243
      00034E E0               [24] 1353 	movx	a,@dptr
      00034F F8               [12] 1354 	mov	r0,a
      000350 A3               [24] 1355 	inc	dptr
      000351 E0               [24] 1356 	movx	a,@dptr
      000352 F9               [12] 1357 	mov	r1,a
      000353 A3               [24] 1358 	inc	dptr
      000354 E0               [24] 1359 	movx	a,@dptr
      000355 FA               [12] 1360 	mov	r2,a
      000356 A3               [24] 1361 	inc	dptr
      000357 E0               [24] 1362 	movx	a,@dptr
      000358 88 82            [24] 1363 	mov	dpl,r0
      00035A 89 83            [24] 1364 	mov	dph,r1
      00035C 8A F0            [24] 1365 	mov	b,r2
      00035E 12r01rCB         [24] 1366 	lcall	_usb_write_hex32
                                   1367 ;	C:\Users\tonyp\Downloads\ch552-turbo-fan-ctrl\src\main.c:289: USBSerial_write(',');
      000361 75 82 2C         [24] 1368 	mov	dpl,#0x2c
      000364 12r00r00         [24] 1369 	lcall	_USBSerial_write
      000367 D0 04            [24] 1370 	pop	ar4
      000369 D0 05            [24] 1371 	pop	ar5
      00036B D0 06            [24] 1372 	pop	ar6
      00036D D0 07            [24] 1373 	pop	ar7
                                   1374 ;	C:\Users\tonyp\Downloads\ch552-turbo-fan-ctrl\src\main.c:290: usb_write_hex32(rpm);
      00036F 8C 82            [24] 1375 	mov	dpl,r4
      000371 8D 83            [24] 1376 	mov	dph,r5
      000373 8E F0            [24] 1377 	mov	b,r6
      000375 EF               [12] 1378 	mov	a,r7
      000376 12r01rCB         [24] 1379 	lcall	_usb_write_hex32
                                   1380 ;	C:\Users\tonyp\Downloads\ch552-turbo-fan-ctrl\src\main.c:291: USBSerial_write(',');
      000379 75 82 2C         [24] 1381 	mov	dpl,#0x2c
      00037C 12r00r00         [24] 1382 	lcall	_USBSerial_write
                                   1383 ;	C:\Users\tonyp\Downloads\ch552-turbo-fan-ctrl\src\main.c:292: usb_write_hex32(actual_bits.u);
      00037F 90r00rBB         [24] 1384 	mov	dptr,#_main2_actual_bits_65536_243
      000382 E0               [24] 1385 	movx	a,@dptr
      000383 FC               [12] 1386 	mov	r4,a
      000384 A3               [24] 1387 	inc	dptr
      000385 E0               [24] 1388 	movx	a,@dptr
      000386 FD               [12] 1389 	mov	r5,a
      000387 A3               [24] 1390 	inc	dptr
      000388 E0               [24] 1391 	movx	a,@dptr
      000389 FE               [12] 1392 	mov	r6,a
      00038A A3               [24] 1393 	inc	dptr
      00038B E0               [24] 1394 	movx	a,@dptr
      00038C 8C 82            [24] 1395 	mov	dpl,r4
      00038E 8D 83            [24] 1396 	mov	dph,r5
      000390 8E F0            [24] 1397 	mov	b,r6
      000392 12r01rCB         [24] 1398 	lcall	_usb_write_hex32
                                   1399 ;	C:\Users\tonyp\Downloads\ch552-turbo-fan-ctrl\src\main.c:293: USBSerial_write(',');
      000395 75 82 2C         [24] 1400 	mov	dpl,#0x2c
      000398 12r00r00         [24] 1401 	lcall	_USBSerial_write
                                   1402 ;	C:\Users\tonyp\Downloads\ch552-turbo-fan-ctrl\src\main.c:294: usb_write_hex32(expect_bits.u);
      00039B 90r00rBF         [24] 1403 	mov	dptr,#_main2_expect_bits_65536_243
      00039E E0               [24] 1404 	movx	a,@dptr
      00039F FC               [12] 1405 	mov	r4,a
      0003A0 A3               [24] 1406 	inc	dptr
      0003A1 E0               [24] 1407 	movx	a,@dptr
      0003A2 FD               [12] 1408 	mov	r5,a
      0003A3 A3               [24] 1409 	inc	dptr
      0003A4 E0               [24] 1410 	movx	a,@dptr
      0003A5 FE               [12] 1411 	mov	r6,a
      0003A6 A3               [24] 1412 	inc	dptr
      0003A7 E0               [24] 1413 	movx	a,@dptr
      0003A8 8C 82            [24] 1414 	mov	dpl,r4
      0003AA 8D 83            [24] 1415 	mov	dph,r5
      0003AC 8E F0            [24] 1416 	mov	b,r6
      0003AE 12r01rCB         [24] 1417 	lcall	_usb_write_hex32
                                   1418 ;	C:\Users\tonyp\Downloads\ch552-turbo-fan-ctrl\src\main.c:295: usb_write_str("\r\n");
      0003B1 90r00r00         [24] 1419 	mov	dptr,#___str_0
      0003B4 75 F0 80         [24] 1420 	mov	b,#0x80
                                   1421 ;	C:\Users\tonyp\Downloads\ch552-turbo-fan-ctrl\src\main.c:296: }
      0003B7 02r01r36         [24] 1422 	ljmp	_usb_write_str
                                   1423 ;------------------------------------------------------------
                                   1424 ;Allocation info for local variables in function 'loop'
                                   1425 ;------------------------------------------------------------
                                   1426 ;	C:\Users\tonyp\Downloads\ch552-turbo-fan-ctrl\src\main.c:446: void loop() {
                                   1427 ;	-----------------------------------------
                                   1428 ;	 function loop
                                   1429 ;	-----------------------------------------
      0003BA                       1430 _loop:
                                   1431 ;	C:\Users\tonyp\Downloads\ch552-turbo-fan-ctrl\src\main.c:447: main2();
                                   1432 ;	C:\Users\tonyp\Downloads\ch552-turbo-fan-ctrl\src\main.c:448: }
      0003BA 02r02r2A         [24] 1433 	ljmp	_main2
                                   1434 	.area CSEG    (CODE)
                                   1435 	.area CONST   (CODE)
                                   1436 	.area CONST   (CODE)
      000000                       1437 ___str_0:
      000000 0D                    1438 	.db 0x0d
      000001 0A                    1439 	.db 0x0a
      000002 00                    1440 	.db 0x00
                                   1441 	.area CSEG    (CODE)
                                   1442 	.area XINIT   (CODE)
      000000                       1443 __xinit__last_temp_update:
      000000 00 00 00 00           1444 	.byte #0x00, #0x00, #0x00, #0x00	; 0
      000004                       1445 __xinit__last_status_send:
      000004 00 00 00 00           1446 	.byte #0x00, #0x00, #0x00, #0x00	; 0
      000008                       1447 __xinit__last_voltage_check:
      000008 00 00 00 00           1448 	.byte #0x00, #0x00, #0x00, #0x00	; 0
      00000C                       1449 __xinit__stall_detect_time:
      00000C 00 00 00 00           1450 	.byte #0x00, #0x00, #0x00, #0x00	; 0
      000010                       1451 __xinit__stall_retry_count:
      000010 00                    1452 	.db #0x00	; 0
      000011                       1453 __xinit__usb_was_connected:
      000011 00                    1454 	.db #0x00	;  0
                                   1455 	.area CABS    (ABS,CODE)
